procs -----------------------memory---------------------- ---swap-- -----io---- -system-- --------cpu-------- -----timestamp-----
 r  b         swpd         free         buff        cache   si   so    bi    bo   in   cs  us  sy  id  wa  st                 KST
 5  0       554512     94853456      1105780     26245492    2    3 15173   552    0    1   1   1  96   2   0 2026-09-19 11:08:47
 2  0       554512     94772544      1105780     26245556    0    0     0     0 2389 3558   3   1  97   0   0 2026-09-19 11:08:48
 2  0       554512     94720144      1105780     26245576    0    0     0     0 2472 3650   3   1  97   0   0 2026-09-19 11:08:49
 2  0       554512     94653544      1105796     26245604    0    0     0   272 4529 3747   4   7  88   0   0 2026-09-19 11:08:50
 1  0       554512     94640736      1105812     26245620    0    0     0    68 2158 3651   1   0  98   0   0 2026-09-19 11:08:51
 2  0       554512     94635200      1105812     26245648    0    0     0   420 1954 3284   0   0  99   0   0 2026-09-19 11:08:52
 1  0       554512     94602448      1105812     26245672    0    0     0     0 2059 3550   1   0  99   0   0 2026-09-19 11:08:53
 1  0       554512     94474672      1105812     26245692    0    0     0     0 2127 3408   1   1  98   0   0 2026-09-19 11:08:54
 1  0       554512     94321016      1105812     26245728    0    0     0     0 2179 3540   3   0  97   0   0 2026-09-19 11:08:55
 2  0       554512     94246496      1105828     26245732    0    0     0   132 2426 3425   3   0  97   0   0 2026-09-19 11:08:56
 4  0       554512     93819184      1105828     26245784    0    0     0   380 2828 4102   3   1  96   0   0 2026-09-19 11:08:57
 3  0       554512     93492432      1105828     26256040    0    0     0     0 6590 5814  16   1  82   0   0 2026-09-19 11:08:58
 2  0       554512     93900064      1105828     26292928    0    0     0     0 5152 6477   6   1  93   0   0 2026-09-19 11:08:59
 1  0       554512     93891552      1105828     26293092    0    0     0     4 3444 5270   3   1  96   0   0 2026-09-19 11:09:00
 7  0       554512     93953008      1105832     26293112    0    0     0   256 5831 7958  23   5  71   0   0 2026-09-19 11:09:01
 1  0       554512     93963848      1105832     26293136    0    0     0   648 5716 6896  22   4  74   0   0 2026-09-19 11:09:02
 1  0       554512     93855264      1105832     26293148    0    0     0     0 3173 4896   3   0  97   0   0 2026-09-19 11:09:03
 1  0       554512     93802128      1105832     26293184    0    0     0     0 3677 5270   3   1  97   0   0 2026-09-19 11:09:04
 1  0       554512     93745520      1105832     26293204    0    0     0     0 3247 5041   3   0  97   0   0 2026-09-19 11:09:05
 1  0       554512     93660880      1105848     26293236    0    0     0   156 3452 5393   3   0  97   0   0 2026-09-19 11:09:06
 1  0       554512     93598496      1105848     26293264    0    0     0   424 3404 5577   2   0  98   0   0 2026-09-19 11:09:07
procs -----------------------memory---------------------- ---swap-- -----io---- -system-- --------cpu-------- -----timestamp-----
 r  b         swpd         free         buff        cache   si   so    bi    bo   in   cs  us  sy  id  wa  st                 KST
 1  0       554512     93591712      1105848     26293284    0    0     0     0 3204 4812   3   0  97   0   0 2026-09-19 11:09:08
 1  0       554512     93587464      1105848     26293296    0    0     0     0 3384 5099   3   0  97   0   0 2026-09-19 11:09:09
 1  0       554512     93581728      1105848     26293332    0    0     0     0 3502 4993   3   0  97   0   0 2026-09-19 11:09:10
 1  0       554512     93577488      1105856     26293352    0    0     0   184 3285 4956   3   0  97   0   0 2026-09-19 11:09:11
 1  1       554512     93508688      1105864     26293364    0    0     0   108 3120 4859   3   0  97   0   0 2026-09-19 11:09:12
 0  0       554512     93504160      1105864     26293416    0    0     0   380 2863 5165   0   0  99   0   0 2026-09-19 11:09:13
 0  0       554512     93500640      1105864     26293424    0    0     0     0 3112 5403   0   0  99   0   0 2026-09-19 11:09:14
 0  0       554512     93498656      1105864     26293464    0    0     0     0 3286 5458   0   0  99   0   0 2026-09-19 11:09:15
 0  0       554512     93497688      1105872     26293488    0    0     0   116 2889 5156   0   0  99   0   0 2026-09-19 11:09:16
 1  0       554512     93493664      1105872     26293508    0    0     0     0 2912 5158   1   0  99   0   0 2026-09-19 11:09:17
 0  0       554512     93489632      1105872     26293528    0    0     0   380 2932 5222   0   0  99   0   0 2026-09-19 11:09:18
 0  0       554512     93486160      1105872     26293560    0    0     0     0 3463 5743   0   0  99   0   0 2026-09-19 11:09:19
 0  0       554512     93481888      1105872     26293584    0    0     0     0 2976 5834   0   0  99   0   0 2026-09-19 11:09:20
 0  0       554512     93479680      1105884     26293608    0    0     0   152 2840 5650   0   0  99   0   0 2026-09-19 11:09:21
 1  0       554512     93476488      1105884     26293632    0    0     0     0 2953 5142   1   0  99   0   0 2026-09-19 11:09:22
 0  0       554512     93472984      1105884     26293664    0    0     0   452 2924 5148   1   0  99   0   0 2026-09-19 11:09:23
 1  0       554512     93425680      1105884     26293688    0    0     0     0 3110 5093   1   1  98   0   0 2026-09-19 11:09:24
 0  0       554512     93475968      1105884     26293712    0    0     0     0 3792 5286   1   0  98   0   0 2026-09-19 11:09:25
 0  0       554512     93471760      1105896     26293724    0    0     0   188 3302 5619   0   0  99   0   0 2026-09-19 11:09:26
 1  0       554512     93470048      1105896     26293752    0    0     0     0 2958 5565   1   0  99   0   0 2026-09-19 11:09:27
 0  0       554512     93467328      1105896     26293772    0    0     0   456 2795 5306   0   0  99   0   0 2026-09-19 11:09:28
procs -----------------------memory---------------------- ---swap-- -----io---- -system-- --------cpu-------- -----timestamp-----
 r  b         swpd         free         buff        cache   si   so    bi    bo   in   cs  us  sy  id  wa  st                 KST
 0  0       554512     93465392      1105896     26293804    0    0     0     0 2896 5342   0   0  99   0   0 2026-09-19 11:09:29
 0  0       554512     93460400      1105896     26293816    0    0     0     0 2960 5924   0   0  99   0   0 2026-09-19 11:09:30
 0  0       554512     93456448      1105900     26293864    0    0     0   172 3154 5699   1   0  98   0   0 2026-09-19 11:09:31
 0  0       554512     93454224      1105900     26293872    0    0     0     0 2784 5248   0   0  99   0   0 2026-09-19 11:09:32
 0  0       554512     93454288      1105900     26293908    0    0     0   484 3130 5358   0   0  99   0   0 2026-09-19 11:09:33
 0  0       554512     93453640      1105900     26293924    0    0     0     0 3177 5986   0   0  99   0   0 2026-09-19 11:09:34
 1  0       554512     93453664      1105900     26293952    0    0     0     0 3207 5533   0   0  99   0   0 2026-09-19 11:09:35
 0  0       554512     93449952      1105904     26293976    0    0     0   140 2727 5225   1   0  99   0   0 2026-09-19 11:09:36
 0  0       554512     93447992      1105904     26294004    0    0     0     0 2709 4960   0   0 100   0   0 2026-09-19 11:09:37
 0  0       554512     93446040      1105904     26294020    0    0     0   396 2877 5378   0   0  99   0   0 2026-09-19 11:09:38
 0  0       554512     93443064      1105904     26294056    0    0     0     0 3314 5523   0   0  99   0   0 2026-09-19 11:09:39
 0  0       554512     93439120      1105904     26294068    0    0     0     0 3076 5703   0   0  99   0   0 2026-09-19 11:09:40
 0  0       554512     93440144      1105908     26294064    0    0     0   116 2825 5411   1   0  99   0   0 2026-09-19 11:09:41
 0  0       554512     93437152      1105908     26294120    0    0     0     0 2767 5080   0   0  99   0   0 2026-09-19 11:09:42
 0  0       554512     93439968      1105908     26294132    0    0     0   416 3164 5067   0   0  99   0   0 2026-09-19 11:09:43
 2  0       554512     93438784      1105908     26294180    0    0     0     0 3295 5536   0   0  99   0   0 2026-09-19 11:09:44
 0  0       554512     93440096      1105908     26294216    0    0     0     0 3037 5390   0   0  99   0   0 2026-09-19 11:09:45
 0  0       554512     93438144      1105916     26294220    0    0     0   128 3069 5435   1   0  99   0   0 2026-09-19 11:09:46
 0  0       554512     93439960      1105916     26294264    0    0     0     0 2893 5597   0   0  99   0   0 2026-09-19 11:09:47
 0  0       554512     93438976      1105916     26294280    0    0     0   392 2938 5574   0   0  99   0   0 2026-09-19 11:09:48
 1  0       554512     93438592      1105916     26294316    0    0     0     0 3305 5005   2   0  97   0   0 2026-09-19 11:09:49
