procs -----------------------memory---------------------- ---swap-- -----io---- -system-- --------cpu-------- -----timestamp-----
 r  b         swpd         free         buff        cache   si   so    bi    bo   in   cs  us  sy  id  wa  st                 KST
 5  0       554512     94719712      1114428     26369772    2    3 15098   551    1    1   1   1  96   2   0 2026-09-19 12:26:14
 2  0       554512     94616368      1114428     26369820    0    0     0     0 3463 5202   3   1  97   0   0 2026-09-19 12:26:15
 2  0       554512     94566032      1114428     26369844    0    0     0     0 5489 5231   5   7  88   0   0 2026-09-19 12:26:16
 2  0       554512     94518432      1114428     26369876    0    0     0   436 3122 4942   3   0  97   0   0 2026-09-19 12:26:17
 1  0       554512     94514656      1114428     26369892    0    0     0     0 2867 4959   0   0  99   0   0 2026-09-19 12:26:18
 2  0       554512     94480136      1114432     26369920    0    0     0   144 3674 5037   1   0  98   0   0 2026-09-19 12:26:19
 3  0       554512     93962904      1114432     26369948    0    0     0     0 4555 5755  16   1  83   0   0 2026-09-19 12:26:20
 1  0       554512     94457600      1114432     26369964    0    0     0     0 4989 5633   5   1  94   0   0 2026-09-19 12:26:21
 1  0       554512     94458304      1114432     26369996    0    0     0   500 3387 5268   0   0  99   0   0 2026-09-19 12:26:22
 2  0       554512     94457592      1114432     26370012    0    0     0     0 2966 5263   0   0  99   0   0 2026-09-19 12:26:23
 1  0       554512     94391216      1114440     26370036    0    0     0   176 3023 4988   1   0  99   0   0 2026-09-19 12:26:24
 1  0       554512     94216048      1114440     26370064    0    0     0     0 3065 4930   2   1  97   0   0 2026-09-19 12:26:25
 1  0       554512     94129136      1114440     26370076    0    0     0     0 3256 5032   3   0  97   0   0 2026-09-19 12:26:26
 1  0       554512     94048368      1114440     26370108    0    0     0   464 3398 5071   2   1  97   0   0 2026-09-19 12:26:27
 1  0       554512     93937808      1114440     26380368    0    0     0     0 5315 6311   2   1  97   0   0 2026-09-19 12:26:28
 1  0       554512     93716840      1114444     26450032    0    0     0   108 4201 6980   4   0  96   0   0 2026-09-19 12:26:29
 1  0       554512     93731680      1114444     26450012    0    0     0     4 3879 6485   2   0  97   0   0 2026-09-19 12:26:30
 1  0       554512     93723792      1114444     26450036    0    0     0     0 4067 6383   2   1  97   0   0 2026-09-19 12:26:31
 1  0       554512     93688448      1114444     26450060    0    0     0   332 3952 6447   3   0  97   0   0 2026-09-19 12:26:32
 1  0       554512     93673072      1114444     26450092    0    0     0     0 4376 6416   3   0  97   0   0 2026-09-19 12:26:33
 1  0       554512     93671344      1114448     26450112    0    0     0   156 4593 6617   3   0  97   0   0 2026-09-19 12:26:34
procs -----------------------memory---------------------- ---swap-- -----io---- -system-- --------cpu-------- -----timestamp-----
 r  b         swpd         free         buff        cache   si   so    bi    bo   in   cs  us  sy  id  wa  st                 KST
 1  0       554512     93549872      1114448     26450136    0    0     0     0 4295 6498   3   0  97   0   0 2026-09-19 12:26:35
 1  0       554512     93517376      1114448     26450160    0    0     0     0 3731 6430   3   0  97   0   0 2026-09-19 12:26:36
 1  0       554512     88927232      1114448     31014172    0    0     0     0 5515 6442   0   3  97   0   0 2026-09-19 12:26:37
 0  0       554512     84972848      1114448     34838820    0    0     0   520 5612 6604   0   3  97   0   0 2026-09-19 12:26:38
 1  0       554512     84960432      1114460     34838836    0    0     0   132 8994 8940  29   2  69   0   0 2026-09-19 12:26:39
 1  0       554512     84933280      1114460     34838880    0    0     0     0 8254 14358   3   0  97   0   0 2026-09-19 12:26:40
 1  0       554512     84912112      1114460     34838900    0    0     0     0 8271 14427   3   0  97   0   0 2026-09-19 12:26:41
 1  0       554512     84910384      1114460     34838936    0    0     0     0 7871 14192   3   0  97   0   0 2026-09-19 12:26:42
 1  0       554512     84909632      1114460     34838960    0    0     0   540 8012 14424   3   0  97   0   0 2026-09-19 12:26:43
 1  0       554512     84907696      1114464     34838980    0    0     0   184 7891 14602   3   0  97   0   0 2026-09-19 12:26:44
 1  0       554512     84907760      1114464     34839144    0    0     0     4 8050 14440   3   0  97   0   0 2026-09-19 12:26:45
 1  0       554512     84906312      1114464     34839164    0    0     0     0 8073 14520   3   0  97   0   0 2026-09-19 12:26:46
 1  0       554512     84905312      1114464     34839184    0    0     0     0 7959 14242   3   0  97   0   0 2026-09-19 12:26:47
 1  0       554512     84907824      1114464     34839212    0    0     0   444 8013 14268   3   0  97   0   0 2026-09-19 12:26:48
 1  0       554512     84907336      1114472     34839232    0    0     0   132 8035 14460   3   0  97   0   0 2026-09-19 12:26:49
 1  0       554512     84906336      1114472     34839256    0    0     0     0 8130 14263   3   0  97   0   0 2026-09-19 12:26:50
 1  0       554512     84906096      1114472     34839276    0    0     0     0 8331 14380   3   0  97   0   0 2026-09-19 12:26:51
 3  2       554512     84833592      1114476     34839296    0    0     4 263188 9077 15265   3   0  96   1   0 2026-09-19 12:26:52
 0  0       554512     84831616      1114480     34839356    0    0     4 572840 9040 15665   0   0  98   1   0 2026-09-19 12:26:53
 0  0       554512     84831648      1114492     34839376    0    0     0   532 7802 14258   0   0  99   0   0 2026-09-19 12:26:54
 5  0       554512     84830928      1114492     34839400    0    0     0   104 8769 14358  10   1  89   0   0 2026-09-19 12:26:55
procs -----------------------memory---------------------- ---swap-- -----io---- -system-- --------cpu-------- -----timestamp-----
 r  b         swpd         free         buff        cache   si   so    bi    bo   in   cs  us  sy  id  wa  st                 KST
 5  0       554512     84830504      1114492     34839420    0    0     0     0 9264 14478  13   1  85   0   0 2026-09-19 12:26:56
 5  0       554512     84830328      1114492     34839440    0    0     0     0 9488 14558  13   1  86   0   0 2026-09-19 12:26:57
 5  0       554512     84829072      1114492     34839476    0    0     0   748 9355 14432  13   1  86   0   0 2026-09-19 12:26:58
 5  0       554512     84828888      1114500     34839496    0    0     0   100 9577 14587  13   1  86   0   0 2026-09-19 12:26:59
 5  0       554512     84831216      1114500     34839520    0    0     0     0 9314 14307  13   1  86   0   0 2026-09-19 12:27:00
 5  0       554512     84830000      1114500     34839556    0    0     0     0 9379 14226  13   1  86   0   0 2026-09-19 12:27:01
 5  0       554512     84829552      1114500     34839568    0    0     0     0 9248 14302  13   1  86   0   0 2026-09-19 12:27:02
 4  0       554512     84830400      1114500     34839596    0    0     0   364 9355 14471  13   1  86   0   0 2026-09-19 12:27:03
 4  0       554512     84830704      1114504     34839616    0    0     0   128 8916 14446  11   0  88   0   0 2026-09-19 12:27:04
 4  0       554512     84829728      1114504     34839636    0    0     0     0 8882 14240  11   0  89   0   0 2026-09-19 12:27:05
 4  0       554512     84831016      1114504     34839664    0    0     0     0 9066 14386  11   0  89   0   0 2026-09-19 12:27:06
 6  0       554512     84831840      1114504     34839680    0    0     0     0 9012 14221  11   0  89   0   0 2026-09-19 12:27:07
 4  0       554512     84830888      1114504     34839716    0    0     0   396 9303 14193  11   0  89   0   0 2026-09-19 12:27:08
 4  0       554512     84829696      1114508     34839736    0    0     0   112 8903 14234  11   0  88   0   0 2026-09-19 12:27:09
 4  0       554512     84830000      1114508     34839760    0    0     0     0 9025 14269  11   0  89   0   0 2026-09-19 12:27:10
 4  0       554512     84829040      1114508     34839792    0    0     0     0 9099 14198  11   0  89   0   0 2026-09-19 12:27:11
 1  0       554512     84827312      1114508     34839824    0    0     0 149504 8956 14689   7   0  93   1   0 2026-09-19 12:27:12
 1  0       554512     84826872      1114508     34839848    0    0     0     0 7945 14089   3   0  97   0   0 2026-09-19 12:27:13
 1  0       554512     84825864      1114516     34839868    0    0     0   604 8055 14245   3   0  97   0   0 2026-09-19 12:27:14
 3  1       554512     84805832      1114516     34839936    0    0     0 356352 9240 15276   2   1  93   4   0 2026-09-19 12:27:15
 1  0       554512     84806112      1114516     34839952    0    0     0 66560 8571 14449   3   1  96   0   0 2026-09-19 12:27:16
procs -----------------------memory---------------------- ---swap-- -----io---- -system-- --------cpu-------- -----timestamp-----
 r  b         swpd         free         buff        cache   si   so    bi    bo   in   cs  us  sy  id  wa  st                 KST
 1  0       554512     84803648      1114516     34839984    0    0     0 94208 8644 14664   3   1  96   0   0 2026-09-19 12:27:17
 1  0       554512     84803944      1114516     34840000    0    0     0 90112 8481 14663   3   1  95   0   0 2026-09-19 12:27:18
 1  0       554512     84803696      1114524     34840020    0    0     0 92096 8657 15002   3   1  96   0   0 2026-09-19 12:27:19
 1  0       554512     84803248      1114524     34840072    0    0     0 96256 8393 14746   3   1  96   0   0 2026-09-19 12:27:20
 3  2       554512     84802496      1114524     34840104    0    0     0 83968 8159 14501   3   1  96   0   0 2026-09-19 12:27:21
 2  0       554512     84803120      1114524     34840192    0    0     0 48128 8349 14419   2   1  96   0   0 2026-09-19 12:27:22
 5  0       554512     84803248      1114524     34840212    0    0     0 62464 8826 14506   7   1  91   0   0 2026-09-19 12:27:23
 4  0       554512     84802800      1114532     34840240    0    0     0  1084 9225 14328  11   0  88   0   0 2026-09-19 12:27:24
 4  0       554512     84803664      1114532     34840252    0    0     0   272 9251 14250  11   0  89   0   0 2026-09-19 12:27:25
 4  0       554512     84803728      1114532     34840284    0    0     0     0 9086 14316  11   0  89   0   0 2026-09-19 12:27:26
 4  0       554512     84803784      1114532     34840304    0    0     0     0 8859 14231  11   0  89   0   0 2026-09-19 12:27:27
 4  0       554512     84803648      1114532     34840324    0    0     0     0 8811 14208  11   0  89   0   0 2026-09-19 12:27:28
 4  0       554512     84803168      1114536     34840352    0    0     0   628 9117 14261  11   0  89   0   0 2026-09-19 12:27:29
 4  0       554512     84803200      1114536     34840368    0    0     0     0 8883 14123  11   0  89   0   0 2026-09-19 12:27:30
 4  0       554512     84803488      1114536     34840396    0    0     0     0 8950 14221  11   0  89   0   0 2026-09-19 12:27:31
 1  4       554512     84802880      1114536     34840452    0    0     0 656384 10580 15635  10   0  88   1   0 2026-09-19 12:27:32
 5  0       554512     84800232      1114536     34840692    0    0     0 367616 9857 15025  10   1  88   1   0 2026-09-19 12:27:33
 5  0       554512     84800496      1114540     34840720    0    0     0  1544 9267 14177  13   1  86   0   0 2026-09-19 12:27:34
 5  0       554512     84799744      1114540     34840740    0    0     0     0 9323 14340  13   1  86   0   0 2026-09-19 12:27:35
 5  0       554512     84798992      1114540     34840768    0    0     0     0 9131 14181  13   1  86   0   0 2026-09-19 12:27:36
 5  0       554512     84797984      1114540     34840788    0    0     0     0 9056 14189  13   1  86   0   0 2026-09-19 12:27:37
procs -----------------------memory---------------------- ---swap-- -----io---- -system-- --------cpu-------- -----timestamp-----
 r  b         swpd         free         buff        cache   si   so    bi    bo   in   cs  us  sy  id  wa  st                 KST
 5  0       554512     84799504      1114540     34840820    0    0     0     0 9412 14308  13   1  86   0   0 2026-09-19 12:27:38
 4  0       554512     84799312      1114548     34840848    0    0     0   100 9067 14421  12   1  88   0   0 2026-09-19 12:27:39
 4  0       554512     84799120      1114548     34840864    0    0     0   436 8884 14277  11   0  89   0   0 2026-09-19 12:27:40
 4  0       554512     84798112      1114548     34840892    0    0     0     0 8675 14240  11   0  89   0   0 2026-09-19 12:27:41
 4  0       554512     84796352      1114548     34840924    0    0     0     0 8714 14214  11   0  89   0   0 2026-09-19 12:27:42
 4  0       554512     84796656      1114548     34840940    0    0     0     0 8680 14299  11   0  88   0   0 2026-09-19 12:27:43
 4  0       554512     84797200      1114552     34840968    0    0     0   140 8772 14541  11   0  88   0   0 2026-09-19 12:27:44
 4  0       554512     84798000      1114552     34840992    0    0     0   420 9031 14300  11   0  89   0   0 2026-09-19 12:27:45
 4  0       554512     84798832      1114552     34841016    0    0     0     0 8759 14526  11   0  89   0   0 2026-09-19 12:27:46
 4  0       554512     84799144      1114552     34841200    0    0     0 679936 10168 16139   6   1  89   5   0 2026-09-19 12:27:47
 0  0       554512     84797472      1114552     34841272    0    0     0 180224 8356 14759   3   0  97   0   0 2026-09-19 12:27:48
 1  0       554512     84797288      1114560     34841296    0    0     0   468 7625 14158   0   0 100   0   0 2026-09-19 12:27:49
 0  0       554512     84797296      1114560     34841320    0    0     0   708 7845 14276   0   0 100   0   0 2026-09-19 12:27:50
 0  0       554512     84795320      1114560     34841344    0    0     0     0 7765 14428   0   0 100   0   0 2026-09-19 12:27:51
 0  0       554512     84795384      1114560     34841372    0    0     0     0 7673 14016   0   0  99   0   0 2026-09-19 12:27:52
 0  0       554512     84795216      1114560     34841392    0    0     0     0 7749 14097   0   0 100   0   0 2026-09-19 12:27:53
 0  0       554512     84796240      1114568     34841424    0    0     0   124 7869 14579   0   0  99   0   0 2026-09-19 12:27:54
 2  0       554512     84794768      1114568     34841444    0    0     0   432 8087 14576   0   0  99   0   0 2026-09-19 12:27:55
 5  0       554512     84793320      1114568     34841460    0    0     0   488 8133 14377   3   0  97   0   0 2026-09-19 12:27:56
 4  0       554512     84793904      1114568     34841488    0    0     0     0 9101 14362  12   1  87   0   0 2026-09-19 12:27:57
 4  0       554512     84794720      1114568     34841508    0    0     0     0 8831 14240  11   0  89   0   0 2026-09-19 12:27:58
procs -----------------------memory---------------------- ---swap-- -----io---- -system-- --------cpu-------- -----timestamp-----
 r  b         swpd         free         buff        cache   si   so    bi    bo   in   cs  us  sy  id  wa  st                 KST
 1  3       554512     84793752      1114572     34841536    0    0 53248 88196 9336 14912  10   0  88   1   0 2026-09-19 12:27:59
 4  0       554512     84794352      1114572     34841692    0    0  4096 296960 9357 15158   7   0  89   3   0 2026-09-19 12:28:00
 1  0       554512     84793440      1114572     34841760    0    0 40960 229872 8719 15035   4   0  95   1   0 2026-09-19 12:28:01
 0  0       554512     84791952      1114572     34841780    0    0     0     0 7567 14610   0   0  99   0   0 2026-09-19 12:28:02
 4  0       554512     84791136      1114572     34841796    0    0     0     0 7902 14662   2   0  98   0   0 2026-09-19 12:28:03
 0  0       554512     84791600      1114576     34841892    0    0     0 131532 8610 14776   5   0  94   0   0 2026-09-19 12:28:04
 0  0       554512     84793184      1114576     34841928    0    0     0     0 7669 14050   0   0 100   0   0 2026-09-19 12:28:05
 0  0       554512     84794264      1114576     34841944    0    0     0   788 7895 14587   0   0  99   0   0 2026-09-19 12:28:06
 0  0       554512     84795832      1114576     34841972    0    0     0     0 7753 14061   0   0  99   0   0 2026-09-19 12:28:07
 0  0       554512     84795440      1114576     34842000    0    0     0     0 7597 14041   0   0 100   0   0 2026-09-19 12:28:08
 0  0       554512     84794608      1114584     34842024    0    0     0   168 7581 13996   0   1  99   0   0 2026-09-19 12:28:09
 0  0       554512     84794192      1114584     34842064    0    0     0     0 7895 14565   0   0  99   0   0 2026-09-19 12:28:10
 0  0       554512     84793952      1114584     34842084    0    0     0   464 7843 14029   0   0 100   0   0 2026-09-19 12:28:11
 0  0       554512     84792688      1114584     34842100    0    0     0     0 7553 14520   0   0 100   0   0 2026-09-19 12:28:12
 0  0       554512     84792688      1114584     34842136    0    0     0     0 7695 13997   0   0 100   0   0 2026-09-19 12:28:13
 0  0       554512     84792248      1114592     34842160    0    0     0   160 7594 14044   0   0  99   0   0 2026-09-19 12:28:14
 0  0       554512     84793120      1114592     34842176    0    0     0     0 7551 14292   0   0 100   0   0 2026-09-19 12:28:15
 0  0       554512     84792984      1114592     34842204    0    0     0   432 7563 14029   0   0 100   0   0 2026-09-19 12:28:16
 0  0       554512     84793928      1114592     34842224    0    0     0     0 7814 13955   0   0 100   0   0 2026-09-19 12:28:17
 4  0       554512     84793352      1114592     34842240    0    0     0     0 9142 14200  12   1  88   0   0 2026-09-19 12:28:18
 4  0       554512     84793552      1114596     34842276    0    0     0   112 8979 14323  11   0  88   0   0 2026-09-19 12:28:19
procs -----------------------memory---------------------- ---swap-- -----io---- -system-- --------cpu-------- -----timestamp-----
 r  b         swpd         free         buff        cache   si   so    bi    bo   in   cs  us  sy  id  wa  st                 KST
 0  0       554512     84793776      1114596     34842404    0    0     0 311296 8911 14936   3   0  93   3   0 2026-09-19 12:28:20
 1  0       554512     84792912      1114596     34842428    0    0     0   412 7742 14041   0   0  99   0   0 2026-09-19 12:28:21
 0  0       554512     84792752      1114596     34842444    0    0     0     0 7617 14007   0   0  99   0   0 2026-09-19 12:28:22
 1  0       554512     84793840      1114596     34842476    0    0     0     0 7647 14143   0   0  99   0   0 2026-09-19 12:28:23
 0  0       554512     84792352      1114604     34842496    0    0     0   356 7592 14179   0   0  99   0   0 2026-09-19 12:28:24
 0  0       554512     84793168      1114604     34842528    0    0     0     0 7773 14054   0   0  99   0   0 2026-09-19 12:28:25
 0  0       554512     84792944      1114604     34842556    0    0     0   644 7724 14467   0   0 100   0   0 2026-09-19 12:28:26
 0  0       554512     84792280      1114604     34842572    0    0     0   492 7559 14182   0   0  99   0   0 2026-09-19 12:28:27
 0  0       554512     84791296      1114604     34842608    0    0     0     0 7544 14059   0   0 100   0   0 2026-09-19 12:28:28
 0  0       554512     84790600      1114612     34842620    0    0     0    88 7434 13993   0   0  99   0   0 2026-09-19 12:28:29
 0  0       554512     84789872      1114612     34842648    0    0     0     0 7380 13991   0   0 100   0   0 2026-09-19 12:28:30
 1  0       554512     84789656      1114612     34842664    0    0     0   380 7627 14208   0   0 100   0   0 2026-09-19 12:28:31
 1  0       554512     84791752      1114612     34842704    0    0     0 24576 7911 14473   1   0  98   0   0 2026-09-19 12:28:32
 0  0       554512     84791312      1114612     34842720    0    0     0     0 7560 13974   0   0 100   0   0 2026-09-19 12:28:33
 0  0       554512     84791904      1114620     34842748    0    0     0   152 7702 14370   1   0  99   0   0 2026-09-19 12:28:34
 0  0       554512     84790984      1114620     34842768    0    0     0     0 7608 14258   0   0 100   0   0 2026-09-19 12:28:35
 0  0       554512     84790032      1114620     34842784    0    0     0   388 7563 14318   0   0  99   0   0 2026-09-19 12:28:36
 1  0       554512     84790864      1114620     34842816    0    0     0     0 7587 14775   0   0 100   0   0 2026-09-19 12:28:37
 0  0       554512     84789696      1114620     34842852    0    0     0     0 7618 14024   0   0 100   0   0 2026-09-19 12:28:38
 0  0       554512     84788776      1114628     34842872    0    0     0   108 7694 14298   0   0  99   0   0 2026-09-19 12:28:39
 0  0       554512     84788976      1114628     34842900    0    0     0     0 7830 14167   0   0  99   0   0 2026-09-19 12:28:40
procs -----------------------memory---------------------- ---swap-- -----io---- -system-- --------cpu-------- -----timestamp-----
 r  b         swpd         free         buff        cache   si   so    bi    bo   in   cs  us  sy  id  wa  st                 KST
 0  0       554512     84789128      1114628     34842920    0    0     0     0 7530 14061   0   0 100   0   0 2026-09-19 12:28:41
 0  0       554512     84789760      1114628     34842940    0    0     0   408 7529 14029   0   0  99   0   0 2026-09-19 12:28:42
 1  0       554512     84789656      1114628     34842972    0    0     0     0 7618 14168   0   0 100   0   0 2026-09-19 12:28:43
 0  0       554512     84789056      1114636     34842984    0    0     0   160 7580 14399   0   0  99   0   0 2026-09-19 12:28:44
 0  0       554512     84789872      1114636     34843016    0    0     0     0 7444 14144   0   0  99   0   0 2026-09-19 12:28:45
 1  0       554512     84788432      1114636     34843036    0    0     0     0 7700 14319   0   0  99   0   0 2026-09-19 12:28:46
 0  0       554512     84788048      1114636     34843068    0    0     0   432 7892 15037   0   0  99   0   0 2026-09-19 12:28:47
 5  0       554512     84788352      1114636     34843084    0    0     0     0 8967 14283  11   1  88   0   0 2026-09-19 12:28:48
 5  0       554512     84788664      1114644     34843108    0    0     0    96 9310 14503  13   1  86   0   0 2026-09-19 12:28:49
 5  0       554512     84789512      1114644     34843144    0    0     0     0 9596 14231  13   1  86   0   0 2026-09-19 12:28:50
 4  0       554512     84790072      1114644     34843168    0    0     0     0 9084 14357  11   0  88   0   0 2026-09-19 12:28:51
 4  0       554512     84789968      1114644     34843180    0    0     0   384 9108 14191  11   0  89   0   0 2026-09-19 12:28:52
 4  0       554512     84790608      1114644     34843212    0    0     0     0 8957 14308  11   0  89   0   0 2026-09-19 12:28:53
 4  0       554512     84790016      1114652     34843236    0    0     0    88 9124 14313  11   0  89   0   0 2026-09-19 12:28:54
 1  4       554512     84789632      1114652     34843256    0    0     0 179200 9538 15454  11   0  88   1   0 2026-09-19 12:28:55
 0  0       554512     84795072      1114652     34843452    0    0     0 541696 9464 16350   1   0  94   5   0 2026-09-19 12:28:56
 1  4       554512     84796128      1114652     34843472    0    0  9216   696 7718 14172   0   0  99   0   0 2026-09-19 12:28:57
 5  0       554512     84795264      1114652     34843492    0    0 318464     0 9736 14963  12   1  86   1   0 2026-09-19 12:28:58
 5  0       554512     84795072      1114660     34843512    0    0     0   472 9062 14387  13   1  86   0   0 2026-09-19 12:28:59
 4  0       554512     84795888      1114660     34843540    0    0     0     0 8787 14344  11   0  88   0   0 2026-09-19 12:29:00
 4  0       554512     84795408      1114660     34843564    0    0     0     0 9092 14465  11   0  89   0   0 2026-09-19 12:29:01
procs -----------------------memory---------------------- ---swap-- -----io---- -system-- --------cpu-------- -----timestamp-----
 r  b         swpd         free         buff        cache   si   so    bi    bo   in   cs  us  sy  id  wa  st                 KST
 4  0       554512     84794800      1114660     34843580    0    0     0   736 8701 14287  11   0  89   0   0 2026-09-19 12:29:02
 4  0       554512     84794968      1114660     34843608    0    0     0     0 8798 14473  11   0  89   0   0 2026-09-19 12:29:03
 4  0       554512     84793296      1114668     34843636    0    0     0    84 8943 14458  11   0  88   0   0 2026-09-19 12:29:04
 1  0       554512     84792880      1114668     34843652    0    0     0 311296 8740 15007   3   0  95   1   0 2026-09-19 12:29:05
 0  0       554512     84792080      1114668     34843816    0    0     0     0 7912 14185   0   0  99   0   0 2026-09-19 12:29:06
 0  0       554512     84792144      1114668     34843844    0    0     0   376 7794 14347   0   0  99   0   0 2026-09-19 12:29:07
 0  0       554512     84792736      1114668     34843860    0    0     0     0 7471 14075   0   0  99   0   0 2026-09-19 12:29:08
 0  0       554512     84794568      1114676     34843892    0    0     0   288 7830 14053   0   0  99   0   0 2026-09-19 12:29:09
 0  0       554512     84795128      1114676     34843908    0    0     0     0 7554 14297   0   0  99   0   0 2026-09-19 12:29:10
 0  0       554512     84794744      1114676     34843940    0    0     0     0 7513 13946   0   0  99   0   0 2026-09-19 12:29:11
 0  0       554512     84793120      1114676     34843964    0    0     0   596 7537 13943   0   0  99   0   0 2026-09-19 12:29:12
 0  0       554512     84793472      1114692     34843988    0    0 22528 57504 8197 14395   4   0  96   0   0 2026-09-19 12:29:13
 0  0       554512     84793328      1114692     34844024    0    0     0     0 7569 14105   0   0 100   0   0 2026-09-19 12:29:14
 0  0       554512     84794704      1114692     34844040    0    0     0     0 7771 14088   0   0  99   0   0 2026-09-19 12:29:15
 1  0       554512     84794288      1114692     34844068    0    0     0     0 7696 13927   0   0  99   0   0 2026-09-19 12:29:16
 5  0       554512     84793872      1114692     34844084    0    0 69632     0 8174 14326   3   0  96   0   0 2026-09-19 12:29:17
 5  0       554512     84793432      1114700     34844116    0    0     0   600 9044 14136  13   1  86   0   0 2026-09-19 12:29:18
 5  0       554512     84794752      1114700     34844140    0    0     0     0 9013 14251  13   1  86   0   0 2026-09-19 12:29:19
 5  0       554512     84794624      1114700     34844168    0    0     0     0 9102 14188  13   1  86   0   0 2026-09-19 12:29:20
 4  0       554512     84793904      1114700     34844184    0    0     0     0 9027 14200  12   1  87   0   0 2026-09-19 12:29:21
 4  0       554512     84793216      1114700     34844212    0    0     0     0 8785 14200  11   0  89   0   0 2026-09-19 12:29:22
procs -----------------------memory---------------------- ---swap-- -----io---- -system-- --------cpu-------- -----timestamp-----
 r  b         swpd         free         buff        cache   si   so    bi    bo   in   cs  us  sy  id  wa  st                 KST
 4  0       554512     84792544      1114708     34844236    0    0     0   744 8846 14246  11   0  89   0   0 2026-09-19 12:29:23
 4  0       554512     84791872      1114708     34844252    0    0     0     0 8870 14266  11   0  89   0   0 2026-09-19 12:29:24
 4  0       554512     84792224      1114708     34844280    0    0     0     0 8875 14209  11   0  89   0   0 2026-09-19 12:29:25
 4  0       554512     84793792      1114708     34844300    0    0     0     0 9012 14427  11   0  89   0   0 2026-09-19 12:29:26
 4  0       554512     84793296      1114708     34844324    0    0     0     0 9043 14248  11   0  89   0   0 2026-09-19 12:29:27
 5  0       554512     84790728      1114712     34844528    0    0     0 324528 9695 15418   8   1  90   1   0 2026-09-19 12:29:28
 4  0       554512     84790800      1114712     34844592    0    0     0 110592 9359 14675  10   0  90   0   0 2026-09-19 12:29:29
 4  0       554512     84789456      1114712     34844672    0    0     0 270336 9633 14891  11   0  88   1   0 2026-09-19 12:29:30
 0  0       554512     84789488      1114712     34844708    0    0     0 229376 9767 14686  11   0  89   1   0 2026-09-19 12:29:31
 5  0       554512     84789296      1114712     34844768    0    0     0     0 8725 14212   9   1  90   0   0 2026-09-19 12:29:32
 5  0       554512     84789856      1114720     34844788    0    0     0  1032 9098 14069  13   1  86   0   0 2026-09-19 12:29:33
 5  0       554512     84789632      1114720     34844812    0    0     0     0 9102 14124  13   1  86   0   0 2026-09-19 12:29:34
 4  0       554512     84788904      1114720     34844844    0    0     0     0 9079 14196  12   0  88   0   0 2026-09-19 12:29:35
 4  0       554512     84789984      1114720     34844860    0    0     0     0 9211 14233  11   0  88   0   0 2026-09-19 12:29:36
 4  0       554512     84787744      1114720     34844896    0    0     0     0 9139 14262  11   0  89   0   0 2026-09-19 12:29:37
 4  0       554512     84787024      1114728     34844908    0    0     0  1076 8980 14399  11   0  89   0   0 2026-09-19 12:29:38
 4  0       554512     84785536      1114728     34844940    0    0     0     0 8974 14391  11   0  89   0   0 2026-09-19 12:29:39
 0  4       554512     84783920      1114728     34845128    0    0     0 595968 9995 15776   4   0  88   7   0 2026-09-19 12:29:40
 0  0       554512     84783984      1114728     34845164    0    0     0 67584 7958 14304   0   0  98   1   0 2026-09-19 12:29:41
 1  0       554512     84784560      1114728     34845192    0    0     0     0 7902 14121   0   0  99   0   0 2026-09-19 12:29:42
 0  0       554512     84783888      1114736     34845208    0    0     0  1592 7740 14183   0   0 100   0   0 2026-09-19 12:29:43
procs -----------------------memory---------------------- ---swap-- -----io---- -system-- --------cpu-------- -----timestamp-----
 r  b         swpd         free         buff        cache   si   so    bi    bo   in   cs  us  sy  id  wa  st                 KST
 0  0       554512     84784192      1114736     34845236    0    0     0     0 7940 14613   0   0 100   0   0 2026-09-19 12:29:44
 0  0       554512     84783712      1114736     34845252    0    0     0     0 7664 14135   0   0  99   0   0 2026-09-19 12:29:45
 2  0       554512     84787136      1114736     34845280    0    0     0     0 7777 15276   0   0  99   0   0 2026-09-19 12:29:46
 0  0       554512     84787024      1114736     34845304    0    0     0     0 7867 14282   0   0  99   0   0 2026-09-19 12:29:47
 5  0       554512     84787168      1114744     34845324    0    0 57344   156 8222 14409   5   0  94   0   0 2026-09-19 12:29:48
 5  0       554512     84785936      1114744     34845352    0    0     0   412 8993 14353  13   1  86   0   0 2026-09-19 12:29:49
 5  0       554512     84785744      1114744     34845384    0    0     0     0 8927 14176  13   1  86   0   0 2026-09-19 12:29:50
 5  0       554512     84785528      1114744     34845400    0    0     0     0 9053 14400  13   1  86   0   0 2026-09-19 12:29:51
 5  0       554512     84783832      1114744     34845424    0    0     0     0 9001 14259  13   1  86   0   0 2026-09-19 12:29:52
 5  0       554512     84783384      1114752     34845436    0    0     0    96 9101 14243  13   1  86   0   0 2026-09-19 12:29:53
 5  0       554512     84782208      1114752     34845472    0    0     0   380 8902 14388  13   1  86   0   0 2026-09-19 12:29:54
 5  0       554512     84783528      1114752     34845496    0    0     0     0 9126 14375  13   1  86   0   0 2026-09-19 12:29:55
 4  0       554512     84783456      1114752     34845512    0    0     0     0 9154 14243  12   1  87   0   0 2026-09-19 12:29:56
 4  0       554512     84783040      1114752     34845536    0    0     0     0 8813 14239  11   0  89   0   0 2026-09-19 12:29:57
 4  0       554512     84783680      1114756     34845688    0    0     0   120 8766 14341  11   0  88   0   0 2026-09-19 12:29:58
 4  0       554512     84783296      1114756     34845712    0    0     0   780 9121 14407  11   0  89   0   0 2026-09-19 12:29:59
 4  0       554512     84782656      1114756     34845736    0    0     0     0 9126 14342  11   0  89   0   0 2026-09-19 12:30:00
 4  0       554512     84784512      1114756     34845756    0    0     0     0 8963 14408  11   0  89   0   0 2026-09-19 12:30:01
 4  0       554512     84784832      1114756     34845772    0    0     0     0 8925 14198  11   0  89   0   0 2026-09-19 12:30:02
 4  0       554512     84783824      1114764     34845800    0    0     0   124 9016 14421  11   0  88   0   0 2026-09-19 12:30:03
 4  0       554512     84783688      1114764     34845832    0    0     0   508 9357 14425  11   0  88   0   0 2026-09-19 12:30:04
procs -----------------------memory---------------------- ---swap-- -----io---- -system-- --------cpu-------- -----timestamp-----
 r  b         swpd         free         buff        cache   si   so    bi    bo   in   cs  us  sy  id  wa  st                 KST
 4  0       554512     84781904      1114764     34846148    0    0 401408 901120 11765 17751   8   1  87   4   0 2026-09-19 12:30:05
 5  0       554512     84785296      1114764     34846264    0    0     0 155648 9393 15093   9   1  90   0   0 2026-09-19 12:30:06
 5  0       554512     84785112      1114764     34846296    0    0     0     0 9284 14426  13   1  86   0   0 2026-09-19 12:30:07
 5  0       554512     84784864      1114768     34846312    0    0     0   700 9103 14264  13   1  86   0   0 2026-09-19 12:30:08
 6  0       554512     84784416      1114768     34846344    0    0     0  1020 9443 14353  13   1  86   0   0 2026-09-19 12:30:09
 5  0       554512     84785424      1114768     34846368    0    0     0     0 9335 14268  13   1  86   0   0 2026-09-19 12:30:10
 6  0       554512     84786216      1114768     34846392    0    0     0     0 9324 14375  13   1  86   0   0 2026-09-19 12:30:11
 6  0       554512     84786080      1114768     34846412    0    0     0     0 9215 14101  13   1  86   0   0 2026-09-19 12:30:12
 5  0       554512     84785408      1114772     34846440    0    0     0   168 9273 14223  13   1  86   0   0 2026-09-19 12:30:13
 5  0       554512     84785696      1114772     34846456    0    0     0   544 9413 14249  13   1  86   0   0 2026-09-19 12:30:14
 5  0       554512     84784216      1114772     34846488    0    0     0     0 9546 14242  11   0  88   0   0 2026-09-19 12:30:15
 5  0       554512     84784048      1114772     34846512    0    0     0     0 9107 14250  11   0  89   0   0 2026-09-19 12:30:16
 4  0       554512     84783640      1114772     34846540    0    0     0     0 8847 14212  11   0  89   0   0 2026-09-19 12:30:17
 5  0       554512     84785408      1114780     34846560    0    0     0   120 8698 14276  11   0  89   0   0 2026-09-19 12:30:18
 4  0       554512     84786256      1114780     34846584    0    0     0   472 9063 14287  11   0  89   0   0 2026-09-19 12:30:19
 4  0       554512     84786536      1114780     34846600    0    0     0     0 8567 14156  11   0  89   0   0 2026-09-19 12:30:20
 4  0       554512     84785144      1114780     34846628    0    0     0     0 8690 14151  11   0  89   0   0 2026-09-19 12:30:21
 4  0       554512     84785296      1114780     34846652    0    0     0     0 8932 14234  11   0  89   0   0 2026-09-19 12:30:22
 1  0       554512     84784128      1114788     34846716    0    0 55296 429476 10186 15475   9   0  89   1   0 2026-09-19 12:30:23
 4  0       554512     84782992      1114788     34846920    0    0     0 587320 10074 15683   9   1  89   1   0 2026-09-19 12:30:24
 5  0       554512     84781088      1114788     34847084    0    0     0 237568 9201 14825   8   1  90   1   0 2026-09-19 12:30:25
procs -----------------------memory---------------------- ---swap-- -----io---- -system-- --------cpu-------- -----timestamp-----
 r  b         swpd         free         buff        cache   si   so    bi    bo   in   cs  us  sy  id  wa  st                 KST
 5  0       554512     84781464      1114788     34847108    0    0     0     0 9568 14345  13   1  86   0   0 2026-09-19 12:30:26
 5  0       554512     84779984      1114788     34847136    0    0     0     0 9188 14310  13   1  86   0   0 2026-09-19 12:30:27
 5  0       554512     84779344      1114796     34847152    0    0     0   472 9229 14170  13   1  86   0   0 2026-09-19 12:30:28
 4  0       554512     84779240      1114796     34847184    0    0     0     0 9385 14210  12   1  87   0   0 2026-09-19 12:30:29
 4  0       554512     84778296      1114796     34847212    0    0     0  1452 9300 14248  11   0  88   0   0 2026-09-19 12:30:30
 4  0       554512     84778080      1114796     34847236    0    0     0     0 9158 14192  11   0  89   0   0 2026-09-19 12:30:31
 4  0       554512     84778400      1114796     34847260    0    0     0     0 8958 14088  11   0  89   0   0 2026-09-19 12:30:32
 4  0       554512     84778960      1114804     34847280    0    0     0   140 8969 14183  11   0  89   0   0 2026-09-19 12:30:33
 1  4       554512     84778736      1114804     34847316    0    0     0 65536 9064 14439  11   0  89   0   0 2026-09-19 12:30:34
 1  0       554512     84777360      1114804     34847744    0    0     0 754100 10212 16199   4   1  90   5   0 2026-09-19 12:30:35
 5  0       554512     84776736      1114804     34847768    0    0     0 40960 9056 14455   9   1  90   0   0 2026-09-19 12:30:36
 5  0       554512     84776816      1114804     34847792    0    0     0     0 9182 14148  13   1  86   0   0 2026-09-19 12:30:37
 5  0       554512     84775888      1114812     34847804    0    0     0   548 9185 14416  13   1  86   0   0 2026-09-19 12:30:38
 5  0       554512     84774416      1114812     34847852    0    0     0     0 9058 14428  13   1  86   0   0 2026-09-19 12:30:39
 5  0       554512     84773936      1114812     34847880    0    0     0   844 9431 14395  13   1  86   0   0 2026-09-19 12:30:40
 5  0       554512     84773088      1114812     34847900    0    0     0     0 9220 14407  13   1  86   0   0 2026-09-19 12:30:41
 5  0       554512     84774408      1114812     34847920    0    0     0     0 9227 14297  13   1  86   0   0 2026-09-19 12:30:42
 5  0       554512     84773760      1114812     34847948    0    0     0   120 9409 14364  13   1  86   0   0 2026-09-19 12:30:43
 4  0       554512     84772368      1114812     34847968    0    0     0     0 9115 14589  12   1  87   0   0 2026-09-19 12:30:44
 4  0       554512     84772656      1114812     34847956    0    0     0   520 8942 14322  11   0  89   0   0 2026-09-19 12:30:45
 4  0       554512     84773232      1114812     34847988    0    0     0     0 8969 14495  11   0  89   0   0 2026-09-19 12:30:46
procs -----------------------memory---------------------- ---swap-- -----io---- -system-- --------cpu-------- -----timestamp-----
 r  b         swpd         free         buff        cache   si   so    bi    bo   in   cs  us  sy  id  wa  st                 KST
 4  0       554512     84772256      1114812     34848012    0    0     0     0 8821 14375  11   0  89   0   0 2026-09-19 12:30:47
 4  0       554512     84772136      1114812     34848028    0    0     0   120 9001 14336  11   0  88   0   0 2026-09-19 12:30:48
 4  0       554512     84771968      1114812     34848048    0    0     0     0 8848 14329  11   0  89   0   0 2026-09-19 12:30:49
 5  0       554512     84772128      1114812     34848076    0    0     0   428 8843 14349  11   0  89   0   0 2026-09-19 12:30:50
 4  0       554512     84772384      1114812     34848100    0    0     0     0 8852 14326  11   0  89   0   0 2026-09-19 12:30:51
 4  0       554512     84773248      1114812     34848132    0    0     0     0 8704 14282  11   0  89   0   0 2026-09-19 12:30:52
 1  0       554512     84773872      1114816     34848432    0    0     0 894532 10339 16621   3   1  94   2   0 2026-09-19 12:30:53
 1  0       554512     84774008      1114816     34848456    0    0     0 97280 8347 14813   3   1  96   0   0 2026-09-19 12:30:54
 5  0       554512     84773928      1114816     34848512    0    0     0 25404 8827 14422   9   1  90   0   0 2026-09-19 12:30:55
 5  0       554512     84773520      1114816     34848544    0    0     0     0 8976 14201  13   1  86   0   0 2026-09-19 12:30:56
 5  0       554512     84774176      1114816     34848560    0    0     0     0 9066 14299  13   1  86   0   0 2026-09-19 12:30:57
 5  0       554512     84773760      1114824     34848588    0    0     0   244 9331 14272  13   1  86   0   0 2026-09-19 12:30:58
 5  0       554512     84775344      1114824     34848612    0    0     0     0 9177 14552  13   1  86   0   0 2026-09-19 12:30:59
 5  0       554512     84776128      1114824     34848636    0    0     0   928 9128 14339  13   1  86   0   0 2026-09-19 12:31:00
 4  0       554512     84776896      1114824     34848668    0    0     0   460 9023 14310  13   1  86   0   0 2026-09-19 12:31:01
 5  0       554512     84777648      1114824     34848692    0    0     0     0 8702 14334  11   0  89   0   0 2026-09-19 12:31:02
 4  0       554512     84776144      1114832     34848712    0    0     0   128 8927 14336  11   0  89   0   0 2026-09-19 12:31:03
 4  0       554512     84776672      1114832     34848740    0    0     0     0 8836 14284  11   0  89   0   0 2026-09-19 12:31:04
 4  0       554512     84774816      1114832     34848764    0    0     0     0 9039 14368  11   0  89   0   0 2026-09-19 12:31:05
 5  0       554512     84775136      1114832     34848784    0    0     0   440 8933 14521  11   0  89   0   0 2026-09-19 12:31:06
 4  0       554512     84774640      1114832     34848812    0    0     0     0 8984 14389  11   0  89   0   0 2026-09-19 12:31:07
procs -----------------------memory---------------------- ---swap-- -----io---- -system-- --------cpu-------- -----timestamp-----
 r  b         swpd         free         buff        cache   si   so    bi    bo   in   cs  us  sy  id  wa  st                 KST
 4  0       554512     84774416      1114836     34848828    0    0     0   140 8897 14350  11   0  89   0   0 2026-09-19 12:31:08
 5  0       554512     84774984      1114836     34848864    0    0     0     0 8659 14307  11   0  89   0   0 2026-09-19 12:31:09
 1  0       554512     84774104      1114836     34849016    0    0     0 625664 10197 15915   9   0  89   1   0 2026-09-19 12:31:10
 1  0       554512     84775624      1114836     34849152    0    0     0 254388 9612 15823   3   1  95   1   0 2026-09-19 12:31:11
 4  0       554512     84775920      1114836     34849256    0    0     0 144384 9164 14541  10   0  89   0   0 2026-09-19 12:31:12
 4  0       554512     84775768      1114844     34849296    0    0     0   696 8950 14183  11   0  89   0   0 2026-09-19 12:31:13
 1  0       554512     84774848      1114844     34849428    0    0     0 318464 9436 14989   8   0  90   2   0 2026-09-19 12:31:14
 4  0       554512     84774160      1114844     34849496    0    0     0 102400 8502 14729   3   1  96   0   0 2026-09-19 12:31:15
 5  0       554512     84774160      1114844     34849512    0    0     0 87900 8781 14584   5   1  93   0   0 2026-09-19 12:31:16
 5  0       554512     84774784      1114844     34849540    0    0     0     0 8958 14091  13   1  86   0   0 2026-09-19 12:31:17
 5  0       554512     84776104      1114852     34849560    0    0     0   432 9049 14107  13   1  86   0   0 2026-09-19 12:31:18
 5  0       554512     84775888      1114852     34849592    0    0     0     0 9168 14290  13   1  86   0   0 2026-09-19 12:31:19
 6  0       554512     84775968      1114852     34849616    0    0     0     0 8984 14100  13   1  86   0   0 2026-09-19 12:31:20
 4  0       554512     84776304      1114852     34849640    0    0     0   648 8948 14128  11   0  88   0   0 2026-09-19 12:31:21
 5  0       554512     84776064      1114852     34849668    0    0     0     0 8639 14049  11   0  89   0   0 2026-09-19 12:31:22
 4  0       554512     84775664      1114860     34849688    0    0     0   104 9103 14205  11   0  88   0   0 2026-09-19 12:31:23
 4  0       554512     84774336      1114860     34849712    0    0     0     0 8796 14199  11   0  89   0   0 2026-09-19 12:31:24
 4  0       554512     84774168      1114860     34849736    0    0     0     0 8855 14120  11   0  89   0   0 2026-09-19 12:31:25
 4  0       554512     84775040      1114860     34849660    0    0     0     0 8999 14349  11   0  89   0   0 2026-09-19 12:31:26
 6  0       554512     84774432      1114860     34849688    0    0     0   404 9195 14445  11   0  89   0   0 2026-09-19 12:31:27
 1  0       554512     84773344      1114864     34849848    0    0  8192 184592 9223 14760   6   1  92   2   0 2026-09-19 12:31:28
procs -----------------------memory---------------------- ---swap-- -----io---- -system-- --------cpu-------- -----timestamp-----
 r  b         swpd         free         buff        cache   si   so    bi    bo   in   cs  us  sy  id  wa  st                 KST
 1  0       554512     84772848      1114864     34849932    0    0     0 168960 9105 15125   3   1  95   1   0 2026-09-19 12:31:29
 5  0       554512     84772184      1114864     34849996    0    0     0 146432 8881 14923   3   1  95   1   0 2026-09-19 12:31:30
 1  0       554512     84771064      1114864     34850116    0    0     0 148256 9013 15196   3   1  95   1   0 2026-09-19 12:31:31
 4  0       554512     84771456      1114864     34850248    0    0     0 246280 9085 15036   4   1  93   2   0 2026-09-19 12:31:32
 4  0       554512     84770736      1114872     34850272    0    0     0   496 8930 14190  11   0  89   0   0 2026-09-19 12:31:33
 4  0       554512     84770576      1114872     34850296    0    0     0     0 9091 14238  11   0  89   0   0 2026-09-19 12:31:34
 4  0       554512     84769680      1114872     34850320    0    0     0     0 9089 14252  11   0  89   0   0 2026-09-19 12:31:35
 4  0       554512     84769456      1114872     34850348    0    0     0     0 8740 14074  11   0  89   0   0 2026-09-19 12:31:36
 1  0       554512     84769160      1114872     34850556    0    0     0 263852 9354 15199   5   1  93   1   0 2026-09-19 12:31:37
 1  0       554512     84768536      1114880     34850624    0    0     0 173436 8766 15123   3   1  95   1   0 2026-09-19 12:31:38
 1  0       554512     84768384      1114880     34850700    0    0     0 139264 8715 15303   3   1  95   1   0 2026-09-19 12:31:39
 4  0       554512     84768728      1114880     34850784    0    0     0 235520 9231 14956   9   0  89   1   0 2026-09-19 12:31:40
 5  0       554512     84768224      1114880     34850792    0    0     0     0 8788 14134  11   0  89   0   0 2026-09-19 12:31:41
 4  0       554512     84768544      1114880     34850824    0    0     0   564 8876 14310  11   0  89   0   0 2026-09-19 12:31:42
 4  0       554512     84768608      1114888     34850840    0    0     0   404 9190 14360  11   0  88   0   0 2026-09-19 12:31:43
 5  0       554512     84765824      1114888     34851212    0    0 22528 598016 10304 16177   9   0  89   1   0 2026-09-19 12:31:44
 5  0       554512     84765616      1114888     34851236    0    0     0     0 9010 14298  13   1  86   0   0 2026-09-19 12:31:45
 5  0       554512     84766416      1114888     34851272    0    0     0     0 9202 14498  13   1  86   0   0 2026-09-19 12:31:46
 5  0       554512     84766256      1114888     34851296    0    0     0   628 9111 14456  13   1  86   0   0 2026-09-19 12:31:47
 5  0       554512     84766848      1114896     34851316    0    0     0   528 9062 14330  13   1  86   0   0 2026-09-19 12:31:48
 5  0       554512     84767200      1114896     34851340    0    0     0     0 8882 14281  13   1  86   0   0 2026-09-19 12:31:49
procs -----------------------memory---------------------- ---swap-- -----io---- -system-- --------cpu-------- -----timestamp-----
 r  b         swpd         free         buff        cache   si   so    bi    bo   in   cs  us  sy  id  wa  st                 KST
 5  0       554512     84767520      1114896     34851368    0    0     0     0 8917 14132  13   1  86   0   0 2026-09-19 12:31:50
 5  0       554512     84767584      1114896     34851384    0    0     0     0 9092 14221  13   1  86   0   0 2026-09-19 12:31:51
 5  0       554512     84767920      1114896     34851412    0    0     0   748 9263 14298  13   1  86   0   0 2026-09-19 12:31:52
 4  0       554512     84767288      1114904     34851416    0    0     0    76 8899 14228  12   1  87   0   0 2026-09-19 12:31:53
 4  0       554512     84767208      1114904     34851456    0    0     0     0 8894 14416  11   0  89   0   0 2026-09-19 12:31:54
 4  0       554512     84769040      1114904     34851476    0    0     0     0 8853 14378  11   0  89   0   0 2026-09-19 12:31:55
 4  0       554512     84768352      1114904     34851512    0    0     0     0 8973 14235  11   0  88   0   0 2026-09-19 12:31:56
 4  0       554512     84768968      1114904     34851536    0    0     0     0 8823 14251  11   0  89   0   0 2026-09-19 12:31:57
 4  0       554512     84770544      1114912     34851560    0    0     0   512 9055 14384  11   0  88   0   0 2026-09-19 12:31:58
 6  0       554512     84768912      1114912     34851588    0    0     0     0 9345 14447  11   0  89   0   0 2026-09-19 12:31:59
 4  0       554512     84768872      1114912     34851612    0    0     0     0 9225 14368  11   0  89   0   0 2026-09-19 12:32:00
 5  0       554512     84768240      1114912     34851628    0    0     0     0 9222 14269  11   0  89   0   0 2026-09-19 12:32:01
 1  0       554512     84768672      1114912     34851832    0    0     0 276376 9350 15120   5   1  93   1   0 2026-09-19 12:32:02
 1  0       554512     84768280      1114916     34851880    0    0     0 95000 8793 14985   3   1  96   0   0 2026-09-19 12:32:03
 5  1       554512     84768160      1114916     34851920    0    0     0 88064 8747 14993   3   1  96   0   0 2026-09-19 12:32:04
 1  0       554512     84766712      1114916     34851980    0    0     0 70656 8594 14758   3   1  96   0   0 2026-09-19 12:32:05
 1  0       554512     84768576      1114916     34852052    0    0     0 77824 8707 15005   3   1  96   0   0 2026-09-19 12:32:06
 1  0       554512     84767744      1114916     34852104    0    0     0 89088 8723 14874   3   1  96   0   0 2026-09-19 12:32:07
 1  0       554512     84766872      1114920     34852184    0    0     0 96232 8821 14718   3   1  96   0   0 2026-09-19 12:32:08
 1  0       554512     84767240      1114920     34852220    0    0     0 92160 8835 14815   3   1  96   0   0 2026-09-19 12:32:09
 1  0       554512     84768168      1114920     34852312    0    0     0 94208 8779 14873   3   1  96   0   0 2026-09-19 12:32:10
procs -----------------------memory---------------------- ---swap-- -----io---- -system-- --------cpu-------- -----timestamp-----
 r  b         swpd         free         buff        cache   si   so    bi    bo   in   cs  us  sy  id  wa  st                 KST
 5  0       554512     84767544      1114920     34852328    0    0     0 47104 8904 14549   8   1  91   0   0 2026-09-19 12:32:11
 4  0       554512     84767888      1114920     34852356    0    0     0     0 8938 14192  12   1  88   0   0 2026-09-19 12:32:12
 4  0       554512     84767216      1114928     34852380    0    0     0   932 8847 14343  11   0  88   0   0 2026-09-19 12:32:13
 4  0       554512     84769544      1114928     34852408    0    0     0     0 9152 14335  11   0  89   0   0 2026-09-19 12:32:14
 4  0       554512     84769376      1114928     34852428    0    0     0     0 8913 14364  11   0  89   0   0 2026-09-19 12:32:15
 4  0       554512     84769392      1114928     34852452    0    0     0     0 8658 14039  11   0  89   0   0 2026-09-19 12:32:16
 4  0       554512     84769136      1114928     34852464    0    0     0     0 8915 14144  11   0  89   0   0 2026-09-19 12:32:17
 4  0       554512     84767904      1114928     34852496    0    0     0   652 9011 14118  11   0  88   0   0 2026-09-19 12:32:18
 1  3       554512     84766512      1114928     34852776    0    0     0 732160 10378 16253   3   1  91   5   0 2026-09-19 12:32:19
 4  0       554512     84765944      1114928     34853060    0    0     0 308224 9373 14784   9   0  89   2   0 2026-09-19 12:32:20
 5  0       554512     84765312      1114928     34853140    0    0 327680 303104 10511 15760   9   1  88   3   0 2026-09-19 12:32:21
 5  0       554512     84766320      1114928     34853164    0    0     0     0 9538 14059  13   1  86   0   0 2026-09-19 12:32:22
 5  0       554512     84766104      1114932     34853204    0    0     0  1164 9586 14228  13   1  86   0   0 2026-09-19 12:32:23
 5  0       554512     84766152      1114932     34853232    0    0     0     0 9407 14251  13   1  86   0   0 2026-09-19 12:32:24
 4  0       554512     84765696      1114932     34853252    0    0     0     0 9325 14180  12   1  87   0   0 2026-09-19 12:32:25
 4  0       554512     84766032      1114932     34853292    0    0     0     0 9291 14281  11   0  89   0   0 2026-09-19 12:32:26
 4  0       554512     84767360      1114932     34853316    0    0     0     0 9372 14330  11   0  89   0   0 2026-09-19 12:32:27
 5  0       554512     84767488      1114940     34853328    0    0     0  1264 9418 14217  11   0  88   0   0 2026-09-19 12:32:28
 4  0       554512     84767768      1114940     34853368    0    0     0     0 9413 14155  11   0  89   0   0 2026-09-19 12:32:29
 2  3       554512     84768400      1114940     34853520    0    0     0 276480 9310 14949   6   1  92   1   0 2026-09-19 12:32:30
 1  0       554512     84768040      1114940     34853616    0    0     0 89088 8488 14725   2   1  96   0   0 2026-09-19 12:32:31
procs -----------------------memory---------------------- ---swap-- -----io---- -system-- --------cpu-------- -----timestamp-----
 r  b         swpd         free         buff        cache   si   so    bi    bo   in   cs  us  sy  id  wa  st                 KST
 0  4       554512     84767712      1114940     34853684    0    0     0 211888 8631 14900   2   1  96   1   0 2026-09-19 12:32:32
 4  0       554512     84767152      1114948     34853788    0    0     0 112880 9344 14522   9   0  89   2   0 2026-09-19 12:32:33
 4  0       554512     84767072      1114948     34853804    0    0     0     0 9072 14153  11   0  89   0   0 2026-09-19 12:32:34
 4  0       554512     84766920      1114948     34853832    0    0     0     0 8999 14200  11   0  89   0   0 2026-09-19 12:32:35
 4  0       554512     84767456      1114948     34853856    0    0     0     0 8820 14017  11   0  89   0   0 2026-09-19 12:32:36
 4  0       554512     84768032      1114948     34853884    0    0     0     0 8770 14057  11   0  89   0   0 2026-09-19 12:32:37
 4  0       554512     84767552      1114956     34853888    0    0     0   140 8833 14118  11   0  88   0   0 2026-09-19 12:32:38
 5  4       554512     84766592      1114956     34854096    0    0 270336 450940 10442 16062   9   0  88   2   0 2026-09-19 12:32:39
 2  3       554512     84766144      1114956     34854120    0    0 155648 135168 9628 14926  11   0  87   1   0 2026-09-19 12:32:40
 5  0       554512     84765680      1114956     34854360    0    0     0 159744 9359 14662   9   1  90   0   0 2026-09-19 12:32:41
 5  0       554512     84765216      1114956     34854384    0    0     0     0 9489 14120  13   1  86   0   0 2026-09-19 12:32:42
 4  0       554512     84767544      1114964     34854416    0    0     0   516 9383 14229  12   0  88   0   0 2026-09-19 12:32:43
 4  0       554512     84767344      1114964     34854436    0    0     0   820 9457 14369  11   0  89   0   0 2026-09-19 12:32:44
 2  4       554512     84767248      1114964     34854460    0    0     0 53248 9479 14374  11   0  89   0   0 2026-09-19 12:32:45
 5  0       554512     84766304      1114964     34854680    0    0     0 405504 11018 17780   5   1  89   5   0 2026-09-19 12:32:46
 5  0       554512     84766768      1114964     34854704    0    0     0     0 9055 14378  13   1  86   0   0 2026-09-19 12:32:47
 5  0       554512     84765648      1114964     34854728    0    0     0   480 9235 14257  13   1  86   0   0 2026-09-19 12:32:48
 5  0       554512     84766240      1114964     34854760    0    0     0   768 9476 14325  13   1  86   0   0 2026-09-19 12:32:49
 5  0       554512     84765584      1114964     34854768    0    0     0     0 9109 14201  13   1  86   0   0 2026-09-19 12:32:50
 5  0       554512     84765648      1114964     34854804    0    0     0     0 9268 14287  13   1  86   0   0 2026-09-19 12:32:51
 5  0       554512     84766488      1114964     34854816    0    0     0     0 9518 14288  13   1  86   0   0 2026-09-19 12:32:52
procs -----------------------memory---------------------- ---swap-- -----io---- -system-- --------cpu-------- -----timestamp-----
 r  b         swpd         free         buff        cache   si   so    bi    bo   in   cs  us  sy  id  wa  st                 KST
 5  0       554512     84765840      1114972     34854840    0    0     0   144 9372 14330  13   1  86   0   0 2026-09-19 12:32:53
 5  0       554512     84765936      1114972     34854876    0    0     0   436 9089 14324  13   1  86   0   0 2026-09-19 12:32:54
 4  0       554512     84765808      1114972     34854904    0    0     0     0 9038 14339  12   1  87   0   0 2026-09-19 12:32:55
 4  0       554512     84767104      1114972     34854928    0    0     0     0 9061 14243  11   0  89   0   0 2026-09-19 12:32:56
 4  0       554512     84768432      1114972     34854960    0    0     0     0 8803 14300  11   0  89   0   0 2026-09-19 12:32:57
 4  0       554512     84768208      1114980     34854964    0    0     0   108 8880 14254  11   0  88   0   0 2026-09-19 12:32:58
 4  0       554512     84768032      1114980     34855004    0    0     0   348 9256 14393  11   0  88   0   0 2026-09-19 12:32:59
 4  0       554512     84767856      1114980     34855024    0    0     0     0 8688 14162  11   0  89   0   0 2026-09-19 12:33:00
 4  0       554512     84767008      1114980     34855052    0    0     0     0 8948 14236  11   0  89   0   0 2026-09-19 12:33:01
 4  0       554512     84765848      1114980     34855084    0    0     0     0 8959 14260  11   0  89   0   0 2026-09-19 12:33:02
 4  0       554512     84765184      1114984     34855108    0    0     0  1376 9170 14406  11   0  89   0   0 2026-09-19 12:33:03
 1  0       554512     84765088      1114984     34855240    0    0 14336 146840 8750 14948   3   1  94   1   0 2026-09-19 12:33:04
 1  0       554512     84766224      1114984     34855284    0    0     0 95232 8567 14747   3   1  96   0   0 2026-09-19 12:33:05
 1  0       554512     84765360      1114984     34855388    0    0     0 93184 8754 14994   3   1  96   0   0 2026-09-19 12:33:06
 1  0       554512     84764784      1114984     34855548    0    0     0 91136 8742 14951   3   1  96   0   0 2026-09-19 12:33:07
 5  0       554512     84765568      1114992     34855552    0    0     0 63940 8395 14712   3   1  96   0   0 2026-09-19 12:33:08
 1  0       554512     84764704      1114992     34855644    0    0     0 69336 8501 14768   3   1  96   0   0 2026-09-19 12:33:09
 1  0       554512     84764712      1114992     34855680    0    0     0 92160 8433 14860   3   1  96   0   0 2026-09-19 12:33:10
 1  0       554512     84766920      1114992     34855784    0    0     0 92160 8836 14963   3   1  96   0   0 2026-09-19 12:33:11
 4  0       554512     84768624      1114992     34855860    0    0     0 281600 9234 15114   4   1  94   1   0 2026-09-19 12:33:12
 4  0       554512     84769232      1115000     34855968    0    0     0   400 9241 14360  11   0  88   0   0 2026-09-19 12:33:13
procs -----------------------memory---------------------- ---swap-- -----io---- -system-- --------cpu-------- -----timestamp-----
 r  b         swpd         free         buff        cache   si   so    bi    bo   in   cs  us  sy  id  wa  st                 KST
 4  0       554512     84769104      1115000     34855992    0    0     0   692 9020 14323  11   0  89   0   0 2026-09-19 12:33:14
 4  0       554512     84769360      1115000     34856012    0    0     0     0 8868 14259  11   0  89   0   0 2026-09-19 12:33:15
 4  0       554512     84768944      1115000     34856040    0    0     0     0 8787 14223  11   0  88   0   0 2026-09-19 12:33:16
 4  0       554512     84769760      1115000     34856064    0    0     0     0 9182 14150  11   0  89   0   0 2026-09-19 12:33:17
 4  0       554512     84769920      1115004     34856080    0    0     0   120 9094 14338  11   0  88   0   0 2026-09-19 12:33:18
 4  0       554512     84769944      1115004     34856112    0    0     0   368 9159 14381  11   0  88   0   0 2026-09-19 12:33:19
 4  0       554512     84767736      1115004     34856128    0    0     0     0 9082 14348  11   0  89   0   0 2026-09-19 12:33:20
 4  0       554512     84765144      1115004     34856628    0    0     0 974848 11016 16679   9   0  89   2   0 2026-09-19 12:33:21
 5  0       554512     84765032      1115004     34856780    0    0 344064 131072 10076 15641  10   1  87   3   0 2026-09-19 12:33:22
 5  0       554512     84765920      1115008     34856808    0    0     0   544 9536 14409  13   1  86   0   0 2026-09-19 12:33:23
 5  0       554512     84766736      1115008     34856836    0    0     0     0 9050 14368  13   1  86   0   0 2026-09-19 12:33:24
 5  0       554512     84767816      1115008     34856868    0    0     0   928 9454 14475  13   1  86   0   0 2026-09-19 12:33:25
 5  0       554512     84767392      1115008     34856880    0    0     0     0 9479 14425  13   1  86   0   0 2026-09-19 12:33:26
 5  0       554512     84767232      1115008     34856912    0    0     0     0 9226 14369  13   1  86   0   0 2026-09-19 12:33:27
 5  0       554512     84767840      1115012     34856928    0    0     0   164 9165 14268  13   1  86   0   0 2026-09-19 12:33:28
 5  0       554512     84766168      1115012     34856956    0    0     0     0 9062 14184  13   1  86   0   0 2026-09-19 12:33:29
 5  0       554512     84766224      1115012     34856980    0    0     0   468 9233 14235  13   1  86   0   0 2026-09-19 12:33:30
 4  0       554512     84767856      1115012     34857000    0    0     0     0 9299 14212  12   0  88   0   0 2026-09-19 12:33:31
 4  0       554512     84767928      1115012     34857028    0    0     0     0 8730 14185  11   0  89   0   0 2026-09-19 12:33:32
 4  0       554512     84769760      1115020     34857048    0    0     0   108 8784 14218  11   0  88   0   0 2026-09-19 12:33:33
 4  0       554512     84769040      1115020     34857076    0    0     0   880 8644 14311  11   0  89   0   0 2026-09-19 12:33:34
procs -----------------------memory---------------------- ---swap-- -----io---- -system-- --------cpu-------- -----timestamp-----
 r  b         swpd         free         buff        cache   si   so    bi    bo   in   cs  us  sy  id  wa  st                 KST
 4  0       554512     84769552      1115020     34857108    0    0     0   420 8710 14211  11   0  89   0   0 2026-09-19 12:33:35
 5  0       554512     84769592      1115020     34857124    0    0     0     0 8699 14080  11   0  89   0   0 2026-09-19 12:33:36
 4  0       554512     84769168      1115020     34857152    0    0     0     0 8856 14173  11   0  89   0   0 2026-09-19 12:33:37
 4  0       554512     84768696      1115028     34857164    0    0     0   140 8686 14169  11   0  88   0   0 2026-09-19 12:33:38
 3  4       554512     84768592      1115028     34857200    0    0     0 11264 8797 14254  11   0  89   0   0 2026-09-19 12:33:39
 0  4       554512     84768432      1115028     34857500    0    0     0 750992 12572 20797   1   1  89   9   0 2026-09-19 12:33:40
 5  0       554512     84769344      1115028     34857676    0    0     0 262144 11094 17929   7   1  88   4   0 2026-09-19 12:33:41
 5  0       554512     84768656      1115028     34857696    0    0     0     0 9015 14091  13   1  86   0   0 2026-09-19 12:33:42
 5  0       554512     84769520      1115036     34857724    0    0     0   728 9132 14219  13   1  86   0   0 2026-09-19 12:33:43
 5  0       554512     84768880      1115036     34857752    0    0     0     0 9442 14383  13   1  86   0   0 2026-09-19 12:33:44
 6  0       554512     84769440      1115036     34857784    0    0     0  1008 9223 14169  13   1  86   0   0 2026-09-19 12:33:45
 4  0       554512     84768512      1115036     34857796    0    0     0     0 9176 14325  12   1  87   0   0 2026-09-19 12:33:46
 4  0       554512     84769352      1115036     34857832    0    0     0     0 8895 14285  11   0  89   0   0 2026-09-19 12:33:47
 4  0       554512     84769440      1115044     34857852    0    0     0   120 8703 14147  11   0  88   0   0 2026-09-19 12:33:48
 4  0       554512     84769008      1115044     34857872    0    0     0     0 8884 14260  11   0  89   0   0 2026-09-19 12:33:49
 4  0       554512     84769296      1115044     34857892    0    0     0   424 8796 14136  11   0  89   0   0 2026-09-19 12:33:50
 5  0       554512     84770080      1115044     34857928    0    0     0     0 8713 14144  11   0  88   0   0 2026-09-19 12:33:51
 0  0       554512     84766848      1115044     34858432    0    0     0 983040 10883 16614   8   0  89   2   0 2026-09-19 12:33:52
 5  0       554512     84766672      1115052     34858480    0    0     0   544 8884 14202  11   1  88   0   0 2026-09-19 12:33:53
 5  0       554512     84767504      1115052     34858500    0    0     0     0 9155 14284  13   1  86   0   0 2026-09-19 12:33:54
 5  0       554512     84767504      1115052     34858528    0    0     0     0 9261 14231  13   1  86   0   0 2026-09-19 12:33:55
procs -----------------------memory---------------------- ---swap-- -----io---- -system-- --------cpu-------- -----timestamp-----
 r  b         swpd         free         buff        cache   si   so    bi    bo   in   cs  us  sy  id  wa  st                 KST
 4  0       554512     84767088      1115052     34858548    0    0     0   808 9405 14252  11   0  88   0   0 2026-09-19 12:33:56
 4  0       554512     84765648      1115052     34858584    0    0     0     0 8976 14378  11   0  89   0   0 2026-09-19 12:33:57
 5  0       554512     84765920      1115060     34858508    0    0     0   152 9139 14399  11   0  88   0   0 2026-09-19 12:33:58
 1  0       554512     84766736      1115060     34858576    0    0     0 136192 9329 14743  10   0  89   1   0 2026-09-19 12:33:59
 1  0       554512     84766032      1115060     34858644    0    0     0 129024 8577 14865   3   1  95   0   0 2026-09-19 12:34:00
 1  0       554512     84765584      1115060     34858716    0    0     0 88612 8433 14774   3   1  96   0   0 2026-09-19 12:34:01
 1  0       554512     84766848      1115060     34858784    0    0     0 134144 8529 14956   3   1  95   0   0 2026-09-19 12:34:02
 1  0       554512     84766464      1115068     34858880    0    0     0 134724 8876 15234   3   1  95   0   0 2026-09-19 12:34:03
 2  0       554512     84766584      1115068     34859004    0    0     0 109568 8511 14903   3   1  96   0   0 2026-09-19 12:34:04
 4  0       554512     84765080      1115068     34859044    0    0     0 56632 8899 14715   8   1  91   0   0 2026-09-19 12:34:05
 4  0       554512     84765656      1115068     34859056    0    0     0   828 9194 14660  11   0  88   0   0 2026-09-19 12:34:06
 4  0       554512     84766424      1115068     34859076    0    0     0     0 8999 14344  11   0  89   0   0 2026-09-19 12:34:07
 4  0       554512     84766224      1115072     34859096    0    0     0   288 8807 14299  11   0  88   0   0 2026-09-19 12:34:08
 4  0       554512     84765232      1115072     34859128    0    0     0     0 8937 14305  11   0  88   0   0 2026-09-19 12:34:09
 4  0       554512     84766240      1115072     34859140    0    0     0     0 8824 14271  11   0  89   0   0 2026-09-19 12:34:10
 5  0       554512     84765280      1115072     34859372    0    0     0 819724 10851 16518   9   1  88   2   0 2026-09-19 12:34:11
 5  0       554512     84767104      1115072     34859416    0    0     0     0 9090 14337  13   1  86   0   0 2026-09-19 12:34:12
 5  0       554512     84765872      1115080     34859448    0    0     0   812 9074 14328  13   1  86   0   0 2026-09-19 12:34:13
 5  0       554512     84765912      1115084     34859468    0    0     0    40 9115 14316  13   1  86   0   0 2026-09-19 12:34:14
 5  0       554512     84765280      1115084     34859500    0    0     0     0 9303 14243  13   1  86   0   0 2026-09-19 12:34:15
 6  0       554512     84765056      1115084     34859516    0    0     0   768 9295 14264  13   1  86   0   0 2026-09-19 12:34:16
procs -----------------------memory---------------------- ---swap-- -----io---- -system-- --------cpu-------- -----timestamp-----
 r  b         swpd         free         buff        cache   si   so    bi    bo   in   cs  us  sy  id  wa  st                 KST
 5  0       554512     84765472      1115084     34859540    0    0     0     0 9016 14264  13   1  86   0   0 2026-09-19 12:34:17
 5  0       554512     84765472      1115084     34859568    0    0     0     0 9095 14252  13   1  86   0   0 2026-09-19 12:34:18
 6  0       554512     84764496      1115084     34859600    0    0     0    92 9043 14371  13   1  86   0   0 2026-09-19 12:34:19
 5  0       554512     84763776      1115084     34859620    0    0     0     0 9280 14228  13   1  86   0   0 2026-09-19 12:34:20
 5  0       554512     84762824      1115084     34859656    0    0     0   320 8961 14356  13   1  86   0   0 2026-09-19 12:34:21
 5  0       554512     84762640      1115084     34859672    0    0     0     0 8970 14292  13   1  86   0   0 2026-09-19 12:34:22
 4  0       554512     84762224      1115084     34859700    0    0     0     0 8892 14370  12   1  87   0   0 2026-09-19 12:34:23
 4  0       554512     84761504      1115092     34859716    0    0     0   164 8702 14457  11   0  88   0   0 2026-09-19 12:34:24
 4  0       554512     84761520      1115092     34859748    0    0     0     0 8711 14346  11   0  89   0   0 2026-09-19 12:34:25
 4  0       554512     84761056      1115092     34859764    0    0     0     0 8722 14459  11   0  89   0   0 2026-09-19 12:34:26
 4  0       554512     84761312      1115092     34859800    0    0     0   376 8844 14559  11   0  89   0   0 2026-09-19 12:34:27
 1  4       554512     84762128      1115092     34859812    0    0     0 28672 8908 14515  11   0  89   0   0 2026-09-19 12:34:28
 0  4       554512     84761336      1115100     34859996    0    0     0 407988 10158 16287   3   1  93   3   0 2026-09-19 12:34:29
 4  0       554512     84760240      1115100     34860244    0    0     0 612352 10319 15729   3   0  89   8   0 2026-09-19 12:34:30
 5  0       554512     84761952      1115100     34860548    0    0 425984 466944 11001 16840   7   0  89   4   0 2026-09-19 12:34:31
 1  0       554512     84761984      1115100     34860572    0    0     0 71296 8668 14822   6   1  93   0   0 2026-09-19 12:34:32
 5  0       554512     84762568      1115100     34860600    0    0     0 27648 8953 14502  10   1  88   0   0 2026-09-19 12:34:33
 6  0       554512     84762608      1115108     34860616    0    0     0   816 9360 14424  13   1  86   0   0 2026-09-19 12:34:34
 5  0       554512     84761936      1115108     34860648    0    0     0  1424 9519 14415  13   1  86   0   0 2026-09-19 12:34:35
 5  0       554512     84761712      1115108     34860672    0    0     0     0 9076 14300  13   1  86   0   0 2026-09-19 12:34:36
 5  0       554512     84762304      1115108     34860700    0    0     0  1016 9281 14294  13   1  86   0   0 2026-09-19 12:34:37
procs -----------------------memory---------------------- ---swap-- -----io---- -system-- --------cpu-------- -----timestamp-----
 r  b         swpd         free         buff        cache   si   so    bi    bo   in   cs  us  sy  id  wa  st                 KST
 5  0       554512     84762112      1115108     34860712    0    0     0     0 9230 14238  13   1  86   0   0 2026-09-19 12:34:38
 4  0       554512     84762488      1115116     34860744    0    0     0   100 9210 14352  13   1  86   0   0 2026-09-19 12:34:39
 4  0       554512     84762312      1115116     34860760    0    0     0     0 9065 14002  11   0  89   0   0 2026-09-19 12:34:40
 4  0       554512     84760864      1115116     34860784    0    0     0     0 8934 14141  11   0  89   0   0 2026-09-19 12:34:41
 4  0       554512     84760640      1115116     34860800    0    0     0   352 8872 14219  11   0  89   0   0 2026-09-19 12:34:42
 4  0       554512     84759448      1115116     34860836    0    0     0     0 9000 14397  11   0  89   0   0 2026-09-19 12:34:43
 4  0       554512     84761504      1115124     34860844    0    0     0    96 8953 14429  11   0  88   0   0 2026-09-19 12:34:44
 4  0       554512     84761816      1115124     34860888    0    0     0     0 9266 14193  11   0  89   0   0 2026-09-19 12:34:45
 4  0       554512     84762080      1115124     34860908    0    0     0     0 8911 14392  11   0  89   0   0 2026-09-19 12:34:46
 0  4       554512     84763152      1115124     34861152    0    0     0 484860 10077 15530   8   0  88   3   0 2026-09-19 12:34:47
 5  0       554512     84761456      1115124     34861472    0    0 14336 465920 11504 18795   6   1  88   6   0 2026-09-19 12:34:48
 5  0       554512     84760208      1115128     34861504    0    0     0   624 9295 14256  13   1  86   0   0 2026-09-19 12:34:49
 5  0       554512     84760064      1115128     34861520    0    0     0     0 9005 14156  13   1  86   0   0 2026-09-19 12:34:50
 5  0       554512     84758144      1115128     34861556    0    0     0     0 9150 14347  13   1  86   0   0 2026-09-19 12:34:51
 5  0       554512     84758656      1115128     34861572    0    0     0   860 9171 14269  13   1  86   0   0 2026-09-19 12:34:52
 5  0       554512     84757744      1115128     34861600    0    0     0     0 8966 14301  13   1  86   0   0 2026-09-19 12:34:53
 5  0       554512     84758032      1115132     34861624    0    0     0   156 9012 14183  13   1  86   0   0 2026-09-19 12:34:54
 5  0       554512     84757592      1115132     34861656    0    0     0     0 9245 14260  13   1  86   0   0 2026-09-19 12:34:55
 5  0       554512     84757632      1115132     34861672    0    0     0     0 9258 14231  13   1  86   0   0 2026-09-19 12:34:56
 4  0       554512     84757664      1115132     34861708    0    0     0   512 8996 14268  12   1  88   0   0 2026-09-19 12:34:57
 5  0       554512     84757232      1115132     34861716    0    0     0     0 9028 14230  11   0  89   0   0 2026-09-19 12:34:58
procs -----------------------memory---------------------- ---swap-- -----io---- -system-- --------cpu-------- -----timestamp-----
 r  b         swpd         free         buff        cache   si   so    bi    bo   in   cs  us  sy  id  wa  st                 KST
 5  0       554512     84757552      1115136     34861744    0    0     0   120 8692 14343  11   0  89   0   0 2026-09-19 12:34:59
 4  0       554512     84757800      1115136     34861764    0    0     0     0 8651 14082  11   0  89   0   0 2026-09-19 12:35:00
 4  0       554512     84758896      1115136     34861792    0    0     0     0 8814 14199  11   0  89   0   0 2026-09-19 12:35:01
 4  0       554512     84758728      1115136     34861844    0    0     0     0 8752 14119  11   0  89   0   0 2026-09-19 12:35:02
 4  0       554512     84757744      1115136     34861876    0    0     0   516 8865 14275  11   0  88   0   0 2026-09-19 12:35:03
 4  0       554512     84757328      1115140     34861884    0    0     0   124 8797 14247  11   0  88   0   0 2026-09-19 12:35:04
 4  0       554512     84756352      1115140     34861920    0    0     0     0 8627 14067  11   0  89   0   0 2026-09-19 12:35:05
 1  0       554512     84756176      1115152     34862064    0    0     0 407004 9964 16154   4   1  94   1   0 2026-09-19 12:35:06
 4  0       554512     84756560      1115208     34862160    0    0     0 618496 9933 16136   4   1  94   1   0 2026-09-19 12:35:07
 4  0       554512     84757416      1115208     34862336    0    0     0   392 9080 14361  11   0  88   0   0 2026-09-19 12:35:08
 4  0       554512     84757504      1115212     34862368    0    0     0   716 9116 14351  11   0  88   0   0 2026-09-19 12:35:09
 1  7       554512     84756880      1115240     34862476    0    0 143360 324608 10260 15613   9   0  87   4   0 2026-09-19 12:35:10
 5  0       554512     84758504      1115264     34862672    0    0 288768 265216 11721 18359   8   1  84   8   0 2026-09-19 12:35:11
 5  0       554512     84758784      1115264     34862696    0    0     0     0 9047 14339  13   1  86   0   0 2026-09-19 12:35:12
 5  0       554512     84759632      1115264     34862720    0    0     0   992 9126 14315  13   1  86   0   0 2026-09-19 12:35:13
 5  0       554512     84759664      1115272     34862732    0    0     0   468 9249 14322  13   1  86   0   0 2026-09-19 12:35:14
 5  0       554512     84758696      1115272     34862776    0    0     0     0 9110 14348  13   1  86   0   0 2026-09-19 12:35:15
 5  0       554512     84759200      1115272     34862788    0    0     0     0 9076 14252  13   1  86   0   0 2026-09-19 12:35:16
 5  0       554512     84758528      1115272     34862824    0    0     0     0 9082 14350  13   1  86   0   0 2026-09-19 12:35:17
 5  0       554512     84759568      1115272     34862852    0    0     0   712 9094 14368  13   1  86   0   0 2026-09-19 12:35:18
 5  0       554512     84759416      1115280     34862880    0    0     0   152 9117 14407  13   1  86   0   0 2026-09-19 12:35:19
procs -----------------------memory---------------------- ---swap-- -----io---- -system-- --------cpu-------- -----timestamp-----
 r  b         swpd         free         buff        cache   si   so    bi    bo   in   cs  us  sy  id  wa  st                 KST
 5  0       554512     84758736      1115280     34862900    0    0     0     0 9047 14275  12   0  88   0   0 2026-09-19 12:35:20
 4  0       554512     84758272      1115280     34862996    0    0     0     0 8621 14240  11   0  89   0   0 2026-09-19 12:35:21
 4  0       554512     84757016      1115280     34863020    0    0     0     0 8675 14261  11   0  89   0   0 2026-09-19 12:35:22
 5  0       554512     84757168      1115280     34863048    0    0     0   400 8744 14307  11   0  89   0   0 2026-09-19 12:35:23
 4  0       554512     84756208      1115284     34863072    0    0     0   132 8771 14382  11   0  88   0   0 2026-09-19 12:35:24
 4  0       554512     84757032      1115284     34863088    0    0     0     0 8921 14354  11   0  89   0   0 2026-09-19 12:35:25
 4  0       554512     84756280      1115284     34863112    0    0     0     0 9025 14523  11   0  89   0   0 2026-09-19 12:35:26
 5  0       554512     84755328      1115284     34863136    0    0     0     0 8842 14392  11   0  89   0   0 2026-09-19 12:35:27
 1  4       554512     84753792      1115304     34863220    0    0     0 288124 9462 14955  10   0  88   2   0 2026-09-19 12:35:28
 5  0       554512     84752240      1115364     34863760    0    0     0 736804 11578 17977   8   1  88   4   0 2026-09-19 12:35:29
 5  0       554512     84753096      1115364     34863796    0    0     0     0 9366 14300  13   1  86   0   0 2026-09-19 12:35:30
 5  0       554512     84752688      1115364     34863812    0    0     0     0 9342 14302  13   1  86   0   0 2026-09-19 12:35:31
 5  0       554512     84752720      1115364     34863848    0    0     0     0 9182 14185  13   1  86   0   0 2026-09-19 12:35:32
 5  0       554512     84751472      1115364     34863868    0    0     0   860 9189 14307  13   1  86   0   0 2026-09-19 12:35:33
 5  0       554512     84751216      1115368     34863892    0    0     0   192 9309 14203  13   1  86   0   0 2026-09-19 12:35:34
 4  0       554512     84752760      1115368     34863908    0    0     0     0 8964 14189  12   1  88   0   0 2026-09-19 12:35:35
 4  0       554512     84751760      1115368     34863936    0    0     0     0 8748 14241  11   0  88   0   0 2026-09-19 12:35:36
 4  0       554512     84751312      1115368     34863956    0    0     0   912 8895 14284  11   0  88   0   0 2026-09-19 12:35:37
 4  0       554512     84751392      1115368     34863988    0    0     0   420 8909 14322  11   0  88   0   0 2026-09-19 12:35:38
 4  0       554512     84752256      1115372     34864004    0    0     0   116 8882 14363  11   0  88   0   0 2026-09-19 12:35:39
 0  4       554512     84751568      1115472     34864156    0    0 145408 961536 10953 16915   6   1  91   2   0 2026-09-19 12:35:40
procs -----------------------memory---------------------- ---swap-- -----io---- -system-- --------cpu-------- -----timestamp-----
 r  b         swpd         free         buff        cache   si   so    bi    bo   in   cs  us  sy  id  wa  st                 KST
 4  0       554512     84751440      1115480     34864580    0    0     0 78848 8732 14385  11   0  89   0   0 2026-09-19 12:35:41
 4  0       554512     84750688      1115480     34864612    0    0     0     0 8535 14161  11   0  89   0   0 2026-09-19 12:35:42
 5  0       554512     84749984      1115500     34864660    0    0     0 122880 8624 14881   6   1  92   1   0 2026-09-19 12:35:43
 5  0       554512     84750520      1115504     34864680    0    0     0  1172 9142 14380  13   1  86   0   0 2026-09-19 12:35:44
 5  0       554512     84750080      1115504     34864720    0    0     0     0 9046 14285  13   1  86   0   0 2026-09-19 12:35:45
 5  0       554512     84750928      1115504     34864736    0    0     0     0 9445 14583  13   1  86   0   0 2026-09-19 12:35:46
 5  0       554512     84750488      1115504     34864772    0    0     0     0 9311 14466  13   1  86   0   0 2026-09-19 12:35:47
 5  0       554512     84750336      1115504     34864792    0    0     0     0 9077 14256  13   1  86   0   0 2026-09-19 12:35:48
 5  0       554512     84750080      1115512     34864816    0    0     0  1248 9297 14344  13   1  86   0   0 2026-09-19 12:35:49
 5  0       554512     84750432      1115512     34864832    0    0     0     0 9167 14199  13   1  86   0   0 2026-09-19 12:35:50
 5  0       554512     84750992      1115512     34864860    0    0     0     0 9015 14112  13   1  86   0   0 2026-09-19 12:35:51
 4  0       554512     84750608      1115512     34864880    0    0     0     0 8852 14228  11   0  89   0   0 2026-09-19 12:35:52
 4  0       554512     84750672      1115512     34864912    0    0     0     0 9056 14183  11   0  89   0   0 2026-09-19 12:35:53
 4  0       554512     84751048      1115520     34864924    0    0     0   500 9128 14262  11   0  88   0   0 2026-09-19 12:35:54
 4  0       554512     84750360      1115520     34864964    0    0     0     0 9221 14262  11   0  89   0   0 2026-09-19 12:35:55
 4  0       554512     84749640      1115520     34864988    0    0     0     0 9002 14137  11   0  89   0   0 2026-09-19 12:35:56
 4  0       554512     84750680      1115520     34865012    0    0     0     0 9006 14029  11   0  89   0   0 2026-09-19 12:35:57
 4  0       554512     84750256      1115520     34865036    0    0     0     0 8738 14133  11   0  89   0   0 2026-09-19 12:35:58
 4  0       554512     84750288      1115528     34865056    0    0     0   480 8862 14399  11   0  88   0   0 2026-09-19 12:35:59
 5  0       554512     84747440      1115612     34865060    0    0 22528 966656 11014 16431  10   1  88   2   0 2026-09-19 12:36:00
 1  0       554512     84747072      1115612     34865504    0    0     0 27648 8646 14359   9   1  90   0   0 2026-09-19 12:36:01
procs -----------------------memory---------------------- ---swap-- -----io---- -system-- --------cpu-------- -----timestamp-----
 r  b         swpd         free         buff        cache   si   so    bi    bo   in   cs  us  sy  id  wa  st                 KST
 5  0       554512     84747888      1115620     34865560    0    0     0 54272 9167 14474   9   1  90   0   0 2026-09-19 12:36:02
 5  0       554512     84746480      1115620     34865596    0    0     0     0 9354 14244  13   1  86   0   0 2026-09-19 12:36:03
 5  0       554512     84746736      1115628     34865612    0    0     0  1160 9148 14246  13   1  86   0   0 2026-09-19 12:36:04
 5  0       554512     84746016      1115628     34865640    0    0     0     0 9116 14104  13   1  86   0   0 2026-09-19 12:36:05
 6  0       554512     84746288      1115628     34865668    0    0     0     0 9185 14295  13   1  86   0   0 2026-09-19 12:36:06
 5  0       554512     84746400      1115628     34865692    0    0     0  1772 9597 14363  13   1  86   0   0 2026-09-19 12:36:07
 5  0       554512     84745776      1115628     34865712    0    0     0     0 9304 14220  13   1  86   0   0 2026-09-19 12:36:08
 5  0       554512     84744928      1115632     34865732    0    0     0  1148 9103 14337  13   1  86   0   0 2026-09-19 12:36:09
 4  0       554512     84744800      1115632     34865752    0    0     0     0 8981 14266  12   1  88   0   0 2026-09-19 12:36:10
 4  0       554512     84745056      1115632     34865780    0    0     0     0 8848 14141  11   0  89   0   0 2026-09-19 12:36:11
 4  0       554512     84743944      1115632     34865800    0    0     0     0 8825 14128  11   0  89   0   0 2026-09-19 12:36:12
 4  0       554512     84744304      1115632     34865836    0    0     0     0 8699 14042  11   0  89   0   0 2026-09-19 12:36:13
 6  0       554512     84746400      1115636     34865860    0    0     0   556 9176 14387  11   0  88   0   0 2026-09-19 12:36:14
 4  0       554512     84747712      1115636     34865892    0    0     0     0 8783 14142  11   0  89   0   0 2026-09-19 12:36:15
 4  0       554512     84748032      1115636     34865916    0    0     0     0 8847 14106  11   0  89   0   0 2026-09-19 12:36:16
 4  0       554512     84750864      1115636     34866068    0    0     0     0 9170 14199  11   0  88   0   0 2026-09-19 12:36:17
 4  0       554512     84750680      1115636     34866088    0    0     0     0 8918 14096  11   0  89   0   0 2026-09-19 12:36:18
 2  0       554512     84751472      1115676     34866192    0    0     0 265104 9424 15487   4   1  93   2   0 2026-09-19 12:36:19
 1  3       554512     84750064      1115692     34866312    0    0     0 243712 9279 15456   4   1  94   1   0 2026-09-19 12:36:20
 5  0       554512     84749216      1115736     34866608    0    0     0 516096 10079 15469   5   1  89   6   0 2026-09-19 12:36:21
 4  0       554512     84748584      1115736     34866624    0    0     0     0 9155 14326  11   0  89   0   0 2026-09-19 12:36:22
procs -----------------------memory---------------------- ---swap-- -----io---- -system-- --------cpu-------- -----timestamp-----
 r  b         swpd         free         buff        cache   si   so    bi    bo   in   cs  us  sy  id  wa  st                 KST
 0  4       554512     84748368      1115736     34866652    0    0     0 19456 9192 14326  11   0  89   0   0 2026-09-19 12:36:23
 4  0       554512     84748744      1115792     34866952    0    0 696320 587692 11790 17573  10   1  86   3   0 2026-09-19 12:36:24
 4  0       554512     84748080      1115792     34866984    0    0     0  1260 9030 14430  11   0  89   0   0 2026-09-19 12:36:25
 1  0       554512     84752464      1115800     34867032    0    0     0 49152 8313 14576   3   0  97   0   0 2026-09-19 12:36:26
 0  0       554512     84753472      1115800     34867056    0    0     0     0 7892 14624   0   0  99   0   0 2026-09-19 12:36:27
 1  0       554512     84754736      1115800     34867076    0    0     0     0 7582 14192   0   0  99   0   0 2026-09-19 12:36:28
 1  0       554512     84754848      1115808     34867100    0    0     0   220 7665 14384   0   0  99   0   0 2026-09-19 12:36:29
 0  0       554512     84754464      1115808     34867124    0    0     0   484 7688 14330   0   0  99   0   0 2026-09-19 12:36:30
 1  0       554512     84754784      1115808     34867176    0    0     0     0 8284 14704   2   0  98   0   0 2026-09-19 12:36:31
 2  0       554512     89577880      1115808     30200800    0    0     0     0 7605 13111   1   2  97   0   0 2026-09-19 12:36:32
