procs -----------------------memory---------------------- ---swap-- -----io---- -system-- --------cpu-------- -----timestamp-----
 r  b         swpd         free         buff        cache   si   so    bi    bo   in   cs  us  sy  id  wa  st                 KST
 5  0       545296     90987328      1326548     30519612    2    2 12827   472    1    0   1   1  97   2   0 2026-09-21 10:48:35
 2  0       545296     90883120      1326556     30519668    0    0     0   296 2786 4487   3   1  97   0   0 2026-09-21 10:48:36
 2  0       545296     90828512      1326556     30519700    0    0     0     0 4603 3743   5   8  88   0   0 2026-09-21 10:48:37
 4  0       545296     90778960      1326556     30519724    0    0     0     0 2174 3461   3   0  97   0   0 2026-09-21 10:48:38
 2  0       545296     90653152      1326556     30519748    0    0     0   472 3849 4699   0   1  99   0   0 2026-09-21 10:48:39
 1  0       545296     90711208      1326556     30519788    0    0     0     0 2330 4240   1   0  99   0   0 2026-09-21 10:48:40
 2  0       545296     90710208      1326564     30519788    0    0     0   124 1850 3692   0   0  99   0   0 2026-09-21 10:48:41
 5  0       545296     90236088      1326564     30519832    0    0     0     0 3922 4701  15   1  84   0   0 2026-09-21 10:48:42
 2  0       545296     90057264      1326564     30519852    0    0     0     0 2979 4120   5   1  94   0   0 2026-09-21 10:48:43
 2  0       545296     90671104      1326564     30519884    0    0     0   268 3802 4358   2   1  98   0   0 2026-09-21 10:48:44
 2  0       545296     90670368      1326564     30519904    0    0     0     0 2056 3851   0   0  99   0   0 2026-09-21 10:48:45
 0  0       545296     90668512      1326572     30519928    0    0     0   152 2156 4087   0   0  99   0   0 2026-09-21 10:48:46
 1  0       545296     90450544      1326572     30519988    0    0     0     0 2689 4129   2   1  97   0   0 2026-09-21 10:48:47
 1  0       545296     90380528      1326580     30520052    0    0     0   160 2454 3961   2   0  97   0   0 2026-09-21 10:48:48
 2  0       545296     90321096      1326580     30520068    0    0     0     0 2474 4128   4   0  96   0   0 2026-09-21 10:48:49
 1  0       545296     90231728      1326580     30530160    0    0     0   364 3376 4633   2   0  98   0   0 2026-09-21 10:48:50
 1  0       545296     90097032      1326580     30599900    0    0     0     0 3216 5425   3   1  96   0   0 2026-09-21 10:48:51
 1  0       545296     89985856      1326580     30599972    0    0     0     0 3809 5598   3   1  96   0   0 2026-09-21 10:48:52
 1  0       545296     89991016      1326588     30599940    0    0     0   184 3174 5162   2   1  97   0   0 2026-09-21 10:48:53
 1  0       545296     89931520      1326588     30599960    0    0     0     0 3361 5347   3   1  97   0   0 2026-09-21 10:48:54
 2  0       545296     89917704      1326588     30599984    0    0     0   308 3502 5424   3   0  97   0   0 2026-09-21 10:48:55
procs -----------------------memory---------------------- ---swap-- -----io---- -system-- --------cpu-------- -----timestamp-----
 r  b         swpd         free         buff        cache   si   so    bi    bo   in   cs  us  sy  id  wa  st                 KST
 2  0       545296     89917008      1326596     30600016    0    0     0   156 3465 5127   3   0  97   0   0 2026-09-21 10:48:56
 1  0       545296     89830336      1326596     30600040    0    0     0     0 3834 5334   3   0  97   0   0 2026-09-21 10:48:57
 1  0       545296     89767568      1326596     30600056    0    0     0     0 3166 5105   3   0  97   0   0 2026-09-21 10:48:58
 1  0       545296     88657072      1326596     30600088    0    0     0     0 3346 6074   3   1  96   0   0 2026-09-21 10:48:59
 0  0       545296     88656320      1326596     30600140    0    0     0   624 2875 5485   1   0  99   0   0 2026-09-21 10:49:00
 1  0       545296     88427312      1326608     30600172    0    0     0   232 3013 5142   3   0  97   0   0 2026-09-21 10:49:01
 1  0       545296     88418528      1326608     30600200    0    0     0     0 3140 5503   2   0  97   0   0 2026-09-21 10:49:02
 2  0       545296     88411064      1326608     30600228    0    0     0     0 3575 5486   5   0  95   0   0 2026-09-21 10:49:03
 2  0       545296     88407856      1326612     30600260    0    0     0   156 3616 5428   6   0  94   0   0 2026-09-21 10:49:04
 2  0       545296     88403072      1326612     30600272    0    0     0   340 3809 5273   6   0  94   0   0 2026-09-21 10:49:05
 2  0       545296     88404944      1326612     30600308    0    0     0     0 3507 5174   6   0  94   0   0 2026-09-21 10:49:06
 3  0       545296     88404192      1326612     30600324    0    0     0   128 3453 4930   6   0  94   0   0 2026-09-21 10:49:07
 2  0       545296     88403232      1326612     30600356    0    0     0     0 3495 5260   6   0  94   0   0 2026-09-21 10:49:08
 2  0       545296     88399960      1326624     30600368    0    0     0   168 3498 5048   6   0  94   0   0 2026-09-21 10:49:09
 3  0       545296     88391408      1326624     30600416    0    0     0   352 3686 5659   6   0  94   0   0 2026-09-21 10:49:10
 2  0       545296     88393272      1326624     30600436    0    0     0     0 3409 4860   6   0  94   0   0 2026-09-21 10:49:11
 2  0       545296     88395840      1326624     30600460    0    0     0     0 3354 4704   6   0  94   0   0 2026-09-21 10:49:12
 2  0       545296     88395096      1326624     30600488    0    0     0     0 3296 5015   6   0  94   0   0 2026-09-21 10:49:13
 2  0       545296     88394104      1326624     30600500    0    0     0     0 3375 4986   6   0  94   0   0 2026-09-21 10:49:14
 2  0       545296     88394896      1326632     30600524    0    0     0   456 3472 4930   6   0  94   0   0 2026-09-21 10:49:15
 2  0       545296     88394400      1326632     30600552    0    0     0     0 3328 4648   6   0  94   0   0 2026-09-21 10:49:16
procs -----------------------memory---------------------- ---swap-- -----io---- -system-- --------cpu-------- -----timestamp-----
 r  b         swpd         free         buff        cache   si   so    bi    bo   in   cs  us  sy  id  wa  st                 KST
 2  0       545296     88393480      1326644     30600584    0    0     0   148 3749 5075   6   0  94   0   0 2026-09-21 10:49:17
 2  0       545296     88392096      1326644     30600596    0    0     0     0 3724 5186   6   0  94   0   0 2026-09-21 10:49:18
 2  0       545296     88396480      1326644     30600636    0    0     0     0 3649 5204   6   0  94   0   0 2026-09-21 10:49:19
 1  0       545296     85323184      1326648     33653612    0    0     0   568 4866 5477   2   2  96   0   0 2026-09-21 10:49:20
 1  0       545296     84097048      1326648     34794988    0    0     0     0 3673 5562   1   2  96   0   0 2026-09-21 10:49:21
 1  0       545296     84090320      1326648     34795012    0    0     0     0 3514 5193   2   1  97   0   0 2026-09-21 10:49:22
 1  0       545296     84090144      1326648     34795048    0    0     0     0 3165 4996   2   1  97   0   0 2026-09-21 10:49:23
 1  0       545296     84095808      1326648     34795068    0    0     0     0 3137 5043   2   2  97   0   0 2026-09-21 10:49:24
 1  0       545296     84095080      1326648     34795104    0    0     0   156 3167 5007   2   1  97   0   0 2026-09-21 10:49:25
 1  0       545296     84095120      1326648     34795112    0    0     0   448 3274 5146   2   1  97   0   0 2026-09-21 10:49:26
 1  0       545296     84092424      1326656     34795160    0    0     0   148 3432 5011   2   1  97   0   0 2026-09-21 10:49:27
 1  0       545296     84092976      1326656     34795172    0    0     0     0 3135 4830   2   2  97   0   0 2026-09-21 10:49:28
 1  0       545296     84093232      1326656     34795204    0    0     0     0 3059 4885   2   1  97   0   0 2026-09-21 10:49:29
 1  0       545296     84093496      1326656     34795224    0    0     0     0 3124 5147   2   1  97   0   0 2026-09-21 10:49:30
 1  0       545296     84089536      1326676     34795240    0    0     0   552 3262 5276   2   1  97   0   0 2026-09-21 10:49:31
 1  0       545296     84127904      1326676     34795288    0    0     0     0 4205 6266   3   1  96   0   0 2026-09-21 10:49:32
 1  0       545296     84126176      1326676     34795324    0    0     0     0 3229 5143   2   2  97   0   0 2026-09-21 10:49:33
 1  0       545296     84121424      1326676     34795356    0    0     0     0 3554 5333   2   1  97   0   0 2026-09-21 10:49:34
 1  0       545296     84119920      1326676     34795364    0    0     0     0 3135 4857   2   1  97   0   0 2026-09-21 10:49:35
 1  0       545296     84117904      1326676     34795400    0    0     0   420 3215 5139   2   1  97   0   0 2026-09-21 10:49:36
 1  0       545296     84116992      1326680     34795432    0    0     0   120 3411 5212   2   1  97   0   0 2026-09-21 10:49:37
procs -----------------------memory---------------------- ---swap-- -----io---- -system-- --------cpu-------- -----timestamp-----
 r  b         swpd         free         buff        cache   si   so    bi    bo   in   cs  us  sy  id  wa  st                 KST
 2  0       545296     84111752      1326680     34795472    0    0     0     0 6989 39825   4   1  95   0   0 2026-09-21 10:49:38
 1  0       545296     84106824      1326688     34795492    0    0     0   116 3771 6461   2   1  96   0   0 2026-09-21 10:49:39
 1  0       545296     84107760      1326688     34795532    0    0     0     0 3875 6959   2   1  96   0   0 2026-09-21 10:49:40
 2  0       545296     84108272      1326688     34795552    0    0     0   372 3628 6904   2   1  97   0   0 2026-09-21 10:49:41
 1  0       545296     84107536      1326688     34795576    0    0     0     0 4168 6983   2   1  96   0   0 2026-09-21 10:49:42
 1  0       545296     84102816      1326688     34795604    0    0     0     0 4155 6945   2   2  97   0   0 2026-09-21 10:49:43
 1  0       545296     84102624      1326700     34795624    0    0     0   180 3658 7049   2   1  97   0   0 2026-09-21 10:49:44
 1  0       545296     84098912      1326700     34795660    0    0     0     0 4050 7206   2   1  96   0   0 2026-09-21 10:49:45
 2  0       545296     84100208      1326700     34795700    0    0     0   252 3996 7067   2   1  97   0   0 2026-09-21 10:49:46
 1  0       545296     84101008      1326700     34795724    0    0     0     0 4003 6596   4   0  96   0   0 2026-09-21 10:49:47
 1  0       545296     84103320      1326700     34795732    0    0     0     0 3816 6790   3   0  97   0   0 2026-09-21 10:49:48
 2  0       545296     84098576      1326704     34795768    0    0     0   120 3876 6916   3   0  97   0   0 2026-09-21 10:49:49
 1  0       545296     84096096      1326704     34795796    0    0     0     0 3740 6184   3   0  97   0   0 2026-09-21 10:49:50
 1  0       545296     84091064      1326704     34795800    0    0     0   400 3554 6098   3   0  97   0   0 2026-09-21 10:49:51
 1  0       545296     84091088      1326704     34795844    0    0     0     0 3346 5782   3   0  97   0   0 2026-09-21 10:49:52
 1  0       545296     84093392      1326716     34795868    0    0     0   128 3848 6261   3   0  97   0   0 2026-09-21 10:49:53
 1  0       545296     84093656      1326724     34795868    0    0     0    36 3576 6426   3   0  97   0   0 2026-09-21 10:49:54
 1  0       545296     84092992      1326732     34795916    0    0     0   104 5954 25416   3   1  96   0   0 2026-09-21 10:49:55
 2  0       545296     84086240      1326732     34795932    0    0     4   408 3843 6855   2   2  97   0   0 2026-09-21 10:49:56
 1  0       545296     84086320      1326732     34795976    0    0     0     0 3912 6186   2   1  97   0   0 2026-09-21 10:49:57
 1  0       545296     84087152      1326736     34795984    0    0     0   204 4056 7239   2   2  97   0   0 2026-09-21 10:49:58
procs -----------------------memory---------------------- ---swap-- -----io---- -system-- --------cpu-------- -----timestamp-----
 r  b         swpd         free         buff        cache   si   so    bi    bo   in   cs  us  sy  id  wa  st                 KST
 1  0       545296     84084448      1326740     34796020    0    0     0   100 3864 7245   2   1  96   0   0 2026-09-21 10:49:59
 1  0       545296     84086216      1326740     34796048    0    0     0     0 3823 7028   2   1  97   0   0 2026-09-21 10:50:00
 2  0       545296     84085280      1326744     34796088    0    0     0    92 4018 7971   2   2  97   0   0 2026-09-21 10:50:01
 1  0       545296     84082512      1326744     34796112    0    0     0   492 3658 6269   2   1  97   0   0 2026-09-21 10:50:02
 1  0       545296     84078304      1326744     34796136    0    0     0     0 3645 6657   2   1  97   0   0 2026-09-21 10:50:03
 1  0       545296     84078560      1326744     34796160    0    0     0     0 3820 6394   3   1  96   0   0 2026-09-21 10:50:04
 1  0       545296     84077888      1326752     34796204    0    0     0   208 3579 6188   3   0  97   0   0 2026-09-21 10:50:05
 1  0       545296     84077392      1326752     34796212    0    0     0     0 3755 6518   3   0  97   0   0 2026-09-21 10:50:06
 1  0       545296     84078184      1326752     34796240    0    0     0   416 3636 5864   3   0  97   0   0 2026-09-21 10:50:07
 1  0       545296     84077688      1326752     34796276    0    0     0     8 3155 5205   3   0  97   0   0 2026-09-21 10:50:08
 2  0       545296     84076216      1326752     34796292    0    0     0     0 3130 5566   3   0  97   0   0 2026-09-21 10:50:09
 1  0       545296     84074248      1326756     34796312    0    0     0   104 3459 6005   3   0  97   0   0 2026-09-21 10:50:10
 2  0       545296     84074256      1326764     34796348    0    0     0    44 3556 6346   3   0  97   0   0 2026-09-21 10:50:11
 1  0       545296     84070528      1326772     34796392    0    0     0   456 3805 5734   3   0  97   0   0 2026-09-21 10:50:12
 2  0       545296     84072592      1326772     34796416    0    0     0     0 3971 6385   5   1  94   0   0 2026-09-21 10:50:13
 2  0       545296     84068896      1326772     34796440    0    0     0     0 4261 6646   5   1  94   0   0 2026-09-21 10:50:14
 2  0       545296     84067408      1326772     34796472    0    0     0     0 3529 5143   5   1  94   0   0 2026-09-21 10:50:15
 2  0       545296     84115568      1326772     34796484    0    0     0     0 3931 6987   5   1  94   0   0 2026-09-21 10:50:16
 2  0       545296     84116648      1326784     34796508    0    0     0   744 3832 5561   5   1  94   0   0 2026-09-21 10:50:17
 2  0       545296     84112968      1326784     34796544    0    0     0     0 3965 5499   5   1  94   0   0 2026-09-21 10:50:18
 2  0       545296     84113808      1326784     34796564    0    0     0     0 3809 5899   5   1  94   0   0 2026-09-21 10:50:19
procs -----------------------memory---------------------- ---swap-- -----io---- -system-- --------cpu-------- -----timestamp-----
 r  b         swpd         free         buff        cache   si   so    bi    bo   in   cs  us  sy  id  wa  st                 KST
 3  0       545296     84111856      1326784     34796596    0    0     0     0 3690 5522   5   1  94   0   0 2026-09-21 10:50:20
 2  0       545296     84112944      1326784     34796600    0    0     0     0 3938 5820   5   1  94   0   0 2026-09-21 10:50:21
 1  0       545296     84105728      1326788     34796652    0    0     0   448 3695 5298   3   0  97   0   0 2026-09-21 10:50:22
 1  0       545296     84101824      1326796     34796680    0    0     0   160 3392 5338   3   0  97   0   0 2026-09-21 10:50:23
 1  0       545296     84101936      1326796     34796704    0    0     0     0 3620 5861   3   0  97   0   0 2026-09-21 10:50:24
 1  0       545296     84100536      1326796     34796728    0    0     0     0 3158 5375   3   0  97   0   0 2026-09-21 10:50:25
 1  0       545296     84097192      1326796     34796764    0    0     0     0 3723 5960   3   1  96   0   0 2026-09-21 10:50:26
 2  0       545296     84097344      1326796     34796784    0    0     0   368 3390 5461   3   0  97   0   0 2026-09-21 10:50:27
 1  0       545296     84095680      1326804     34796800    0    0     0   148 3371 5742   3   0  97   0   0 2026-09-21 10:50:28
 1  0       545296     84095216      1326812     34796812    0    0     0    48 3388 6033   3   0  97   0   0 2026-09-21 10:50:29
 2  0       545296     84095512      1326812     34796864    0    0     0     0 3858 6149   5   0  95   0   0 2026-09-21 10:50:30
 2  0       545296     84091024      1326812     34796888    0    0     0     0 3903 5865   5   1  94   0   0 2026-09-21 10:50:31
 2  0       545296     84091040      1326812     34796912    0    0     0     0 3557 5238   5   1  94   0   0 2026-09-21 10:50:32
 2  0       545296     84090280      1326812     34796952    0    0     0   488 3639 5655   4   2  94   0   0 2026-09-21 10:50:33
 2  0       545296     84087040      1326816     34796972    0    0     0   148 4073 6125   5   1  94   0   0 2026-09-21 10:50:34
 2  0       545296     84084800      1326824     34796996    0    0     0    60 3833 5662   5   1  94   0   0 2026-09-21 10:50:35
 2  0       545296     84083832      1326824     34797024    0    0     0     0 3562 5606   5   1  94   0   0 2026-09-21 10:50:36
 2  0       545296     84084408      1326824     34797048    0    0     0     0 3906 5407   5   1  94   0   0 2026-09-21 10:50:37
 3  0       545296     84086488      1326824     34797072    0    0     0   368 3649 5196   5   1  94   0   0 2026-09-21 10:50:38
 1  0       545296     84086488      1326824     34797092    0    0     0     0 3426 5280   4   1  96   0   0 2026-09-21 10:50:39
 1  0       545296     84083768      1326840     34797128    0    0     0   192 3574 5798   3   0  97   0   0 2026-09-21 10:50:40
procs -----------------------memory---------------------- ---swap-- -----io---- -system-- --------cpu-------- -----timestamp-----
 r  b         swpd         free         buff        cache   si   so    bi    bo   in   cs  us  sy  id  wa  st                 KST
 1  0       545296     84080528      1326848     34797172    0    0     0    92 3549 5557   3   0  97   0   0 2026-09-21 10:50:41
 1  0       545296     84079304      1326848     34797204    0    0     0     0 3469 4991   3   0  97   0   0 2026-09-21 10:50:42
 1  0       545296     84078592      1326848     34797224    0    0     0   428 3687 5462   3   0  97   0   0 2026-09-21 10:50:43
 1  0       545296     84101168      1326856     34797248    0    0     0   164 4151 6971   4   0  96   0   0 2026-09-21 10:50:44
 1  0       545296     84100288      1326856     34797288    0    0     0     0 3536 5569   3   0  97   0   0 2026-09-21 10:50:45
 1  0       545296     84099840      1326856     34797304    0    0     0     0 3722 6346   3   0  97   0   0 2026-09-21 10:50:46
 1  0       545296     84098376      1326856     34797316    0    0     0     0 3390 5381   3   0  97   0   0 2026-09-21 10:50:47
 2  0       545296     84096720      1326860     34797356    0    0     0   520 4300 6872   5   1  94   0   0 2026-09-21 10:50:48
 2  0       545296     84095544      1326860     34797388    0    0     0     0 3904 6609   5   1  94   0   0 2026-09-21 10:50:49
 2  0       545296     84095552      1326860     34797432    0    0     0     0 4082 6858   4   2  94   0   0 2026-09-21 10:50:50
 2  0       545296     84091432      1326860     34797444    0    0     0     0 4041 6571   5   1  94   0   0 2026-09-21 10:50:51
 2  0       545296     84087984      1326864     34797472    0    0     0   200 3799 5811   5   2  94   0   0 2026-09-21 10:50:52
 2  0       545296     84089280      1326864     34797508    0    0     0     0 3871 5812   5   1  94   0   0 2026-09-21 10:50:53
 2  0       545296     84088400      1326872     34797528    0    0     0   664 4206 6074   5   1  94   0   0 2026-09-21 10:50:54
 2  0       545296     84088192      1326872     34797548    0    0     0     0 4057 6683   5   1  94   0   0 2026-09-21 10:50:55
 2  0       545296     84088240      1326872     34797584    0    0     0     0 4218 6599   5   1  94   0   0 2026-09-21 10:50:56
 1  0       545296     84089856      1326872     34797608    0    0     0     0 3994 6630   3   0  96   0   0 2026-09-21 10:50:57
 1  0       545296     84085408      1326872     34797656    0    0     0     0 3981 6605   3   0  97   0   0 2026-09-21 10:50:58
 2  0       545296     84083736      1326872     34797676    0    0     0   572 3831 6773   3   0  97   0   0 2026-09-21 10:50:59
 1  0       545296     84082984      1326876     34797692    0    0     0    52 3518 5952   3   0  97   0   0 2026-09-21 10:51:00
 1  0       545296     84079792      1326876     34797724    0    0     0     0 4268 6985   3   0  97   0   0 2026-09-21 10:51:01
procs -----------------------memory---------------------- ---swap-- -----io---- -system-- --------cpu-------- -----timestamp-----
 r  b         swpd         free         buff        cache   si   so    bi    bo   in   cs  us  sy  id  wa  st                 KST
 2  0       545296     84078800      1326876     34797768    0    0     0     0 3923 7053   3   0  97   0   0 2026-09-21 10:51:02
 1  0       545296     84080392      1326876     34797788    0    0     0     0 4248 6916   3   0  97   0   0 2026-09-21 10:51:03
 1  0       545296     84076928      1326876     34797804    0    0     0   520 4200 7060   3   0  97   0   0 2026-09-21 10:51:04
 1  0       545296     84078016      1326884     34797832    0    0     0   124 5731 24741   3   0  97   0   0 2026-09-21 10:51:05
 1  0       545296     84077520      1326892     34797840    0    0     0    48 4042 7916   2   1  97   0   0 2026-09-21 10:51:06
 1  0       545296     84071104      1326892     34797876    0    0     0     0 3930 7092   2   1  97   0   0 2026-09-21 10:51:07
 1  0       545296     84070424      1326892     34797908    0    0     0     0 3767 7329   2   1  97   0   0 2026-09-21 10:51:08
 1  0       545296     84067696      1326892     34797936    0    0     0   428 4085 7750   2   1  97   0   0 2026-09-21 10:51:09
 1  0       545296     84064176      1326892     34797956    0    0     0     0 4444 7534   2   1  97   0   0 2026-09-21 10:51:10
 1  0       545296     84063768      1326900     34797976    0    0     0   180 3675 6791   2   1  97   0   0 2026-09-21 10:51:11
 1  0       545296     84063360      1326908     34798000    0    0     0    36 4017 6965   2   2  97   0   0 2026-09-21 10:51:12
 1  0       545296     84065152      1326908     34798036    0    0     0     0 4067 6781   2   1  97   0   0 2026-09-21 10:51:13
 1  0       545296     84060168      1326908     34798044    0    0     0   368 4266 7302   4   1  95   0   0 2026-09-21 10:51:14
 1  0       545296     84058480      1326908     34798092    0    0     0     0 3332 5742   3   0  97   0   0 2026-09-21 10:51:15
 1  0       545296     84057472      1326908     34798116    0    0     0     0 3521 6036   3   0  97   0   0 2026-09-21 10:51:16
 1  0       545296     84056528      1326916     34798128    0    0     0   136 3793 6883   3   0  97   0   0 2026-09-21 10:51:17
 1  0       545296     84053312      1326924     34798180    0    0     0    44 3886 6600   3   0  97   0   0 2026-09-21 10:51:18
 1  0       545296     84053872      1326924     34798204    0    0     0   424 3567 6433   3   0  97   0   0 2026-09-21 10:51:19
 1  0       545296     84053168      1326924     34798236    0    0     0     0 3282 5732   3   0  97   0   0 2026-09-21 10:51:20
 1  0       545296     84094040      1326924     34798244    0    0     0     0 3753 6990   4   0  96   0   0 2026-09-21 10:51:21
 2  0       545296     84093856      1326932     34798284    0    0     0   216 3787 5908   3   0  97   0   0 2026-09-21 10:51:22
procs -----------------------memory---------------------- ---swap-- -----io---- -system-- --------cpu-------- -----timestamp-----
 r  b         swpd         free         buff        cache   si   so    bi    bo   in   cs  us  sy  id  wa  st                 KST
 2  0       545296     84097480      1326932     34798308    0    0     0     0 3735 6044   5   1  94   0   0 2026-09-21 10:51:23
 2  0       545296     84098776      1326936     34798344    0    0     0    76 3865 5309   4   2  94   0   0 2026-09-21 10:51:24
 2  0       545296     84098920      1326936     34798356    0    0     0   352 3754 5317   5   1  94   0   0 2026-09-21 10:51:25
 2  0       545296     84098960      1326936     34798400    0    0     0     0 3934 5766   5   1  94   0   0 2026-09-21 10:51:26
 2  0       545296     84097808      1326936     34798416    0    0     0     0 3968 5424   5   1  94   0   0 2026-09-21 10:51:27
 2  0       545296     84097368      1326936     34798444    0    0     0     0 3742 5419   5   1  94   0   0 2026-09-21 10:51:28
 2  0       545296     84096768      1326940     34798464    0    0     0    96 3720 5419   5   1  94   0   0 2026-09-21 10:51:29
 2  0       545296     84097600      1326948     34798496    0    0     0   340 3554 5196   5   1  94   0   0 2026-09-21 10:51:30
 2  0       545296     84098416      1326948     34798512    0    0     0     0 3596 5110   4   2  94   0   0 2026-09-21 10:51:31
 1  0       545296     84098256      1326948     34798560    0    0     0     0 3212 4992   3   0  96   0   0 2026-09-21 10:51:32
 1  0       545296     84096016      1326948     34798572    0    0     0     0 3655 5455   3   0  97   0   0 2026-09-21 10:51:33
 2  0       545296     83935168      1326948     34798612    0    0     0     0 4279 6391   4   1  96   0   0 2026-09-21 10:51:34
 2  0       545296     83811504      1326956     34798624    0    0     0   652 4971 6035  14   0  86   0   0 2026-09-21 10:51:35
 2  0       545296     83731416      1326960     34798656    0    0     0    64 3732 5415   6   0  94   0   0 2026-09-21 10:51:36
 2  0       545296     83708832      1326960     34798668    0    0     0    28 3972 5194   6   0  94   0   0 2026-09-21 10:51:37
 1  0       545296     84101168      1326960     34798724    0    0     0     0 4205 5752   3   0  97   0   0 2026-09-21 10:51:38
 1  0       545296     84100192      1326960     34798736    0    0     0     0 3258 5547   3   0  97   0   0 2026-09-21 10:51:39
 4  0       545296     84099536      1326960     34798768    0    0     0   428 3349 5411   3   0  96   0   0 2026-09-21 10:51:40
 2  0       545296     84100832      1326960     34798800    0    0     0   192 3491 5355   5   1  93   0   0 2026-09-21 10:51:41
 3  0       545296     84101376      1326960     34798804    0    0     0     0 3837 5130   5   1  94   0   0 2026-09-21 10:51:42
 2  0       545296     84100944      1326968     34798848    0    0     0    36 3830 5710   5   1  94   0   0 2026-09-21 10:51:43
procs -----------------------memory---------------------- ---swap-- -----io---- -system-- --------cpu-------- -----timestamp-----
 r  b         swpd         free         buff        cache   si   so    bi    bo   in   cs  us  sy  id  wa  st                 KST
 2  0       545296     84102304      1326968     34798860    0    0     0     0 3702 5563   5   1  94   0   0 2026-09-21 10:51:44
 2  0       545296     84099792      1326968     34798900    0    0     0   316 3622 5113   5   1  94   0   0 2026-09-21 10:51:45
 2  0       545296     84100824      1326968     34798892    0    0     0     0 3904 5813   5   1  94   0   0 2026-09-21 10:51:46
 2  0       545296     84100120      1326968     34798936    0    0     0     0 3771 5046   4   2  94   0   0 2026-09-21 10:51:47
 3  0       545296     84098672      1326976     34798940    0    0     0   148 3817 5614   4   1  94   0   0 2026-09-21 10:51:48
 1  0       545296     84096664      1326984     34798996    0    0     0    36 3580 5498   4   1  95   0   0 2026-09-21 10:51:49
 1  0       545296     84095696      1326984     34799000    0    0     0   280 3400 5364   3   0  97   0   0 2026-09-21 10:51:50
 1  0       545296     84094080      1326984     34799032    0    0     0     0 3361 5626   3   0  97   0   0 2026-09-21 10:51:51
 1  0       545296     84095712      1326984     34799068    0    0     0     0 3311 5260   3   0  97   0   0 2026-09-21 10:51:52
 1  0       545296     84093224      1326984     34799080    0    0     0     0 3181 5370   3   0  97   0   0 2026-09-21 10:51:53
 1  0       545296     84089088      1326988     34799112    0    0     0    88 4000 5841   5   0  95   0   0 2026-09-21 10:51:54
 1  1       545296     84088264      1326996     34799152    0    0     0   180 3166 5285   3   0  97   0   0 2026-09-21 10:51:55
 2  0       545296     84082592      1326996     34799176    0    0     0   192 3011 5023   3   0  97   0   0 2026-09-21 10:51:56
 1  0       545296     84081416      1326996     34799184    0    0     0     0 3595 5335   3   0  97   0   0 2026-09-21 10:51:57
 2  0       545296     84081104      1326996     34799232    0    0     0     0 3692 5891   5   1  95   0   0 2026-09-21 10:51:58
 2  0       545296     84078768      1326996     34799248    0    0     0     0 4096 5625   5   1  94   0   0 2026-09-21 10:51:59
 2  0       545296     84077272      1327000     34799256    0    0     0   168 3643 5179   5   1  94   0   0 2026-09-21 10:52:00
 2  0       545296     84076448      1327008     34799288    0    0     0   384 3541 5475   4   1  94   0   0 2026-09-21 10:52:01
 2  0       545296     84075792      1327008     34799328    0    0     0     0 3738 5257   5   1  94   0   0 2026-09-21 10:52:02
 2  0       545296     84076168      1327008     34799344    0    0     0     0 3764 5482   4   1  94   0   0 2026-09-21 10:52:03
 2  0       545296     84076512      1327008     34799380    0    0     0     0 3521 5196   5   1  94   0   0 2026-09-21 10:52:04
procs -----------------------memory---------------------- ---swap-- -----io---- -system-- --------cpu-------- -----timestamp-----
 r  b         swpd         free         buff        cache   si   so    bi    bo   in   cs  us  sy  id  wa  st                 KST
 3  0       545296     84077360      1327008     34799392    0    0     0     0 3598 5097   5   1  94   0   0 2026-09-21 10:52:05
 2  0       545296     84074672      1327016     34799412    0    0     0   352 3978 5508   4   1  94   0   0 2026-09-21 10:52:06
 1  0       545296     84076960      1327024     34799452    0    0     0    36 3654 5390   4   1  96   0   0 2026-09-21 10:52:07
 1  0       545296     84077840      1327024     34799464    0    0     0     0 3368 5386   3   0  97   0   0 2026-09-21 10:52:08
 1  0       545296     84079680      1327024     34799500    0    0     0     0 3227 5422   3   0  97   0   0 2026-09-21 10:52:09
 1  0       545296     84081024      1327024     34799508    0    0     0     0 3476 6456   3   0  96   0   0 2026-09-21 10:52:10
 1  0       545296     84102032      1327024     34799544    0    0     0   272 3121 5320   3   0  97   0   0 2026-09-21 10:52:11
 1  0       545296     84100608      1327028     34799560    0    0     0    72 3204 5192   3   0  97   0   0 2026-09-21 10:52:12
 1  0       545296     84100688      1327036     34799588    0    0     0    36 3368 5661   3   0  97   0   0 2026-09-21 10:52:13
 1  0       545296     84100096      1327036     34799616    0    0     0     0 3363 5331   3   0  97   0   0 2026-09-21 10:52:14
 2  0       545296     84098680      1327036     34799636    0    0     0     0 3187 5140   3   0  97   0   0 2026-09-21 10:52:15
 2  0       545296     84099504      1327036     34799664    0    0     0   208 3774 5558   6   1  93   0   0 2026-09-21 10:52:16
 2  0       545296     84098120      1327036     34799688    0    0     0     0 3652 5291   5   1  94   0   0 2026-09-21 10:52:17
 2  0       545296     84096480      1327044     34799712    0    0     0    76 3598 5370   4   2  94   0   0 2026-09-21 10:52:18
 2  0       545296     84095536      1327052     34799732    0    0     0    36 3712 5537   4   1  94   0   0 2026-09-21 10:52:19
 2  0       545296     84093616      1327052     34799756    0    0     0     0 3371 5173   5   1  94   0   0 2026-09-21 10:52:20
 2  0       545296     84091216      1327052     34799772    0    0     0   312 3583 5177   5   1  94   0   0 2026-09-21 10:52:21
 2  0       545296     84091312      1327052     34799796    0    0     0     0 3546 4980   4   1  94   0   0 2026-09-21 10:52:22
 2  0       545296     84092368      1327052     34799820    0    0     0     0 3739 5446   5   1  94   0   0 2026-09-21 10:52:23
 1  0       545296     84092944      1327060     34799860    0    0     0   100 3432 5318   4   1  95   0   0 2026-09-21 10:52:24
 1  0       545296     84093072      1327068     34799884    0    0     0    44 3534 5635   3   0  97   0   0 2026-09-21 10:52:25
procs -----------------------memory---------------------- ---swap-- -----io---- -system-- --------cpu-------- -----timestamp-----
 r  b         swpd         free         buff        cache   si   so    bi    bo   in   cs  us  sy  id  wa  st                 KST
 2  0       545296     84091864      1327068     34799896    0    0     0   352 3294 5597   3   0  97   0   0 2026-09-21 10:52:26
 1  0       545296     84092960      1327068     34799936    0    0     0     0 3334 5036   3   0  97   0   0 2026-09-21 10:52:27
 1  0       545296     84092272      1327068     34799952    0    0     0     0 3336 5358   3   0  97   0   0 2026-09-21 10:52:28
 1  0       545296     84092848      1327068     34800112    0    0     0     0 3393 5604   3   0  97   0   0 2026-09-21 10:52:29
 1  0       545296     84093104      1327076     34800136    0    0     0   136 3116 5276   3   0  97   0   0 2026-09-21 10:52:30
 1  0       545296     84091104      1327084     34800176    0    0     0    64 3312 5778   3   0  97   0   0 2026-09-21 10:52:31
 1  0       545296     84092400      1327084     34800192    0    0     0   452 3506 5397   3   0  97   0   0 2026-09-21 10:52:32
 2  0       545296     84094520      1327084     34800236    0    0     0     0 3729 6194   4   1  95   0   0 2026-09-21 10:52:33
 2  0       545296     84092544      1327084     34800256    0    0     0     0 4007 5980   5   1  94   0   0 2026-09-21 10:52:34
 3  0       545296     84092896      1327084     34800264    0    0     0     0 3703 5471   5   1  94   0   0 2026-09-21 10:52:35
 2  0       545296     84091920      1327084     34800292    0    0     0   156 3848 5642   5   1  94   0   0 2026-09-21 10:52:36
 2  0       545296     84091072      1327088     34800328    0    0     0   496 4312 6099   5   2  94   0   0 2026-09-21 10:52:37
 3  0       545296     84091864      1327088     34800344    0    0     0     0 3982 6033   4   2  94   0   0 2026-09-21 10:52:38
 2  0       545296     84091160      1327088     34800376    0    0     0     0 3982 5756   5   1  94   0   0 2026-09-21 10:52:39
 2  0       545296     84088904      1327088     34800404    0    0     0     0 3869 5635   5   1  94   0   0 2026-09-21 10:52:40
 2  0       545296     84089008      1327088     34800424    0    0     0     0 3785 5845   5   1  94   0   0 2026-09-21 10:52:41
 1  0       545296     84087056      1327092     34800460    0    0     0   676 3875 5911   4   1  95   0   0 2026-09-21 10:52:42
 2  0       545296     84086368      1327100     34800476    0    0     0   152 3553 5963   3   0  97   0   0 2026-09-21 10:52:43
 1  0       545296     84086800      1327100     34800508    0    0     0     0 3991 6998   3   0  96   0   0 2026-09-21 10:52:44
 1  0       545296     84086600      1327100     34800520    0    0     0     0 3857 5985   3   0  97   0   0 2026-09-21 10:52:45
 1  0       545296     84085184      1327100     34800560    0    0     0     0 4055 6446   3   0  97   0   0 2026-09-21 10:52:46
procs -----------------------memory---------------------- ---swap-- -----io---- -system-- --------cpu-------- -----timestamp-----
 r  b         swpd         free         buff        cache   si   so    bi    bo   in   cs  us  sy  id  wa  st                 KST
 2  0       545296     84086192      1327104     34800556    0    0     0   272 3488 5754   3   0  97   0   0 2026-09-21 10:52:47
 1  0       545296     84086256      1327112     34800600    0    0     0   124 3786 6072   3   0  97   0   0 2026-09-21 10:52:48
 1  0       545296     84087768      1327120     34800612    0    0     0    48 3616 5973   3   0  97   0   0 2026-09-21 10:52:49
 1  0       545296     84087336      1327120     34800656    0    0     0     0 3433 5610   3   0  97   0   0 2026-09-21 10:52:50
 2  0       545296     84089128      1327120     34800660    0    0     0     0 3559 5686   5   1  94   0   0 2026-09-21 10:52:51
 3  0       545296     84089176      1327120     34800712    0    0     0   468 3707 5275   5   1  94   0   0 2026-09-21 10:52:52
 2  0       545296     84091264      1327120     34800736    0    0     0     0 3665 5649   5   1  94   0   0 2026-09-21 10:52:53
 2  0       545296     84091552      1327128     34800744    0    0     0   124 3564 5505   5   1  94   0   0 2026-09-21 10:52:54
 2  0       545296     84092120      1327136     34800784    0    0     0    36 3825 5732   5   1  94   0   0 2026-09-21 10:52:55
 2  0       545296     84090928      1327136     34800800    0    0     0     0 3676 5541   5   1  94   0   0 2026-09-21 10:52:56
 2  0       545296     84091232      1327136     34800820    0    0     0   240 4121 5933   5   2  94   0   0 2026-09-21 10:52:57
 2  0       545296     84088224      1327140     34800860    0    0     0   156 4110 6554   5   1  94   0   0 2026-09-21 10:52:58
 1  0       545296     84090528      1327140     34800876    0    0     0     0 3947 6788   5   1  94   0   0 2026-09-21 10:52:59
 1  0       545296     84092080      1327140     34800908    0    0     0     0 3176 5734   3   0  97   0   0 2026-09-21 10:53:00
 1  0       545296     84089152      1327148     34800936    0    0     0    84 3438 5573   3   0  97   0   0 2026-09-21 10:53:01
 1  0       545296     84089456      1327148     34800956    0    0     0     0 3527 5207   3   0  97   0   0 2026-09-21 10:53:02
 1  0       545296     84088528      1327148     34800968    0    0     0   436 3532 5736   3   0  97   0   0 2026-09-21 10:53:03
 1  0       545296     84089088      1327148     34801008    0    0     0     0 3772 5854   3   0  97   0   0 2026-09-21 10:53:04
 2  0       545296     84089408      1327148     34801028    0    0     0     0 3534 5678   3   0  97   0   0 2026-09-21 10:53:05
 1  0       545296     84087976      1327152     34801072    0    0     0   140 3886 7004   3   0  97   0   0 2026-09-21 10:53:06
 1  0       545296     84087568      1327156     34801088    0    0     0    44 3569 5649   3   0  97   0   0 2026-09-21 10:53:07
procs -----------------------memory---------------------- ---swap-- -----io---- -system-- --------cpu-------- -----timestamp-----
 r  b         swpd         free         buff        cache   si   so    bi    bo   in   cs  us  sy  id  wa  st                 KST
 2  0       545296     84086096      1327156     34801112    0    0     0   424 3998 6417   4   0  95   0   0 2026-09-21 10:53:08
 2  0       545296     84085712      1327156     34801136    0    0     0     0 3991 6765   5   1  94   0   0 2026-09-21 10:53:09
 2  0       545296     84086288      1327156     34801148    0    0     0     0 4263 6966   5   1  94   0   0 2026-09-21 10:53:10
 2  0       545296     84084400      1327156     34801176    0    0     0     0 3994 6674   4   1  94   0   0 2026-09-21 10:53:11
 2  0       545296     84083904      1327164     34801184    0    0     0   144 3863 5510   5   1  94   0   0 2026-09-21 10:53:12
 3  0       545296     84085176      1327172     34801232    0    0     0   500 4089 6729   5   1  94   0   0 2026-09-21 10:53:13
 2  0       545296     84085448      1327172     34801248    0    0     0     0 4172 7260   4   2  94   0   0 2026-09-21 10:53:14
 2  0       545296     84085200      1327172     34801280    0    0     0     0 3797 6613   5   1  94   0   0 2026-09-21 10:53:15
 2  0       545296     84084464      1327172     34801292    0    0     0     0 3818 6506   4   2  94   0   0 2026-09-21 10:53:16
 1  0       545296     84080688      1327176     34801292    0    0     0   132 3749 5624   4   1  95   0   0 2026-09-21 10:53:17
 1  0       545296     84080192      1327176     34801364    0    0     0   340 3957 6866   3   0  97   0   0 2026-09-21 10:53:18
 1  0       545296     84077480      1327184     34801392    0    0     0   148 4186 6952   3   0  97   0   0 2026-09-21 10:53:19
 1  0       545296     84076560      1327184     34801416    0    0     0     0 3683 6207   3   0  97   0   0 2026-09-21 10:53:20
 1  0       545296     84076656      1327184     34801464    0    0     0     0 3243 5705   3   0  97   0   0 2026-09-21 10:53:21
 1  0       545296     84074976      1327184     34801476    0    0     0     0 3214 5338   3   0  97   0   0 2026-09-21 10:53:22
 1  0       545296     84075056      1327184     34801512    0    0     0   412 3518 5861   3   0  97   0   0 2026-09-21 10:53:23
 1  0       545296     84076440      1327188     34801540    0    0     0   180 3703 6372   3   0  97   0   0 2026-09-21 10:53:24
 1  0       545296     84072944      1327204     34801564    0    0     0   152 3828 6722   3   0  97   0   0 2026-09-21 10:53:25
 2  0       545296     84071056      1327204     34801600    0    0     0     0 5813 25189   2   1  97   0   0 2026-09-21 10:53:26
 1  0       545296     84070336      1327204     34801616    0    0     0     0 3228 5627   2   1  97   0   0 2026-09-21 10:53:27
 1  0       545296     84067824      1327208     34801648    0    0     0   432 3795 6693   2   2  97   0   0 2026-09-21 10:53:28
procs -----------------------memory---------------------- ---swap-- -----io---- -system-- --------cpu-------- -----timestamp-----
 r  b         swpd         free         buff        cache   si   so    bi    bo   in   cs  us  sy  id  wa  st                 KST
 1  0       545296     84068896      1327208     34801668    0    0     0     0 3683 6439   2   1  97   0   0 2026-09-21 10:53:29
 1  0       545296     84067448      1327216     34801696    0    0     0   156 3647 6523   2   1  97   0   0 2026-09-21 10:53:30
 1  0       545296     84067232      1327224     34801720    0    0     0    32 3641 6411   2   1  97   0   0 2026-09-21 10:53:31
 1  0       545296     84065760      1327228     34801748    0    0     0   104 3451 6053   2   2  97   0   0 2026-09-21 10:53:32
 1  0       545296     84066928      1327228     34801772    0    0     0     0 3435 6611   2   1  97   0   0 2026-09-21 10:53:33
 1  0       545296     84065424      1327228     34801792    0    0     0   412 3669 7082   2   2  97   0   0 2026-09-21 10:53:34
 1  0       545296     84066840      1327228     34801812    0    0     0     0 3879 6433   4   0  96   0   0 2026-09-21 10:53:35
 1  0       545296     84066456      1327228     34801836    0    0     0     0 3343 5731   3   0  97   0   0 2026-09-21 10:53:36
 2  0       545296     84065792      1327232     34801868    0    0     0   136 3391 5377   3   0  97   0   0 2026-09-21 10:53:37
 1  0       545296     84065328      1327232     34801892    0    0     0     0 3312 5848   3   0  97   0   0 2026-09-21 10:53:38
 1  0       545296     84066592      1327232     34801924    0    0     0   356 3302 5964   3   0  97   0   0 2026-09-21 10:53:39
 1  0       545296     84065392      1327232     34801928    0    0     0     0 3513 5956   3   0  97   0   0 2026-09-21 10:53:40
 1  0       545296     84066464      1327232     34801956    0    0     0     0 3323 5661   3   0  97   0   0 2026-09-21 10:53:41
 1  0       545296     84068160      1327236     34801984    0    0     0    96 3581 5433   3   0  97   0   0 2026-09-21 10:53:42
 3  0       545296     84068200      1327244     34802012    0    0     0    44 3882 6293   4   0  96   0   0 2026-09-21 10:53:43
 2  0       545296     84067008      1327244     34802024    0    0     0   352 4009 6719   5   1  94   0   0 2026-09-21 10:53:44
 2  0       545296     84067568      1327244     34802060    0    0     0     0 3644 5517   4   1  94   0   0 2026-09-21 10:53:45
 2  0       545296     84067104      1327244     34802080    0    0     0     0 4130 6458   4   1  94   0   0 2026-09-21 10:53:46
 2  0       545296     84068144      1327252     34802108    0    0     0   168 4227 6672   5   1  94   0   0 2026-09-21 10:53:47
 2  0       545296     84067424      1327252     34802152    0    0     0     0 4101 6599   5   1  94   0   0 2026-09-21 10:53:48
 2  0       545296     84066304      1327256     34802160    0    0     0   488 4113 7102   5   1  94   0   0 2026-09-21 10:53:49
procs -----------------------memory---------------------- ---swap-- -----io---- -system-- --------cpu-------- -----timestamp-----
 r  b         swpd         free         buff        cache   si   so    bi    bo   in   cs  us  sy  id  wa  st                 KST
 3  0       545296     84065088      1327256     34802200    0    0     0     0 4067 6965   5   1  94   0   0 2026-09-21 10:53:50
 2  0       545296     84063928      1327256     34802216    0    0     0     0 4321 6590   5   1  94   0   0 2026-09-21 10:53:51
 1  0       545296     84061704      1327256     34802252    0    0     0     0 4039 6578   4   1  95   0   0 2026-09-21 10:53:52
 1  0       545296     84059792      1327256     34802272    0    0     0   160 4133 6953   3   0  97   0   0 2026-09-21 10:53:53
 1  0       545296     84061616      1327256     34802304    0    0     0     0 3895 6850   3   0  97   0   0 2026-09-21 10:53:54
 1  0       545296     84061632      1327256     34802312    0    0     0   524 3747 6930   3   0  97   0   0 2026-09-21 10:53:55
 1  0       545296     84059440      1327256     34802348    0    0     0     0 3717 6943   3   0  97   0   0 2026-09-21 10:53:56
 1  0       545296     84060208      1327256     34802364    0    0     0     0 3852 6260   3   0  97   0   0 2026-09-21 10:53:57
 1  0       545296     84059744      1327260     34802364    0    0     0   112 3773 6489   3   0  97   0   0 2026-09-21 10:53:58
 1  0       545296     84059760      1327260     34802432    0    0     0     0 3643 6597   3   0  97   0   0 2026-09-21 10:53:59
 1  0       545296     84059504      1327260     34802436    0    0     0   432 3655 6574   3   0  97   0   0 2026-09-21 10:54:00
 1  0       545296     84059792      1327268     34802472    0    0     0   128 5651 25282   2   1  97   0   0 2026-09-21 10:54:01
 1  0       545296     84054096      1327276     34802516    0    0     0    96 3948 7302   2   2  97   0   0 2026-09-21 10:54:02
 1  0       545296     84056120      1327276     34802520    0    0     0     0 4026 7311   2   1  97   0   0 2026-09-21 10:54:03
 1  0       545296     84053872      1327276     34802564    0    0     0     0 4058 7145   2   2  97   0   0 2026-09-21 10:54:04
 1  0       545296     84053904      1327276     34802564    0    0     0   344 3834 7302   2   2  97   0   0 2026-09-21 10:54:05
 1  0       545296     84051392      1327276     34802604    0    0     0     0 4125 7578   2   1  97   0   0 2026-09-21 10:54:06
 1  0       545296     84052720      1327280     34802608    0    0     0   156 3865 7190   2   1  97   0   0 2026-09-21 10:54:07
 1  0       545296     84051784      1327280     34802780    0    0     0     0 3998 7558   2   2  97   0   0 2026-09-21 10:54:08
 1  0       545296     84049328      1327288     34802808    0    0     0   108 4090 7811   2   1  97   0   0 2026-09-21 10:54:09
 1  0       545296     84089400      1327288     34802812    0    0     0   384 4251 8032   4   0  95   0   0 2026-09-21 10:54:10
procs -----------------------memory---------------------- ---swap-- -----io---- -system-- --------cpu-------- -----timestamp-----
 r  b         swpd         free         buff        cache   si   so    bi    bo   in   cs  us  sy  id  wa  st                 KST
 1  0       545296     84088736      1327288     34802848    0    0     0     0 3508 6048   3   0  97   0   0 2026-09-21 10:54:11
 1  0       545296     84086256      1327288     34802860    0    0     0     0 3447 6267   3   0  97   0   0 2026-09-21 10:54:12
 1  0       545296     84087560      1327292     34802892    0    0     0   136 3761 6450   3   0  97   0   0 2026-09-21 10:54:13
 1  0       545296     84085104      1327292     34802912    0    0     0     0 3812 6727   3   0  97   0   0 2026-09-21 10:54:14
 1  0       545296     84082064      1327300     34802952    0    0     0   544 4129 7191   3   0  97   0   0 2026-09-21 10:54:15
 1  0       545296     84080560      1327300     34802968    0    0     0     0 3705 6608   3   0  97   0   0 2026-09-21 10:54:16
 1  0       545296     84078656      1327300     34803008    0    0     0     0 3877 6912   3   0  97   0   0 2026-09-21 10:54:17
 4  0       545296     84078656      1327300     34803032    0    0     0     0 3719 6469   3   0  97   0   0 2026-09-21 10:54:18
 2  0       545296     84078672      1327308     34803056    0    0     0   100 4339 7447   5   1  93   0   0 2026-09-21 10:54:19
 2  0       545296     84078448      1327308     34803084    0    0     0     0 3805 6732   5   1  94   0   0 2026-09-21 10:54:20
 2  0       545296     84077440      1327308     34803112    0    0     0   480 3979 6858   4   2  94   0   0 2026-09-21 10:54:21
 2  0       545296     84078448      1327308     34803128    0    0     0     0 4003 6416   4   2  94   0   0 2026-09-21 10:54:22
 2  0       545296     84080304      1327308     34803160    0    0     0     0 4200 6690   5   2  94   0   0 2026-09-21 10:54:23
 2  0       545296     84080608      1327312     34803176    0    0     0   168 4225 6947   5   1  94   0   0 2026-09-21 10:54:24
 2  0       545296     84080288      1327320     34803220    0    0     0    36 4346 6798   5   1  94   0   0 2026-09-21 10:54:25
 2  0       545296     84077280      1327320     34803236    0    0     0   396 4464 6890   5   1  94   0   0 2026-09-21 10:54:26
 1  0       545296     84076400      1327320     34803276    0    0     0     0 4029 6285   4   1  94   0   0 2026-09-21 10:54:27
 1  0       545296     84077528      1327320     34803280    0    0     0     0 3670 6451   3   0  97   0   0 2026-09-21 10:54:28
 1  0       545296     84077408      1327320     34803316    0    0     0     0 3773 6654   3   0  97   0   0 2026-09-21 10:54:29
 1  0       545296     84078672      1327328     34803332    0    0     0   120 3754 6477   3   0  97   0   0 2026-09-21 10:54:30
 2  0       545296     84078992      1327328     34803352    0    0     0   356 3196 5297   3   0  97   0   0 2026-09-21 10:54:31
procs -----------------------memory---------------------- ---swap-- -----io---- -system-- --------cpu-------- -----timestamp-----
 r  b         swpd         free         buff        cache   si   so    bi    bo   in   cs  us  sy  id  wa  st                 KST
 2  0       545296     84081080      1327328     34803372    0    0     0     0 3112 4931   3   0  97   0   0 2026-09-21 10:54:32
 1  0       545296     84081120      1327328     34803404    0    0     0     0 3319 5242   3   0  97   0   0 2026-09-21 10:54:33
 1  0       545296     84079280      1327328     34803436    0    0     0     0 3389 5212   3   0  97   0   0 2026-09-21 10:54:34
 2  0       545296     84078144      1327336     34803452    0    0     0    92 3238 4858   3   0  97   0   0 2026-09-21 10:54:35
 1  0       545296     84077952      1327336     34803472    0    0     0   388 5102 23241   3   1  97   0   0 2026-09-21 10:54:36
 1  0       545296     84077808      1327336     34803512    0    0     0     0 3410 5660   2   1  97   0   0 2026-09-21 10:54:37
 1  0       545296     84076648      1327336     34803536    0    0     0     0 3568 5874   2   1  97   0   0 2026-09-21 10:54:38
 1  0       545296     84077480      1327336     34803568    0    0     0     0 3444 6131   2   1  97   0   0 2026-09-21 10:54:39
 1  0       545296     84077984      1327344     34803576    0    0     0   124 3230 5817   2   1  97   0   0 2026-09-21 10:54:40
 1  0       545296     84077496      1327344     34803616    0    0     0   492 3168 5472   2   1  97   0   0 2026-09-21 10:54:41
 1  0       545296     84078512      1327344     34803624    0    0     0     0 3397 5631   2   1  97   0   0 2026-09-21 10:54:42
 1  0       545296     84076544      1327348     34803616    0    0     0   232 3541 6338   2   1  97   0   0 2026-09-21 10:54:43
 1  0       545296     84079072      1327348     34803672    0    0     0     0 3360 5920   2   1  97   0   0 2026-09-21 10:54:44
 1  0       545296     84076208      1327348     34803712    0    0     0     0 3581 5227   4   1  96   0   0 2026-09-21 10:54:45
 1  0       545296     84076472      1327348     34803720    4    0     4   456 3670 5666   3   0  97   0   0 2026-09-21 10:54:46
 1  0       545296     84076240      1327348     34803760    0    0     0     0 3404 5214   3   0  97   0   0 2026-09-21 10:54:47
 1  0       545296     84073752      1327352     34803792    0    0     0   204 3718 5456   3   0  97   0   0 2026-09-21 10:54:48
 1  0       545296     84073288      1327352     34803828    0    0     0     0 3250 5188   3   0  97   0   0 2026-09-21 10:54:49
 1  0       545296     84073536      1327352     34803848    0    0     0     0 3203 5073   3   0  97   0   0 2026-09-21 10:54:50
 1  0       545296     84068784      1327352     34803928    0    0     0   144 3312 5309   3   0  97   0   0 2026-09-21 10:54:51
 1  0       545296     84067296      1327352     34803888    0    0     0   376 3298 4877   3   0  97   0   0 2026-09-21 10:54:52
procs -----------------------memory---------------------- ---swap-- -----io---- -system-- --------cpu-------- -----timestamp-----
 r  b         swpd         free         buff        cache   si   so    bi    bo   in   cs  us  sy  id  wa  st                 KST
 2  0       545296     84069368      1327352     34803920    0    0     0     0 3078 5119   3   0  97   0   0 2026-09-21 10:54:53
 2  0       545296     84071168      1327352     34803936    0    0     0     0 3761 5536   5   1  94   0   0 2026-09-21 10:54:54
 2  0       545296     84079584      1327360     34803960    0    0     0   172 3918 6015   5   1  93   0   0 2026-09-21 10:54:55
 2  0       545296     84079704      1327364     34803988    0    0     0    48 3343 5043   5   1  94   0   0 2026-09-21 10:54:56
 2  0       545296     84080472      1327364     34804016    0    0     0   468 3460 4983   5   1  94   0   0 2026-09-21 10:54:57
 2  0       545296     84080816      1327364     34804052    0    0     0     0 3812 5434   5   1  94   0   0 2026-09-21 10:54:58
 2  0       545296     84080848      1327364     34804052    0    0     0     0 3503 5195   5   1  94   0   0 2026-09-21 10:54:59
 3  0       545296     84083664      1327364     34804104    0    0     0     0 3507 5223   5   1  94   0   0 2026-09-21 10:55:00
 2  0       545296     84085216      1327364     34804108    0    0     0   148 3585 5396   5   1  94   0   0 2026-09-21 10:55:01
 1  0       545296     84084240      1327364     34804136    0    0     0   492 3809 5401   5   1  94   0   0 2026-09-21 10:55:02
 2  0       545296     84082312      1327364     34804160    0    0     0     0 3478 5391   3   0  97   0   0 2026-09-21 10:55:03
 1  0       545296     84086720      1327364     34804184    0    0     0     0 3247 5290   3   0  97   0   0 2026-09-21 10:55:04
 1  0       545296     84086304      1327364     34804212    0    0     0     0 3194 5188   3   0  97   0   0 2026-09-21 10:55:05
 1  0       545296     84086376      1327368     34804232    0    0     0   132 3449 5523   3   0  97   0   0 2026-09-21 10:55:06
 1  0       545296     84085640      1327368     34804252    0    0     0   412 3329 5328   3   0  97   0   0 2026-09-21 10:55:07
 1  0       545296     84088952      1327368     34804404    0    0     0     0 3420 5528   3   0  97   0   0 2026-09-21 10:55:08
 1  0       545296     84088736      1327368     34804420    0    0     0     0 3093 5371   3   0  97   0   0 2026-09-21 10:55:09
 1  0       545296     84090832      1327368     34804460    0    0     0     0 3239 5401   3   0  97   0   0 2026-09-21 10:55:10
 3  0       545296     84089360      1327372     34804468    0    0     0    92 3441 5063   5   0  95   0   0 2026-09-21 10:55:11
 2  0       545296     84086376      1327372     34804516    0    0     0     0 3588 5082   4   2  94   0   0 2026-09-21 10:55:12
 4  0       545296     84069760      1327372     34804516    0    0     0   448 3866 5311   5   1  94   0   0 2026-09-21 10:55:13
procs -----------------------memory---------------------- ---swap-- -----io---- -system-- --------cpu-------- -----timestamp-----
 r  b         swpd         free         buff        cache   si   so    bi    bo   in   cs  us  sy  id  wa  st                 KST
 3  0       545296     83827040      1327372     34804564    0    0     0     0 4908 5541  15   2  83   0   0 2026-09-21 10:55:14
 3  0       545296     83735384      1327372     34804572    0    0     0     0 3720 5107   7   2  91   0   0 2026-09-21 10:55:15
 3  0       545296     83695896      1327376     34804640    0    0     0   244 3513 5044   6   2  92   0   0 2026-09-21 10:55:16
 2  0       545296     84093176      1327376     34804660    0    0     0     0 4621 5397   6   2  92   0   0 2026-09-21 10:55:17
 2  0       545296     84093352      1327376     34804704    0    0     0   512 3602 5442   4   1  94   0   0 2026-09-21 10:55:18
 2  0       545296     84089136      1327376     34804728    0    0     0     0 3393 5217   5   1  94   0   0 2026-09-21 10:55:19
 1  0       545296     84087184      1327376     34804740    0    0     0     0 3080 5102   4   1  96   0   0 2026-09-21 10:55:20
 2  0       545296     84086744      1327384     34804772    0    0     0   212 2949 5020   3   0  97   0   0 2026-09-21 10:55:21
 1  0       545296     84084992      1327384     34804792    0    0     0     0 3456 5173   3   0  97   0   0 2026-09-21 10:55:22
 1  0       545296     84083232      1327384     34804828    0    0     0   492 3410 5191   3   0  97   0   0 2026-09-21 10:55:23
 1  0       545296     84083496      1327384     34804856    0    0     0     0 3093 5057   3   0  97   0   0 2026-09-21 10:55:24
 1  0       545296     84086064      1327384     34804868    0    0     0     0 2938 5025   3   0  97   0   0 2026-09-21 10:55:25
 1  0       545296     84088128      1327388     34804888    0    0     0    80 2999 5296   3   0  97   0   0 2026-09-21 10:55:26
 1  0       545296     84085648      1327388     34804920    0    0     0     0 3035 4954   3   0  97   0   0 2026-09-21 10:55:27
 1  0       545296     84085408      1327388     34804948    0    0     0   344 3062 5117   3   0  97   0   0 2026-09-21 10:55:28
 4  0       545296     84083768      1327388     34804972    0    0     0     0 4763 17155   5   1  94   0   0 2026-09-21 10:55:29
 2  0       545296     84086320      1327388     34804984    0    0     0     0 3263 5104   5   1  94   0   0 2026-09-21 10:55:30
 2  0       545296     84085632      1327404     34805020    0    0     0   148 3377 5232   5   1  94   0   0 2026-09-21 10:55:31
 2  0       545296     84086656      1327404     34805028    0    0     0     0 3395 4929   4   1  94   0   0 2026-09-21 10:55:32
 3  0       545296     84087680      1327404     34805064    0    0     0   412 3607 4949   5   1  94   0   0 2026-09-21 10:55:33
 2  0       545296     84087184      1327404     34805084    0    0     0     0 3506 5156   5   1  94   0   0 2026-09-21 10:55:34
procs -----------------------memory---------------------- ---swap-- -----io---- -system-- --------cpu-------- -----timestamp-----
 r  b         swpd         free         buff        cache   si   so    bi    bo   in   cs  us  sy  id  wa  st                 KST
 3  0       545296     84088456      1327404     34805112    0    0     0     0 3272 4948   5   1  94   0   0 2026-09-21 10:55:35
 2  0       545296     84088208      1327408     34805132    0    0     0    92 3114 5009   4   1  94   0   0 2026-09-21 10:55:36
 2  0       545296     84086464      1327408     34805160    0    0     0     0 3295 4977   5   1  94   0   0 2026-09-21 10:55:37
 1  0       545296     84085520      1327408     34805180    0    0     0   356 3177 5355   3   0  97   0   0 2026-09-21 10:55:38
 1  0       545296     84085088      1327408     34805208    0    0     0     0 3161 5188   3   0  97   0   0 2026-09-21 10:55:39
 1  0       545296     84084368      1327408     34805228    0    0     0     0 3128 5078   3   0  97   0   0 2026-09-21 10:55:40
 1  0       545296     84083632      1327412     34805260    0    0     0   108 3019 5109   3   0  97   0   0 2026-09-21 10:55:41
 1  0       545296     84082128      1327412     34805280    0    0     0     0 3258 5092   3   0  97   0   0 2026-09-21 10:55:42
 1  0       545296     84080376      1327412     34805304    0    0     0     0 3424 5548   3   0  97   0   0 2026-09-21 10:55:43
 1  0       545296     84079880      1327412     34805328    0    0     0   408 3384 5277   3   0  97   0   0 2026-09-21 10:55:44
 1  0       545296     84078880      1327412     34805364    0    0     0     0 3292 5129   3   0  97   0   0 2026-09-21 10:55:45
 1  0       545296     84079144      1327420     34805376    0    0     0    80 5243 23654   3   0  97   0   0 2026-09-21 10:55:46
 1  0       545296     84079656      1327420     34805416    0    0     0     0 3310 5762   2   1  97   0   0 2026-09-21 10:55:47
 2  0       545296     84077904      1327420     34805432    0    0     0     0 3357 5553   2   1  97   0   0 2026-09-21 10:55:48
 1  0       545296     84078704      1327420     34805460    0    0     0   356 3297 6037   2   2  97   0   0 2026-09-21 10:55:49
 1  0       545296     84078480      1327420     34805472    0    0     0     0 3218 5864   2   2  97   0   0 2026-09-21 10:55:50
 1  0       545296     84078272      1327424     34805504    0    0     0   116 3018 5554   2   1  97   0   0 2026-09-21 10:55:51
 1  0       545296     84076816      1327424     34805520    0    0     0     0 3098 5620   2   1  97   0   0 2026-09-21 10:55:52
 1  0       545296     84075600      1327424     34805536    0    0     0     0 3309 5568   2   1  97   0   0 2026-09-21 10:55:53
 2  0       545296     84075104      1327424     34805568    0    0     0   408 3235 5945   2   2  97   0   0 2026-09-21 10:55:54
 1  0       545296     84075152      1327424     34805592    0    0     0     0 3417 5478   4   1  96   0   0 2026-09-21 10:55:55
procs -----------------------memory---------------------- ---swap-- -----io---- -system-- --------cpu-------- -----timestamp-----
 r  b         swpd         free         buff        cache   si   so    bi    bo   in   cs  us  sy  id  wa  st                 KST
 2  0       545296     84072896      1327428     34805620    0    0     0    80 3243 5051   3   0  97   0   0 2026-09-21 10:55:56
 1  0       545296     84073912      1327428     34805648    0    0     0     0 3212 5019   3   0  97   0   0 2026-09-21 10:55:57
 1  0       545296     84072664      1327428     34805676    0    0     0     0 3376 5395   3   0  97   0   0 2026-09-21 10:55:58
 1  0       545296     84072160      1327428     34805704    0    0     0   328 3322 5267   3   0  97   0   0 2026-09-21 10:55:59
 1  0       545296     84073488      1327428     34805716    0    0     0     0 3513 5152   3   0  97   0   0 2026-09-21 10:56:00
 2  0       545296     84074760      1327436     34805748    0    0     0    92 3172 5041   3   0  97   0   0 2026-09-21 10:56:01
 1  0       545296     84075296      1327436     34805760    0    0     0     0 3218 5139   3   0  97   0   0 2026-09-21 10:56:02
 1  0       545296     84076816      1327436     34805792    0    0     0     0 3385 5273   3   0  97   0   0 2026-09-21 10:56:03
 2  0       545296     84075056      1327436     34805816    0    0     0   432 3762 5516   5   1  94   0   0 2026-09-21 10:56:04
 2  0       545296     84075576      1327436     34805848    0    0     0     0 3771 5167   5   1  94   0   0 2026-09-21 10:56:05
 2  0       545296     84075392      1327444     34805856    0    0     0    96 3710 5259   5   1  94   0   0 2026-09-21 10:56:06
 2  0       545296     84076160      1327444     34805892    0    0     0     0 3461 5119   4   1  94   0   0 2026-09-21 10:56:07
 2  0       545296     84074976      1327444     34805900    0    0     0     0 3409 5070   5   1  94   0   0 2026-09-21 10:56:08
 2  0       545296     84073728      1327444     34805940    0    0     0   328 3501 5352   4   2  94   0   0 2026-09-21 10:56:09
 2  0       545296     84073544      1327444     34805964    0    0     0     0 3389 5328   5   1  94   0   0 2026-09-21 10:56:10
 2  0       545296     84072864      1327448     34805980    0    0     0    84 3423 5066   5   1  94   0   0 2026-09-21 10:56:11
 2  0       545296     84072216      1327448     34806000    0    0     0     0 3735 5188   5   2  94   0   0 2026-09-21 10:56:12
 2  0       545296     84070784      1327448     34806036    0    0     0     0 3268 5249   3   0  96   0   0 2026-09-21 10:56:13
 1  0       545296     84068024      1327456     34806076    0    0     0   564 3333 5375   3   0  97   0   0 2026-09-21 10:56:14
 1  0       545296     84068064      1327456     34806116    0    0     0     0 2976 4984   3   0  97   0   0 2026-09-21 10:56:15
 1  0       545296     84067920      1327456     34806148    0    0     0     0 3209 5155   3   0  97   0   0 2026-09-21 10:56:16
procs -----------------------memory---------------------- ---swap-- -----io---- -system-- --------cpu-------- -----timestamp-----
 r  b         swpd         free         buff        cache   si   so    bi    bo   in   cs  us  sy  id  wa  st                 KST
 2  0       545296     84066928      1327456     34806176    0    0     0     0 3244 5157   3   0  97   0   0 2026-09-21 10:56:17
 1  0       545296     84065480      1327456     34806204    0    0     0     0 3503 5455   3   0  97   0   0 2026-09-21 10:56:18
 1  0       545296     84064824      1327460     34806208    0    0     0   656 3283 5367   3   0  97   0   0 2026-09-21 10:56:19
 1  0       545296     84067648      1327460     34806264    0    0     0     0 3299 5252   3   0  97   0   0 2026-09-21 10:56:20
 3  0       545296     84069416      1327460     34806280    0    0     0     0 4421 18156   3   0  97   0   0 2026-09-21 10:56:21
 1  0       545296     84069552      1327460     34806328    0    0     0     0 4243 10653   2   1  97   0   0 2026-09-21 10:56:22
 1  0       545296     84069312      1327460     34806332    0    0     0     0 3415 5829   2   1  97   0   0 2026-09-21 10:56:23
 1  0       545296     84070896      1327460     34806372    0    0     0   648 3247 5744   2   2  97   0   0 2026-09-21 10:56:24
 1  0       545296     84070400      1327460     34806392    0    0     0     0 3298 5662   2   1  97   0   0 2026-09-21 10:56:25
 1  0       545296     84070160      1327460     34806404    0    0     0     0 3343 5891   2   2  97   0   0 2026-09-21 10:56:26
 1  0       545296     84068720      1327460     34806440    0    0     0     0 3616 5828   2   2  97   0   0 2026-09-21 10:56:27
 1  0       545296     84065992      1327460     34806448    0    0     0     0 3629 5810   2   1  97   0   0 2026-09-21 10:56:28
 1  0       545296     84065024      1327464     34806488    0    0     0   168 3449 5719   2   1  97   0   0 2026-09-21 10:56:29
 1  0       545296     84063552      1327464     34806512    0    0     0   412 3424 5477   3   1  96   0   0 2026-09-21 10:56:30
 1  0       545296     84061632      1327472     34806536    0    0     0   120 3135 5159   3   0  97   0   0 2026-09-21 10:56:31
 1  0       545296     84061680      1327472     34806552    0    0     0     0 3188 4968   3   0  97   0   0 2026-09-21 10:56:32
 1  0       545296     84061944      1327472     34806588    0    0     0     0 3226 5078   3   0  97   0   0 2026-09-21 10:56:33
 1  0       545296     84062200      1327472     34806596    0    0     0     0 3116 4939   3   0  97   0   0 2026-09-21 10:56:34
 1  0       545296     84059696      1327472     34806632    0    0     0   380 3258 4938   3   0  97   0   0 2026-09-21 10:56:35
 1  0       545296     84059440      1327472     34806648    0    0     0    92 2957 4765   3   0  97   0   0 2026-09-21 10:56:36
 1  0       545296     84056720      1327472     34806672    0    0     0     0 3389 4907   3   0  97   0   0 2026-09-21 10:56:37
procs -----------------------memory---------------------- ---swap-- -----io---- -system-- --------cpu-------- -----timestamp-----
 r  b         swpd         free         buff        cache   si   so    bi    bo   in   cs  us  sy  id  wa  st                 KST
 2  0       545296     84056768      1327472     34806700    0    0     0     0 3385 5112   3   0  97   0   0 2026-09-21 10:56:38
 2  0       545296     84055312      1327472     34806744    0    0     0     0 3626 5851   5   1  95   0   0 2026-09-21 10:56:39
 2  0       545296     84054592      1327472     34806752    0    0     0   364 3529 4846   5   1  94   0   0 2026-09-21 10:56:40
 2  0       545296     84053840      1327476     34806784    0    0     0   128 3321 4867   4   1  94   0   0 2026-09-21 10:56:41
 2  0       545296     84053352      1327476     34806804    0    0     0     0 3614 4864   5   2  94   0   0 2026-09-21 10:56:42
 2  0       545296     84051456      1327484     34806840    0    0     0    36 3776 5873   4   2  94   0   0 2026-09-21 10:56:43
 4  0       545296     84054704      1327484     34806872    0    0     0     0 6559 14531   6   2  92   0   0 2026-09-21 10:56:44
 3  0       545296     84054504      1327484     34806904    0    0     0   440 4013 5969   5   1  94   0   0 2026-09-21 10:56:45
 2  0       545296     84051792      1327484     34806932    0    0     0     0 4530 7711   5   1  94   0   0 2026-09-21 10:56:46
 2  0       545296     84049344      1327484     34806940    0    0     0     0 3875 5952   5   1  94   0   0 2026-09-21 10:56:47
 2  0       545296     84026016      1327504     34807188    0    0   224   540 5034 13984   5   1  94   0   0 2026-09-21 10:56:48
 2  0       545296     84079208      1327504     34807232    0    0     0     0 4749 9324   4   0  96   0   0 2026-09-21 10:56:49
 1  0       545296     84077744      1327504     34807236    0    0     0   644 4250 6811   3   0  97   0   0 2026-09-21 10:56:50
 1  0       545296     84077280      1327504     34807280    0    0     0     0 3821 6861   3   0  97   0   0 2026-09-21 10:56:51
 1  0       545296     84078576      1327504     34807280    0    0     0     0 3996 6740   3   0  97   0   0 2026-09-21 10:56:52
 1  0       545296     84075576      1327512     34807316    0    0     0   204 4336 6884   3   0  97   0   0 2026-09-21 10:56:53
 1  0       545296     84075360      1327520     34807336    0    0     0    32 3423 5940   3   0  97   0   0 2026-09-21 10:56:54
 1  0       545296     84075120      1327520     34807368    0    0     0   476 3263 5602   3   0  97   0   0 2026-09-21 10:56:55
 1  0       545296     84074640      1327520     34807380    0    0     0     0 3495 6441   3   0  97   0   0 2026-09-21 10:56:56
 2  0       545296     84071888      1327520     34807448    0    0     0     0 3804 5489   5   1  94   0   0 2026-09-21 10:56:57
 2  0       545296     84073984      1327520     34807468    0    0     0     0 4293 6815   5   1  94   0   0 2026-09-21 10:56:58
procs -----------------------memory---------------------- ---swap-- -----io---- -system-- --------cpu-------- -----timestamp-----
 r  b         swpd         free         buff        cache   si   so    bi    bo   in   cs  us  sy  id  wa  st                 KST
 3  0       545296     84072992      1327524     34807492    0    0     0    96 3930 6564   5   1  94   0   0 2026-09-21 10:56:59
 2  0       545296     84073416      1327528     34807516    0    0     0    52 4107 6486   4   1  94   0   0 2026-09-21 10:57:00
 3  0       545296     84072192      1327528     34807552    0    0     0   404 3981 6016   5   1  94   0   0 2026-09-21 10:57:01
 2  0       545296     84072048      1327528     34807572    0    0     0     0 3618 5351   4   2  94   0   0 2026-09-21 10:57:02
 2  0       545296     84071856      1327528     34807576    0    0     0     0 3903 6288   5   1  94   0   0 2026-09-21 10:57:03
 2  0       545296     84070704      1327528     34807624    0    0     0     0 4123 6397   5   1  94   0   0 2026-09-21 10:57:04
 1  0       545296     84068704      1327532     34807636    0    0     0   116 3949 6398   4   2  94   0   0 2026-09-21 10:57:05
 1  0       545296     84067304      1327536     34807676    0    0     0   596 3825 6192   3   0  97   0   0 2026-09-21 10:57:06
 1  0       545296     84067816      1327536     34807700    0    0     0     0 3626 5622   3   0  97   0   0 2026-09-21 10:57:07
 1  0       545296     84067096      1327536     34807728    0    0     0     0 3508 5858   3   0  97   0   0 2026-09-21 10:57:08
 1  0       545296     84067616      1327536     34807748    0    0     0     0 3663 6830   3   0  97   0   0 2026-09-21 10:57:09
 1  0       545296     84067184      1327536     34807776    0    0     0     0 3677 6350   3   0  97   0   0 2026-09-21 10:57:10
 1  0       545296     84068464      1327544     34807796    0    0     0   572 3458 5498   3   0  97   0   0 2026-09-21 10:57:11
 1  0       545296     84068512      1327552     34807828    0    0     0   108 3366 5588   3   0  97   0   0 2026-09-21 10:57:12
 1  0       545296     84069808      1327552     34807848    0    0     0     0 3668 6275   3   0  97   0   0 2026-09-21 10:57:13
 2  0       545296     84069600      1327552     34807896    0    0     0     0 3810 6313   4   0  96   0   0 2026-09-21 10:57:14
 2  0       545296     84070984      1327552     34807904    0    0     0     0 4096 6962   5   1  94   0   0 2026-09-21 10:57:15
 2  0       545296     84070296      1327552     34807932    0    0     0   384 4039 6566   5   1  94   0   0 2026-09-21 10:57:16
 2  0       545296     84067840      1327560     34807952    0    0     0   128 3659 5415   5   1  94   0   0 2026-09-21 10:57:17
 2  0       545296     84065648      1327568     34807976    0    0     0    36 4372 7068   5   1  94   0   0 2026-09-21 10:57:18
 2  0       545296     84067264      1327568     34808000    0    0     0     0 4140 6773   5   1  94   0   0 2026-09-21 10:57:19
procs -----------------------memory---------------------- ---swap-- -----io---- -system-- --------cpu-------- -----timestamp-----
 r  b         swpd         free         buff        cache   si   so    bi    bo   in   cs  us  sy  id  wa  st                 KST
 3  0       545296     84067072      1327568     34808024    0    0     0     0 3882 6608   4   1  94   0   0 2026-09-21 10:57:20
 2  0       545296     84069152      1327568     34808060    0    0     0   424 3858 6040   5   1  94   0   0 2026-09-21 10:57:21
 2  0       545296     84067456      1327568     34808060    0    0     0     0 4075 6592   5   1  94   0   0 2026-09-21 10:57:22
 2  0       545296     84067496      1327576     34808104    0    0     0   100 4314 7275   4   1  95   0   0 2026-09-21 10:57:23
 1  0       545296     84066024      1327584     34808140    0    0     0    76 3559 6463   3   0  97   0   0 2026-09-21 10:57:24
 1  0       545296     84065584      1327584     34808176    0    0     0     0 3731 6677   3   0  97   0   0 2026-09-21 10:57:25
 1  0       545296     84064872      1327584     34808200    0    0     0   256 3613 6563   3   0  97   0   0 2026-09-21 10:57:26
 1  0       545296     84067456      1327584     34808208    0    0     0     0 3391 5287   3   0  97   0   0 2026-09-21 10:57:27
 2  0       545296     84068768      1327584     34808244    0    0     0     0 3595 6577   3   0  97   0   0 2026-09-21 10:57:28
 1  0       545296     84065744      1327592     34808252    0    0     0   144 3766 6507   3   0  97   0   0 2026-09-21 10:57:29
 1  0       545296     84063792      1327596     34808308    0    0     0    48 3751 6316   3   0  97   0   0 2026-09-21 10:57:30
 1  0       545296     84064088      1327596     34808320    0    0     0   468 4029 6578   3   0  97   0   0 2026-09-21 10:57:31
 2  0       545296     84064128      1327596     34808360    0    0     0     0 3569 5466   5   1  95   0   0 2026-09-21 10:57:32
 2  0       545296     84063736      1327596     34808372    0    0     0     0 4024 6668   5   1  94   0   0 2026-09-21 10:57:33
 2  0       545296     84063856      1327596     34808400    0    0     0     0 4071 6805   5   1  94   0   0 2026-09-21 10:57:34
 2  0       545296     84064152      1327596     34808416    0    0     0   104 4109 6952   5   1  94   0   0 2026-09-21 10:57:35
 2  0       545296     84064240      1327600     34808448    0    0     0   280 4133 6603   5   1  94   0   0 2026-09-21 10:57:36
 2  0       545296     84063376      1327600     34808456    0    0     0     0 3656 5396   5   1  94   0   0 2026-09-21 10:57:37
 2  0       545296     84063440      1327600     34808620    0    0     0     0 3852 6149   4   1  94   0   0 2026-09-21 10:57:38
 2  0       545296     84063704      1327600     34808628    0    0     0     0 4177 6655   5   1  94   0   0 2026-09-21 10:57:39
 2  0       545296     84063008      1327600     34808672    0    0     0     0 3583 5866   4   1  94   0   0 2026-09-21 10:57:40
procs -----------------------memory---------------------- ---swap-- -----io---- -system-- --------cpu-------- -----timestamp-----
 r  b         swpd         free         buff        cache   si   so    bi    bo   in   cs  us  sy  id  wa  st                 KST
 2  0       545296     84063304      1327608     34808700    0    0     0    92 3335 5983   4   1  96   0   0 2026-09-21 10:57:41
 1  0       545296     84064608      1327616     34808736    0    0     0   536 3850 6513   3   0  97   0   0 2026-09-21 10:57:42
 1  0       545296     84065664      1327616     34808764    0    0     0     0 3727 6200   3   0  97   0   0 2026-09-21 10:57:43
 2  0       545296     83924832      1327616     34808776    0    0     0     0 3554 5874   3   0  96   0   0 2026-09-21 10:57:44
 2  0       545296     83779968      1327616     34808804    0    0     0     0 5376 6571  14   0  85   0   0 2026-09-21 10:57:45
 2  0       545296     83700136      1327616     34808836    0    0     0     0 4148 6239   6   0  94   0   0 2026-09-21 10:57:46
 3  0       545296     83654096      1327628     34808848    0    0     0   640 4162 6071   6   0  94   0   0 2026-09-21 10:57:47
 3  0       545296     83608336      1327628     34808872    0    0     0     0 4412 6991   6   1  94   0   0 2026-09-21 10:57:48
 3  0       545296     83549720      1327628     34808904    0    0     0     0 6297 73275   8   7  86   0   0 2026-09-21 10:57:49
 3  0       545296     83710384      1327628     34808944    0    0     0     0 6779 24708   8   1  91   0   0 2026-09-21 10:57:50
 2  0       545296     84069584      1327628     34808956    0    0     0     0 4393 6652   5   1  94   0   0 2026-09-21 10:57:51
 3  0       545296     84071416      1327640     34809000    0    0     0   740 4112 6394   5   1  94   0   0 2026-09-21 10:57:52
 2  0       545296     84069728      1327640     34809016    0    0     0     0 4026 6235   5   1  94   0   0 2026-09-21 10:57:53
 2  0       545296     84081616      1327640     34809056    0    0     0     0 4258 7045   5   1  93   0   0 2026-09-21 10:57:54
 2  0       545296     84081664      1327640     34809084    0    0     0     0 3989 5434   5   1  94   0   0 2026-09-21 10:57:55
 2  0       545296     84077888      1327640     34809100    0    0     0     0 3569 5429   4   2  94   0   0 2026-09-21 10:57:56
 2  0       545296     84076432      1327648     34809124    0    0     0   756 4104 5880   5   2  94   0   0 2026-09-21 10:57:57
 2  0       545296     84072408      1327648     34809140    0    0     0     0 4188 6816   5   2  94   0   0 2026-09-21 10:57:58
 1  0       545296     84071184      1327648     34809180    0    0     0     0 3798 6363   3   0  96   0   0 2026-09-21 10:57:59
 1  0       545296     84073488      1327648     34809184    0    0     0     0 3277 5513   3   0  97   0   0 2026-09-21 10:58:00
 1  0       545296     84070800      1327648     34809224    0    0     0     0 3066 5254   3   0  97   0   0 2026-09-21 10:58:01
procs -----------------------memory---------------------- ---swap-- -----io---- -system-- --------cpu-------- -----timestamp-----
 r  b         swpd         free         buff        cache   si   so    bi    bo   in   cs  us  sy  id  wa  st                 KST
 2  0       545296     84072880      1327656     34809232    0    0     0   564 3293 5437   3   0  97   0   0 2026-09-21 10:58:02
 1  0       545296     84072672      1327656     34809272    0    0     0     0 3523 6353   3   0  97   0   0 2026-09-21 10:58:03
 1  0       545296     84072240      1327656     34809284    0    0     0     0 3614 6120   3   0  97   0   0 2026-09-21 10:58:04
 1  0       545296     84072048      1327656     34809316    0    0     0     0 3229 5411   3   0  97   0   0 2026-09-21 10:58:05
 1  0       545296     84071552      1327656     34809332    0    0     0     0 3488 5380   3   0  97   0   0 2026-09-21 10:58:06
 1  0       545296     84071088      1327664     34809368    0    0     0   536 5393 23171   3   0  97   0   0 2026-09-21 10:58:07
 1  0       545296     84069904      1327664     34809388    0    0     0     0 4057 8463   2   1  97   0   0 2026-09-21 10:58:08
 1  0       545296     84071960      1327664     34809432    0    0     0     0 3933 7708   2   2  97   0   0 2026-09-21 10:58:09
 1  0       545296     84071736      1327664     34809456    0    0     0     0 3847 7067   2   1  97   0   0 2026-09-21 10:58:10
 1  0       545296     84071504      1327664     34809484    0    0     0     0 3812 7008   2   2  97   0   0 2026-09-21 10:58:11
 1  0       545296     84070768      1327664     34809504    0    0     0   444 3732 7396   2   2  97   0   0 2026-09-21 10:58:12
 1  0       545296     84072544      1327676     34809544    0    0     0   180 3913 7690   2   1  97   0   0 2026-09-21 10:58:13
 1  0       545296     84072344      1327676     34809552    0    0     0     0 3549 6421   2   1  97   0   0 2026-09-21 10:58:14
 1  0       545296     84071088      1327676     34809588    0    0     0     0 3382 6082   2   1  97   0   0 2026-09-21 10:58:15
 1  0       545296     84070896      1327676     34809616    0    0     0     0 3597 6254   3   1  96   0   0 2026-09-21 10:58:16
 1  0       545296     84071712      1327676     34809636    0    0     0     0 3552 5717   3   0  97   0   0 2026-09-21 10:58:17
 1  0       545296     84071984      1327680     34809656    0    0     0   508 3521 5810   3   0  97   0   0 2026-09-21 10:58:18
 1  0       545296     84072808      1327680     34809692    0    0     0     0 3717 5917   3   0  97   0   0 2026-09-21 10:58:19
 2  0       545296     84072336      1327680     34809704    0    0     0    40 3323 5575   3   0  97   0   0 2026-09-21 10:58:20
 1  0       545296     84070784      1327680     34809736    0    0     0     0 3217 5153   3   0  97   0   0 2026-09-21 10:58:21
 1  0       545296     84073568      1327680     34809752    0    0     0     0 3542 5899   3   0  97   0   0 2026-09-21 10:58:22
procs -----------------------memory---------------------- ---swap-- -----io---- -system-- --------cpu-------- -----timestamp-----
 r  b         swpd         free         buff        cache   si   so    bi    bo   in   cs  us  sy  id  wa  st                 KST
 1  0       545296     84074624      1327688     34809784    0    0     0   712 3949 5866   3   0  97   0   0 2026-09-21 10:58:23
 1  0       545296     84073616      1327688     34809796    0    0     0     0 3217 5781   3   0  97   0   0 2026-09-21 10:58:24
 0  0       545296     84073656      1327688     34809840    0    0     0     0 3486 5881   3   0  96   0   0 2026-09-21 10:58:25
 0  0       545296     84072752      1327688     34809860    0    0     0     0 3285 6451   0   0  99   0   0 2026-09-21 10:58:26
 1  0       545296     84074056      1327688     34809872    0    0     0     0 2957 5556   0   0  99   0   0 2026-09-21 10:58:27
 0  0       545296     84072128      1327692     34809904    0    0     0   480 2977 5787   0   0  99   0   0 2026-09-21 10:58:28
 0  0       545296     84071464      1327700     34809916    0    0     0    84 3144 5982   0   0  99   0   0 2026-09-21 10:58:29
 1  0       545296     84073048      1327700     34809960    0    0     0     0 2878 5466   0   0  99   0   0 2026-09-21 10:58:30
 0  0       545296     84071584      1327700     34809980    0    0     0     0 3076 6119   0   0  99   0   0 2026-09-21 10:58:31
 2  0       545296     83380904      1327700     35245952    0    0     0     0 4821 7217  11   1  88   0   0 2026-09-21 10:58:32
 5  0       545296     79436176      1327700     39004332    0    0     0   400 5861 7803   3   3  94   0   0 2026-09-21 10:58:33
 5  0       545296     79371008      1327716     39004420    0    0     0   168 8398 39643   8   1  91   0   0 2026-09-21 10:58:34
 4  0       545296     79368320      1327716     39004520    0    0     0    32 8082 40869   7   0  92   0   0 2026-09-21 10:58:35
 4  0       545296     79521232      1327716     39004632    0    0     0     0 10978 43653  16   1  83   0   0 2026-09-21 10:58:36
 3  0       545296     79427024      1327716     39004684    0    0     0     0 8936 51665   8   1  91   0   0 2026-09-21 10:58:37
 4  0       545296     79377696      1327716     39004740    0    0     0   712 8794 45343   8   0  91   0   0 2026-09-21 10:58:38
 3  0       545296     79771928      1327728     39004868    0    0     0   244 9884 55663   8   0  91   0   0 2026-09-21 10:58:39
 1  0       545296     79780928      1327736     39004916    0    0     0   108 8609 49648   5   0  94   0   0 2026-09-21 10:58:40
 1  0       545296     79779728      1327736     39005000    0    0     0     0 7516 40797   5   0  94   0   0 2026-09-21 10:58:41
 4  0       545296     79775456      1327736     39005064    0    0     0     0 8632 53081   6   0  93   0   0 2026-09-21 10:58:42
 4  0       545296     79774216      1327736     39005248    0    0     0   772 9924 63425   7   0  93   0   0 2026-09-21 10:58:43
procs -----------------------memory---------------------- ---swap-- -----io---- -system-- --------cpu-------- -----timestamp-----
 r  b         swpd         free         buff        cache   si   so    bi    bo   in   cs  us  sy  id  wa  st                 KST
 0  0       545296     79776232      1327736     39005316    0    0     0     0 9602 64060   6   0  94   0   0 2026-09-21 10:58:44
 4  0       545296     79773216      1327744     39005344    0    0     0   140 10344 73012   7   0  92   0   0 2026-09-21 10:58:45
 1  0       545296     79772720      1327748     39005412    0    0     0    48 11421 91439   7   0  93   0   0 2026-09-21 10:58:46
 1  0       545296     79773520      1327748     39005428    0    0     0     0 3959 9266   1   0  99   0   0 2026-09-21 10:58:47
 0  0       545296     79772552      1327748     39005472    0    0     0   536 3545 7370   1   0  99   0   0 2026-09-21 10:58:48
 0  0       545296     79772304      1327748     39005496    0    0     0     0 3408 7295   0   0  99   0   0 2026-09-21 10:58:49
 0  0       545296     79772304      1327748     39005512    0    0     0     0 3443 7008   0   1  99   0   0 2026-09-21 10:58:50
 1  0       545296     79770552      1327752     39005536    0    0     0   100 3151 6369   0   0  99   0   0 2026-09-21 10:58:51
 0  0       545296     79773864      1327760     39005552    0    0     0    36 3281 5765   0   1  99   0   0 2026-09-21 10:58:52
 0  0       545296     80826872      1327760     39005628    0    0     0   480 3942 6484   2   1  97   0   0 2026-09-21 10:58:53
