procs -----------------------memory---------------------- ---swap-- -----io---- -system-- --------cpu-------- -----timestamp-----
 r  b         swpd         free         buff        cache   si   so    bi    bo   in   cs  us  sy  id  wa  st                 KST
 6  0       738684     83797040       101992     42383824    2    3 14232   598    1    1   1   1  96   2   0 2026-09-16 22:18:45
 2  0       738684     83706832       101992     42383884    0    0     0     0 4844 6145   3   1  95   0   0 2026-09-16 22:18:46
 2  0       738684     83657784       102012     42383912    0    0     0   540 5000 6008   3   1  95   0   0 2026-09-16 22:18:47
 2  0       738684     83594336       102012     42383932    0    0     0     0 6829 14094   5   8  87   0   0 2026-09-16 22:18:48
 1  0       738684     83574016       102012     42383964    0    0     0     0 4508 5975   2   1  97   0   0 2026-09-16 22:18:49
 2  0       738684     83576704       102012     42384012    0    0     0     0 4498 5866   1   1  98   0   0 2026-09-16 22:18:50
 2  0       738684     83542336       102012     42384040    0    0     0     0 4334 5789   2   1  97   0   0 2026-09-16 22:18:51
 3  0       738684     83429024       102020     42384060    0    0     0   476 4490 5801   2   1  97   0   0 2026-09-16 22:18:52
 2  0       738684     83358048       102020     42384104    0    0     0     0 4489 6063   3   1  96   0   0 2026-09-16 22:18:53
 1  0       738684     83215760       102020     42384132    0    0     0     0 4836 5848   4   1  95   0   0 2026-09-16 22:18:54
 2  0       738684     83146560       102020     42384164    0    0     0     0 4693 5899   3   1  96   0   0 2026-09-16 22:18:55
 6  0       738684     82561488       102020     42384188    0    0     0     0 7259 7241  17   2  80   0   0 2026-09-16 22:18:56
 3  0       738684     82505376       102032     42431256    0    0     0   136 7530 8062   9   2  89   0   0 2026-09-16 22:18:57
 2  0       738684     82215776       102032     42431380    0    0     0   272 11175 14280   3   2  95   0   0 2026-09-16 22:18:58
 2  0       738684     83088480       102032     39571680    0    0     0     0 10129 15327   4   3  93   0   0 2026-09-16 22:18:59
 1  0       738684     83091680       102032     39571404    0    0     0     4 8947 15051   1   1  98   0   0 2026-09-16 22:19:00
19  0       738684     82281600       102032     40421936    0    0     0     0 12363 15501  20  17  64   0   0 2026-09-16 22:19:01
 2  0       738684     80263512       102044     42431508    0    0     0   416 12926 15889   7  29  64   0   0 2026-09-16 22:19:02
 2  0       738684     80240688       102044     42431536    0    0     0 51420 23265 15287   4   1  95   0   0 2026-09-16 22:19:03
 1  1       738684     80235824       102088     42431576    0    0     0 118060 10721 15918   3   1  95   1   0 2026-09-16 22:19:04
 0  1       738684     80238752       102164     42431604    0    0     0 389432 12269 18189   1   2  95   2   0 2026-09-16 22:19:05
procs -----------------------memory---------------------- ---swap-- -----io---- -system-- --------cpu-------- -----timestamp-----
 r  b         swpd         free         buff        cache   si   so    bi    bo   in   cs  us  sy  id  wa  st                 KST
 1  1       738684     80240352       102452     42431628    0    0     0 1205328 17239 30395   1   4  94   1   0 2026-09-16 22:19:06
 2  0       738684     79954064       102724     42431664    0    0 150528 1098792 17099 36751   1   3  94   1   0 2026-09-16 22:19:07
 1  0       738684     79951696       102724     42431704    0    0 1053696   432 10776 15704   3   1  91   5   0 2026-09-16 22:19:08
 2  0       738684     79904688       102724     42431724    0    0 1806336     0 11142 16094   2   2  88   8   0 2026-09-16 22:19:09
 1  0       738684     79868016       102724     42431888    0    0     0     0 9632 15298   3   1  95   0   0 2026-09-16 22:19:10
 1  6       738684     79868448       102724     42431932    0    0 998144     0 10562 15747   2   1  90   6   0 2026-09-16 22:19:11
 1  0       738684     79858672       102732     42431936    0    0 1861888    56 11014 16076   1   2  86  11   0 2026-09-16 22:19:12
 2  0       738684     79801528       102732     42431896    0    0     0     0 9512 15282   4   1  95   0   0 2026-09-16 22:19:13
 1  0       738684     79795296       102732     42431928    0    0     0     0 9384 15217   4   1  95   0   0 2026-09-16 22:19:14
 1  0       738684     79797904       102732     42431960    0    0 150528     0 9608 15286   3   1  94   1   0 2026-09-16 22:19:15
 0  6       738684     79794904       102732     42432000    0    0 853248     0 10278 15554   3   1  91   5   0 2026-09-16 22:19:16
 2  0       738684     79801544       102740     42432024    0    0 802560    44 10381 15685   3   1  91   5   0 2026-09-16 22:19:17
 0  6       738684     79801136       102740     42432056    0    0 847616     0 10395 15679   3   1  91   5   0 2026-09-16 22:19:18
 1  7       738684     79795728       102740     42432088    0    0 301056     0 9828 15346   3   1  94   2   0 2026-09-16 22:19:19
 1  0       738684     79797088       102740     42432132    0    0 1560832     0 10741 15802   1   2  87  10   0 2026-09-16 22:19:20
 1  7       738684     79728080       102740     42432148    0    0 1299200     0 10486 15617   2   2  89   7   0 2026-09-16 22:19:21
 3  6       738684     79727200       102748     42432184    0    0 2107392    28 11414 16396   1   1  85  13   0 2026-09-16 22:19:22
 0  5       738684     79725264       102748     42432216    0    0 1666816     0 10887 16116   2   1  87  10   0 2026-09-16 22:19:23
 3  0       738684     79727904       102748     42432232    0    0 1850880     0 11340 16020   2   2  86  11   0 2026-09-16 22:19:24
 0  5       738684     79733536       102748     42432276    0    0 2062848     0 11700 16570   1   2  86  12   0 2026-09-16 22:19:25
 2  7       738684     79731672       102748     42432304    0    0 1644800     0 11090 16047   2   2  87  10   0 2026-09-16 22:19:26
procs -----------------------memory---------------------- ---swap-- -----io---- -system-- --------cpu-------- -----timestamp-----
 r  b         swpd         free         buff        cache   si   so    bi    bo   in   cs  us  sy  id  wa  st                 KST
 2  0       738684     79733496       102756     42432336    0    0 2012416    24 11367 16124   1   2  85  12   0 2026-09-16 22:19:27
 1  5       738684     79734080       102756     42432376    0    0 1784320     0 10996 15979   2   2  86  11   0 2026-09-16 22:19:28
 1  6       738684     79730144       102756     42432400    0    0 1622272     0 11041 15915   2   2  87  10   0 2026-09-16 22:19:29
 1  7       738684     79736800       102756     42432428    0    0 2257920     0 11502 16375   1   2  85  12   0 2026-09-16 22:19:30
 0  5       738684     79689040       102756     42432460    0    0 1516288     0 11052 15870   2   1  87  10   0 2026-09-16 22:19:31
 1  0       738684     79684040       102764     42432500    0    0 1399296    28 10746 15813   2   2  88   9   0 2026-09-16 22:19:32
 1  0       738684     79675536       102764     42432528    0    0     0   824 9719 15131   4   1  95   0   0 2026-09-16 22:19:33
 1  5       738684     79687680       102764     42432564    0    0 1176576     0 10832 15733   2   1  90   6   0 2026-09-16 22:19:34
 1  6       738684     79683504       102764     42432592    0    0 1192960     0 10543 15668   2   1  90   6   0 2026-09-16 22:19:35
 1  0       738684     79678368       102764     42432628    0    0 490496     0 10511 15401   3   1  93   2   0 2026-09-16 22:19:36
 2  0       738684     79676400       102772     42432668    0    0 150528   108 9986 15180   3   1  94   2   0 2026-09-16 22:19:37
 1  0       738684     79674704       102772     42432692    0    0 1204224   236 10720 15781   2   1  90   7   0 2026-09-16 22:19:38
 2  6       738684     79676304       102772     42432724    0    0 1148672     0 10449 15784   2   1  90   6   0 2026-09-16 22:19:39
 0  5       738684     79674440       102772     42432760    0    0 1215232     0 10500 15859   2   1  89   8   0 2026-09-16 22:19:40
 1  0       738684     79674280       102772     42432788    0    0 2001408     0 11198 16122   1   2  85  13   0 2026-09-16 22:19:41
 1  7       738684     79681408       102784     42432820    0    0 1750784    56 10930 16057   2   1  86  11   0 2026-09-16 22:19:42
 2  0       738684     79670704       102784     42432852    0    0 1560832     0 10879 15987   2   2  86  10   0 2026-09-16 22:19:43
 2  6       738684     79673376       102784     42432888    0    0 2062848   512 11450 16059   1   2  84  13   0 2026-09-16 22:19:44
 1  5       738684     79678032       102784     42432916    0    0 1655808     0 11335 16270   2   2  87  10   0 2026-09-16 22:19:45
 0  6       738684     79676592       102784     42432944    0    0 1644800     0 11239 15919   2   2  87  10   0 2026-09-16 22:19:46
 2  2       738684     79678000       102792     42433092    0    0 2012472   100 11644 16232   1   2  84  13   0 2026-09-16 22:19:47
procs -----------------------memory---------------------- ---swap-- -----io---- -system-- --------cpu-------- -----timestamp-----
 r  b         swpd         free         buff        cache   si   so    bi    bo   in   cs  us  sy  id  wa  st                 KST
 0  6       738684     79679840       102792     42433124    0    0 1750784     0 11225 15953   2   2  87  10   0 2026-09-16 22:19:48
 2  0       738684     79684432       102792     42433156    0    0 1861888   420 11358 16237   1   2  84  13   0 2026-09-16 22:19:49
 1  7       738684     79682952       102792     42433184    0    0 1901312     0 11399 16191   2   2  86  10   0 2026-09-16 22:19:50
 8  1       738684     79680784       102792     42433216    0    0 1006056     0 10743 15673   2   1  90   7   0 2026-09-16 22:19:51
 1  5       738684     79689200       102800     42433248    0    0 1714456   104 11134 16084   2   2  86  11   0 2026-09-16 22:19:52
 2  0       738684     79680752       102800     42433280    0    0 1098240     0 10480 15745   2   2  90   6   0 2026-09-16 22:19:53
 2  0       738684     79672016       102800     42433320    0    0     0   384 9661 15156   4   1  95   0   0 2026-09-16 22:19:54
 1  0       738684     79674656       102800     42433356    0    0 752640     0 10509 15494   3   1  92   4   0 2026-09-16 22:19:55
 2  0       738684     79675488       102800     42433388    0    0 1053696     0 10503 15591   3   1  90   6   0 2026-09-16 22:19:56
 3  0       738684     79675008       102808     42433416    0    0 1053696    84 10315 15725   2   1  91   6   0 2026-09-16 22:19:57
 2  7       738684     79673056       102808     42433452    0    0 1600256     0 10755 15865   2   1  87  10   0 2026-09-16 22:19:58
 0  6       738684     79677136       102808     42433484    0    0 1655808   252 10918 15825   1   2  87  10   0 2026-09-16 22:19:59
 1  6       738684     79679536       102808     42433520    0    0 1967872     0 11529 16072   1   2  84  13   0 2026-09-16 22:20:00
 0  2       738684     79679968       102808     42433552    0    0 1549824     0 10974 15890   2   2  87  10   0 2026-09-16 22:20:01
 1  0       738684     79676760       102816     42433580    0    0 1806336   100 11192 16085   2   2  86  11   0 2026-09-16 22:20:02
 4  0       738684     79677920       102816     42433612    0    0 1956864     0 11303 16090   1   1  86  12   0 2026-09-16 22:20:03
 1  1       738684     79685040       102816     42433648    0    0 1655808   252 11136 15953   2   2  87  10   0 2026-09-16 22:20:04
 4  0       738684     79686112       102816     42433672    0    0 2107392     0 11821 16469   1   2  85  13   0 2026-09-16 22:20:05
 0  7       738684     79683680       102816     42433704    0    0 1750784     0 11064 16096   2   1  87  10   0 2026-09-16 22:20:06
 2  6       738684     79687040       102824     42433736    0    0 1505280    80 11044 15888   2   2  87  10   0 2026-09-16 22:20:07
 1  6       738684     79685328       102824     42433768    0    0 2118400     0 11585 16341   1   2  84  13   0 2026-09-16 22:20:08
procs -----------------------memory---------------------- ---swap-- -----io---- -system-- --------cpu-------- -----timestamp-----
 r  b         swpd         free         buff        cache   si   so    bi    bo   in   cs  us  sy  id  wa  st                 KST
 2  4       738684     79684096       102824     42433800    0    0 468480   240 10092 15340   3   1  93   3   0 2026-09-16 22:20:09
 2  0       738684     79685184       102824     42433836    0    0 1532928     0 11126 16092   2   2  88   9   0 2026-09-16 22:20:10
 1  0       738684     79680256       102824     42433856    0    0 1204224     0 10699 15738   2   2  89   7   0 2026-09-16 22:20:11
 1  0       738684     79677384       102832     42433900    0    0     0    68 9813 15110   3   1  95   0   0 2026-09-16 22:20:12
 2  0       738684     79683824       102832     42433920    0    0 903168     0 10632 15465   3   1  91   5   0 2026-09-16 22:20:13
 3  0       738684     79690464       102832     42433952    0    0 1053696   228 10777 15730   3   1  89   7   0 2026-09-16 22:20:14
 0  7       738684     79692296       102832     42433980    0    0 998144     0 10689 15638   3   1  91   5   0 2026-09-16 22:20:15
 2  4       738684     79693632       102832     42434020    0    0 1990400     0 11357 16270   1   2  84  13   0 2026-09-16 22:20:16
 0  5       738684     79687488       102844     42434048    0    0 1633280    84 11312 16029   2   1  87  10   0 2026-09-16 22:20:17
 1  0       738684     79687568       102844     42434080    0    0 2001408     0 11723 16367   1   2  85  12   0 2026-09-16 22:20:18
 1  5       738684     79684400       102844     42434108    0    0 1750784   216 11140 15971   1   2  87  10   0 2026-09-16 22:20:19
 3  5       738684     79684472       102844     42434148   28    0 1663896     0 10809 16042   2   2  87  10   0 2026-09-16 22:20:20
 1  6       738684     79681040       102844     42434180    0    0 2099332     0 11288 16258   1   2  85  13   0 2026-09-16 22:20:21
 2  6       738684     79679888       102856     42434216    0    0 1655808    88 10788 16011   2   2  87  10   0 2026-09-16 22:20:22
 0  7       738684     79675968       102856     42434252    0    0 1655808     0 10913 16164   2   2  87  10   0 2026-09-16 22:20:23
 0  5       738684     79677824       102856     42434280    0    0 2001408     0 11354 16157   1   2  84  13   0 2026-09-16 22:20:24
 2  2       738684     79675200       102856     42434316    0    0 1666816   256 11077 16248   2   2  87  10   0 2026-09-16 22:20:25
 1  0       738684     79679848       102856     42434340    0    0 1806336     0 11123 16012   1   2  86  11   0 2026-09-16 22:20:26
 2  0       738684     79672880       102868     42434384    0    0     0   112 9426 15126   4   1  95   0   0 2026-09-16 22:20:27
 3  0       738684     79677352       102868     42434408    0    0 903168     0 10375 15654   3   1  91   5   0 2026-09-16 22:20:28
 1  0       738684     79676728       102868     42434436    0    0 1053696     0 10340 15664   2   1  90   6   0 2026-09-16 22:20:29
procs -----------------------memory---------------------- ---swap-- -----io---- -system-- --------cpu-------- -----timestamp-----
 r  b         swpd         free         buff        cache   si   so    bi    bo   in   cs  us  sy  id  wa  st                 KST
 2  0       738684     79677072       102868     42434472    0    0 903168   252 10427 15610   3   1  91   5   0 2026-09-16 22:20:30
 1  5       738684     79678928       102868     42434504    0    0 708096     0 10331 15505   3   1  92   4   0 2026-09-16 22:20:31
 1  0       738684     79690096       102880     42434528    0    0 1399296    84 10679 15852   2   2  88   9   0 2026-09-16 22:20:32
 3  5       738684     79692432       102880     42434564    0    0 1343744     0 10846 15776   2   1  89   8   0 2026-09-16 22:20:33
 2  6       738684     79684704       102880     42434580    0    0 2073856     0 11764 16180   1   2  85  13   0 2026-09-16 22:20:34
 1  7       738684     79686304       102880     42434632    0    0 1795328   220 11446 16076   2   2  87  10   0 2026-09-16 22:20:35
 1  4       738684     79677080       102880     42434656    0    0 1560832     0 11166 15947   2   1  87  10   0 2026-09-16 22:20:36
 1  6       738684     79681152       102892     42434696    0    0 2213376    88 11560 16161   1   2  84  13   0 2026-09-16 22:20:37
 0  6       738684     79678192       102892     42434720    0    0 1655808     0 11224 15999   2   2  87  10   0 2026-09-16 22:20:38
 0  7       738684     79675760       102892     42434756    0    0 1644800     0 10996 15930   2   2  87  10   0 2026-09-16 22:20:39
 2  1       738684     79680392       102892     42434784    0    0 2012416   244 11441 16053   1   2  84  13   0 2026-09-16 22:20:40
 0  6       738684     79672384       102892     42434820    0    0 1773056     0 11361 15995   2   1  87  10   0 2026-09-16 22:20:41
 2  0       738684     79675752       102904     42434844    0    0 1839616    92 11441 16004   2   2  86  11   0 2026-09-16 22:20:42
 0  3       738684     79680384       102904     42434888    0    0 1945856     0 11391 16082   2   1  84  13   0 2026-09-16 22:20:43
 1  0       738684     79672192       102904     42434912    4    0 914180     0 10424 15548   3   1  90   6   0 2026-09-16 22:20:44
 0  6       738684     79669056       102904     42434952    0    0 256512   220 10082 15472   3   1  94   2   0 2026-09-16 22:20:45
 1  1       738684     79675512       102904     42434976    0    0 1098240     0 10676 15907   2   1  90   7   0 2026-09-16 22:20:46
 0  7       738684     79681880       102916     42435012    0    0 1159680   104 10663 15633   2   1  90   6   0 2026-09-16 22:20:47
 1  5       738684     79678672       102916     42435048    0    0 1215488     0 10686 15717   2   1  89   7   0 2026-09-16 22:20:48
 2  0       738684     79672016       102916     42435128    0    0 1990192     0 11471 16161   1   2  84  13   0 2026-09-16 22:20:49
 1  2       738684     79672360       102916     42435156    0    0 1655808   440 11063 15970   2   1  87  10   0 2026-09-16 22:20:50
procs -----------------------memory---------------------- ---swap-- -----io---- -system-- --------cpu-------- -----timestamp-----
 r  b         swpd         free         buff        cache   si   so    bi    bo   in   cs  us  sy  id  wa  st                 KST
 0  7       738684     79667936       102916     42435184    0    0 1750784     0 11048 15980   1   2  87  10   0 2026-09-16 22:20:51
 0  3       738684     79668800       102928     42435212    0    0 1861888   112 11345 15891   1   2  84  13   0 2026-09-16 22:20:52
 1  6       738684     79674152       102928     42435244    0    0 1600256     0 10917 16066   2   1  87  10   0 2026-09-16 22:20:53
 1  0       738684     79679088       102928     42435276    0    0 1711360     0 11192 15899   1   2  86  11   0 2026-09-16 22:20:54
 1  7       738684     79673144       102928     42435308    0    0 2051840   384 11553 16168   1   2  85  12   0 2026-09-16 22:20:55
 1  7       738684     79682096       102928     42435336    0    0 1655808     0 11296 15999   2   2  87  10   0 2026-09-16 22:20:56
 2  4       738684     79672672       102940     42435372    0    0 1984768    92 11530 16202   1   2  84  13   0 2026-09-16 22:20:57
 1  6       738684     79684608       102940     42435408    0    0 1789440     0 11334 16168   2   2  87  10   0 2026-09-16 22:20:58
 0  0       738684     79687264       102940     42435440    0    0 1098240     0 10311 15681   1   1  91   7   0 2026-09-16 22:20:59
 0  0       738684     79686432       102940     42435476    0    0     0   252 9094 15106   1   1  98   0   0 2026-09-16 22:21:00
 1  0       738684     79685744       102940     42435496    0    0     0     0 9080 14920   1   1  98   0   0 2026-09-16 22:21:01
 0  4       738684     79683544       102952     42435516    0    0 451584   108 9804 15476   2   1  94   3   0 2026-09-16 22:21:02
 2  3       738684     79678112       102952     42435556    0    0 2107392     0 11661 16092   1   2  85  12   0 2026-09-16 22:21:03
 0  2       738684     79680440       102952     42435588    0    0 1655808     0 11274 15826   2   1  87  10   0 2026-09-16 22:21:04
 0  5       738684     79680240       102952     42435628    0    0 1611264   404 11080 16322   2   1  87  10   0 2026-09-16 22:21:05
 1  6       738684     79681344       102952     42435672    0    0 2246912     0 11637 16407   1   2  84  13   0 2026-09-16 22:21:06
 4  4       738684     79677136       102964     42435684    0    0 1533184   104 10917 15832   2   1  87  10   0 2026-09-16 22:21:07
 1  0       738684     79676016       102964     42435732    0    0 1833984     0 11293 15993   1   1  86  12   0 2026-09-16 22:21:08
 0  1       738684     79676432       102964     42435764    0    0 1806336     0 11289 15918   1   2  86  11   0 2026-09-16 22:21:09
 2  7       738684     79677000       102964     42435796    0    0 1600256     0 10898 15960   2   2  87  10   0 2026-09-16 22:21:10
 1  6       738684     79680152       102964     42435820   12    0 1967884   256 11470 16108   1   2  84  14   0 2026-09-16 22:21:11
procs -----------------------memory---------------------- ---swap-- -----io---- -system-- --------cpu-------- -----timestamp-----
 r  b         swpd         free         buff        cache   si   so    bi    bo   in   cs  us  sy  id  wa  st                 KST
 1  6       738684     79678976       102976     42435856    0    0 1644800   100 11014 15865   2   2  87  10   0 2026-09-16 22:21:12
 0  6       738684     79679536       102976     42435884    0    0 1672448     0 11078 15851   2   1  87  10   0 2026-09-16 22:21:13
 1  6       738684     79677120       102976     42435916    0    0 2101760     0 11419 16216   1   2  84  13   0 2026-09-16 22:21:14
 1  0       738684     79677200       102976     42435952    0    0 646656     0 10154 15416   3   1  92   4   0 2026-09-16 22:21:15
 1  0       738684     79672528       102976     42435972    0    0     0   252 9514 15120   4   1  95   0   0 2026-09-16 22:21:16
 1  5       738684     79672624       102988     42436008    0    0 279040    76 9657 15186   3   1  94   2   0 2026-09-16 22:21:17
 1  6       738684     79669232       102988     42436044    0    0 730112     0 10173 15445   3   1  91   5   0 2026-09-16 22:21:18
 0  5       738684     79673808       102988     42436080    0    0 752640     0 10162 15413   3   1  91   5   0 2026-09-16 22:21:19
 1  5       738684     79677904       102988     42436108    0    0 758272     0 10094 15426   3   1  91   5   0 2026-09-16 22:21:20
 0  6       738684     79682000       102988     42436144    0    0 886528   212 10270 15537   3   1  91   5   0 2026-09-16 22:21:21
 1  4       738684     79679392       103000     42436168    0    0 2009488    88 11354 16193   1   2  84  13   0 2026-09-16 22:21:22
 0  5       738684     79675040       103000     42436204    0    0 1614192     0 10899 16044   2   1  87  10   0 2026-09-16 22:21:23
 0  6       738684     79680960       103000     42436228    0    0 1655808     0 10655 15796   2   1  87  10   0 2026-09-16 22:21:24
 1  5       738684     79683384       103000     42436264    0    0 1956864     0 11385 16344   1   2  84  13   0 2026-09-16 22:21:25
 3  5       738684     79691312       103000     42436292    0    0 1655808   236 11057 16017   2   2  87  10   0 2026-09-16 22:21:26
 1  0       738684     79687616       103012     42436316    0    0 2001408    68 11279 16122   1   2  84  13   0 2026-09-16 22:21:27
 1  5       738684     79680688       103012     42436356    0    0 1761792     0 11075 15984   2   2  87  10   0 2026-09-16 22:21:28
 1  1       738684     79685536       103012     42436392    0    0 1549824     0 10815 15830   2   2  87  10   0 2026-09-16 22:21:29
 2  0       738684     79682592       103012     42436416    0    0 2107392     0 11205 16161   1   2  85  13   0 2026-09-16 22:21:30
 1  6       738684     79681440       103012     42436452    0    0 1611264   220 10816 15957   2   1  87  10   0 2026-09-16 22:21:31
 2  0       738684     79683296       103024     42436480    0    0 1549824    80 10915 15849   2   2  87  10   0 2026-09-16 22:21:32
procs -----------------------memory---------------------- ---swap-- -----io---- -system-- --------cpu-------- -----timestamp-----
 r  b         swpd         free         buff        cache   si   so    bi    bo   in   cs  us  sy  id  wa  st                 KST
 1  0       738684     79678864       103024     42436508    0    0     0     0 9859 15036   4   1  95   0   0 2026-09-16 22:21:33
 2  0       738684     79682688       103024     42436548    0    0 451584     0 10207 15392   3   1  93   3   0 2026-09-16 22:21:34
 2  0       738684     79682320       103024     42436580    0    0 903168     0 10379 15627   3   1  91   5   0 2026-09-16 22:21:35
 2  3       738684     79678560       103024     42436608    0    0 1053696   248 10745 15539   2   1  90   6   0 2026-09-16 22:21:36
 1  0       738684     79673368       103032     42436640    0    0 451584    92 10018 15348   3   1  93   3   0 2026-09-16 22:21:37
 2  3       738684     79677968       103032     42436680    0    0 1354752     0 10728 15866   2   2  88   9   0 2026-09-16 22:21:38
 1  0       738684     79676336       103032     42436712    0    0 1505280     0 10774 15869   2   2  88   9   0 2026-09-16 22:21:39
 1  6       738684     79675104       103032     42436748    0    0 1912320     0 11181 16063   1   2  86  11   0 2026-09-16 22:21:40
 0  6       738684     79678736       103032     42436776    0    0 1644800   256 10950 15822   2   1  87  10   0 2026-09-16 22:21:41
 0  6       738684     79674568       103040     42436792    0    0 2118400    80 11506 16307   1   2  85  13   0 2026-09-16 22:21:43
 1  6       738684     79672896       103040     42436840    0    0 1655808     0 10838 15895   2   2  87  10   0 2026-09-16 22:21:44
 1  6       738684     79676776       103040     42436876    0    0 1644800     0 11001 15770   2   2  87  10   0 2026-09-16 22:21:45
 1  5       738684     79682752       103040     42436900    0    0 2118400     0 11574 16315   1   2  84  13   0 2026-09-16 22:21:46
 1  2       738684     79688128       103040     42436928    0    0 1549824   244 11064 15905   2   2  87  10   0 2026-09-16 22:21:47
 2  0       738684     79687272       103048     42436960    0    0 1655808    68 11098 16026   1   2  87  10   0 2026-09-16 22:21:48
 0  5       738684     79683272       103048     42437000    0    0 1912320     0 11184 16079   1   1  85  12   0 2026-09-16 22:21:49
 1  2       738684     79686608       103048     42437028    0    0 1700352     0 11134 16021   2   2  87  10   0 2026-09-16 22:21:50
 1  3       738684     79684928       103048     42437064    0    0 2107392     0 11595 16325   1   2  84  13   0 2026-09-16 22:21:51
 0  6       738684     79682064       103048     42437092    0    0 858624     0 10354 15478   3   1  91   5   0 2026-09-16 22:21:52
 0  3       738684     79686240       103056     42437120    0    0 1700352   316 11139 15942   2   2  86  11   0 2026-09-16 22:21:53
 1  0       738684     79678800       103056     42437148    0    0 301056     0 9901 15611   3   1  94   2   0 2026-09-16 22:21:54
procs -----------------------memory---------------------- ---swap-- -----io---- -system-- --------cpu-------- -----timestamp-----
 r  b         swpd         free         buff        cache   si   so    bi    bo   in   cs  us  sy  id  wa  st                 KST
 1  6       738684     79677416       103056     42437188    0    0 552192     0 10045 15490   3   1  93   3   0 2026-09-16 22:21:55
 2  0       738684     79680032       103056     42437208    0    0 1103616     0 10419 15639   2   1  90   7   0 2026-09-16 22:21:56
 0  6       738684     79681736       103056     42437260    0    0 1154304     0 10725 15628   2   1  90   6   0 2026-09-16 22:21:57
 2  0       738684     79678000       103064     42437284    0    0 1555200   324 11204 16011   2   1  88   9   0 2026-09-16 22:21:58
 0  5       738684     79683888       103064     42437328    0    0 1633792     0 11053 15973   2   2  87  10   0 2026-09-16 22:21:59
 0  3       738684     79685232       103064     42437352    0    0 2129408     0 11493 16081   1   2  84  13   0 2026-09-16 22:22:00
 1  5       738684     79689040       103064     42437388    0    0 1761792     0 11197 16084   2   1  87  10   0 2026-09-16 22:22:01
 0  5       738684     79688656       103064     42437420    0    0 1667072     0 11126 15977   2   1  87  10   0 2026-09-16 22:22:02
 1  7       738684     79685200       103072     42437444    0    0 2085120   336 11502 16079   1   2  84  13   0 2026-09-16 22:22:03
 1  6       738684     79683008       103072     42437476    0    0 1655808     0 11068 15979   2   2  87  10   0 2026-09-16 22:22:04
 2  0       738684     79677784       103072     42437516    0    0 1861888     0 11234 16012   1   2  85  12   0 2026-09-16 22:22:05
 0  5       738684     79674856       103072     42437668    0    0 1773184     0 11468 16412   1   2  86  11   0 2026-09-16 22:22:06
 1  6       738684     79678240       103072     42437704    0    0 1644544     0 10895 15943   2   1  87  10   0 2026-09-16 22:22:07
 1  5       738684     79677296       103080     42437732    0    0 1956864   300 11252 16004   1   2  84  13   0 2026-09-16 22:22:08
 1  0       738684     79672880       103080     42437760    0    0 345600     0 9919 15370   3   1  94   2   0 2026-09-16 22:22:09
 2  0       738684     79672776       103080     42437800    0    0 602112     0 10048 15523   3   1  92   4   0 2026-09-16 22:22:10
 1  0       738684     79672896       103080     42437824    0    0 1053696     0 10312 15608   2   1  90   6   0 2026-09-16 22:22:11
 1  0       738684     79679024       103080     42437860    0    0 1204224     0 10768 15650   2   1  90   6   0 2026-09-16 22:22:12
 1  0       738684     79671104       103088     42437888    0    0     0   280 9513 15123   4   1  95   0   0 2026-09-16 22:22:13
 1  6       738684     79677000       103088     42437920    0    0 708096     0 10224 15578   3   1  92   4   0 2026-09-16 22:22:14
 1  0       738684     79684360       103088     42437952    0    0 1098240     0 10539 15753   2   1  90   6   0 2026-09-16 22:22:15
procs -----------------------memory---------------------- ---swap-- -----io---- -system-- --------cpu-------- -----timestamp-----
 r  b         swpd         free         buff        cache   si   so    bi    bo   in   cs  us  sy  id  wa  st                 KST
 2  0       738684     79685904       103088     42437976    0    0 1053696     0 10450 15551   2   1  91   5   0 2026-09-16 22:22:16
 0  2       738684     79684240       103088     42438016    0    0 1806336     0 11269 15876   1   2  86  10   0 2026-09-16 22:22:17
 0  6       738684     79679248       103096     42438048    0    0 1750784   312 11004 16059   2   1  87  10   0 2026-09-16 22:22:18
 0  7       738684     79681400       103096     42438080    0    0 2107392     0 11582 16141   1   2  85  13   0 2026-09-16 22:22:19
 8  1       738684     79679944       103096     42438112    0    0 1570048     0 11116 15861   2   2  87  10   0 2026-09-16 22:22:20
 0  5       738684     79675976       103096     42438144    0    0 1602048     0 10970 15806   2   2  87  10   0 2026-09-16 22:22:21
 1  7       738684     79673824       103096     42438184    0    0 2096384     0 11492 16218   1   2  85  12   0 2026-09-16 22:22:22
 1  5       738684     79676688       103104     42438208    0    0 1666816   320 11211 16037   2   2  87  10   0 2026-09-16 22:22:23
 2  0       738684     79675776       103104     42438232    0    0 1700352     0 11110 16116   1   2  86  11   0 2026-09-16 22:22:24
 1  5       738684     79677880       103104     42438276    0    0 1917952     0 11251 16072   1   2  85  13   0 2026-09-16 22:22:25
 1  2       738684     79679664       103104     42438304    0    0 1544192     0 11186 16217   1   2  86  10   0 2026-09-16 22:22:26
 7  1       738684     79674064       103104     42438332    0    0 2125672     0 11717 16265   1   2  84  13   0 2026-09-16 22:22:27
 2  0       738684     79666832       103112     42438360    0    0 132248   312 9781 15249   4   1  94   1   0 2026-09-16 22:22:28
 0  5       738684     79668152       103112     42438404    0    0 563200     0 10048 15377   3   1  92   4   0 2026-09-16 22:22:29
 0  6       738684     79666032       103112     42438428    0    0 1048064     0 10338 15694   2   1  90   7   0 2026-09-16 22:22:30
 2  5       738684     79668176       103112     42438464    0    0 1059328     0 10549 15713   2   2  90   6   0 2026-09-16 22:22:31
 2  4       738684     79668304       103112     42438488    0    0 1382656     0 10801 15751   2   1  88   8   0 2026-09-16 22:22:32
 1  0       738684     79671936       103120     42438512    0    0 1666816   292 11042 15941   2   2  87  10   0 2026-09-16 22:22:33
 0  2       738684     79679056       103120     42438552    0    0 2107392     0 11513 16221   1   2  84  13   0 2026-09-16 22:22:34
 1  5       738684     79680368       103120     42438588    0    0 1622528     0 10915 15986   2   2  87  10   0 2026-09-16 22:22:35
 2  0       738684     79681720       103120     42438612    0    0 1990144     0 11445 16202   1   1  86  11   0 2026-09-16 22:22:36
procs -----------------------memory---------------------- ---swap-- -----io---- -system-- --------cpu-------- -----timestamp-----
 r  b         swpd         free         buff        cache   si   so    bi    bo   in   cs  us  sy  id  wa  st                 KST
 1  5       738684     79683304       103120     42438648    0    0 1761792     0 11020 15966   1   2  85  12   0 2026-09-16 22:22:37
 1  5       738684     79685888       103128     42438676    0    0 1661440    72 10992 15905   2   1  87  10   0 2026-09-16 22:22:38
 1  6       738684     79687008       103128     42438716    0    0 2090752   236 11245 16144   1   2  85  13   0 2026-09-16 22:22:39
 1  6       738684     79679280       103128     42438736    0    0 1655808     0 11068 15992   2   1  87  10   0 2026-09-16 22:22:40
 1  6       738684     79675280       103128     42438764    0    0 1521920     0 10816 15933   2   1  87  10   0 2026-09-16 22:22:41
 0  0       738684     79682208       103128     42438800    0    0 1995776     0 11161 16174   1   1  85  13   0 2026-09-16 22:22:42
 0  0       738684     79684360       103136     42438836    0    0 752640    72 9921 15579   1   1  93   5   0 2026-09-16 22:22:43
 0  0       738684     79676400       103136     42438876    0    0     0   248 9055 14966   1   1  98   0   0 2026-09-16 22:22:44
 1  0       738684     79679536       103136     42438904    0    0     0     0 9162 14927   1   1  98   0   0 2026-09-16 22:22:45
 1  0       738684     79670280       103136     42438940    0    0     0     0 9631 15329   2   1  96   0   0 2026-09-16 22:22:46
