#Date        Time         gpu    pwr  gtemp  mtemp     sm    mem    enc    dec    jpg    ofa   mclk   pclk  pviol  tviol     fb   bar1   ccpm  sbecc  dbecc    pci  rxpci  txpci 
#YYYYMMDD    HH:MM:SS     Idx      W      C      C      %      %      %      %      %      %    MHz    MHz      %   bool     MB     MB     MB   errs   errs   errs   MB/s   MB/s 
 20260920    23:58:26       0      8     58      -      0      0      0      0      0      0    405    300      0      0     15      5      0      -      -      0      0      0 
 20260920    23:58:27       0      7     58      -      0      0      0      0      0      0    405    300      0      0     15      5      0      -      -      0      0      0 
 20260920    23:58:28       0      8     58      -      0      0      0      0      0      0    405    300      0      0     15      5      0      -      -      0      0      0 
 20260920    23:58:29       0      7     57      -      0      0      0      0      0      0    405    300      0      0     15      5      0      -      -      0      0      0 
 20260920    23:58:31       0      7     57      -      0      0      0      0      0      0    405    300      0      0     15      5      0      -      -      0      0      0 
 20260920    23:58:32       0      7     57      -      0      0      0      0      0      0    405    300      0      0     15      5      0      -      -      0      0      0 
 20260920    23:58:33       0      7     56      -      0      0      0      0      0      0    405    300      0      0     15      5      0      -      -      0      4      0 
 20260920    23:58:34       0      7     56      -      0      0      0      0      0      0    405    300      0      0     15      5      0      -      -      0      0      0 
 20260920    23:58:35       0      7     56      -      0      0      0      0      0      0    405    300      0      0     15      5      0      -      -      0      0      0 
 20260920    23:58:36       0      8     56      -      0      0      0      0      0      0    405    300      0      0     15      5      0      -      -      0      0      0 
 20260920    23:58:37       0      7     55      -      0      0      0      0      0      0    405    300      0      0     15      5      0      -      -      0      0      0 
 20260920    23:58:38       0      8     55      -      0      0      0      0      0      0    405    300      0      0     15      5      0      -      -      0      0      0 
 20260920    23:58:39       0      8     55      -      0      0      0      0      0      0    405    300      0      0     15      5      0      -      -      0      9      0 
 20260920    23:58:40       0     11     56      -      0      0      0      0      0      0   7000   1620      0      0     28      7      0      -      -      0    124     23 
 20260920    23:58:41       0     46     57      -      1      0      0      0      0      0   6500   1620      0      0    238      7      0      -      -      0      0      0 
 20260920    23:58:42       0     46     57      -      0      0      0      0      0      0   6500   1620      0      0   5760      7      0      -      -      0      0      5 
 20260920    23:58:43       0     62     58      -     44      3      0      0      0      0   6500   1920      0      0   6788      7      0      -      -      0   5410    635 
 20260920    23:58:44       0     58     58      -      0      0      0      0      0      0   6500   1920      0      0   5770      7      0      -      -      0      0      0 
 20260920    23:58:45       0    226     64      -    100     56      0      0      0      0   6500   1860      0      0   6858      7      0      -      -      0     26     11 
 20260920    23:58:47       0    222     65      -    100     58      0      0      0      0   6500   1875      0      0   6858      7      0      -      -      0     30      9 
 20260920    23:58:48       0     59     61      -      3      3      0      0      0      0   6500   1905      0      0   6870      7      0      -      -      0      0      0 
 20260920    23:58:49       0     58     60      -      0      0      0      0      0      0   6500   1905      0      0   9224      7      0      -      -      0      0      0 
 20260920    23:58:50       0     47     59      -      0      0      0      0      0      0   6500   1620      0      0   9224      7      0      -      -      0      0      0 
 20260920    23:58:51       0     47     59      -      4      0      0      0      0      0   6500   1620      0      0   9240      7      0      -      -      0      0      0 
 20260920    23:58:52       0     50     59      -     57     42      0      0      0      0   6500   1905      0      0   9240      7      0      -      -      0      0      0 
 20260920    23:58:53       0    121     61      -    100      0      0      0      0      0   6500   1905      0      0   9240      7      0      -      -      0      0      0 
 20260920    23:58:54       0    120     62      -    100      2      0      0      0      0   6500   1905      0      0   9240      7      0      -      -      0      0      0 
 20260920    23:58:55       0    120     63      -    100     20      0      0      0      0   6500   1905      0      0   9240      7      0      -      -      0      0      0 
 20260920    23:58:56       0    121     63      -    100      0      0      0      0      0   6500   1905      0      0   9240      7      0      -      -      0      0      0 
 20260920    23:58:57       0    120     63      -    100      0      0      0      0      0   6500   1905      0      0   9240      7      0      -      -      0      0      0 
 20260920    23:58:58       0    121     64      -    100     13      0      0      0      0   6500   1905      0      0   9240      7      0      -      -      0      0      0 
 20260920    23:58:59       0    120     64      -    100     22      0      0      0      0   6500   1905      0      0   9240      7      0      -      -      0      0      8 
 20260920    23:59:00       0    121     64      -    100      0      0      0      0      0   6500   1905      0      0   9240      7      0      -      -      0      0      0 
 20260920    23:59:01       0    117     64      -    100      5      0      0      0      0   6500   1890      0      0   9240      7      0      -      -      0      0      0 
 20260920    23:59:02       0    115     65      -    100     22      0      0      0      0   6500   1890      0      0   9240      7      0      -      -      0      0      0 
 20260920    23:59:03       0    117     65      -    100     22      0      0      0      0   6500   1890      0      0   9240      7      0      -      -      0      0      5 
 20260920    23:59:04       0    123     65      -    100      8      0      0      0      0   6500   1890      0      0   9240      7      0      -      -      0      0      0 
 20260920    23:59:05       0    115     66      -    100     22      0      0      0      0   6500   1890      0      0   9240      7      0      -      -      0      0      0 
 20260920    23:59:07       0    166     66      -    100     22      0      0      0      0   6500   1890      0      0   9240      7      0      -      -      0      0      0 
 20260920    23:59:08       0    127     66      -    100     13      0      0      0      0   6500   1875      0      0   9240      7      0      -      -      0      0      0 
 20260920    23:59:09       0    208     67      -    100      0      0      0      0      0   6500   1875      0      0   9240      7      0      -      -      0      0      0 
 20260920    23:59:10       0    161     67      -     98     25      0      0      0      0   6500   1875      0      0   9244     11      0      -      -      0     28      0 
 20260920    23:59:11       0    132     67      -    100     22      0      0      0      0   6500   1890      0      0   9244     11      0      -      -      0      0      0 
 20260920    23:59:12       0    122     67      -    100     20      0      0      0      0   6500   1890      0      0   9244     11      0      -      -      0      0      0 
#Date        Time         gpu    pwr  gtemp  mtemp     sm    mem    enc    dec    jpg    ofa   mclk   pclk  pviol  tviol     fb   bar1   ccpm  sbecc  dbecc    pci  rxpci  txpci 
#YYYYMMDD    HH:MM:SS     Idx      W      C      C      %      %      %      %      %      %    MHz    MHz      %   bool     MB     MB     MB   errs   errs   errs   MB/s   MB/s 
 20260920    23:59:13       0    123     68      -    100      0      0      0      0      0   6500   1890      0      0   9244     11      0      -      -      0     18      9 
 20260920    23:59:14       0    133     69      -    100     22      0      0      0      0   6500   1860      0      0   9244     11      0      -      -      0      0      0 
 20260920    23:59:15       0    114     68      -    100     22      0      0      0      0   6500   1890      0      0   9244     11      0      -      -      0      0      0 
 20260920    23:59:16       0    119     68      -    100     14      0      0      0      0   6500   1890      0      0   9244     11      0      -      -      0      0      0 
 20260920    23:59:17       0    124     68      -    100      0      0      0      0      0   6500   1890      0      0   9244     11      0      -      -      0     23      9 
 20260920    23:59:18       0    164     69      -    100     22      0      0      0      0   6500   1860      0      0   9244     11      0      -      -      0      0      0 
 20260920    23:59:19       0    117     69      -    100     22      0      0      0      0   6500   1890      0      0   9244     11      0      -      -      0      0      0 
 20260920    23:59:20       0    121     69      -    100      7      0      0      0      0   6500   1890      0      0   9244     11      0      -      -      0      0      0 
 20260920    23:59:21       0    125     69      -    100      0      0      0      0      0   6500   1890      0      0   9244     11      0      -      -      0     23      9 
 20260920    23:59:22       0    188     70      -    100      0      0      0      0      0   6500   1860      0      0   9244     11      0      -      -      0      0      0 
 20260920    23:59:23       0    119     70      -    100     22      0      0      0      0   6500   1890      0      0   9244     11      0      -      -      0      0      0 
 20260920    23:59:24       0    123     70      -    100      4      0      0      0      0   6500   1890      0      0   9244     11      0      -      -      0      0      4 
 20260920    23:59:25       0    147     71      -    100      5      0      0      0      0   6500   1890      0      0   9244     11      0      -      -      0    117     21 
 20260920    23:59:27       0    146     71      -    100      5      0      0      0      0   6500   1890      0      0   9244     11      0      -      -      0    117     24 
 20260920    23:59:28       0    144     71      -     97     31      0      0      0      0   6500   1890      0      0   9246     11      0      -      -      0    131    241 
 20260920    23:59:29       0    127     70      -     49      3      0      0      0      0   6500   1890      0      0   9246     11      0      -      -      0    185     26 
 20260920    23:59:30       0    118     70      -    100     22      0      0      0      0   6500   1875      0      0   9246     11      0      -      -      0    185     26 
 20260920    23:59:31       0    143     71      -    100      6      0      0      0      0   6500   1860      0      0   9246     11      0      -      -      0    186     26 
 20260920    23:59:32       0    201     71      -    100     22      0      0      0      0   6500   1860      0      0   9246     11      0      -      -      0    185     26 
 20260920    23:59:33       0    207     71      -    100     19      0      0      0      0   6500   1860      0      0   9246     11      0      -      -      0    185     26 
 20260920    23:59:34       0    140     72      -    100      0      0      0      0      0   6500   1845      0      0   9246     11      0      -      -      0    186     26 
 20260920    23:59:35       0    174     74      -    100      0      0      0      0      0   6500   1800      0      0   9246     11      0      -      -      0    185     26 
 20260920    23:59:36       0    126     74      -    100      8      0      0      0      0   6500   1785      0      0   9246     11      0      -      -      0    340    443 
 20260920    23:59:37       0    126     73      -    100      0      0      0      0      0   6500   1875      0      0   9246     11      0      -      -      0    216     35 
 20260920    23:59:38       0    126     72      -    100      0      0      0      0      0   6500   1875      0      0   9246     11      0      -      -      0    206     38 
 20260920    23:59:39       0    126     72      -    100      0      0      0      0      0   6500   1875      0      0   9246     11      0      -      -      0    212     32 
 20260920    23:59:40       0    125     72      -    100      0      0      0      0      0   6500   1875      0      0   9246     11      0      -      -      0    212     32 
 20260920    23:59:41       0    125     72      -    100      0      0      0      0      0   6500   1875      0      0   9246     11      0      -      -      0    212     36 
 20260920    23:59:42       0    124     72      -    100      0      0      0      0      0   6500   1875      0      0   9246     11      0      -      -      0    212     32 
 20260920    23:59:43       0    124     72      -    100     16      0      0      0      0   6500   1875      0      0   9246     11      0      -      -      0    211     32 
 20260920    23:59:44       0    123     72      -    100      0      0      0      0      0   6500   1875      0      0   9246     11      0      -      -      0    212     32 
 20260920    23:59:46       0    124     72      -    100      3      0      0      0      0   6500   1875      0      0   9246     11      0      -      -      0    212     32 
 20260920    23:59:47       0     66     71      -      0      0      0      0      0      0   6500   1875      0      0   9246     11      0      -      -      0     47    772 
 20260920    23:59:48       0    125     72      -    100      1      0      0      0      0   6500   1875      0      0   9246     11      0      -      -      0    172     24 
 20260920    23:59:49       0    125     72      -    100      0      0      0      0      0   6500   1875      0      0   9246     11      0      -      -      0    172     24 
 20260920    23:59:50       0    125     72      -    100      0      0      0      0      0   6500   1875      0      0   9246     11      0      -      -      0    174     24 
 20260920    23:59:51       0    124     73      -    100      5      0      0      0      0   6500   1875      0      0   9246     11      0      -      -      0    172     24 
 20260920    23:59:52       0    124     73      -    100     21      0      0      0      0   6500   1875      0      0   9246     11      0      -      -      0    172     24 
 20260920    23:59:53       0    120     73      -    100      0      0      0      0      0   6500   1875      0      0   9246     11      0      -      -      0    173     24 
 20260920    23:59:54       0    121     73      -    100     13      0      0      0      0   6500   1875      0      0   9246     11      0      -      -      0    173     24 
 20260920    23:59:55       0    116     73      -    100     22      0      0      0      0   6500   1875      0      0   9246     11      0      -      -      0    173     24 
 20260920    23:59:56       0    119     73      -    100     22      0      0      0      0   6500   1875      0      0   9246     11      0      -      -      0    172     24 
 20260920    23:59:57       0    165     73      -    100     21      0      0      0      0   6500   1875      0      0   9246     11      0      -      -      0    172     24 
 20260920    23:59:58       0    135     73      -    100     21      0      0      0      0   6500   1860      0      0   9246     11      0      -      -      0    173     24 
#Date        Time         gpu    pwr  gtemp  mtemp     sm    mem    enc    dec    jpg    ofa   mclk   pclk  pviol  tviol     fb   bar1   ccpm  sbecc  dbecc    pci  rxpci  txpci 
#YYYYMMDD    HH:MM:SS     Idx      W      C      C      %      %      %      %      %      %    MHz    MHz      %   bool     MB     MB     MB   errs   errs   errs   MB/s   MB/s 
 20260920    23:59:59       0    209     73      -    100     17      0      0      0      0   6500   1860      0      0   9246     11      0      -      -      0    173     25 
 20260921    00:00:00       0    203     74      -    100      0      0      0      0      0   6500   1860      0      0   9246     11      0      -      -      0    173     24 
 20260921    00:00:01       0    170     74      -    100     21      0      0      0      0   6500   1845      0      0   9246     11      0      -      -      0    172     33 
 20260921    00:00:02       0    194     76      -    100      8      0      0      0      0   6500   1815      0      0   9246     11      0      -      -      0    204     30 
 20260921    00:00:03       0    128     76      -    100      0      0      0      0      0   6500   1785      0      0   9246     11      0      -      -      0    208     30 
 20260921    00:00:05       0    128     76      -    100      0      0      0      0      0   6500   1875      0      0   9246     11      0      -      -      0    667    334 
 20260921    00:00:06       0    127     73      -    100      0      0      0      0      0   6500   1875      0      0   9246     11      0      -      -      0    673    762 
 20260921    00:00:07       0    127     74      -    100      0      0      0      0      0   6500   1875      0      0   9246     11      0      -      -      0    212     56 
 20260921    00:00:08       0    126     74      -    100      0      0      0      0      0   6500   1875      0      0   9246     11      0      -      -      0    217     56 
 20260921    00:00:09       0    127     74      -    100      0      0      0      0      0   6500   1875      0      0   9246     11      0      -      -      0    215     56 
 20260921    00:00:10       0    126     74      -    100     22      0      0      0      0   6500   1875      0      0   9246     11      0      -      -      0    212     58 
 20260921    00:00:11       0    122     74      -    100      0      0      0      0      0   6500   1875      0      0   9246     11      0      -      -      0    229     56 
 20260921    00:00:12       0    123     74      -    100     12      0      0      0      0   6500   1875      0      0   9246     11      0      -      -      0    214     56 
 20260921    00:00:13       0    117     74      -    100     23      0      0      0      0   6500   1875      0      0   9246     11      0      -      -      0    212     57 
 20260921    00:00:14       0    118     74      -    100     20      0      0      0      0   6500   1875      0      0   9246     11      0      -      -      0    214     56 
 20260921    00:00:15       0    187     74      -    100     22      0      0      0      0   6500   1860      0      0   9246     11      0      -      -      0    212     55 
 20260921    00:00:16       0    159     74      -    100     23      0      0      0      0   6500   1860      0      0   9246     11      0      -      -      0    229     57 
 20260921    00:00:17       0    191     74      -    100      5      0      0      0      0   6500   1860      0      0   9246     11      0      -      -      0    216     56 
 20260921    00:00:18       0    206     75      -    100      0      0      0      0      0   6500   1815      0      0   9246     11      0      -      -      0    213     58 
 20260921    00:00:19       0    129     77      -    100     18      0      0      0      0   6500   1800      0      0   9246     11      0      -      -      0    336     56 
 20260921    00:00:20       0    133     77      -    100      0      0      0      0      0   6500   1785      0      0   9246     11      0      -      -      0    484     72 
 20260921    00:00:21       0    129     76      -    100      0      0      0      0      0   6500   1875      0      0   9246     11      0      -      -      0    801     87 
 20260921    00:00:22       0    157     75      -    100     18      0      0      0      0   6500   1860      0      0   9246     11      0      -      -      0    185     27 
 20260921    00:00:24       0    170     75      -    100     23      0      0      0      0   6500   1860      0      0   9246     11      0      -      -      0    210     33 
 20260921    00:00:25       0    204     77      -    100     30      0      0      0      0   6500   1875      0      0   9250     15      0      -      -      0    169     30 
 20260921    00:00:26       0    181     77      -    100     24      0      0      0      0   6500   1860      0      0   9250     15      0      -      -      0    208     37 
 20260921    00:00:27       0    166     75      -    100     21      0      0      0      0   6500   1860      0      0   9250     15      0      -      -      0   1054     27 
 20260921    00:00:28       0    188     77      -    100     16      0      0      0      0   6500   1860      0      0   9250     15      0      -      -      0    199     30 
 20260921    00:00:29       0    165     76      -    100     16      0      0      0      0   6500   1860      0      0   9250     15      0      -      -      0    205     32 
 20260921    00:00:30       0    128     76      -    100      0      0      0      0      0   6500   1875      0      0   9250     15      0      -      -      0    274    446 
 20260921    00:00:31       0    136     75      -    100      3      0      0      0      0   6500   1875      0      0   9250     15      0      -      -      0    176     24 
 20260921    00:00:32       0    128     75      -    100      0      0      0      0      0   6500   1875      0      0   9250     15      0      -      -      0    186     32 
 20260921    00:00:33       0    141     75      -    100     19      0      0      0      0   6500   1875      0      0   9250     15      0      -      -      0    176     24 
 20260921    00:00:34       0    128     75      -    100      1      0      0      0      0   6500   1875      0      0   9250     15      0      -      -      0    183     33 
 20260921    00:00:35       0    152     75      -    100     19      0      0      0      0   6500   1860      0      0   9250     15      0      -      -      0    176     24 
 20260921    00:00:36       0    126     75      -    100      0      0      0      0      0   6500   1860      0      0   9250     15      0      -      -      0    202     38 
 20260921    00:00:37       0    187     75      -    100     20      0      0      0      0   6500   1845      0      0   9250     15      0      -      -      0    203     30 
 20260921    00:00:38       0    125     75      -    100     12      0      0      0      0   6500   1860      0      0   9250     15      0      -      -      0    202     30 
 20260921    00:00:39       0    199     75      -    100     19      0      0      0      0   6500   1845      0      0   9250     15      0      -      -      0    203     30 
 20260921    00:00:40       0    125     75      -    100      0      0      0      0      0   6500   1860      0      0   9250     15      0      -      -      0    203     34 
 20260921    00:00:41       0    198     75      -    100      8      0      0      0      0   6500   1845      0      0   9250     15      0      -      -      0    207     30 
 20260921    00:00:43       0    125     75      -    100     19      0      0      0      0   6500   1860      0      0   9250     15      0      -      -      0    203     30 
 20260921    00:00:44       0    166     76      -    100     20      0      0      0      0   6500   1845      0      0   9250     15      0      -      -      0    867    109 
 20260921    00:00:45       0    168     77      -    100     20      0      0      0      0   6500   1845      0      0   9250     15      0      -      -      0    216    114 
#Date        Time         gpu    pwr  gtemp  mtemp     sm    mem    enc    dec    jpg    ofa   mclk   pclk  pviol  tviol     fb   bar1   ccpm  sbecc  dbecc    pci  rxpci  txpci 
#YYYYMMDD    HH:MM:SS     Idx      W      C      C      %      %      %      %      %      %    MHz    MHz      %   bool     MB     MB     MB   errs   errs   errs   MB/s   MB/s 
 20260921    00:00:46       0    146     76      -    100     24      0      0      0      0   6500   1860      0      0   9250     15      0      -      -      0     26      9 
 20260921    00:00:47       0    168     75      -    100     21      0      0      0      0   6500   1845      0      0   9250     15      0      -      -      0    827     91 
 20260921    00:00:48       0    163     77      -    100     21      0      0      0      0   6500   1800      0      0   9250     15      0      -      -      0    190     57 
 20260921    00:00:49       0    169     76      -    100     17      0      0      0      0   6500   1830      0      0   9250     15      0      -      -      0    190     59 
 20260921    00:00:50       0     66     74      -     30     21      0      0      0      0   6500   1860      0      0   9250     15      0      -      -      0      0      0 
 20260921    00:00:51       0     66     73      -      0      0      0      0      0      0   6500   1875      0      0   9250     15      0      -      -      0      0      0 
 20260921    00:00:52       0     51     72      -      0      0      0      0      0      0   6500   1620      0      0   9250     15      0      -      -      0      0      0 
 20260921    00:00:53       0     51     71      -      0      0      0      0      0      0   6500   1620      0      0   9250     15      0      -      -      0      0      0 
 20260921    00:00:54       0     51     71      -      0      0      0      0      0      0   6500   1620      0      0   9250     15      0      -      -      0      0      0 
 20260921    00:00:55       0     51     70      -      0      0      0      0      0      0   6500   1620      0      0   9250     15      0      -      -      0      0      0 
 20260921    00:00:56       0     50     70      -      0      0      0      0      0      0   6500   1620      0      0   9250     15      0      -      -      0      0      0 
 20260921    00:00:57       0     50     70      -      0      0      0      0      0      0   6500   1620      0      0   9250     15      0      -      -      0      0      0 
 20260921    00:00:58       0     50     69      -      0      0      0      0      0      0   6500   1620      0      0   9250     15      0      -      -      0      0      0 
 20260921    00:00:59       0     50     69      -      0      0      0      0      0      0   6500   1620      0      0   9250     15      0      -      -      0      0      0 
 20260921    00:01:00       0     50     68      -      0      0      0      0      0      0   6500   1620      0      0   9250     15      0      -      -      0      0      3 
 20260921    00:01:02       0     64     69      -      0      0      0      0      0      0   6500   1875      0      0   9250     15      0      -      -      0      0      0 
 20260921    00:01:03       0    172     71      -    100     22      0      0      0      0   6500   1860      0      0   9250     15      0      -      -      0    177     24 
 20260921    00:01:04       0    187     71      -    100      1      0      0      0      0   6500   1860      0      0   9250     15      0      -      -      0    176     24 
 20260921    00:01:05       0    207     72      -    100      0      0      0      0      0   6500   1860      0      0   9250     15      0      -      -      0    180     24 
 20260921    00:01:06       0    127     73      -    100     18      0      0      0      0   6500   1830      0      0   9250     15      0      -      -      0    177     25 
 20260921    00:01:07       0    155     74      -    100      0      0      0      0      0   6500   1770      0      0   9250     15      0      -      -      0    180     24 
 20260921    00:01:08       0    126     74      -    100      0      0      0      0      0   6500   1785      0      0   9250     15      0      -      -      0    181     27 
 20260921    00:01:09       0    126     73      -    100      0      0      0      0      0   6500   1875      0      0   9250     15      0      -      -      0    194     29 
 20260921    00:01:10       0    126     72      -    100      0      0      0      0      0   6500   1875      0      0   9250     15      0      -      -      0    178     33 
 20260921    00:01:11       0    126     72      -    100      0      0      0      0      0   6500   1875      0      0   9250     15      0      -      -      0    203     30 
 20260921    00:01:12       0    125     72      -    100      0      0      0      0      0   6500   1875      0      0   9250     15      0      -      -      0    203     30 
 20260921    00:01:13       0    126     72      -    100      2      0      0      0      0   6500   1875      0      0   9250     15      0      -      -      0    203     30 
 20260921    00:01:14       0    124     72      -    100      0      0      0      0      0   6500   1875      0      0   9250     15      0      -      -      0    203     30 
 20260921    00:01:15       0    124     72      -    100      0      0      0      0      0   6500   1875      0      0   9250     15      0      -      -      0    203     30 
 20260921    00:01:16       0    123     72      -    100      7      0      0      0      0   6500   1875      0      0   9250     15      0      -      -      0    203     30 
 20260921    00:01:17       0    124     72      -    100     21      0      0      0      0   6500   1875      0      0   9250     15      0      -      -      0    203     30 
 20260921    00:01:18       0    120     72      -    100      0      0      0      0      0   6500   1875      0      0   9250     15      0      -      -      0    202     30 
 20260921    00:01:19       0    122     72      -    100     27      0      0      0      0   6500   1875      0      0   9250     15      0      -      -      0    168     22 
 20260921    00:01:21       0    125     72      -    100      0      0      0      0      0   6500   1875      0      0   9250     15      0      -      -      0    290    739 
 20260921    00:01:22       0    118     72      -    100      8      0      0      0      0   6500   1875      0      0   9250     15      0      -      -      0    171     22 
 20260921    00:01:23       0    124     72      -    100      0      0      0      0      0   6500   1875      0      0   9250     15      0      -      -      0    169    744 
 20260921    00:01:24       0    120     72      -    100     13      0      0      0      0   6500   1875      0      0   9250     15      0      -      -      0    168     22 
 20260921    00:01:25       0    125     72      -    100      4      0      0      0      0   6500   1875      0      0   9250     15      0      -      -      0    200     35 
 20260921    00:01:26       0    149     72      -    100      0      0      0      0      0   6500   1860      0      0   9250     15      0      -      -      0    199     30 
 20260921    00:01:27       0    124     72      -    100      0      0      0      0      0   6500   1875      0      0   9250     15      0      -      -      0    200     30 
 20260921    00:01:28       0    176     73      -    100     13      0      0      0      0   6500   1860      0      0   9250     15      0      -      -      0    200     30 
 20260921    00:01:29       0    123     72      -    100     12      0      0      0      0   6500   1875      0      0   9250     15      0      -      -      0    199     30 
 20260921    00:01:30       0    182     73      -    100      0      0      0      0      0   6500   1845      0      0   9250     15      0      -      -      0    200     32 
 20260921    00:01:31       0    121     72      -    100     12      0      0      0      0   6500   1875      0      0   9250     15      0      -      -      0    200     30 
#Date        Time         gpu    pwr  gtemp  mtemp     sm    mem    enc    dec    jpg    ofa   mclk   pclk  pviol  tviol     fb   bar1   ccpm  sbecc  dbecc    pci  rxpci  txpci 
#YYYYMMDD    HH:MM:SS     Idx      W      C      C      %      %      %      %      %      %    MHz    MHz      %   bool     MB     MB     MB   errs   errs   errs   MB/s   MB/s 
 20260921    00:01:32       0    126     75      -    100      0      0      0      0      0   6500   1815      0      0   9250     15      0      -      -      0    200     30 
 20260921    00:01:33       0    143     73      -    100     38      0      0      0      0   6500   1875      0      0   9250     15      0      -      -      0     64      9 
 20260921    00:01:34       0    134     73      -    100     15      0      0      0      0   6500   1875      0      0   9250     15      0      -      -      0    178     28 
 20260921    00:01:35       0    118     73      -    100     12      0      0      0      0   6500   1875      0      0   9250     15      0      -      -      0    176     29 
 20260921    00:01:36       0    133     73      -    100     14      0      0      0      0   6500   1875      0      0   9250     15      0      -      -      0    176     26 
 20260921    00:01:37       0    120     73      -    100     15      0      0      0      0   6500   1875      0      0   9250     15      0      -      -      0    199     30 
 20260921    00:01:38       0    132     73      -    100     14      0      0      0      0   6500   1875      0      0   9250     15      0      -      -      0    199     30 
 20260921    00:01:40       0    120     73      -    100     12      0      0      0      0   6500   1875      0      0   9250     15      0      -      -      0    199     30 
 20260921    00:01:41       0    127     73      -    100     14      0      0      0      0   6500   1875      0      0   9250     15      0      -      -      0    199     30 
 20260921    00:01:42       0    121     73      -    100     15      0      0      0      0   6500   1875      0      0   9250     15      0      -      -      0    199     34 
 20260921    00:01:43       0    146     75      -    100      5      0      0      0      0   6500   1875      0      0   9250     15      0      -      -      0    170     26 
 20260921    00:01:44       0    145     74      -    100      7      0      0      0      0   6500   1875      0      0   9250     15      0      -      -      0    166     27 
 20260921    00:01:45       0    137     74      -    100     28      0      0      0      0   6500   1875      0      0   9250     15      0      -      -      0     25      5 
 20260921    00:01:46       0    126     73      -    100      0      0      0      0      0   6500   1875      0      0   9250     15      0      -      -      0    179     24 
 20260921    00:01:47       0    124     73      -    100      9      0      0      0      0   6500   1875      0      0   9250     15      0      -      -      0    176     24 
 20260921    00:01:48       0    125     73      -    100     21      0      0      0      0   6500   1875      0      0   9250     15      0      -      -      0    176     26 
 20260921    00:01:49       0    121     73      -    100      0      0      0      0      0   6500   1875      0      0   9250     15      0      -      -      0    176     24 
 20260921    00:01:50       0    122     73      -    100     14      0      0      0      0   6500   1875      0      0   9250     15      0      -      -      0    176     24 
 20260921    00:01:51       0    118     73      -    100     21      0      0      0      0   6500   1875      0      0   9250     15      0      -      -      0    177     25 
 20260921    00:01:52       0    120     74      -    100     21      0      0      0      0   6500   1875      0      0   9250     15      0      -      -      0    176     24 
 20260921    00:01:53       0    136     74      -    100     20      0      0      0      0   6500   1875      0      0   9250     15      0      -      -      0    176     24 
 20260921    00:01:54       0    117     74      -    100     21      0      0      0      0   6500   1875      0      0   9250     15      0      -      -      0    219     32 
 20260921    00:01:55       0    196     74      -    100     18      0      0      0      0   6500   1860      0      0   9250     15      0      -      -      0    219     32 
 20260921    00:01:56       0    150     74      -    100      0      0      0      0      0   6500   1860      0      0   9250     15      0      -      -      0    220     32 
 20260921    00:01:57       0    198     74      -    100     21      0      0      0      0   6500   1860      0      0   9250     15      0      -      -      0    220     32 
 20260921    00:01:58       0    207     74      -    100     14      0      0      0      0   6500   1860      0      0   9250     15      0      -      -      0    220     32 
 20260921    00:02:00       0    154     75      -    100      0      0      0      0      0   6500   1845      0      0   9250     15      0      -      -      0    219     32 
 20260921    00:02:01       0    187     76      -    100      0      0      0      0      0   6500   1800      0      0   9250     15      0      -      -      0    219     32 
 20260921    00:02:02       0    129     76      -    100      7      0      0      0      0   6500   1785      0      0   9250     15      0      -      -      0    238     32 
 20260921    00:02:03       0    129     74      -    100     19      0      0      0      0   6500   1875      0      0   9250     15      0      -      -      0    778    140 
 20260921    00:02:04       0    205     74      -    100     13      0      0      0      0   6500   1860      0      0   9250     15      0      -      -      0    206     43 
 20260921    00:02:05       0    169     76      -    100     20      0      0      0      0   6500   1785      0      0   9250     15      0      -      -      0    551     42 
 20260921    00:02:06       0    128     74      -    100     17      0      0      0      0   6500   1875      0      0   9250     15      0      -      -      0    205     43 
 20260921    00:02:07       0    200     75      -    100     17      0      0      0      0   6500   1845      0      0   9250     15      0      -      -      0    205     42 
 20260921    00:02:08       0    122     75      -    100     20      0      0      0      0   6500   1875      0      0   9250     15      0      -      -      0    948     97 
 20260921    00:02:09       0    117     74      -    100      7      0      0      0      0   6500   1860      0      0   9250     15      0      -      -      0    205     43 
 20260921    00:02:10       0    145     76      -    100     19      0      0      0      0   6500   1830      0      0   9250     15      0      -      -      0    206     43 
 20260921    00:02:11       0    123     74      -    100     20      0      0      0      0   6500   1875      0      0   9250     15      0      -      -      0    271    150 
 20260921    00:02:12       0    126     75      -    100     42      0      0      0      0   6500   1875      0      0   9250     15      0      -      -      0   9732      6 
 20260921    00:02:13       0    127     77      -    100     17      0      0      0      0   6500   1815      0      0   9250     15      0      -      -      0    179     28 
 20260921    00:02:14       0    125     77      -    100      0      0      0      0      0   6500   1875      0      0   9250     15      0      -      -      0    179     29 
 20260921    00:02:15       0    126     76      -    100      0      0      0      0      0   6500   1875      0      0   9250     15      0      -      -      0    187     30 
 20260921    00:02:16       0    124     74      -    100     11      0      0      0      0   6500   1875      0      0   9250     15      0      -      -      0    195     32 
 20260921    00:02:18       0    126     74      -    100     17      0      0      0      0   6500   1875      0      0   9250     15      0      -      -      0    187     34 
#Date        Time         gpu    pwr  gtemp  mtemp     sm    mem    enc    dec    jpg    ofa   mclk   pclk  pviol  tviol     fb   bar1   ccpm  sbecc  dbecc    pci  rxpci  txpci 
#YYYYMMDD    HH:MM:SS     Idx      W      C      C      %      %      %      %      %      %    MHz    MHz      %   bool     MB     MB     MB   errs   errs   errs   MB/s   MB/s 
 20260921    00:02:19       0    124     75      -    100      0      0      0      0      0   6500   1875      0      0   9250     15      0      -      -      0    219     43 
 20260921    00:02:20       0    126     74      -    100      3      0      0      0      0   6500   1875      0      0   9250     15      0      -      -      0    215     37 
 20260921    00:02:21       0    122     75      -    100     17      0      0      0      0   6500   1875      0      0   9250     15      0      -      -      0    215     33 
 20260921    00:02:22       0    125     75      -    100     17      0      0      0      0   6500   1875      0      0   9250     15      0      -      -      0    221     32 
 20260921    00:02:23       0    122     75      -    100      0      0      0      0      0   6500   1875      0      0   9250     15      0      -      -      0    216     32 
 20260921    00:02:24       0    124     75      -    100     16      0      0      0      0   6500   1875      0      0   9250     15      0      -      -      0    215     32 
 20260921    00:02:25       0    145     77      -    100     13      0      0      0      0   6500   1860      0      0   9250     15      0      -      -      0    307     25 
 20260921    00:02:26       0    178     76      -    100     13      0      0      0      0   6500   1845      0      0   9250     15      0      -      -      0    212     32 
 20260921    00:02:27       0    178     75      -    100     11      0      0      0      0   6500   1860      0      0   9250     15      0      -      -      0    212     32 
 20260921    00:02:28       0    177     75      -    100     11      0      0      0      0   6500   1860      0      0   9250     15      0      -      -      0    213     38 
 20260921    00:02:29       0    118     77      -    100     11      0      0      0      0   6500   1875      0      0   9250     15      0      -      -      0    209     32 
 20260921    00:02:30       0    191     78      -    100     26      0      0      0      0   6500   1875      0      0   9250     15      0      -      -      0    206     32 
 20260921    00:02:31       0    134     76      -    100     31      0      0      0      0   6500   1860      0      0   9250     15      0      -      -      0     22      6 
 20260921    00:02:32       0    122     75      -    100      0      0      0      0      0   6500   1860      0      0   9250     15      0      -      -      0    171     22 
 20260921    00:02:33       0    123     75      -    100     18      0      0      0      0   6500   1860      0      0   9250     15      0      -      -      0    171     22 
 20260921    00:02:34       0    116     75      -    100     22      0      0      0      0   6500   1860      0      0   9250     15      0      -      -      0    171     22 
 20260921    00:02:35       0    118     75      -    100     12      0      0      0      0   6500   1845      0      0   9250     15      0      -      -      0    171     23 
 20260921    00:02:36       0    208     75      -    100     22      0      0      0      0   6500   1845      0      0   9250     15      0      -      -      0    172     23 
 20260921    00:02:38       0    182     76      -    100     19      0      0      0      0   6500   1845      0      0   9250     15      0      -      -      0    171     22 
 20260921    00:02:39       0    171     77      -    100      0      0      0      0      0   6500   1815      0      0   9250     15      0      -      -      0    171     23 
 20260921    00:02:40       0    192     78      -    100      0      0      0      0      0   6500   1770      0      0   9250     15      0      -      -      0    180     23 
 20260921    00:02:41       0    128     76      -    100      1      0      0      0      0   6500   1860      0      0   9250     15      0      -      -      0    240     38 
 20260921    00:02:42       0    126     75      -    100      0      0      0      0      0   6500   1860      0      0   9250     15      0      -      -      0    214     41 
 20260921    00:02:43       0    126     75      -    100      0      0      0      0      0   6500   1860      0      0   9250     15      0      -      -      0    215     36 
 20260921    00:02:44       0    125     75      -    100      0      0      0      0      0   6500   1860      0      0   9250     15      0      -      -      0    214     30 
 20260921    00:02:45       0    125     75      -    100     22      0      0      0      0   6500   1860      0      0   9250     15      0      -      -      0    215     30 
 20260921    00:02:46       0    122     75      -    100      0      0      0      0      0   6500   1860      0      0   9250     15      0      -      -      0    214     34 
 20260921    00:02:47       0    124     75      -    100     15      0      0      0      0   6500   1860      0      0   9250     15      0      -      -      0    214     30 
 20260921    00:02:48       0    117     75      -    100     22      0      0      0      0   6500   1860      0      0   9250     15      0      -      -      0    214     30 
 20260921    00:02:49       0     98     75      -    100     17      0      0      0      0   6500   1860      0      0   9250     15      0      -      -      0    924   5257 
 20260921    00:02:50       0    120     78      -    100     13      0      0      0      0   6500   1815      0      0   9250     15      0      -      -      0    211     56 
 20260921    00:02:51       0    152     78      -    100     14      0      0      0      0   6500   1860      0      0   9250     15      0      -      -      0    378     56 
 20260921    00:02:52       0    119     76      -    100     14      0      0      0      0   6500   1860      0      0   9250     15      0      -      -      0    608     90 
 20260921    00:02:53       0    121     75      -    100     10      0      0      0      0   6500   1860      0      0   9250     15      0      -      -      0    212    109 
 20260921    00:02:54       0    176     76      -    100     14      0      0      0      0   6500   1845      0      0   9250     15      0      -      -      0    212     56 
 20260921    00:02:55       0    163     76      -    100     14      0      0      0      0   6500   1845      0      0   9250     15      0      -      -      0    212     56 
 20260921    00:02:57       0    184     76      -    100     11      0      0      0      0   6500   1830      0      0   9250     15      0      -      -      0    213     56 
 20260921    00:02:58       0    122     77      -    100     15      0      0      0      0   6500   1860      0      0   9250     15      0      -      -      0    251   1035 
 20260921    00:02:59       0    118     75      -    100     12      0      0      0      0   6500   1860      0      0   9250     15      0      -      -      0    175     22 
 20260921    00:03:00       0    179     76      -    100     15      0      0      0      0   6500   1845      0      0   9250     15      0      -      -      0    175     22 
 20260921    00:03:01       0    125     77      -    100      5      0      0      0      0   6500   1860      0      0   9250     15      0      -      -      0    231     34 
 20260921    00:03:02       0    124     75      -    100     15      0      0      0      0   6500   1860      0      0   9250     15      0      -      -      0    217     30 
 20260921    00:03:03       0    126     76      -    100      5      0      0      0      0   6500   1830      0      0   9250     15      0      -      -      0    219     45 
 20260921    00:03:04       0    122     75      -    100     15      0      0      0      0   6500   1860      0      0   9250     15      0      -      -      0    239     42 
#Date        Time         gpu    pwr  gtemp  mtemp     sm    mem    enc    dec    jpg    ofa   mclk   pclk  pviol  tviol     fb   bar1   ccpm  sbecc  dbecc    pci  rxpci  txpci 
#YYYYMMDD    HH:MM:SS     Idx      W      C      C      %      %      %      %      %      %    MHz    MHz      %   bool     MB     MB     MB   errs   errs   errs   MB/s   MB/s 
 20260921    00:03:05       0    185     76      -    100     15      0      0      0      0   6500   1860      0      0   9250     15      0      -      -      0    218     30 
 20260921    00:03:06       0    187     76      -    100      0      0      0      0      0   6500   1845      0      0   9250     15      0      -      -      0    902   5207 
 20260921    00:03:07       0    124     76      -    100     18      0      0      0      0   6500   1860      0      0   9250     15      0      -      -      0    283     74 
 20260921    00:03:08       0    127     76      -    100      1      0      0      0      0   6500   1860      0      0   9250     15      0      -      -      0   1000    123 
 20260921    00:03:09       0    165     76      -    100     19      0      0      0      0   6500   1830      0      0   9250     15      0      -      -      0    285     69 
 20260921    00:03:10       0    119     76      -    100     22      0      0      0      0   6500   1860      0      0   9250     15      0      -      -      0    279     70 
 20260921    00:03:11       0    123     76      -    100     22      0      0      0      0   6500   1860      0      0   9250     15      0      -      -      0    280     70 
 20260921    00:03:12       0    127     76      -    100      5      0      0      0      0   6500   1860      0      0   9250     15      0      -      -      0    280    122 
 20260921    00:03:13       0    128     78      -    100     14      0      0      0      0   6500   1785      0      0   9250     15      0      -      -      0    272     68 
 20260921    00:03:14       0    133     76      -    100     23      0      0      0      0   6500   1845      0      0   9250     15      0      -      -      0    287     71 
 20260921    00:03:15       0    120     76      -    100     22      0      0      0      0   6500   1860      0      0   9250     15      0      -      -      0    287     71 
 20260921    00:03:17       0    127     76      -    100     15      0      0      0      0   6500   1860      0      0   9250     15      0      -      -      0    294     71 
 20260921    00:03:18       0    127     78      -    100      5      0      0      0      0   6500   1770      0      0   9250     15      0      -      -      0    718     89 
 20260921    00:03:19       0    153     76      -    100     22      0      0      0      0   6500   1845      0      0   9250     15      0      -      -      0    286     71 
 20260921    00:03:20       0    118     76      -    100     22      0      0      0      0   6500   1860      0      0   9250     15      0      -      -      0    289     71 
 20260921    00:03:21       0    126     76      -    100     22      0      0      0      0   6500   1860      0      0   9250     15      0      -      -      0    287     73 
 20260921    00:03:22       0    137     76      -    100      5      0      0      0      0   6500   1860      0      0   9250     15      0      -      -      0    190     28 
 20260921    00:03:23       0    138     76      -    100      7      0      0      0      0   6500   1860      0      0   9250     15      0      -      -      0    327    147 
 20260921    00:03:24       0    138     76      -    100      7      0      0      0      0   6500   1860      0      0   9250     15      0      -      -      0    191     33 
 20260921    00:03:25       0    172     76      -    100      0      0      0      0      0   6500   1845      0      0   9250     15      0      -      -      0    184     26 
 20260921    00:03:26       0    189     77      -    100     22      0      0      0      0   6500   1785      0      0   9250     15      0      -      -      0    182     27 
 20260921    00:03:27       0    128     78      -    100      0      0      0      0      0   6500   1755      0      0   9250     15      0      -      -      0    356    324 
 20260921    00:03:28       0    128     77      -    100      0      0      0      0      0   6500   1860      0      0   9250     15      0      -      -      0    285    394 
 20260921    00:03:29       0    127     76      -    100      0      0      0      0      0   6500   1860      0      0   9250     15      0      -      -      0    182    506 
 20260921    00:03:30       0    127     76      -    100      0      0      0      0      0   6500   1860      0      0   9250     15      0      -      -      0    182     26 
 20260921    00:03:31       0    126     75      -    100      0      0      0      0      0   6500   1860      0      0   9250     15      0      -      -      0    182     27 
 20260921    00:03:32       0    126     75      -    100      0      0      0      0      0   6500   1860      0      0   9250     15      0      -      -      0    181     27 
 20260921    00:03:33       0    124     75      -    100     16      0      0      0      0   6500   1860      0      0   9250     15      0      -      -      0    208     32 
 20260921    00:03:34       0    124     75      -    100     22      0      0      0      0   6500   1860      0      0   9250     15      0      -      -      0    209     32 
 20260921    00:03:35       0    119     75      -    100      7      0      0      0      0   6500   1860      0      0   9250     15      0      -      -      0    208     32 
 20260921    00:03:37       0    179     75      -    100     22      0      0      0      0   6500   1860      0      0   9250     15      0      -      -      0    208     32 
 20260921    00:03:38       0    156     76      -    100     21      0      0      0      0   6500   1845      0      0   9250     15      0      -      -      0    208     32 
 20260921    00:03:39       0    194     76      -    100      0      0      0      0      0   6500   1845      0      0   9250     15      0      -      -      0    208     32 
 20260921    00:03:40       0    198     77      -    100      0      0      0      0      0   6500   1815      0      0   9250     15      0      -      -      0    208     32 
 20260921    00:03:41       0    128     78      -    100      3      0      0      0      0   6500   1755      0      0   9250     15      0      -      -      0    209     32 
 20260921    00:03:42       0    128     77      -    100      0      0      0      0      0   6500   1845      0      0   9250     15      0      -      -      0    200     35 
 20260921    00:03:43       0    182     79      -    100     26      0      0      0      0   6500   1860      0      0   9250     15      0      -      -      0    231     36 
 20260921    00:03:44       0    119     76      -    100     13      0      0      0      0   6500   1860      0      0   9250     15      0      -      -      0    185     26 
 20260921    00:03:45       0    169     76      -    100     18      0      0      0      0   6500   1845      0      0   9250     15      0      -      -      0    185     35 
 20260921    00:03:46       0    126     76      -    100      0      0      0      0      0   6500   1860      0      0   9250     15      0      -      -      0    184     39 
 20260921    00:03:47       0    117     76      -    100     18      0      0      0      0   6500   1860      0      0   9250     15      0      -      -      0    185     26 
 20260921    00:03:48       0    182     76      -    100      0      0      0      0      0   6500   1845      0      0   9250     15      0      -      -      0    186     26 
 20260921    00:03:49       0    126     76      -    100      0      0      0      0      0   6500   1860      0      0   9250     15      0      -      -      0    193     39 
 20260921    00:03:50       0    121     76      -    100     18      0      0      0      0   6500   1860      0      0   9250     15      0      -      -      0    216     32 
#Date        Time         gpu    pwr  gtemp  mtemp     sm    mem    enc    dec    jpg    ofa   mclk   pclk  pviol  tviol     fb   bar1   ccpm  sbecc  dbecc    pci  rxpci  txpci 
#YYYYMMDD    HH:MM:SS     Idx      W      C      C      %      %      %      %      %      %    MHz    MHz      %   bool     MB     MB     MB   errs   errs   errs   MB/s   MB/s 
 20260921    00:03:51       0    195     76      -    100      8      0      0      0      0   6500   1845      0      0   9250     15      0      -      -      0    216     32 
 20260921    00:03:52       0    125     76      -    100      4      0      0      0      0   6500   1860      0      0   9250     15      0      -      -      0    226     35 
 20260921    00:03:53       0    121     76      -    100      0      0      0      0      0   6500   1860      0      0   9250     15      0      -      -      0    216     32 
 20260921    00:03:54       0    198     76      -    100     18      0      0      0      0   6500   1845      0      0   9250     15      0      -      -      0    216     32 
 20260921    00:03:55       0    127     78      -    100      0      0      0      0      0   6500   1860      0      0   9250     15      0      -      -      0    207     35 
 20260921    00:03:57       0    148     78      -    100     34      0      0      0      0   6500   1860      0      0   9250     15      0      -      -      0    419     28 
 20260921    00:03:58       0    178     77      -    100     20      0      0      0      0   6500   1860      0      0   9250     15      0      -      -      0    216     32 
 20260921    00:03:59       0    128     76      -    100      0      0      0      0      0   6500   1860      0      0   9250     15      0      -      -      0    178     26 
 20260921    00:04:00       0    126     76      -    100      0      0      0      0      0   6500   1860      0      0   9250     15      0      -      -      0    177     26 
 20260921    00:04:01       0    124     76      -    100     20      0      0      0      0   6500   1860      0      0   9250     15      0      -      -      0    178     26 
 20260921    00:04:02       0    117     76      -    100     22      0      0      0      0   6500   1860      0      0   9250     15      0      -      -      0    180     26 
 20260921    00:04:03       0    119     76      -    100     10      0      0      0      0   6500   1860      0      0   9250     15      0      -      -      0    179     26 
 20260921    00:04:04       0    184     76      -    100     22      0      0      0      0   6500   1860      0      0   9250     15      0      -      -      0    177     26 
 20260921    00:04:05       0    158     76      -    100     19      0      0      0      0   6500   1845      0      0   9250     15      0      -      -      0    178     26 
 20260921    00:04:06       0    185     76      -    100      0      0      0      0      0   6500   1830      0      0   9250     15      0      -      -      0    179     26 
 20260921    00:04:07       0    199     78      -    100      0      0      0      0      0   6500   1800      0      0   9250     15      0      -      -      0    209     32 
 20260921    00:04:08       0    128     79      -    100      2      0      0      0      0   6500   1770      0      0   9250     15      0      -      -      0    213     34 
 20260921    00:04:09       0    128     76      -    100      0      0      0      0      0   6500   1860      0      0   9250     15      0      -      -      0    217     38 
 20260921    00:04:10       0    127     76      -    100      0      0      0      0      0   6500   1860      0      0   9250     15      0      -      -      0    205     33 
 20260921    00:04:11       0    128     76      -    100      0      0      0      0      0   6500   1860      0      0   9250     15      0      -      -      0    205     32 
 20260921    00:04:12       0    126     76      -    100      0      0      0      0      0   6500   1860      0      0   9250     15      0      -      -      0    205     32 
 20260921    00:04:13       0    124     76      -    100      0      0      0      0      0   6500   1860      0      0   9250     15      0      -      -      0    204     32 
 20260921    00:04:14       0    124     76      -    100     12      0      0      0      0   6500   1860      0      0   9250     15      0      -      -      0    204     32 
 20260921    00:04:15       0    120     76      -    100     22      0      0      0      0   6500   1860      0      0   9250     15      0      -      -      0    204     32 
 20260921    00:04:16       0    105     76      -    100     26      0      0      0      0   6500   1860      0      0   9250     15      0      -      -      0    225     70 
 20260921    00:04:18       0    166     76      -    100     17      0      0      0      0   6500   1845      0      0   9250     15      0      -      -      0    225     74 
 20260921    00:04:19       0    187     76      -    100     23      0      0      0      0   6500   1845      0      0   9250     15      0      -      -      0    225     70 
 20260921    00:04:20       0    189     76      -    100     15      0      0      0      0   6500   1845      0      0   9250     15      0      -      -      0    224     70 
 20260921    00:04:21       0    171     76      -    100     14      0      0      0      0   6500   1845      0      0   9250     15      0      -      -      0    225    106 
 20260921    00:04:22       0    187     76      -    100     14      0      0      0      0   6500   1845      0      0   9250     15      0      -      -      0    225    109 
 20260921    00:04:23       0    129     76      -    100     19      0      0      0      0   6500   1860      0      0   9250     15      0      -      -      0    181     26 
 20260921    00:04:24       0    122     76      -    100     17      0      0      0      0   6500   1860      0      0   9250     15      0      -      -      0    181     28 
 20260921    00:04:25       0    126     76      -    100     17      0      0      0      0   6500   1860      0      0   9250     15      0      -      -      0    195     32 
 20260921    00:04:26       0    125     78      -    100      3      0      0      0      0   6500   1785      0      0   9250     15      0      -      -      0    184     26 
 20260921    00:04:27       0    198     77      -    100      0      0      0      0      0   6500   1815      0      0   9250     15      0      -      -      0    181     28 
 20260921    00:04:28       0    194     76      -    100      0      0      0      0      0   6500   1845      0      0   9250     15      0      -      -      0    208     42 
 20260921    00:04:29       0    133     76      -    100      0      0      0      0      0   6500   1845      0      0   9250     15      0      -      -      0    208     32 
 20260921    00:04:30       0    150     76      -    100     17      0      0      0      0   6500   1860      0      0   9250     15      0      -      -      0    208     32 
 20260921    00:04:31       0    121     76      -    100     17      0      0      0      0   6500   1860      0      0   9250     15      0      -      -      0    208     32 
 20260921    00:04:32       0    120     76      -    100     17      0      0      0      0   6500   1860      0      0   9250     15      0      -      -      0    208     32 
 20260921    00:04:33       0    126     76      -    100     17      0      0      0      0   6500   1860      0      0   9250     15      0      -      -      0    209     39 
 20260921    00:04:34       0    173     78      -    100     19      0      0      0      0   6500   1845      0      0   9250     15      0      -      -      0    203     30 
 20260921    00:04:35       0    154     78      -    100     19      0      0      0      0   6500   1845      0      0   9250     15      0      -      -      0    205     30 
 20260921    00:04:37       0     68     74      -      0      0      0      0      0      0   6500   1860      0      0   9250     15      0      -      -      0      0      0 
#Date        Time         gpu    pwr  gtemp  mtemp     sm    mem    enc    dec    jpg    ofa   mclk   pclk  pviol  tviol     fb   bar1   ccpm  sbecc  dbecc    pci  rxpci  txpci 
#YYYYMMDD    HH:MM:SS     Idx      W      C      C      %      %      %      %      %      %    MHz    MHz      %   bool     MB     MB     MB   errs   errs   errs   MB/s   MB/s 
 20260921    00:04:38       0     67     74      -      0      0      0      0      0      0   6500   1860      0      0   9250     15      0      -      -      0      0      0 
 20260921    00:04:39       0     51     72      -      0      0      0      0      0      0   6500   1620      0      0   9250     15      0      -      -      0      0      0 
 20260921    00:04:40       0     51     72      -      0      0      0      0      0      0   6500   1620      0      0   9250     15      0      -      -      0      0      0 
 20260921    00:04:41       0     51     71      -      0      0      0      0      0      0   6500   1620      0      0   9250     15      0      -      -      0      0      0 
 20260921    00:04:42       0    126     74      -    100     22      0      0      0      0   6500   1875      0      0   9250     15      0      -      -      0    185     26 
 20260921    00:04:43       0    123     74      -    100      2      0      0      0      0   6500   1875      0      0   9250     15      0      -      -      0    185     27 
 20260921    00:04:44       0    124     74      -    100     22      0      0      0      0   6500   1875      0      0   9250     15      0      -      -      0    185     26 
 20260921    00:04:45       0    117     74      -    100     22      0      0      0      0   6500   1875      0      0   9250     15      0      -      -      0    185     28 
 20260921    00:04:46       0    120     75      -    100     12      0      0      0      0   6500   1875      0      0   9250     15      0      -      -      0    185     26 
 20260921    00:04:47       0    158     75      -    100     22      0      0      0      0   6500   1860      0      0   9250     15      0      -      -      0    186     26 
 20260921    00:04:48       0    194     75      -    100     22      0      0      0      0   6500   1860      0      0   9250     15      0      -      -      0    190     31 
 20260921    00:04:49       0    212     75      -    100      1      0      0      0      0   6500   1845      0      0   9250     15      0      -      -      0    186     26 
 20260921    00:04:50       0    129     76      -    100      0      0      0      0      0   6500   1830      0      0   9250     15      0      -      -      0    207     30 
 20260921    00:04:51       0    160     77      -    100     17      0      0      0      0   6500   1785      0      0   9250     15      0      -      -      0    208     34 
 20260921    00:04:52       0    129     78      -    100      0      0      0      0      0   6500   1785      0      0   9250     15      0      -      -      0    208     31 
 20260921    00:04:53       0    129     76      -    100      0      0      0      0      0   6500   1875      0      0   9250     15      0      -      -      0    214     34 
 20260921    00:04:54       0    128     75      -    100      0      0      0      0      0   6500   1875      0      0   9250     15      0      -      -      0    204     38 
 20260921    00:04:56       0    128     75      -    100      0      0      0      0      0   6500   1875      0      0   9250     15      0      -      -      0    207     30 
 20260921    00:04:57       0    127     75      -    100      0      0      0      0      0   6500   1875      0      0   9250     15      0      -      -      0    207     30 
 20260921    00:04:58       0    128     75      -    100      0      0      0      0      0   6500   1875      0      0   9250     15      0      -      -      0    207     30 
 20260921    00:04:59       0    179     76      -    100     29      0      0      0      0   6500   1860      0      0   9250     15      0      -      -      0   2690   3843 
 20260921    00:05:00       0    181     76      -    100     33      0      0      0      0   6500   1860      0      0   9250     15      0      -      -      0     33      9 
 20260921    00:05:01       0    173     76      -    100     22      0      0      0      0   6500   1815      0      0   9250     15      0      -      -      0    402    126 
 20260921    00:05:02       0    197     76      -    100     24      0      0      0      0   6500   1830      0      0   9250     15      0      -      -      0    573    110 
 20260921    00:05:03       0    158     74      -    100     48      0      0      0      0   6500   1860      0      0   9250     15      0      -      -      0      0      0 
 20260921    00:05:04       0     66     73      -      0      0      0      0      0      0   6500   1860      0      0   9250     15      0      -      -      0      0      0 
 20260921    00:05:05       0    183     76      -     59     15      0      0      0      0   6500   1875      0      0   9250     15      0      -      -      0    185     33 
 20260921    00:05:06       0    107     74      -     86     57      0      0      0      0   6500   1875      0      0   9250     15      0      -      -      0      0      0 
 20260921    00:05:07       0     66     73      -      0      0      0      0      0      0   6500   1875      0      0   9250     15      0      -      -      0      0      0 
 20260921    00:05:08       0     51     72      -      0      0      0      0      0      0   6500   1620      0      0   9250     15      0      -      -      0      0      5 
 20260921    00:05:09       0    127     74      -    100      0      0      0      0      0   6500   1875      0      0   9250     15      0      -      -      0    185     35 
 20260921    00:05:10       0    128     74      -    100      0      0      0      0      0   6500   1875      0      0   9250     15      0      -      -      0    181     29 
 20260921    00:05:11       0    127     74      -    100      0      0      0      0      0   6500   1875      0      0   9250     15      0      -      -      0    181     26 
 20260921    00:05:12       0    128     74      -    100      0      0      0      0      0   6500   1875      0      0   9250     15      0      -      -      0    185     26 
 20260921    00:05:13       0    127     74      -    100      0      0      0      0      0   6500   1875      0      0   9250     15      0      -      -      0    181     26 
 20260921    00:05:15       0    128     74      -    100      0      0      0      0      0   6500   1875      0      0   9250     15      0      -      -      0    181     26 
 20260921    00:05:16       0    127     74      -    100      4      0      0      0      0   6500   1875      0      0   9250     15      0      -      -      0    181     26 
 20260921    00:05:17       0    127     74      -    100     21      0      0      0      0   6500   1875      0      0   9250     15      0      -      -      0    181     26 
 20260921    00:05:18       0    126     74      -    100      0      0      0      0      0   6500   1875      0      0   9250     15      0      -      -      0    211     32 
 20260921    00:05:19       0    127     74      -    100      4      0      0      0      0   6500   1875      0      0   9250     15      0      -      -      0    211     32 
 20260921    00:05:20       0    123     74      -    100     21      0      0      0      0   6500   1875      0      0   9250     15      0      -      -      0    213     32 
 20260921    00:05:21       0    126     74      -    100     21      0      0      0      0   6500   1875      0      0   9250     15      0      -      -      0    211     32 
 20260921    00:05:22       0    122     74      -    100      4      0      0      0      0   6500   1875      0      0   9250     15      0      -      -      0    212     32 
 20260921    00:05:23       0    125     74      -    100     21      0      0      0      0   6500   1875      0      0   9250     15      0      -      -      0    211     32 
#Date        Time         gpu    pwr  gtemp  mtemp     sm    mem    enc    dec    jpg    ofa   mclk   pclk  pviol  tviol     fb   bar1   ccpm  sbecc  dbecc    pci  rxpci  txpci 
#YYYYMMDD    HH:MM:SS     Idx      W      C      C      %      %      %      %      %      %    MHz    MHz      %   bool     MB     MB     MB   errs   errs   errs   MB/s   MB/s 
 20260921    00:05:24       0    119     74      -    100     21      0      0      0      0   6500   1875      0      0   9250     15      0      -      -      0    211     32 
 20260921    00:05:25       0    122     75      -    100     18      0      0      0      0   6500   1875      0      0   9250     15      0      -      -      0    212     32 
 20260921    00:05:26       0    120     75      -     93     42      0      0      0      0   6500   1875      0      0   9250     15      0      -      -      0   3870   6231 
 20260921    00:05:27       0    159     75      -    100     39      0      0      0      0   6500   1875      0      0   9250     15      0      -      -      0    180     30 
 20260921    00:05:28       0    164     77      -    100     15      0      0      0      0   6500   1875      0      0   9250     15      0      -      -      0    211     36 
 20260921    00:05:29       0    152     75      -    100     15      0      0      0      0   6500   1860      0      0   9250     15      0      -      -      0    217     34 
 20260921    00:05:30       0    159     76      -    100     15      0      0      0      0   6500   1875      0      0   9250     15      0      -      -      0    947   4249 
 20260921    00:05:31       0    119     76      -    100     11      0      0      0      0   6500   1800      0      0   9250     15      0      -      -      0    186     26 
 20260921    00:05:32       0    173     75      -    100     11      0      0      0      0   6500   1860      0      0   9250     15      0      -      -      0    189     26 
 20260921    00:05:34       0    172     75      -    100     11      0      0      0      0   6500   1860      0      0   9250     15      0      -      -      0    213     32 
 20260921    00:05:35       0    117     75      -    100     11      0      0      0      0   6500   1875      0      0   9250     15      0      -      -      0    235     35 
 20260921    00:05:36       0    119     76      -    100     11      0      0      0      0   6500   1800      0      0   9250     15      0      -      -      0    212     32 
 20260921    00:05:37       0    171     75      -    100     11      0      0      0      0   6500   1845      0      0   9250     15      0      -      -      0    212     32 
 20260921    00:05:38       0    175     76      -    100     23      0      0      0      0   6500   1860      0      0   9250     15      0      -      -      0    208     35 
 20260921    00:05:39       0    155     75      -     88     45      0      0      0      0   6500   1860      0      0   9250     15      0      -      -      0      0      0 
 20260921    00:05:40       0     66     73      -      0      0      0      0      0      0   6500   1860      0      0   9250     15      0      -      -      0      0      0 
 20260921    00:05:41       0     51     72      -      0      0      0      0      0      0   6500   1620      0      0   9250     15      0      -      -      0      0      0 
 20260921    00:05:42       0     51     71      -      0      0      0      0      0      0   6500   1620      0      0   9250     15      0      -      -      0      0      0 
 20260921    00:05:43       0     51     71      -      0      0      0      0      0      0   6500   1620      0      0   9250     15      0      -      -      0      0      0 
 20260921    00:05:44       0    121     74      -    100     19      0      0      0      0   6500   1860      0      0   9250     15      0      -      -      0    186     29 
 20260921    00:05:45       0    156     76      -    100     20      0      0      0      0   6500   1860      0      0   9250     15      0      -      -      0    212     32 
 20260921    00:05:46       0    166     75      -    100     20      0      0      0      0   6500   1860      0      0   9250     15      0      -      -      0     37     10 
 20260921    00:05:47       0     65     72      -      0      0      0      0      0      0   6500   1875      0      0   9250     15      0      -      -      0      0      0 
 20260921    00:05:48       0     51     70      -      0      0      0      0      0      0   6500   1620      0      0   9250     15      0      -      -      0      0      5 
 20260921    00:05:49       0    167     74      -    100     10      0      0      0      0   6500   1845      0      0   9250     15      0      -      -      0    190     28 
 20260921    00:05:50       0    164     75      -    100     13      0      0      0      0   6500   1875      0      0   9250     15      0      -      -      0    214     32 
 20260921    00:05:51       0    122     74      -    100     19      0      0      0      0   6500   1860      0      0   9250     15      0      -      -      0    212     36 
 20260921    00:05:53       0    142     74      -    100     19      0      0      0      0   6500   1845      0      0   9250     15      0      -      -      0    213     32 
 20260921    00:05:54       0     66     72      -      0      0      0      0      0      0   6500   1875      0      0   9250     15      0      -      -      0      0      0 
 20260921    00:05:55       0     65     71      -      0      0      0      0      0      0   6500   1875      0      0   9250     15      0      -      -      0      0      0 
 20260921    00:05:56       0     51     70      -      0      0      0      0      0      0   6500   1620      0      0   9250     15      0      -      -      0      0      0 
 20260921    00:05:57       0     50     69      -      0      0      0      0      0      0   6500   1620      0      0   9250     15      0      -      -      0      0      0 
 20260921    00:05:58       0    186     74      -    100     27      0      0      0      0   6500   1875      0      0   9250     15      0      -      -      0    191     34 
 20260921    00:05:59       0     66     71      -     36     31      0      0      0      0   6500   1875      0      0   9250     15      0      -      -      0      0      0 
 20260921    00:06:00       0     66     70      -      0      0      0      0      0      0   6500   1875      0      0   9250     15      0      -      -      0      0      0 
 20260921    00:06:01       0     65     70      -      0      0      0      0      0      0   6500   1875      0      0   9250     15      0      -      -      0      0      0 
 20260921    00:06:02       0     50     69      -      0      0      0      0      0      0   6500   1620      0      0   9250     15      0      -      -      0      0      0 
 20260921    00:06:03       0     50     68      -      0      0      0      0      0      0   6500   1620      0      0   9250     15      0      -      -      0      0      0 
 20260921    00:06:04       0     50     68      -      0      0      0      0      0      0   6500   1620      0      0   9250     15      0      -      -      0   3367      4 
 20260921    00:06:05       0     64     69      -      0      0      0      0      0      0   6500   1875      0      0   9250     15      0      -      -      0      0      0 
 20260921    00:06:06       0     64     68      -      0      0      0      0      0      0   6500   1875      0      0   9250     15      0      -      -      0      0      0 
 20260921    00:06:07       0     50     67      -      0      0      0      0      0      0   6500   1620      0      0   9250     15      0      -      -      0      0      0 
 20260921    00:06:08       0     50     67      -      0      0      0      0      0      0   6500   1620      0      0   9250     15      0      -      -      0      0      0 
 20260921    00:06:09       0     50     67      -      0      0      0      0      0      0   6500   1620      0      0   9250     15      0      -      -      0      0      4 
#Date        Time         gpu    pwr  gtemp  mtemp     sm    mem    enc    dec    jpg    ofa   mclk   pclk  pviol  tviol     fb   bar1   ccpm  sbecc  dbecc    pci  rxpci  txpci 
#YYYYMMDD    HH:MM:SS     Idx      W      C      C      %      %      %      %      %      %    MHz    MHz      %   bool     MB     MB     MB   errs   errs   errs   MB/s   MB/s 
 20260921    00:06:10       0    157     69      -    100     56      0      0      0      0   6500   1890      0      0   9250     15      0      -      -      0      0      4 
 20260921    00:06:11       0     64     67      -      0      0      0      0      0      0   6500   1890      0      0   9250     15      0      -      -      0      0      0 
 20260921    00:06:12       0     49     66      -      0      0      0      0      0      0   6500   1620      0      0   9250     15      0      -      -      0      0      0 
 20260921    00:06:14       0     49     66      -      0      0      0      0      0      0   6500   1620      0      0   9250     15      0      -      -      0      0      0 
 20260921    00:06:15       0     49     66      -      0      0      0      0      0      0   6500   1620      0      0   9250     15      0      -      -      0      4      0 
 20260921    00:06:16       0     49     65      -      0      0      0      0      0      0   6500   1620      0      0   9250     15      0      -      -      0      0      0 
 20260921    00:06:17       0     49     65      -      0      0      0      0      0      0   6500   1620      0      0   9250     15      0      -      -      0      0      0 
 20260921    00:06:18       0     49     65      -      0      0      0      0      0      0   6500   1620      0      0   9250     15      0      -      -      0      0      0 
 20260921    00:06:19       0     49     64      -      0      0      0      0      0      0   6500   1620      0      0   9250     15      0      -      -      0      0      0 
 20260921    00:06:20       0     49     64      -      0      0      0      0      0      0   6500   1620      0      0   9250     15      0      -      -      0      0      0 
 20260921    00:06:21       0     49     64      -      0      0      0      0      0      0   6500   1620      0      0   9250     15      0      -      -      0      0      0 
 20260921    00:06:22       0     49     64      -      0      0      0      0      0      0   6500   1620      0      0   9250     15      0      -      -      0      0      0 
 20260921    00:06:23       0     49     64      -      0      0      0      0      0      0   6500   1620      0      0   9250     15      0      -      -      0      0      0 
 20260921    00:06:24       0     49     63      -      0      0      0      0      0      0   6500   1620      0      0   9250     15      0      -      -      0      0      0 
 20260921    00:06:25       0     48     63      -      0      0      0      0      0      0   6500   1620      0      0   9250     15      0      -      -      0      0      0 
 20260921    00:06:26       0     48     63      -      0      0      0      0      0      0   6500   1620      0      0   9250     15      0      -      -      0      0      0 
 20260921    00:06:27       0     15     62      -      0      0      0      0      0      0    405    360      0      0   9250     15      0      -      -      0      0      0 
 20260921    00:06:28       0      8     61      -      0      0      0      0      0      0    405    360      0      0   9250     15      0      -      -      0      0      0 
 20260921    00:06:29       0      8     60      -      0      0      0      0      0      0    405    300      0      0   9250     15      0      -      -      0      0      0 
 20260921    00:06:30       0      8     60      -      0      0      0      0      0      0    405    300      0      0   9250     15      0      -      -      0      3      4 
 20260921    00:06:32       0      8     60      -      0      0      0      0      0      0    405    300      0      0   9250     15      0      -      -      0      0      0 
 20260921    00:06:33       0    142     64      -     54     16      0      0      0      0   6500   1905      0      0   9250     15      0      -      -      0     37      2 
 20260921    00:06:34       0     60     62      -      0      0      0      0      0      0   6500   1905      0      0   9250     15      0      -      -      0      0      0 
 20260921    00:06:35       0     48     62      -      0      0      0      0      0      0   6500   1620      0      0   9250     15      0      -      -      0    117     24 
 20260921    00:06:36       0    172     67      -    100      0      0      0      0      0   6500   1830      0      0   9250     15      0      -      -      0    179     24 
 20260921    00:06:37       0    121     67      -    100      1      0      0      0      0   6500   1830      0      0   9250     15      0      -      -      0    181     25 
 20260921    00:06:38       0    194     66      -    100     10      0      0      0      0   6500   1860      0      0   9250     15      0      -      -      0    180     24 
 20260921    00:06:39       0    161     67      -    100     13      0      0      0      0   6500   1875      0      0   9250     15      0      -      -      0    180     25 
 20260921    00:06:40       0    192     66      -    100      0      0      0      0      0   6500   1875      0      0   9250     15      0      -      -      0    206     30 
 20260921    00:06:41       0    130     66      -    100     17      0      0      0      0   6500   1875      0      0   9250     15      0      -      -      0    206     30 
 20260921    00:06:42       0    187     66      -    100     17      0      0      0      0   6500   1875      0      0   9250     15      0      -      -      0    206     30 
 20260921    00:06:43       0    120     67      -    100     17      0      0      0      0   6500   1875      0      0   9250     15      0      -      -      0    207     30 
 20260921    00:06:44       0    179     67      -    100      6      0      0      0      0   6500   1875      0      0   9250     15      0      -      -      0    207     30 
 20260921    00:06:45       0    113     67      -    100      0      0      0      0      0   6500   1875      0      0   9250     15      0      -      -      0    208     30 
 20260921    00:06:46       0    142     68      -    100     37      0      0      0      0   6500   1890      0      0   9250     15      0      -      -      0     33      9 
 20260921    00:06:47       0     63     65      -      0      0      0      0      0      0   6500   1890      0      0   9250     15      0      -      -      0      0      0 
 20260921    00:06:48       0     51     64      -      0      0      0      0      0      0   6500   1620      0      0   9250     15      0      -      -      0      0      0 
 20260921    00:06:49       0     63     65      -      0      0      0      0      0      0   6500   1890      0      0   9250     15      0      -      -      0      3      3 
 20260921    00:06:51       0     63     65      -      0      0      0      0      0      0   6500   1890      0      0   9250     15      0      -      -      0      0      0 
 20260921    00:06:52       0     49     64      -      0      0      0      0      0      0   6500   1620      0      0   9250     15      0      -      -      0      0      0 
 20260921    00:06:53       0     49     64      -      0      0      0      0      0      0   6500   1620      0      0   9250     15      0      -      -      0      0      0 
 20260921    00:06:54       0     48     63      -      0      0      0      0      0      0   6500   1620      0      0   9250     15      0      -      -      0      3      0 
 20260921    00:06:55       0     48     63      -     12      2      0      0      0      0   6500   1620      0      0   8226     15      0      -      -      0      0      0 
 20260921    00:06:56       0     48     63      -      0      0      0      0      0      0   6500   1620      0      0   5858     15      0      -      -      0      0      0 
#Date        Time         gpu    pwr  gtemp  mtemp     sm    mem    enc    dec    jpg    ofa   mclk   pclk  pviol  tviol     fb   bar1   ccpm  sbecc  dbecc    pci  rxpci  txpci 
#YYYYMMDD    HH:MM:SS     Idx      W      C      C      %      %      %      %      %      %    MHz    MHz      %   bool     MB     MB     MB   errs   errs   errs   MB/s   MB/s 
 20260921    00:06:57       0     48     63      -      0      0      0      0      0      0   6500   1620      0      0   5858     15      0      -      -      0      0      0 
