procs -----------------------memory---------------------- ---swap-- -----io---- -system-- --------cpu-------- -----timestamp-----
 r  b         swpd         free         buff        cache   si   so    bi    bo   in   cs  us  sy  id  wa  st                 KST
 5  0       546320     91875440      1281476     29902320    2    2 13295   488    0    0   1   1  96   2   0 2026-09-20 23:58:26
 2  0       546320     91778336      1281488     29902376    0    0     0   112 2386 3228   3   1  97   0   0 2026-09-20 23:58:27
 2  0       546320     91724000      1281488     29902404    0    0     0     0 4654 3524   5   7  88   0   0 2026-09-20 23:58:28
 2  0       546320     91673856      1281488     29902432    0    0     0     0 2200 2940   3   0  97   0   0 2026-09-20 23:58:29
 2  0       546320     91670200      1281488     29902448    0    0     0     0 1877 3081   0   0  99   0   0 2026-09-20 23:58:30
 2  0       546320     91635248      1281488     29902480    0    0     0   356 1900 3196   1   0  99   0   0 2026-09-20 23:58:31
 3  0       546320     91120648      1281496     29902492    0    0     0   124 3867 3829  17   1  82   0   0 2026-09-20 23:58:32
 1  0       546320     91618648      1281496     29902512    0    0     0     0 3738 3757   5   1  94   0   0 2026-09-20 23:58:33
 0  0       546320     91615768      1281496     29902552    0    0     0     0 2011 3309   0   0  99   0   0 2026-09-20 23:58:34
 0  0       546320     91613760      1281496     29902556    0    0     0     0 1870 3251   0   0  99   0   0 2026-09-20 23:58:35
 0  0       546320     91612064      1281496     29902596    0    0     0   360 2112 3085   0   0  99   0   0 2026-09-20 23:58:36
 1  0       546320     91385200      1281508     29902624    0    0     0   144 2712 3031   2   1  97   0   0 2026-09-20 23:58:37
 1  0       546320     91323456      1281508     29902632    0    0     0     0 2102 3046   2   1  97   0   0 2026-09-20 23:58:38
 0  0       546320     91230736      1281508     29902684    0    0     0     0 1935 2939   3   0  97   0   0 2026-09-20 23:58:39
 1  0       546320     91123824      1281508     29912784    0    0     0     0 4541 3886   1   1  98   0   0 2026-09-20 23:58:40
 1  0       546320     90988816      1281508     29982512    0    0     0   460 3158 4714   3   0  96   0   0 2026-09-20 23:58:41
 1  0       546320     90881456      1281516     29982636    0    0     0   152 3087 4673   3   0  96   0   0 2026-09-20 23:58:42
 1  0       546320     90883344      1281516     29982668    0    0     0     4 2863 4539   2   1  97   0   0 2026-09-20 23:58:43
 1  0       546320     90843184      1281516     29982668    0    0     0     0 2720 4352   2   1  97   0   0 2026-09-20 23:58:44
 1  0       546320     90827856      1281516     29982700    0    0     0     0 3012 4505   3   0  97   0   0 2026-09-20 23:58:45
 1  0       546320     90825344      1281516     29982720    0    0     0   280 3428 4355   3   0  97   0   0 2026-09-20 23:58:46
procs -----------------------memory---------------------- ---swap-- -----io---- -system-- --------cpu-------- -----timestamp-----
 r  b         swpd         free         buff        cache   si   so    bi    bo   in   cs  us  sy  id  wa  st                 KST
 1  0       546320     90825136      1281524     29982752    0    0     0    92 3532 4335   3   0  97   0   0 2026-09-20 23:58:47
 1  0       546320     90680768      1281524     29982732    0    0     0     0 2887 4451   2   1  97   0   0 2026-09-20 23:58:48
 1  0       546320     87816816      1281524     32825124    0    0     0     0 3809 4403   1   2  97   0   0 2026-09-20 23:58:49
 2  0       546320     82997120      1281524     37631984    0    0     0     0 4644 4388   0   3  97   0   0 2026-09-20 23:58:50
 1  0       546320     82074592      1281524     38371408    0    0     0   360 6514 5313  29   3  68   0   0 2026-09-20 23:58:51
 1  0       546320     82104912      1281536     38371376    0    0     0   204 7641 11481   2   1  97   0   0 2026-09-20 23:58:52
 1  0       546320     82071968      1281536     38371412    0    0     0     0 6879 12298   3   0  97   0   0 2026-09-20 23:58:53
 1  0       546320     82072720      1281536     38371436    0    0     0     0 7176 12274   3   0  97   0   0 2026-09-20 23:58:54
 1  0       546320     82074288      1281548     38371464    0    0     0   112 7300 12566   3   0  97   0   0 2026-09-20 23:58:55
 1  0       546320     82072800      1281548     38371484    0    0     0     0 6957 12286   3   0  97   0   0 2026-09-20 23:58:56
 1  0       546320     82071104      1281548     38371512    0    0     0   436 7192 12289   3   0  97   0   0 2026-09-20 23:58:57
 1  0       546320     82071872      1281548     38371536    0    0     0     4 7166 12449   3   0  97   0   0 2026-09-20 23:58:58
 1  0       546320     82071384      1281548     38371560    0    0     0     0 7075 12167   3   0  97   0   0 2026-09-20 23:58:59
 2  0       546320     82070896      1281556     38371584    0    0     0   104 7084 12154   3   0  97   0   0 2026-09-20 23:59:00
 1  0       546320     82071688      1281556     38371600    0    0     0     0 7049 12467   3   0  97   0   0 2026-09-20 23:59:01
 1  0       546320     82070464      1281556     38371620    0    0     0   372 7127 12522   3   0  97   0   0 2026-09-20 23:59:02
 2  0       546320     82070752      1281556     38371648    0    0     0     0 6971 12283   3   0  97   0   0 2026-09-20 23:59:03
 1  0       546320     82071008      1281556     38371680    0    0     0     0 6830 12206   3   0  97   0   0 2026-09-20 23:59:04
 1  0       546320     82071048      1281568     38371684    0    0     0   104 7146 12434   3   0  97   0   0 2026-09-20 23:59:05
 1  0       546320     82070544      1281568     38371724    0    0     0     0 7058 12473   3   0  97   0   0 2026-09-20 23:59:06
 1  0       546320     82071816      1281568     38371752    0    0     0   220 7275 12410   3   0  97   0   0 2026-09-20 23:59:07
procs -----------------------memory---------------------- ---swap-- -----io---- -system-- --------cpu-------- -----timestamp-----
 r  b         swpd         free         buff        cache   si   so    bi    bo   in   cs  us  sy  id  wa  st                 KST
 1  0       546320     82070568      1281568     38371772    0    0     0     0 7243 12215   3   0  97   0   0 2026-09-20 23:59:08
 1  0       546320     82071080      1281568     38371792    0    0     0     0 7222 12113   3   0  97   0   0 2026-09-20 23:59:09
 1  0       546320     82064864      1281576     38371824    0    0     0 109728 7590 12694   3   0  97   0   0 2026-09-20 23:59:10
 1  0       546320     82064376      1281576     38371860    0    0     0     0 6977 12180   3   0  97   0   0 2026-09-20 23:59:11
 1  0       546320     82064912      1281576     38371888    0    0     0   264 7130 12247   3   0  97   0   0 2026-09-20 23:59:12
 1  0       546320     82063472      1281576     38371912    0    0     0     0 7441 12286   3   0  97   0   0 2026-09-20 23:59:13
 1  0       546320     82064000      1281576     38371932    0    0     0     0 7136 12318   3   0  97   0   0 2026-09-20 23:59:14
 1  0       546320     82062736      1281580     38371948    0    0     0   108 7189 12212   3   0  97   0   0 2026-09-20 23:59:15
 1  0       546320     82062808      1281580     38371972    0    0     0     0 7275 12222   3   0  97   0   0 2026-09-20 23:59:16
 1  0       546320     82062864      1281580     38372008    0    0     0   364 7328 12391   3   0  97   0   0 2026-09-20 23:59:17
 1  0       546320     82063160      1281580     38372024    0    0     0     0 7265 12220   3   0  97   0   0 2026-09-20 23:59:18
 1  0       546320     82063680      1281580     38372052    0    0     0     0 7136 12236   3   0  97   0   0 2026-09-20 23:59:19
 1  0       546320     82063472      1281592     38372068    0    0     0   120 7042 12332   3   0  97   0   0 2026-09-20 23:59:20
 1  0       546320     82062256      1281592     38372092    0    0     0     0 7082 12201   3   0  97   0   0 2026-09-20 23:59:21
 1  0       546320     82062272      1281592     38372116    0    0     0   224 7214 12269   3   0  97   0   0 2026-09-20 23:59:22
 1  0       546320     82062576      1281592     38372152    0    0     0    20 7142 12296   3   0  97   0   0 2026-09-20 23:59:23
 1  0       546320     82062920      1281592     38372168    0    0     0     0 7110 12223   3   0  97   0   0 2026-09-20 23:59:24
 1  0       546320     81995184      1281604     38372204    0    0     0 47224 7259 12600   3   1  96   0   0 2026-09-20 23:59:25
 2  0       546320     81996192      1281604     38372216    0    0     0     0 6936 12304   2   1  97   0   0 2026-09-20 23:59:26
 1  0       546320     81995208      1281604     38372252    0    0     0   240 7295 12300   2   1  97   0   0 2026-09-20 23:59:27
 0  4       546320     81975376      1281604     38372268    0    0     0 791552 11143 18359   1   1  90   8   0 2026-09-20 23:59:28
procs -----------------------memory---------------------- ---swap-- -----io---- -system-- --------cpu-------- -----timestamp-----
 r  b         swpd         free         buff        cache   si   so    bi    bo   in   cs  us  sy  id  wa  st                 KST
 1  0       546320     81974432      1281604     38372300    0    0     0 259072 8780 14785   2   1  94   3   0 2026-09-20 23:59:29
 1  0       546320     81973968      1281608     38372308    0    0     0 93768 7373 12782   3   1  96   0   0 2026-09-20 23:59:30
 1  0       546320     81974800      1281608     38372396    0    0     0 97280 7312 12731   3   1  96   0   0 2026-09-20 23:59:31
 6  0       546320     81972384      1281608     38372440    0    0     0 70412 7266 12776   3   1  96   0   0 2026-09-20 23:59:32
 1  0       546320     81973448      1281608     38372476    0    0     0 70656 7585 12623   3   1  96   0   0 2026-09-20 23:59:33
 1  0       546320     81975000      1281608     38372488    0    0     0 81920 7397 12688   3   1  96   1   0 2026-09-20 23:59:34
 1  0       546320     81972832      1281620     38372528    0    0     0 92532 7367 12639   3   1  96   0   0 2026-09-20 23:59:35
 1  0       546320     81975512      1281620     38372632    0    0     0 100352 7478 12701   3   1  96   0   0 2026-09-20 23:59:36
 4  0       546320     81978056      1281620     38372640    0    0     0 350208 8300 13166   6   1  91   3   0 2026-09-20 23:59:37
 4  0       546320     81978672      1281620     38372692    0    0     0   556 7936 12482  11   0  89   0   0 2026-09-20 23:59:38
 4  0       546320     81977472      1281620     38372696    0    0     0     0 7690 12241  11   0  89   0   0 2026-09-20 23:59:39
 5  0       546320     81976256      1281628     38372724    0    0     0   300 7987 12182  11   0  88   0   0 2026-09-20 23:59:40
 4  0       546320     81974552      1281628     38372744    0    0     0     0 8079 12259  11   0  89   0   0 2026-09-20 23:59:41
 4  0       546320     81973920      1281628     38372784    0    0     0     0 7999 12426  11   0  89   0   0 2026-09-20 23:59:42
 4  0       546320     81972728      1281628     38372792    0    0     0   568 7840 12361  11   0  89   0   0 2026-09-20 23:59:43
 4  0       546320     81972016      1281628     38372824    0    0     0     0 7552 12211  11   0  89   0   0 2026-09-20 23:59:44
 4  0       546320     81973040      1281636     38372836    0    0     0   104 7627 12484  11   0  89   0   0 2026-09-20 23:59:45
 0  4       546320     81971096      1281636     38372868    0    0     0 545792 8774 13962   7   0  88   4   0 2026-09-20 23:59:46
 5  0       546320     81970072      1281636     38373152    0    0     0 478208 10667 17337   6   1  88   4   0 2026-09-20 23:59:47
 5  0       546320     81969832      1281636     38373180    0    0     0   348 8031 12276  13   1  86   0   0 2026-09-20 23:59:48
 5  0       546320     81969984      1281636     38373196    0    0     0     0 7720 12212  13   1  86   0   0 2026-09-20 23:59:49
procs -----------------------memory---------------------- ---swap-- -----io---- -system-- --------cpu-------- -----timestamp-----
 r  b         swpd         free         buff        cache   si   so    bi    bo   in   cs  us  sy  id  wa  st                 KST
 5  0       546320     81970288      1281644     38373212    0    0     0   460 7927 12215  13   1  86   0   0 2026-09-20 23:59:50
 5  0       546320     81969184      1281644     38373260    0    0     0     0 7972 12406  13   1  86   0   0 2026-09-20 23:59:51
 5  0       546320     81970560      1281644     38373260    0    0     0     0 7817 12219  13   1  86   0   0 2026-09-20 23:59:52
 5  0       546320     81972128      1281644     38373308    0    0     0   940 8001 12355  13   1  86   0   0 2026-09-20 23:59:53
 5  0       546320     81971696      1281644     38373324    0    0     0     0 7917 12316  13   1  86   0   0 2026-09-20 23:59:54
 5  0       546320     81969936      1281652     38373320    0    0     0   132 8104 12420  13   1  86   0   0 2026-09-20 23:59:55
 5  0       546320     81970272      1281652     38373368    0    0     0     0 7898 12345  13   1  86   0   0 2026-09-20 23:59:56
 5  0       546320     81971296      1281652     38373376    0    0     0     0 8103 12324  13   1  86   0   0 2026-09-20 23:59:57
 5  0       546320     81967376      1281652     38373412    0    0     0   196 8608 12726  13   1  86   0   0 2026-09-20 23:59:58
 6  0       546320     81966944      1281652     38373452    0    0     0     0 8128 12381  13   1  86   0   0 2026-09-20 23:59:59
 6  2       546320     81964544      1282364     38373084   12    0   591  8864 11524 17641  14   2  83   1   0 2026-09-21 00:00:00
 5  1       546064     81966272      1282516     38373620    0    0    52  2040 11101 34667  14   2  81   3   0 2026-09-21 00:00:01
 5  1       546064     81967120      1282516     38373640    0    0     0     0 9455 15932  13   1  83   3   0 2026-09-21 00:00:02
 4  1       546064     81967512      1282516     38373648    0    0     0     0 9482 15732  11   0  85   3   0 2026-09-21 00:00:03
 2  1       546064     81967360      1282516     38373688    0    0     0 26624 8809 15566   9   0  87   3   0 2026-09-21 00:00:04
 1  1       546064     81966768      1282516     38373724    0    0     0 72704 8435 15581   2   1  93   3   0 2026-09-21 00:00:05
 1  1       546064     81967600      1282524     38373760    0    0     0 82252 8463 15831   3   1  93   3   0 2026-09-21 00:00:06
 5  1       546064     81964688      1282524     38373768    0    0     0 56320 8355 15725   2   1  93   3   0 2026-09-21 00:00:07
 1  3       546064     81963616      1282524     38373852    0    0     0 77388 8748 15792   3   1  93   3   0 2026-09-21 00:00:08
 1  1       546064     81962488      1282524     38373880    0    0     0 82952 8716 15795   3   1  93   3   0 2026-09-21 00:00:09
 1  1       546064     81961528      1282524     38373928    0    0     0 86016 8565 15897   3   1  93   3   0 2026-09-21 00:00:10
procs -----------------------memory---------------------- ---swap-- -----io---- -system-- --------cpu-------- -----timestamp-----
 r  b         swpd         free         buff        cache   si   so    bi    bo   in   cs  us  sy  id  wa  st                 KST
 1  1       546064     81961376      1282536     38373960    0    0     4 85356 8506 15824   3   1  93   3   0 2026-09-21 00:00:11
 1  1       546064     81960912      1282544     38374072    0    0     8 89088 8659 15968   3   1  93   3   0 2026-09-21 00:00:12
 1  1       546064     81962584      1282544     38374092    0    0     0 63488 8518 15928   2   1  93   3   0 2026-09-21 00:00:13
 4  1       546064     81961368      1282544     38374248    0    0     0 300396 9507 16006  10   0  86   4   0 2026-09-21 00:00:14
 4  1       546064     81960712      1282544     38374256    0    0     0     0 9087 15620  11   0  86   3   0 2026-09-21 00:00:15
 4  1       546064     81961504      1282560     38374184    0    0     8   228 9029 15626  11   0  86   3   0 2026-09-21 00:00:16
 4  1       546064     81958784      1282560     38374220    0    0     0     0 9118 15753  11   0  86   3   0 2026-09-21 00:00:17
 4  1       546064     81958096      1282560     38374252    0    0     0     0 9335 15638  11   0  86   3   0 2026-09-21 00:00:18
 4  1       546064     81959168      1282564     38374280    0    0     4   716 8913 15524  11   0  86   3   0 2026-09-21 00:00:19
 4  1       546064     81958208      1282568     38374304    0    0     4     0 8877 15617  11   0  86   3   0 2026-09-21 00:00:20
 4  1       546064     81957480      1282572     38374352    0    0     0    92 8988 15659  11   0  86   3   0 2026-09-21 00:00:21
 5  1       546064     81957032      1282572     38374408    0    0     0 1056768 11246 17349   7   1  85   8   0 2026-09-21 00:00:22
 4  1       546064     81955328      1282576     38374668    0    0     4     0 9570 15817  12   1  84   3   0 2026-09-21 00:00:23
 4  5       546064     81952120      1282580     38374732    0    0 468996 287676 11168 18061   8   1  86   5   0 2026-09-21 00:00:24
 4  1       546064     81948736      1282580     38374872    0    0 71680 163840 9670 16575  10   1  86   4   0 2026-09-21 00:00:25
 1  5       546064     81948528      1282580     38374908    0    0 83968 213688 9309 16317   8   0  88   4   0 2026-09-21 00:00:26
 5  1       546064     81948320      1282604     38374992    0    0 342040     0 10427 16747  13   1  82   4   0 2026-09-21 00:00:27
 4  1       546064     81948640      1282612     38375020    0    0     8     0 9358 15847  11   0  86   3   0 2026-09-21 00:00:28
 1  1       546064     81948200      1282620     38375108    0    0     8 207828 9594 16007   9   0  87   4   0 2026-09-21 00:00:29
 1  1       546064     81950784      1282620     38375176    0    0     0 86016 8678 16231   3   1  93   3   0 2026-09-21 00:00:30
 5  1       546064     81948112      1282652     38375260    0    0    16 59876 9338 16215   8   1  88   3   0 2026-09-21 00:00:31
procs -----------------------memory---------------------- ---swap-- -----io---- -system-- --------cpu-------- -----timestamp-----
 r  b         swpd         free         buff        cache   si   so    bi    bo   in   cs  us  sy  id  wa  st                 KST
 5  1       546064     81948160      1282660     38375320    0    0     8     0 9646 15711  13   1  83   3   0 2026-09-21 00:00:32
 5  1       546064     81947952      1282660     38375344    0    0     0     0 9540 15736  13   1  83   3   0 2026-09-21 00:00:33
 6  1       546064     81947768      1282664     38375360    0    0     4   720 9599 15675  13   1  83   3   0 2026-09-21 00:00:34
 5  1       546064     81948128      1282664     38375400    0    0     0     0 9275 15691  13   1  83   3   0 2026-09-21 00:00:35
 4  1       546064     81947696      1282672     38375412    0    0     0   160 9121 15599  12   0  85   3   0 2026-09-21 00:00:36
 4  1       546064     81948064      1282672     38375440    0    0     0     0 9201 15687  11   0  86   3   0 2026-09-21 00:00:37
 4  1       546064     81947920      1282672     38375444    0    0     0     0 9481 15706  11   0  86   3   0 2026-09-21 00:00:38
 4  1       546064     81947520      1282672     38375488    0    0     0   280 9020 15541  11   0  86   3   0 2026-09-21 00:00:39
 4  1       546064     81948320      1282672     38375500    0    0     0     0 9241 15763  11   0  86   3   0 2026-09-21 00:00:40
 4  1       546064     81947656      1282696     38375528    0    0    16    84 8888 15499  11   0  86   3   0 2026-09-21 00:00:41
 4  1       546064     81948992      1282752     38375688    0    0    56     0 9060 15752  11   0  86   3   0 2026-09-21 00:00:42
 8  1       546064     81947312      1282752     38375864    0    0 109568 884736 10828 17564   7   0  86   6   0 2026-09-21 00:00:43
 4  1       546064     81949440      1282752     38376004    0    0 601088     0 10731 16896  13   1  81   5   0 2026-09-21 00:00:44
 4  1       546064     81950648      1282752     38376036    0    0     0   200 9440 15907  11   0  86   3   0 2026-09-21 00:00:45
 5  1       546064     81951056      1282764     38376152    0    0     4 311860 9437 16292   6   0  90   4   0 2026-09-21 00:00:46
 4  1       546064     81950920      1282764     38376192    0    0     0     0 9551 15886  12   1  85   3   0 2026-09-21 00:00:47
 4  1       546064     81950976      1282768     38376224    0    0     4     0 9330 15771  11   0  86   3   0 2026-09-21 00:00:48
 4  1       546064     81950736      1282768     38376248    0    0     0     0 9438 15743  11   0  86   3   0 2026-09-21 00:00:49
 0  1       546064     81953296      1282768     38376264    0    0     0 508704 9786 16777   4   0  92   4   0 2026-09-21 00:00:50
 1  1       546064     81951816      1282776     38376416    0    0     0   304 7964 15408   0   0  97   3   0 2026-09-21 00:00:51
 0  1       546064     81951128      1282776     38376440    0    0     0     0 7855 15650   0   0  97   3   0 2026-09-21 00:00:52
procs -----------------------memory---------------------- ---swap-- -----io---- -system-- --------cpu-------- -----timestamp-----
 r  b         swpd         free         buff        cache   si   so    bi    bo   in   cs  us  sy  id  wa  st                 KST
 0  1       546064     81949016      1282776     38376452    0    0     0     0 7963 15463   0   0  97   3   0 2026-09-21 00:00:53
 0  1       546064     81948864      1282776     38376496    0    0     0     0 7971 15279   0   0  97   3   0 2026-09-21 00:00:54
 0  1       546064     81949008      1282804     38376500    0    0    12  1104 7922 15831   0   0  97   3   0 2026-09-21 00:00:55
 0  1       546064     81948640      1282804     38376556    0    0     0     0 7699 15185   0   0  97   3   0 2026-09-21 00:00:56
 0  1       546064     81947248      1282804     38376592    0    0     0     0 7960 15433   0   0  97   3   0 2026-09-21 00:00:57
 0  1       546064     81947832      1282804     38376608    0    0     0     0 7974 15724   0   0  97   3   0 2026-09-21 00:00:58
 1  0       546064     81949400      1282804     38376628    0    0     0     0 7921 15331   0   0  97   3   0 2026-09-21 00:00:59
 0  1       546064     81950960      1282804     38376648    0    0     0   280 7943 15353   0   0  97   3   0 2026-09-21 00:01:00
 0  1       546064     81952976      1282836     38376640    0    0    32 32768 8131 15608   2   0  95   3   0 2026-09-21 00:01:01
 5  1       546064     81953304      1282836     38376808    0    0     0     0 8415 15901   4   1  93   3   0 2026-09-21 00:01:02
 5  1       546064     81953120      1282836     38376828    0    0     0     0 9689 15672  13   1  83   3   0 2026-09-21 00:01:03
 5  1       546064     81954416      1282836     38376848    0    0     0     0 9243 15639  13   1  83   3   0 2026-09-21 00:01:04
 5  1       546064     81953680      1282848     38376872    0    0     4   436 9435 15808  13   1  83   3   0 2026-09-21 00:01:05
 5  1       546064     81954192      1282848     38376908    0    0     0     0 9565 15756  13   1  83   3   0 2026-09-21 00:01:06
 5  1       546064     81954208      1282848     38376912    0    0     0     0 9376 15671  13   1  83   3   0 2026-09-21 00:01:07
 5  1       546064     81954720      1282856     38376968    0    0     8     0 9378 15662  13   1  83   3   0 2026-09-21 00:01:08
 5  1       546064     81955312      1282856     38376980    0    0     0     0 9384 15694  13   1  83   3   0 2026-09-21 00:01:09
 5  1       546064     81954096      1282864     38377024    0    0     0   340 9490 15815  13   1  83   3   0 2026-09-21 00:01:10
 4  1       546064     81952584      1282864     38377040    0    0     0     0 9043 15601  12   1  85   3   0 2026-09-21 00:01:11
 5  1       546064     81953168      1282864     38377064    0    0     0     0 9006 15656  11   0  86   3   0 2026-09-21 00:01:12
 4  1       546064     81953488      1282868     38377080    0    0     4     0 9007 15646  11   0  86   3   0 2026-09-21 00:01:13
procs -----------------------memory---------------------- ---swap-- -----io---- -system-- --------cpu-------- -----timestamp-----
 r  b         swpd         free         buff        cache   si   so    bi    bo   in   cs  us  sy  id  wa  st                 KST
 4  1       546064     81954304      1282868     38377108    0    0     0     0 9230 15654  11   0  86   3   0 2026-09-21 00:01:14
 4  1       546064     81956392      1282872     38377144    0    0     0   112 8990 15519  11   0  86   3   0 2026-09-21 00:01:15
 4  1       546064     81955896      1282872     38377156    0    0     0   232 9143 16013  11   0  86   3   0 2026-09-21 00:01:16
 4  1       546064     81953760      1282876     38377204    0    0     4     0 9247 15659  11   0  86   3   0 2026-09-21 00:01:17
 4  1       546064     81956792      1282876     38377216    0    0     0     0 9226 15729  11   0  86   3   0 2026-09-21 00:01:18
 1  5       546064     81956832      1282952     38377180    0    0    76  4096 9147 15722  11   0  86   3   0 2026-09-21 00:01:19
 2  1       546064     81954592      1282960     38377496    0    0     0 210124 8855 16208   3   1  93   3   0 2026-09-21 00:01:20
 1  1       546064     81954696      1282960     38377536    0    0     0 66964 8453 15935   2   1  93   3   0 2026-09-21 00:01:21
 5  1       546064     81956560      1282960     38377548    0    0     0 74752 8649 15966   2   1  93   3   0 2026-09-21 00:01:22
 1  1       546064     81956312      1282960     38377608    0    0     0 92160 8716 16241   2   1  93   3   0 2026-09-21 00:01:23
 1  1       546064     81955920      1282960     38377632    0    0     0 70656 8574 15900   2   1  94   3   0 2026-09-21 00:01:24
 4  1       546064     81952712      1282968     38377820    0    0     0 498128 9849 16558   8   0  87   4   0 2026-09-21 00:01:25
 4  1       546064     81955328      1282968     38377868    0    0     0  1216 9567 16375  11   0  86   3   0 2026-09-21 00:01:26
 4  1       546064     81955456      1282968     38377884    0    0     0     0 9267 15850  11   0  86   3   0 2026-09-21 00:01:27
 4  1       546064     81955456      1282968     38377892    0    0     0     0 9430 16241  11   0  86   3   0 2026-09-21 00:01:28
 4  1       546064     81955056      1282968     38377928    0    0     0     0 9150 15872  11   0  86   3   0 2026-09-21 00:01:29
 4  1       546064     81952360      1282976     38377932    0    0     0   116 9378 16002  11   0  86   3   0 2026-09-21 00:01:30
 4  1       546064     81951392      1282976     38377968    0    0     0   220 9616 16242  11   0  86   3   0 2026-09-21 00:01:31
 4  1       546064     81949040      1282976     38378004    0    0     0     0 9617 16124  11   0  86   3   0 2026-09-21 00:01:32
 5  1       546064     81947120      1282976     38378060    0    0 61440 598016 10596 17370   9   0  86   5   0 2026-09-21 00:01:33
 5  1       546064     81951392      1282976     38378160    0    0 110592     0 10181 16761  14   1  82   3   0 2026-09-21 00:01:34
procs -----------------------memory---------------------- ---swap-- -----io---- -system-- --------cpu-------- -----timestamp-----
 r  b         swpd         free         buff        cache   si   so    bi    bo   in   cs  us  sy  id  wa  st                 KST
 5  1       546064     81951952      1283004     38378164    0    0 49172   368 9821 16072  13   1  83   3   0 2026-09-21 00:01:35
 5  1       546064     81953552      1283004     38378252    0    0     0   680 9962 16144  13   1  83   3   0 2026-09-21 00:01:36
 4  1       546064     81950976      1283004     38378284    0    0     0     0 9774 16128  12   1  84   3   0 2026-09-21 00:01:37
 4  1       546064     81951520      1283004     38378292    0    0     0     0 9309 16058  11   0  86   3   0 2026-09-21 00:01:38
 5  1       546064     81950864      1283004     38378312    0    0     0     0 9643 16260  11   0  86   3   0 2026-09-21 00:01:39
 4  1       546064     81950656      1283024     38378372    0    0    12   144 9617 16244  11   0  86   3   0 2026-09-21 00:01:40
 4  1       546064     81949512      1283024     38378392    0    0     0   360 9861 16367  11   0  86   3   0 2026-09-21 00:01:41
 5  1       546064     81948400      1283024     38378456    0    0 55296 720896 10880 17970   8   1  86   5   0 2026-09-21 00:01:42
 4  1       546064     81945280      1283024     38378692    0    0     0     0 9249 16484  11   0  86   3   0 2026-09-21 00:01:43
 4  1       546064     81945920      1283024     38378708    0    0     0     0 9270 16674  11   0  86   3   0 2026-09-21 00:01:44
 5  1       546064     81943952      1283028     38378736    0    0     0 82344 9144 16679   7   1  90   3   0 2026-09-21 00:01:45
 6  1       546064     81943784      1283028     38378816    0    0     0     0 9636 16424  13   1  83   3   0 2026-09-21 00:01:46
 5  1       546064     81944832      1283028     38378864    0    0     0   756 9953 16460  13   1  83   3   0 2026-09-21 00:01:47
 5  1       546064     81943432      1283028     38378888    0    0     0     0 9764 16395  13   1  83   3   0 2026-09-21 00:01:48
 5  1       546064     81945088      1283028     38378904    0    0     0     0 9611 16231  13   1  83   3   0 2026-09-21 00:01:49
 5  1       546064     81946456      1283036     38378904    0    0     0   116 9537 16186  13   1  83   3   0 2026-09-21 00:01:50
 5  1       546064     81945376      1283036     38378956    0    0     0     0 9538 16177  13   1  83   3   0 2026-09-21 00:01:51
 5  0       546064     81944784      1283036     38378948    0    0     0   220 9716 14626  13   1  84   1   0 2026-09-21 00:01:52
 5  0       546064     81943760      1283036     38378980    0    0     0     0 8107 12269  13   1  86   0   0 2026-09-21 00:01:53
 4  0       546064     81948616      1283036     38378984    0    0     0     0 8014 12323  12   0  88   0   0 2026-09-21 00:01:54
 4  0       546064     81948624      1283052     38379028    0    0     0   112 7849 12381  11   0  89   0   0 2026-09-21 00:01:55
procs -----------------------memory---------------------- ---swap-- -----io---- -system-- --------cpu-------- -----timestamp-----
 r  b         swpd         free         buff        cache   si   so    bi    bo   in   cs  us  sy  id  wa  st                 KST
 5  0       546064     81948664      1283052     38379052    0    0     0   528 7864 12434  11   0  89   0   0 2026-09-21 00:01:56
 4  0       546064     81946576      1283052     38379080    0    0     0   396 7947 12418  11   0  88   0   0 2026-09-21 00:01:57
 4  0       546064     81947408      1283052     38379128    0    0     0     0 8075 12652  11   0  89   0   0 2026-09-21 00:01:58
 4  0       546064     81947744      1283052     38379144    0    0     0     0 7573 12282  11   0  89   0   0 2026-09-21 00:01:59
 5  0       546064     81947664      1283056     38379164    0    0     0   124 7929 12317  11   0  89   0   0 2026-09-21 00:02:00
 4  0       546064     81949000      1283056     38379180    0    0     0     0 7776 12329  11   0  89   0   0 2026-09-21 00:02:01
 0  4       546064     81949600      1283056     38379224    0    0     0 125320 8557 12844  11   0  89   0   0 2026-09-21 00:02:02
 5  0       546064     81948880      1283056     38379520    0    0     0 866304 9930 14423  10   1  87   2   0 2026-09-21 00:02:03
 5  0       546064     81949664      1283056     38379620    0    0     0     0 8044 12234  13   1  86   0   0 2026-09-21 00:02:04
 5  0       546064     81946512      1283060     38379648    0    0     0   464 8221 12637  13   1  86   0   0 2026-09-21 00:02:05
 5  0       546064     81948656      1283060     38379688    0    0     0     0 8110 12350  13   1  86   0   0 2026-09-21 00:02:06
 4  0       546064     81950216      1283060     38379704    0    0     0   572 8329 12395  13   1  86   0   0 2026-09-21 00:02:07
 4  0       546064     81949504      1283060     38379732    0    0     0     0 7936 12351  11   0  89   0   0 2026-09-21 00:02:08
 4  0       546064     81949552      1283060     38379748    0    0     0     0 7975 12187  11   0  89   0   0 2026-09-21 00:02:09
 4  0       546064     81949120      1283064     38379780    0    0     0   108 7972 12382  11   0  89   0   0 2026-09-21 00:02:10
 5  0       546064     81949888      1283064     38379780    0    0     0     0 7907 12319  11   0  89   0   0 2026-09-21 00:02:11
 3  3       546064     81948048      1283064     38379872    0    0 471040 950484 10884 15962   8   0  88   4   0 2026-09-21 00:02:12
 5  0       546064     81946672      1283064     38380112    0    0 315392  8192 8366 13096   9   1  89   1   0 2026-09-21 00:02:13
 5  0       546064     81948704      1283064     38380144    0    0     0     0 8149 12418  13   1  86   0   0 2026-09-21 00:02:14
 5  0       546064     81948864      1283072     38380176    0    0     0   396 8197 12316  13   1  86   0   0 2026-09-21 00:02:15
 5  0       546064     81949216      1283072     38380212    0    0     0     0 8364 12363  13   1  86   0   0 2026-09-21 00:02:16
procs -----------------------memory---------------------- ---swap-- -----io---- -system-- --------cpu-------- -----timestamp-----
 r  b         swpd         free         buff        cache   si   so    bi    bo   in   cs  us  sy  id  wa  st                 KST
 5  0       546064     81948128      1283072     38380220    0    0     0   668 8562 12457  13   1  86   0   0 2026-09-21 00:02:17
 4  0       546064     81949904      1283072     38380244    0    0     0     0 8200 12407  12   1  87   0   0 2026-09-21 00:02:18
 4  0       546064     81950168      1283072     38380276    0    0     0     0 7758 12243  11   0  89   0   0 2026-09-21 00:02:19
 4  0       546064     81950968      1283076     38380300    0    0     0   132 7789 12233  11   0  89   0   0 2026-09-21 00:02:20
 4  0       546064     81953552      1283076     38380320    0    0     0     0 8040 12342  11   0  89   0   0 2026-09-21 00:02:21
 4  0       546064     81951824      1283076     38380352    0    0     0     0 7941 12313  11   0  89   0   0 2026-09-21 00:02:22
 4  0       546064     81952656      1283076     38380368    0    0     0   404 8117 12373  11   0  89   0   0 2026-09-21 00:02:23
 1  2       546064     81953512      1283076     38380400    0    0     0 534528 8835 13739   9   0  89   1   0 2026-09-21 00:02:24
 4  0       546064     81948080      1283080     38380644    0    0     0 176556 8174 13394   3   1  95   1   0 2026-09-21 00:02:25
 4  0       546064     81947504      1283080     38380716    0    0     0 92160 8007 13050   7   1  92   0   0 2026-09-21 00:02:26
 4  0       546064     81947264      1283080     38380732    0    0     0   696 8266 12558  11   0  89   0   0 2026-09-21 00:02:27
 4  0       546064     81946080      1283080     38380760    0    0     0   700 8013 12380  11   0  89   0   0 2026-09-21 00:02:28
 4  0       546064     81945888      1283080     38380788    0    0     0     0 8142 12222  11   0  89   0   0 2026-09-21 00:02:29
 4  0       546064     81946560      1283084     38380840    0    0 417792 532824 9949 14555   9   0  88   2   0 2026-09-21 00:02:30
 0  0       546064     81945344      1283084     38381016    0    0 581632 180224 8976 14080   6   0  92   2   0 2026-09-21 00:02:31
 5  0       546064     81944400      1283084     38381060    0    0     0     0 7717 12395  11   1  88   0   0 2026-09-21 00:02:32
 5  0       546064     81944272      1283084     38381100    0    0     0   416 8178 12431  13   1  86   0   0 2026-09-21 00:02:33
 6  0       546064     81945120      1283084     38381120    0    0     0     0 7993 12256  13   1  86   0   0 2026-09-21 00:02:34
 5  0       546064     81943168      1283088     38381124    0    0     0   232 8126 12252  13   1  86   0   0 2026-09-21 00:02:35
 5  0       546064     81944336      1283088     38381160    0    0     0     0 8253 12346  13   1  86   0   0 2026-09-21 00:02:36
 5  0       546064     81945720      1283088     38381172    0    0     0     0 8269 12435  13   1  86   0   0 2026-09-21 00:02:37
procs -----------------------memory---------------------- ---swap-- -----io---- -system-- --------cpu-------- -----timestamp-----
 r  b         swpd         free         buff        cache   si   so    bi    bo   in   cs  us  sy  id  wa  st                 KST
 6  0       546064     81947296      1283088     38381200    0    0     0   332 8221 12558  13   1  86   0   0 2026-09-21 00:02:38
 5  0       546064     81946160      1283088     38381232    0    0     0     0 8074 12241  13   1  86   0   0 2026-09-21 00:02:39
 4  0       546064     81946120      1283096     38381244    0    0     0    72 8122 12300  13   1  86   0   0 2026-09-21 00:02:40
 4  0       546064     81946440      1283096     38381276    0    0     0     0 7802 12255  11   0  89   0   0 2026-09-21 00:02:41
 4  0       546064     81944520      1283096     38381316    0    0     0     0 7928 12311  11   0  89   0   0 2026-09-21 00:02:42
 4  0       546064     81945344      1283096     38381340    0    0     0   200 8037 12347  11   0  89   0   0 2026-09-21 00:02:43
 4  0       546064     81945960      1283096     38381364    0    0     0     0 7929 12365  11   0  88   0   0 2026-09-21 00:02:44
 4  0       546064     81945296      1283104     38381384    0    0     0   124 7855 12468  11   0  89   0   0 2026-09-21 00:02:45
 4  0       546064     81945120      1283104     38381408    0    0     0     0 7952 12369  11   0  89   0   0 2026-09-21 00:02:46
 4  0       546064     81947280      1283104     38381428    0    0     0     0 7935 12328  11   0  89   0   0 2026-09-21 00:02:47
 4  0       546064     81946160      1283104     38381464    0    0     0   400 7930 12299  11   0  89   0   0 2026-09-21 00:02:48
 4  0       546064     81946296      1283104     38381580    0    0     0 1024000 9980 14623   9   0  89   2   0 2026-09-21 00:02:49
 5  0       546064     81944488      1283108     38381828    0    0     0 66012 8074 12551  11   1  89   0   0 2026-09-21 00:02:50
 5  0       546064     81945072      1283108     38381868    0    0     0     0 8381 12242  13   1  86   0   0 2026-09-21 00:02:51
 5  0       546064     81944160      1283108     38381880    0    0     0     0 8283 12285  13   1  86   0   0 2026-09-21 00:02:52
 4  0       546064     81945512      1283108     38381908    0    0     0     0 7948 12333  11   0  88   0   0 2026-09-21 00:02:53
 4  0       546064     81943584      1283108     38381912    0    0     0   588 8171 12386  11   0  89   0   0 2026-09-21 00:02:54
 4  0       546064     81944672      1283112     38381960    0    0     0   148 7939 12405  11   0  89   0   0 2026-09-21 00:02:55
 5  0       546064     81944224      1283112     38381976    0    0     0     0 7930 12310  11   0  89   0   0 2026-09-21 00:02:56
 5  0       546064     81944048      1283112     38382028    0    0     0 265216 8185 13275   6   1  92   1   0 2026-09-21 00:02:57
 1  0       546064     81944368      1283112     38382212    0    0     0 125064 7883 13244   3   1  96   0   0 2026-09-21 00:02:58
procs -----------------------memory---------------------- ---swap-- -----io---- -system-- --------cpu-------- -----timestamp-----
 r  b         swpd         free         buff        cache   si   so    bi    bo   in   cs  us  sy  id  wa  st                 KST
 4  0       546064     81944688      1283112     38382236    0    0     0 126176 7531 12911   3   1  95   0   0 2026-09-21 00:02:59
 3  0       546064     81944752      1283120     38382280    0    0     0 135536 7799 13043   4   1  95   0   0 2026-09-21 00:03:00
 4  0       546064     81944800      1283120     38382280    0    0     0  5120 7839 12438  11   1  88   0   0 2026-09-21 00:03:01
 4  0       546064     81942664      1283120     38382336    0    0     0     0 7946 12513  11   0  89   0   0 2026-09-21 00:03:02
 4  0       546064     81940992      1283120     38382344    0    0     0     0 7945 12396  11   0  89   0   0 2026-09-21 00:03:03
 4  0       546064     81942656      1283120     38382372    0    0     0   588 7967 12372  11   0  89   0   0 2026-09-21 00:03:04
 4  0       546064     81943456      1283128     38382420    0    0     0   176 7934 12547  11   0  89   0   0 2026-09-21 00:03:05
 5  0       546064     81942024      1283128     38382508    0    0     0 729088 9277 14132   8   0  90   2   0 2026-09-21 00:03:06
 5  0       546064     81940552      1283128     38382804    0    0     0     0 8180 12429  13   1  86   0   0 2026-09-21 00:03:07
 5  0       546064     81940720      1283128     38382840    0    0     0     0 8174 12389  13   1  86   0   0 2026-09-21 00:03:08
 5  0       546064     81941776      1283128     38382848    0    0     0   376 8032 12189  13   1  86   0   0 2026-09-21 00:03:09
 5  0       546064     81941120      1283136     38382892    0    0     0   384 8079 12388  13   1  86   0   0 2026-09-21 00:03:10
 5  0       546064     81942016      1283136     38382900    0    0     0     0 7996 12184  13   1  86   0   0 2026-09-21 00:03:11
 5  0       546064     81939848      1283144     38382936    0    0     0    32 7946 12201  13   1  86   0   0 2026-09-21 00:03:12
 5  0       546064     81941472      1283144     38382948    0    0     0     0 7971 12298  13   1  86   0   0 2026-09-21 00:03:13
 5  0       546064     81940864      1283144     38382980    0    0     0   488 8035 12317  13   1  86   0   0 2026-09-21 00:03:14
 4  0       546064     81942216      1283144     38383016    0    0     0     0 7769 12310  11   0  89   0   0 2026-09-21 00:03:15
 4  0       546064     81940640      1283144     38383044    0    0     0     0 7579 12269  11   0  89   0   0 2026-09-21 00:03:16
 5  0       546064     81941472      1283148     38383068    0    0     0    80 7862 12251  11   0  88   0   0 2026-09-21 00:03:17
 4  0       546064     81939616      1283148     38383084    0    0     0     0 7837 12436  11   0  89   0   0 2026-09-21 00:03:18
 4  0       546064     81939936      1283148     38383112    0    0     0   204 7803 12337  11   0  89   0   0 2026-09-21 00:03:19
procs -----------------------memory---------------------- ---swap-- -----io---- -system-- --------cpu-------- -----timestamp-----
 r  b         swpd         free         buff        cache   si   so    bi    bo   in   cs  us  sy  id  wa  st                 KST
 4  0       546064     81939040      1283148     38383148    0    0     0     0 7749 12284  11   0  89   0   0 2026-09-21 00:03:20
 4  0       546064     81938320      1283148     38383148    0    0     0     0 7702 12303  11   0  89   0   0 2026-09-21 00:03:21
 1  0       546064     81939016      1283152     38383368    0    0     0 251140 7947 13617   3   1  95   1   0 2026-09-21 00:03:22
 2  0       546064     81938472      1283152     38383500    0    0     0 162816 7498 13196   2   1  97   0   0 2026-09-21 00:03:23
 1  0       546064     81936512      1283152     38383620    0    0     0 166912 7418 13152   2   1  96   0   0 2026-09-21 00:03:24
 1  0       546064     81935456      1283152     38383648    0    0     0 110904 7334 12936   2   1  96   0   0 2026-09-21 00:03:25
 1  0       546064     81933552      1283152     38383668    0    0     0 87040 7778 12862   3   1  96   0   0 2026-09-21 00:03:26
 1  0       546064     81931528      1283156     38383732    0    0     0 97676 7867 13312   3   1  96   0   0 2026-09-21 00:03:27
 1  0       546064     81930904      1283156     38383840    0    0     0 89980 7753 13111   3   1  96   0   0 2026-09-21 00:03:28
 1  0       546064     81932544      1283156     38383876    0    0     0 95232 7469 12913   3   1  96   0   0 2026-09-21 00:03:29
 3  0       546064     81932112      1283156     38383896    0    0     0 58076 7268 12715   2   1  96   0   0 2026-09-21 00:03:30
 5  0       546064     81936224      1283156     38383916    0    0     0 21504 8223 12523  13   1  86   0   0 2026-09-21 00:03:31
 5  0       546064     81935488      1283160     38383932    0    0     0   316 8222 12409  13   1  86   0   0 2026-09-21 00:03:32
 4  0       546064     81935632      1283160     38383980    0    0     0     0 8091 12304  13   1  86   0   0 2026-09-21 00:03:33
 5  0       546064     81936672      1283160     38383988    0    0     0     0 7759 12253  11   0  89   0   0 2026-09-21 00:03:34
 4  0       546064     81937056      1283160     38384036    0    0     0   540 7979 12320  11   0  89   0   0 2026-09-21 00:03:35
 4  0       546064     81937616      1283160     38384044    0    0     0     0 7732 12501  11   0  89   0   0 2026-09-21 00:03:36
 4  0       546064     81936576      1283164     38384064    0    0     0   100 8140 12399  11   0  88   0   0 2026-09-21 00:03:37
 4  0       546064     81936592      1283164     38384088    0    0     0     0 8320 12306  11   0  88   0   0 2026-09-21 00:03:38
 4  0       546064     81937840      1283164     38384124    0    0     0     0 7970 12279  11   0  88   0   0 2026-09-21 00:03:39
 4  0       546064     81937600      1283164     38384128    0    0     0   204 7757 12249  11   0  89   0   0 2026-09-21 00:03:40
procs -----------------------memory---------------------- ---swap-- -----io---- -system-- --------cpu-------- -----timestamp-----
 r  b         swpd         free         buff        cache   si   so    bi    bo   in   cs  us  sy  id  wa  st                 KST
 4  0       546064     81936712      1283164     38384176    0    0     0     0 7909 12182  11   0  89   0   0 2026-09-21 00:03:41
 5  0       546064     81933792      1283168     38384228    0    0 131072 1024168 10580 15337   9   1  88   3   0 2026-09-21 00:03:42
 4  0       546064     81935040      1283168     38384624    0    0 294912     0 8480 13071  12   0  88   1   0 2026-09-21 00:03:43
 5  0       546064     81935904      1283168     38384756    0    0     0 196608 8496 12726  13   1  86   0   0 2026-09-21 00:03:44
 6  0       546064     81936728      1283168     38384820    0    0     0   232 8633 12610  13   1  86   0   0 2026-09-21 00:03:45
 5  0       546064     81937248      1283168     38384852    0    0     0     0 8352 12399  13   1  86   0   0 2026-09-21 00:03:46
 6  0       546064     81938544      1283172     38384848    0    0     0   580 8503 12470  13   1  86   0   0 2026-09-21 00:03:47
 5  0       546064     81938344      1283172     38384908    0    0     0     0 8385 12379  13   1  86   0   0 2026-09-21 00:03:48
 4  0       546064     81938896      1283172     38384916    0    0     0     0 8285 12282  13   1  86   0   0 2026-09-21 00:03:49
 4  0       546064     81938728      1283172     38384956    0    0     0   868 8067 12390  11   0  89   0   0 2026-09-21 00:03:50
 4  0       546064     81940112      1283172     38384980    0    0     0     0 7918 12254  11   0  89   0   0 2026-09-21 00:03:51
 5  0       546064     81938888      1283172     38385004    0    0     0    92 8041 12411  11   0  89   0   0 2026-09-21 00:03:52
 4  0       546064     81939480      1283172     38385040    0    0     0     0 7914 12369  11   0  89   0   0 2026-09-21 00:03:53
 4  0       546064     81940608      1283172     38385060    0    0     0     0 7904 12334  11   0  89   0   0 2026-09-21 00:03:54
 4  0       546064     81939144      1283180     38385084    0    0     0    64 8175 12533  11   0  89   0   0 2026-09-21 00:03:55
 1  0       546064     81936528      1283180     38385200    0    0     0 844020 9407 14399   7   0  91   2   0 2026-09-21 00:03:56
 4  0       546064     81937200      1283180     38385564    0    0 540672     0 9407 14064  11   1  87   1   0 2026-09-21 00:03:57
 1  3       546064     81935232      1283180     38385564    0    0     0 217088 8751 13034  11   0  88   1   0 2026-09-21 00:03:58
 5  0       546064     81937632      1283180     38385756    0    0     0 37844 7730 12730   8   1  91   0   0 2026-09-21 00:03:59
 5  0       546064     81937920      1283184     38385892    0    0     0   540 8041 12283  13   1  86   0   0 2026-09-21 00:04:00
 5  0       546064     81937544      1283184     38385932    0    0     0   820 8205 12300  13   1  86   0   0 2026-09-21 00:04:01
procs -----------------------memory---------------------- ---swap-- -----io---- -system-- --------cpu-------- -----timestamp-----
 r  b         swpd         free         buff        cache   si   so    bi    bo   in   cs  us  sy  id  wa  st                 KST
 5  0       546064     81938880      1283184     38385956    0    0     0     0 8309 12650  13   1  86   0   0 2026-09-21 00:04:02
 5  0       546064     81938288      1283184     38385976    0    0     0     0 8225 12371  13   1  86   0   0 2026-09-21 00:04:03
 5  0       546064     81937592      1283184     38385996    0    0     0     0 8022 12233  13   1  86   0   0 2026-09-21 00:04:04
 5  0       546064     81937632      1283192     38386020    0    0     0    92 8048 12484  13   1  86   0   0 2026-09-21 00:04:05
 5  0       546064     81936448      1283192     38386040    0    0     0   196 8230 12353  13   1  86   0   0 2026-09-21 00:04:06
 4  0       546064     81935256      1283192     38386076    0    0     0     0 8195 12319  12   1  87   0   0 2026-09-21 00:04:07
 5  0       546064     81935632      1283192     38386096    0    0     0     0 7964 12229  11   0  88   0   0 2026-09-21 00:04:08
 5  0       546064     81936952      1283192     38386132    0    0     0     0 7802 12166  11   0  89   0   0 2026-09-21 00:04:09
 4  0       546064     81935768      1283192     38386144    0    0     0    76 8157 12404  11   0  89   0   0 2026-09-21 00:04:10
 4  0       546064     81936608      1283192     38386180    0    0     0   316 7712 12300  11   0  89   0   0 2026-09-21 00:04:11
 4  0       546064     81936624      1283192     38386196    0    0     0     0 7837 12384  11   0  88   0   0 2026-09-21 00:04:12
 4  0       546064     81937504      1283192     38386220    0    0     0     0 7827 12290  11   0  89   0   0 2026-09-21 00:04:13
 4  0       546064     81935856      1283192     38386256    0    0     0     0 7975 12325  11   0  89   0   0 2026-09-21 00:04:14
 4  0       546064     81935944      1283196     38386276    0    0     0   108 7785 12340  11   0  89   0   0 2026-09-21 00:04:15
 1  0       546064     81933584      1283196     38386368    0    0 14336 1032560 9488 14834   6   0  91   2   0 2026-09-21 00:04:16
 5  0       546064     81932272      1283196     38386708    0    0 425984     0 9665 13756  13   1  84   1   0 2026-09-21 00:04:17
 5  0       546064     81934096      1283196     38386716    0    0     0     0 8651 12425  13   1  86   0   0 2026-09-21 00:04:18
 4  0       546064     81933264      1283196     38386760    0    0     0     0 8144 12327  12   1  87   0   0 2026-09-21 00:04:19
 5  0       546064     81932512      1283204     38386776    0    0     0   472 7897 12273  11   0  88   0   0 2026-09-21 00:04:20
 4  0       546064     81933424      1283204     38386800    0    0     0     0 8008 12298  11   0  89   0   0 2026-09-21 00:04:21
 1  0       546064     81932960      1283204     38386824    0    0 278528 672328 10044 14698   9   0  89   2   0 2026-09-21 00:04:22
procs -----------------------memory---------------------- ---swap-- -----io---- -system-- --------cpu-------- -----timestamp-----
 r  b         swpd         free         buff        cache   si   so    bi    bo   in   cs  us  sy  id  wa  st                 KST
 5  0       546064     81933296      1283204     38387068    0    0     0     0 7747 12366   9   1  90   0   0 2026-09-21 00:04:23
 5  0       546064     81933616      1283204     38387076    0    0     0     0 8379 12291  13   1  86   0   0 2026-09-21 00:04:24
 5  0       546064     81932152      1283212     38387116    0    0     0   436 8159 12526  13   1  86   0   0 2026-09-21 00:04:25
 5  0       546064     81931688      1283212     38387124    0    0     0     0 8098 12440  13   1  86   0   0 2026-09-21 00:04:26
 5  0       546064     81931816      1283212     38387164    0    0     0   548 8502 12462  13   1  86   0   0 2026-09-21 00:04:27
 4  0       546064     81931472      1283212     38387176    0    0     0     0 7974 12365  11   0  89   0   0 2026-09-21 00:04:28
 4  0       546064     81932808      1283212     38387216    0    0     0     0 7783 12241  11   0  89   0   0 2026-09-21 00:04:29
 4  0       546064     81932672      1283216     38387228    0    0     0  1336 8316 12573  11   0  88   0   0 2026-09-21 00:04:30
 4  0       546064     81931528      1283216     38387256    0    0     0     0 7878 12329  11   0  88   0   0 2026-09-21 00:04:31
 4  0       546064     81930400      1283216     38387284    0    0     0   400 8111 12485  11   0  88   0   0 2026-09-21 00:04:32
 4  0       546064     81929448      1283216     38387300    0    0     0     0 7988 12400  11   0  89   0   0 2026-09-21 00:04:33
 4  0       546064     81929792      1283216     38387412    0    0     0 778240 9616 14935   5   1  92   2   0 2026-09-21 00:04:34
 4  0       546064     81932160      1283224     38387640    0    0     0   416 7914 12293  11   0  88   0   0 2026-09-21 00:04:35
 0  0       546064     81931928      1283224     38387684    0    0 540672 294912 9131 14440   5   0  93   2   0 2026-09-21 00:04:36
 0  0       546064     81930480      1283224     38387808    0    0     0   636 6904 12262   0   0  99   0   0 2026-09-21 00:04:37
 1  0       546064     81930768      1283224     38387856    0    0     0     0 6843 12260   0   0  99   0   0 2026-09-21 00:04:38
 0  0       546064     81930552      1283224     38387884    0    0     0     0 6585 12165   0   0  99   0   0 2026-09-21 00:04:39
 0  0       546064     81928368      1283228     38387884    0    0     0   272 6555 12116   0   0  99   0   0 2026-09-21 00:04:40
 5  0       546064     81927184      1283228     38387928    0    0     0     0 6960 12340   4   1  96   0   0 2026-09-21 00:04:41
 5  0       546064     81924672      1283228     38387948    0    0     0   392 8124 12418  13   1  86   0   0 2026-09-21 00:04:42
 5  0       546064     81923808      1283228     38387984    0    0     0     0 8030 12381  13   1  86   0   0 2026-09-21 00:04:43
procs -----------------------memory---------------------- ---swap-- -----io---- -system-- --------cpu-------- -----timestamp-----
 r  b         swpd         free         buff        cache   si   so    bi    bo   in   cs  us  sy  id  wa  st                 KST
 5  0       546064     81922912      1283228     38387992    0    0     0     0 7830 12226  13   1  86   0   0 2026-09-21 00:04:44
 5  0       546064     81921248      1283236     38388032    0    0     0    96 7837 12439  13   1  86   0   0 2026-09-21 00:04:45
 5  0       546064     81920896      1283236     38388032    0    0     0     0 8096 12520  13   1  86   0   0 2026-09-21 00:04:46
 5  0       546064     81920976      1283236     38388084    0    0     0   220 8278 12315  13   1  86   0   0 2026-09-21 00:04:47
 5  0       546064     81920824      1283236     38388092    0    0     0     0 8145 12343  13   1  86   0   0 2026-09-21 00:04:48
 5  0       546064     81922384      1283236     38388116    0    0     0     0 7896 12226  13   1  86   0   0 2026-09-21 00:04:49
 4  0       546064     81923200      1283236     38388156    0    0     0    84 7681 12279  12   1  87   0   0 2026-09-21 00:04:50
 4  0       546064     81923776      1283236     38388188    0    0     0     0 7581 12258  11   0  89   0   0 2026-09-21 00:04:51
 4  0       546064     81924640      1283236     38388212    0    0     0     0 7564 12360  11   0  89   0   0 2026-09-21 00:04:52
 5  0       546064     81926080      1283236     38388228    0    0     0   196 7855 12495  11   0  88   0   0 2026-09-21 00:04:53
 4  0       546064     81923752      1283236     38388248    0    0     0     0 7877 12293  11   0  89   0   0 2026-09-21 00:04:54
 4  0       546064     81923016      1283248     38388272    0    0     0   156 7842 12443  11   0  88   0   0 2026-09-21 00:04:55
 4  0       546064     81923696      1283248     38388304    0    0     0     0 7763 12342  11   0  89   0   0 2026-09-21 00:04:56
 4  0       546064     81923464      1283248     38388328    0    0     0     0 7851 12590  11   0  88   0   0 2026-09-21 00:04:57
 7  0       546064     81922576      1283248     38388352    0    0     0   408 7858 12526  11   0  89   0   0 2026-09-21 00:04:58
 4  0       546064     81921056      1283248     38388760    0    0 606208 1024000 11340 16722   8   1  87   4   0 2026-09-21 00:04:59
 5  0       546064     81921888      1283256     38388840    0    0     0 205504 7889 12821   9   0  90   1   0 2026-09-21 00:05:00
 4  0       546064     81919816      1283256     38388996    0    0     0   968 8303 12712  12   1  88   0   0 2026-09-21 00:05:01
 1  4       546064     81923216      1283256     38389048    0    0     0 221184 8479 12883  11   0  88   1   0 2026-09-21 00:05:02
 2  0       546064     81924592      1283256     38389188    0    0 958464 164748 9452 15073   2   0  95   3   0 2026-09-21 00:05:03
 0  0       546064     81925648      1283256     38389212    0    0     0     0 6550 12382   0   0  99   0   0 2026-09-21 00:05:04
procs -----------------------memory---------------------- ---swap-- -----io---- -system-- --------cpu-------- -----timestamp-----
 r  b         swpd         free         buff        cache   si   so    bi    bo   in   cs  us  sy  id  wa  st                 KST
 4  0       546064     81927504      1283264     38389232    0    0     0   288 7184 12498   5   1  94   0   0 2026-09-21 00:05:05
 0  0       546064     81925584      1283264     38389272    0    0     0 188416 7683 12884   7   0  93   1   0 2026-09-21 00:05:06
 0  0       546064     81926464      1283264     38389396    0    0     0     0 6865 12561   0   0  99   0   0 2026-09-21 00:05:07
 0  0       546064     81925280      1283264     38389416    0    0     0   360 6551 12319   0   0 100   0   0 2026-09-21 00:05:08
 6  0       546064     81924328      1283264     38389452    0    0 32768     0 7266 12697   7   1  92   0   0 2026-09-21 00:05:09
 6  0       546064     81924912      1283272     38389472    0    0     0   220 8002 12452  13   1  86   0   0 2026-09-21 00:05:10
 5  0       546064     81923232      1283272     38389500    0    0     0     0 8055 12290  13   1  86   0   0 2026-09-21 00:05:11
 5  0       546064     81921248      1283272     38389520    0    0     0     0 7954 12368  13   1  86   0   0 2026-09-21 00:05:12
 5  0       546064     81922768      1283272     38389556    0    0     0   480 7997 12414  13   1  86   0   0 2026-09-21 00:05:13
 5  0       546064     81923592      1283272     38389576    0    0     0     0 8201 12496  13   1  86   0   0 2026-09-21 00:05:14
 6  0       546064     81922416      1283280     38389588    0    0     0   132 8159 12300  13   1  86   0   0 2026-09-21 00:05:15
 5  0       546064     81922936      1283280     38389624    0    0     0     0 7957 12295  13   1  86   0   0 2026-09-21 00:05:16
 5  0       546064     81923008      1283280     38389640    0    0     0     0 8013 12453  13   1  86   0   0 2026-09-21 00:05:17
 4  0       546064     81921760      1283280     38389676    0    0     0   412 8244 12445  11   0  88   0   0 2026-09-21 00:05:18
 4  0       546064     81922528      1283280     38389692    0    0     0     0 7813 12464  11   0  89   0   0 2026-09-21 00:05:19
 4  0       546064     81923296      1283284     38389720    0    0     0   112 8013 12275  11   0  89   0   0 2026-09-21 00:05:20
 5  0       546064     81924416      1283284     38389756    0    0     0     0 7965 12369  11   0  89   0   0 2026-09-21 00:05:21
 4  0       546064     81923520      1283284     38389784    0    0     0     0 7879 12378  11   0  89   0   0 2026-09-21 00:05:22
 4  0       546064     81922528      1283284     38389804    0    0     0     0 7974 12491  11   0  89   0   0 2026-09-21 00:05:23
 4  0       546064     81922024      1283284     38389820    0    0     0   356 7649 12249  11   0  89   0   0 2026-09-21 00:05:24
 4  0       546064     81923176      1283288     38389872    0    0     0   124 7821 12579  11   0  88   0   0 2026-09-21 00:05:25
procs -----------------------memory---------------------- ---swap-- -----io---- -system-- --------cpu-------- -----timestamp-----
 r  b         swpd         free         buff        cache   si   so    bi    bo   in   cs  us  sy  id  wa  st                 KST
 0  4       546064     81923248      1283288     38389944    0    0 647168 966656 11257 16374   8   1  87   4   0 2026-09-21 00:05:26
 5  0       546064     81920720      1283288     38390168    0    0 286720 81920 8495 13632   8   0  91   1   0 2026-09-21 00:05:27
 4  0       546064     81921256      1283288     38390168    0    0     0     0 8145 12462  13   1  87   0   0 2026-09-21 00:05:28
 4  0       546064     81920640      1283288     38390208    0    0     0   384 7989 12246  11   0  89   0   0 2026-09-21 00:05:29
 4  0       546064     81921440      1283296     38390240    0    0     0   700 7786 12266  11   0  89   0   0 2026-09-21 00:05:30
 5  0       546064     81920088      1283296     38390380    0    0     0 337220 8557 13611   6   1  92   1   0 2026-09-21 00:05:31
 5  0       546064     81920256      1283296     38390404    0    0     0     0 8263 12492  13   1  86   0   0 2026-09-21 00:05:32
 5  0       546064     81917808      1283296     38390424    0    0     0     0 7920 12364  12   0  88   0   0 2026-09-21 00:05:33
 4  0       546064     81917472      1283296     38390460    0    0     0   728 7864 12361  11   0  89   0   0 2026-09-21 00:05:34
 4  0       546064     81917016      1283300     38390488    0    0     0   380 7979 12373  11   0  88   0   0 2026-09-21 00:05:35
 4  0       546064     81918784      1283300     38390500    0    0     0     0 8158 12307  11   0  89   0   0 2026-09-21 00:05:36
 4  0       546064     81917200      1283300     38390604    0    0 346112 524288 10199 14647  10   1  87   2   0 2026-09-21 00:05:37
 4  0       546064     81919072      1283300     38390888    0    0     0     0 8170 12477  11   0  88   0   0 2026-09-21 00:05:38
 1  0       546064     81919848      1283300     38391020    0    0     0 229812 7405 12985   1   0  98   0   0 2026-09-21 00:05:39
 0  0       546064     81920000      1283304     38391052    0    0     0   436 6694 12128   0   0 100   0   0 2026-09-21 00:05:40
 0  0       546064     81921848      1283304     38391060    0    0     0     0 6726 12202   0   0 100   0   0 2026-09-21 00:05:41
 0  0       546064     81926048      1283304     38391096    0    0     0     0 6771 12422   0   0 100   0   0 2026-09-21 00:05:42
 0  0       546064     81923352      1283304     38391112    0    0     0     0 6857 12518   0   0  99   0   0 2026-09-21 00:05:43
 6  0       546064     81925232      1283304     38391144    0    0     0   548 7413 12261   7   1  92   0   0 2026-09-21 00:05:44
 4  0       546064     81924304      1283312     38391164    0    0     0   104 8065 12557  11   0  88   0   0 2026-09-21 00:05:45
 0  0       546064     81922416      1283312     38391184    0    0     0 311296 8419 13348   9   0  90   1   0 2026-09-21 00:05:46
procs -----------------------memory---------------------- ---swap-- -----io---- -system-- --------cpu-------- -----timestamp-----
 r  b         swpd         free         buff        cache   si   so    bi    bo   in   cs  us  sy  id  wa  st                 KST
 0  0       546064     81920328      1283312     38391312    0    0     0     0 6781 12671   0   0  99   0   0 2026-09-21 00:05:47
 0  0       546064     81921888      1283312     38391332    0    0     0     0 6840 12229   0   0 100   0   0 2026-09-21 00:05:48
 5  0       546064     81923984      1283312     38391368    0    0     0   372 8343 12276  13   1  86   0   0 2026-09-21 00:05:49
 4  0       546064     81924416      1283316     38391396    0    0     0   276 8237 12279  12   1  87   0   0 2026-09-21 00:05:50
 4  0       546064     81927752      1283316     38391404    0    0     0     0 8141 12320  11   0  89   0   0 2026-09-21 00:05:51
 4  0       546064     81927856      1283316     38391440    0    0     0     0 7892 12282  11   0  89   0   0 2026-09-21 00:05:52
 0  0       546064     81926816      1283316     38391496    0    0     0 466944 8429 13483   5   0  93   1   0 2026-09-21 00:05:53
 0  0       546064     81926560      1283316     38391744    0    0     0   324 6737 12180   0   0 100   0   0 2026-09-21 00:05:54
 0  0       546064     81926200      1283320     38391764    0    0     0   412 6722 12293   0   0 100   0   0 2026-09-21 00:05:55
 0  0       546064     81927488      1283320     38391772    0    0     0     0 6700 12218   0   0 100   0   0 2026-09-21 00:05:56
 0  0       546064     81927280      1283320     38391820    0    0     0     0 6896 12475   0   0  99   0   0 2026-09-21 00:05:57
 5  0       546064     81928400      1283320     38391864    0    0     0     0 7713 12384  11   0  89   0   0 2026-09-21 00:05:58
 0  0       546064     81926512      1283320     38391876    0    0 516096 189056 8526 14122   3   0  95   2   0 2026-09-21 00:05:59
 0  0       546064     81927888      1283324     38391952    0    0     0   256 6734 12231   0   0 100   0   0 2026-09-21 00:06:00
 0  0       546064     81928896      1283324     38391976    0    0     0     0 6785 12484   0   0  99   0   0 2026-09-21 00:06:01
 1  0       546064     81927424      1283324     38391992    0    0     0  1036 7028 12450   0   0  99   0   0 2026-09-21 00:06:02
 0  0       546064     81927192      1283324     38392020    0    0     0     0 6834 12453   0   0 100   0   0 2026-09-21 00:06:03
 1  0       546064     81927064      1283324     38392044    0    0 303104   596 7610 12906   1   0  98   1   0 2026-09-21 00:06:04
 0  0       546064     81922544      1283332     38392080    0    0     0   116 6833 12438   0   0  99   0   0 2026-09-21 00:06:05
 0  0       546064     81924176      1283332     38392100    0    0     0     0 6628 12251   0   0 100   0   0 2026-09-21 00:06:06
 0  0       546064     81925184      1283332     38392120    0    0     0     0 7038 12396   0   0  99   0   0 2026-09-21 00:06:07
procs -----------------------memory---------------------- ---swap-- -----io---- -system-- --------cpu-------- -----timestamp-----
 r  b         swpd         free         buff        cache   si   so    bi    bo   in   cs  us  sy  id  wa  st                 KST
 0  0       546064     81925248      1283332     38392144    0    0     0     0 6893 12289   0   0  99   0   0 2026-09-21 00:06:08
 0  0       546064     81925328      1283332     38392160    0    0     0     0 6885 12099   0   0  99   0   0 2026-09-21 00:06:09
 0  0       546064     81922592      1283340     38392204    0    0 471040   404 7919 13689   1   0  97   1   0 2026-09-21 00:06:10
 0  0       546064     81922656      1283340     38392224    0    0     0     0 6954 12512   0   0  99   0   0 2026-09-21 00:06:11
 0  0       546064     81922160      1283340     38392260    0    0     0     0 6927 12508   0   0  99   0   0 2026-09-21 00:06:12
 0  0       546064     81926496      1283340     38392280    0    0     0     0 6931 12249   0   0  99   0   0 2026-09-21 00:06:13
 0  0       546064     81924816      1283340     38392304    0    0     0     0 6828 12809   0   0 100   0   0 2026-09-21 00:06:14
 0  0       546064     81923856      1283348     38392336    0    0     0   628 6652 12511   0   0  99   0   0 2026-09-21 00:06:15
 0  0       546064     81924872      1283348     38392360    0    0     0     0 6570 12425   0   0 100   0   0 2026-09-21 00:06:16
 1  0       546064     81922168      1283348     38392380    0    0     0     0 6886 12413   0   0 100   0   0 2026-09-21 00:06:17
 3  0       546064     81921168      1283348     38392400    0    0     0     0 6705 12483   0   0 100   0   0 2026-09-21 00:06:18
 0  0       546064     81919920      1283348     38392432    0    0     0     0 6732 12219   0   0 100   0   0 2026-09-21 00:06:19
 0  0       546064     81920040      1283356     38392452    0    0     0   520 6707 12310   0   0  99   0   0 2026-09-21 00:06:20
 0  0       546064     81918824      1283356     38392484    0    0     0     0 6700 12581   0   0 100   0   0 2026-09-21 00:06:21
 0  0       546064     81920096      1283356     38392500    0    0     0     0 6831 12362   0   0  99   0   0 2026-09-21 00:06:22
 0  0       546064     81918408      1283356     38392520    0    0     0     0 6842 12368   0   0 100   0   0 2026-09-21 00:06:23
 0  0       546064     81918512      1283356     38392544    0    0     0     0 6733 12425   0   0  99   0   0 2026-09-21 00:06:24
 0  0       546064     81918768      1283364     38392556    0    0     0   468 6723 12667   0   0  99   0   0 2026-09-21 00:06:25
 1  0       546064     81917328      1283364     38392596    0    0     0     0 6660 12280   0   0 100   0   0 2026-09-21 00:06:26
 0  0       546064     81917120      1283364     38392608    0    0     0     0 7368 12480   0   0  99   0   0 2026-09-21 00:06:27
 0  0       546064     81913648      1283364     38392640    0    0     0     0 6706 12295   0   0  99   0   0 2026-09-21 00:06:28
procs -----------------------memory---------------------- ---swap-- -----io---- -system-- --------cpu-------- -----timestamp-----
 r  b         swpd         free         buff        cache   si   so    bi    bo   in   cs  us  sy  id  wa  st                 KST
 0  0       546064     81913440      1283364     38392664    0    0     0     0 6715 12156   0   0  99   0   0 2026-09-21 00:06:29
 0  0       546064     81912720      1283372     38392680    0    0     0   316 6835 12235   0   0  99   0   0 2026-09-21 00:06:30
 0  0       546064     81912560      1283372     38392692    0    0     0     0 6881 12521   0   0  99   0   0 2026-09-21 00:06:31
 1  0       546064     81911808      1283372     38392740    0    0     0     0 6839 12255   0   0  99   0   0 2026-09-21 00:06:32
 0  0       546064     81910352      1283372     38392756    0    0     0   984 6993 12452   1   0  99   0   0 2026-09-21 00:06:33
 0  0       546064     81912160      1283372     38392784    0    0     0     0 6680 12157   0   0  99   0   0 2026-09-21 00:06:34
 5  0       546064     81912704      1283376     38392828    0    0     0   348 7453 12216   9   1  90   0   0 2026-09-21 00:06:35
 5  0       546064     81913240      1283376     38392852    0    0     0     0 7905 12272  13   1  86   0   0 2026-09-21 00:06:36
 5  0       546064     81914128      1283376     38392864    0    0     0     0 8180 12256  13   1  86   0   0 2026-09-21 00:06:37
 5  0       546064     81913912      1283376     38392892    0    0     0     0 8075 12411  13   1  86   0   0 2026-09-21 00:06:38
 5  0       546064     81914256      1283376     38392908    0    0     0     0 7937 12159  13   2  86   0   0 2026-09-21 00:06:39
 4  0       546064     81914600      1283384     38392936    0    0     0   272 7851 12207  12   1  87   0   0 2026-09-21 00:06:40
 4  0       546064     81918144      1283384     38392968    0    0     0     0 7549 12296  11   0  89   0   0 2026-09-21 00:06:41
 4  0       546064     81917712      1283384     38392980    0    0     0     0 7931 12327  11   0  88   0   0 2026-09-21 00:06:42
 4  0       546064     81916760      1283384     38393016    0    0     0     0 7720 12305  11   0  88   0   0 2026-09-21 00:06:43
 4  0       546064     81918528      1283384     38393032    0    0     0     0 7807 12215  11   0  89   0   0 2026-09-21 00:06:44
 4  0       546064     81918544      1283388     38393068    0    0     0   288 7947 12446  11   0  89   0   0 2026-09-21 00:06:45
 2  0       546064     81916928      1283388     38393216    0    0 425984 802816 10310 15346   7   0  89   3   0 2026-09-21 00:06:46
 0  0       546064     81917528      1283388     38393412    0    0     0     0 6734 12362   0   0  99   0   0 2026-09-21 00:06:47
 0  0       546064     81918888      1283388     38393444    0    0     0     0 6859 12700   0   0 100   0   0 2026-09-21 00:06:48
 2  0       546064     81918456      1283388     38393568    0    0     0 81920 7342 12541   4   0  95   0   0 2026-09-21 00:06:49
procs -----------------------memory---------------------- ---swap-- -----io---- -system-- --------cpu-------- -----timestamp-----
 r  b         swpd         free         buff        cache   si   so    bi    bo   in   cs  us  sy  id  wa  st                 KST
 0  0       546064     81918752      1283396     38393584    0    0     0   468 6694 12181   0   0  99   0   0 2026-09-21 00:06:50
 0  0       546064     81919808      1283396     38393612    0    0     0   776 6837 12246   0   0  99   0   0 2026-09-21 00:06:51
 0  0       546064     81917072      1283396     38393636    0    0     0     0 6806 12274   0   0  99   0   0 2026-09-21 00:06:52
 0  0       546064     81915840      1283396     38393656    0    0     0     0 6792 12524   0   0  99   0   0 2026-09-21 00:06:53
 1  0       546064     81915152      1283396     38393680    0    0     0     0 6868 12412   1   0  99   0   0 2026-09-21 00:06:54
 1  0       546064     82573800      1283412     37892720    0    0     0   160 6769 11629   2   1  97   0   0 2026-09-21 00:06:55
 0  0       546064     90460352      1283412     30005148    0    0     0   388 6331 11328   0   2  98   0   0 2026-09-21 00:06:56
