#Date        Time         gpu    pwr  gtemp  mtemp     sm    mem    enc    dec    jpg    ofa   mclk   pclk  pviol  tviol     fb   bar1   ccpm  sbecc  dbecc    pci  rxpci  txpci 
#YYYYMMDD    HH:MM:SS     Idx      W      C      C      %      %      %      %      %      %    MHz    MHz      %   bool     MB     MB     MB   errs   errs   errs   MB/s   MB/s 
 20260921    23:04:40       0     23     72      -      0      0      0      0      0      0    405    210      0      0      1      2      0      -      -      0      3      5 
 20260921    23:04:41       0     23     72      -      0      0      0      0      0      0    405    210      0      0      1      2      0      -      -      0      0      1 
 20260921    23:04:42       0     23     71      -      0      0      0      0      0      0    405    210      0      0      1      2      0      -      -      0      0      0 
 20260921    23:04:43       0     23     71      -      0      0      0      0      0      0    405    210      0      0      1      2      0      -      -      0     19     11 
 20260921    23:04:45       0     23     71      -      0      0      0      0      0      0    405    210      0      0      4      3      0      -      -      0      0      0 
 20260921    23:04:46       0     23     71      -      0      0      0      0      0      0    405    210      0      0      4      3      0      -      -      0      0      0 
 20260921    23:04:47       0     22     70      -      0      0      0      0      0      0    405    210      0      0      4      3      0      -      -      0      0      0 
 20260921    23:04:48       0     22     70      -      0      0      0      0      0      0    405    210      0      0      4      3      0      -      -      0      0      0 
 20260921    23:04:49       0     22     70      -      0      0      0      0      0      0    405    210      0      0      4      3      0      -      -      0      0      0 
 20260921    23:04:50       0     22     70      -      0      0      0      0      0      0    405    210      0      0      4      3      0      -      -      0      0      0 
 20260921    23:04:51       0     22     69      -      0      0      0      0      0      0    405    210      0      0      4      3      0      -      -      0      0      0 
 20260921    23:04:52       0     22     69      -      0      0      0      0      0      0    405    210      0      0      4      3      0      -      -      0      0      0 
 20260921    23:04:53       0     22     69      -      0      0      0      0      0      0    405    210      0      0      4      3      0      -      -      0      0      0 
 20260921    23:04:54       0     22     68      -      0      0      0      0      0      0    405    210      0      0      4      3      0      -      -      0      0      0 
 20260921    23:04:55       0     22     68      -      0      0      0      0      0      0    405    210      0      0      4      3      0      -      -      0      0      0 
 20260921    23:04:56       0     34     69      -      0      0      0      0      0      0   6501   1560      0      0    281      5      0      -      -      0      0      0 
 20260921    23:04:57       0     46     69      -      0      0      0      0      0      0   6501   1560      0      0   5803      5      0      -      -      0      0      0 
 20260921    23:04:58       0     46     69      -      0      0      0      0      0      0   6501   1560      0      0   6251      5      0      -      -      0   5336    612 
 20260921    23:04:59       0     64     71      -     41      3      0      0      0      0   6501   1890      0      0   7833      5      0      -      -      0      0      0 
 20260921    23:05:00       0     74     73      -      0      0      0      0      0      0   6501   1275     44      0   6901      5      0      -      -      0     22     11 
 20260921    23:05:01       0    134     75      -    100     59      0      0      0      0   6501   1320    100      0   6901      5      0      -      -      0     22      8 
 20260921    23:05:02       0    138     76      -    100     59      0      0      0      0   6501   1305     78      0   6917      5      0      -      -      0      0      0 
 20260921    23:05:03       0     69     73      -      0      0      0      0      0      0   6501   1890      0      0   6917      5      0      -      -      0      0      0 
 20260921    23:05:05       0     70     73      -      0      0      0      0      0      0   6501   1560     10      0  11439   4741      0      -      -      0      0      0 
 20260921    23:05:06       0     54     74      -     95     58      0      0      0      0   6501   1335     24      0  12111   4741      0      -      -      0     20      9 
 20260921    23:05:07       0    139     77      -    100     54      0      0      0      0   6501   1155    100      0  12111   4741      0      -      -      0     25      6 
 20260921    23:05:08       0    138     78      -    100     50      0      0      0      0   6501   1140    100      0  12111   4741      0      -      -      0     21      5 
 20260921    23:05:09       0    138     79      -    100     57      0      0      0      0   6501   1290    100      0  12111   4741      0      -      -      0     13      6 
 20260921    23:05:10       0    139     80      -    100     51      0      0      0      0   6501   1185    100      0  12111   4741      0      -      -      0     17      7 
 20260921    23:05:11       0    139     81      -    100     55      0      0      0      0   6501   1305    100      0  12111   4741      0      -      -      0    118   5710 
 20260921    23:05:12       0    139     81      -    100     58      0      0      0      0   6501   1275    100      0  12111   4741      0      -      -      0     20      9 
 20260921    23:05:13       0    139     82      -    100     54      0      0      0      0   6501   1200    100      0  12111   4741      0      -      -      0     27     10 
 20260921    23:05:14       0    138     83      -    100     58      0      0      0      0   6501   1200     89      0  12111   4741      0      -      -      0     23      7 
 20260921    23:05:15       0    137     84      -    100     50      0      0      0      0   6501   1215    100      0  12111   4741      0      -      -      0     29      9 
 20260921    23:05:16       0    139     84      -    100     47      0      0      0      0   6501   1245    100      0  12111   4741      0      -      -      0     17      8 
 20260921    23:05:17       0    139     85      -    100     49      0      0      0      0   6501   1170    100      0  12111   4741      0      -      -      0     23      9 
 20260921    23:05:18       0    139     85      -    100     56      0      0      0      0   6501   1155    100      0  12113   4741      0      -      -      0   1404   6453 
 20260921    23:05:19       0    139     86      -    100     53      0      0      0      0   6501   1260    100      0  12113   4741      0      -      -      0     13      9 
 20260921    23:05:20       0    139     86      -    100     52      0      0      0      0   6501   1245    100      0  12113   4741      0      -      -      0     14     10 
 20260921    23:05:21       0    139     87      -    100     48      0      0      0      0   6501   1185    100      0  12113   4741      0      -      -      0     23      8 
 20260921    23:05:22       0    138     87      -    100     56      0      0      0      0   6501   1605    100      0  12113   4741      0      -      -      0     21      6 
 20260921    23:05:23       0    138     87      -    100     51      0      0      0      0   6501   1065    100      0  12113   4741      0      -      -      0     23     10 
 20260921    23:05:24       0    139     88      -    100     46      0      0      0      0   6501   1095    100      0  12113   4741      0      -      -      0     26      8 
 20260921    23:05:26       0    139     88      -    100     55      0      0      0      0   6501    990    100      0  12113   4741      0      -      -      0     26      8 
#Date        Time         gpu    pwr  gtemp  mtemp     sm    mem    enc    dec    jpg    ofa   mclk   pclk  pviol  tviol     fb   bar1   ccpm  sbecc  dbecc    pci  rxpci  txpci 
#YYYYMMDD    HH:MM:SS     Idx      W      C      C      %      %      %      %      %      %    MHz    MHz      %   bool     MB     MB     MB   errs   errs   errs   MB/s   MB/s 
 20260921    23:05:27       0    139     89      -    100     55      0      0      0      0   6501   1005    100      0  12113   4741      0      -      -      0     23     12 
 20260921    23:05:28       0    139     89      -    100     56      0      0      0      0   6501   1050    100      0  12113   4741      0      -      -      0     26     11 
 20260921    23:05:29       0    139     89      -    100     57      0      0      0      0   6501   1095    100      0  12113   4741      0      -      -      0   1404   6406 
 20260921    23:05:30       0    139     90      -    100     51      0      0      0      0   6501    990    100      0  12113   4741      0      -      -      0   1325   5103 
 20260921    23:05:31       0    138     90      -    100     51      0      0      0      0   6501   1095     94      0  12113   4741      0      -      -      0     15      7 
 20260921    23:05:32       0    138     90      -    100     52      0      0      0      0   6501   1095    100      0  12113   4741      0      -      -      0     17      7 
 20260921    23:05:33       0    139     91      -    100     52      0      0      0      0   6501   1185    100      0  12113   4741      0      -      -      0     15      6 
 20260921    23:05:34       0    139     91      -    100     45      0      0      0      0   6501    930    100      0  12113   4741      0      -      -      0     12      6 
 20260921    23:05:35       0    139     91      -    100    100      0      0      0      0   6501   1110    100      0  12113   4741      0      -      -      0     25      8 
 20260921    23:05:36       0    139     91      -    100     54      0      0      0      0   6501   1125    100      0  12113   4741      0      -      -      0     25      6 
 20260921    23:05:37       0    139     92      -    100     52      0      0      0      0   6501   1125    100      0  12113   4741      0      -      -      0     21      7 
 20260921    23:05:38       0    139     92      -    100     46      0      0      0      0   6501    945    100      0  12113   4741      0      -      -      0     27      7 
 20260921    23:05:39       0    139     92      -    100     46      0      0      0      0   6501    930    100      0  12113   4741      0      -      -      0     15     10 
 20260921    23:05:40       0    139     92      -    100     47      0      0      0      0   6501    960    100      0  12113   4741      0      -      -      0     21      7 
 20260921    23:05:41       0    139     92      -    100     50      0      0      0      0   6501   1125    100      0  12113   4741      0      -      -      0     13     10 
 20260921    23:05:42       0    140     92      -    100     50      0      0      0      0   6501   1095    100      0  12113   4741      0      -      -      0     25      9 
 20260921    23:05:43       0    139     93      -    100     51      0      0      0      0   6501    975    100      0  12113   4741      0      -      -      0     23      6 
 20260921    23:05:44       0    139     93      -    100     47      0      0      0      0   6501    915    100      0  12113   4741      0      -      -      0    749   6425 
 20260921    23:05:45       0    139     93      -    100     55      0      0      0      0   6501    990    100      0  12113   4741      0      -      -      0     26      8 
 20260921    23:05:46       0    139     93      -    100     56      0      0      0      0   6501   1050    100      0  12113   4741      0      -      -      0     25      8 
 20260921    23:05:48       0    138     93      -    100     49      0      0      0      0   6501   1050    100      0  12113   4741      0      -      -      0     15      9 
 20260921    23:05:49       0    139     93      -    100     45      0      0      0      0   6501   1065    100      0  12113   4741      0      -      -      0     24      8 
 20260921    23:05:50       0    139     93      -    100     59      0      0      0      0   6501   1050    100      0  12113   4741      0      -      -      0     24      8 
 20260921    23:05:51       0    140     93      -    100     53      0      0      0      0   6501   1095    100      0  12113   4741      0      -      -      0     29      4 
 20260921    23:05:52       0    139     94      -    100     47      0      0      0      0   6501    855    100      0  12113   4741      0      -      -      0     20      5 
 20260921    23:05:53       0    139     94      -    100     45      0      0      0      0   6501   1095    100      0  12113   4741      0      -      -      0     14      6 
 20260921    23:05:54       0    139     94      -    100     46      0      0      0      0   6501    915    100      0  12113   4741      0      -      -      0     10   4745 
 20260921    23:05:55       0    139     94      -    100     48      0      0      0      0   6501   1035    100      0  12113   4741      0      -      -      0     19      8 
 20260921    23:05:56       0    139     94      -    100     48      0      0      0      0   6501   1080    100      0  12113   4741      0      -      -      0     16      9 
 20260921    23:05:57       0    139     94      -    100     46      0      0      0      0   6501   1080    100      0  12113   4741      0      -      -      0     22      7 
 20260921    23:05:58       0    139     94      -    100     50      0      0      0      0   6501   1020    100      0  12113   4741      0      -      -      0     23      6 
 20260921    23:05:59       0    139     94      -    100     62      0      0      0      0   6501   1020    100      0  12113   4741      0      -      -      0     23      8 
 20260921    23:06:00       0    137     94      -    100     56      0      0      0      0   6501   1020    100      0  12113   4741      0      -      -      0     18      6 
 20260921    23:06:01       0    138     94      -    100     41      0      0      0      0   6501   1020    100      0  12113   4741      0      -      -      0     25      9 
 20260921    23:06:02       0    139     94      -    100     41      0      0      0      0   6501   1020    100      0  12113   4741      0      -      -      0     23      6 
 20260921    23:06:03       0    139     94      -    100     47      0      0      0      0   6501   1065    100      0  12113   4741      0      -      -      0     16     10 
 20260921    23:06:04       0    137     93      -    100     47      0      0      0      0   6501   1065    100      0  12113   4741      0      -      -      0     24      8 
 20260921    23:06:05       0    136     94      -    100     54      0      0      0      0   6501   1110     98      0  12113   4741      0      -      -      0     19      7 
 20260921    23:06:06       0    139     94      -    100     48      0      0      0      0   6501   1035    100      0  12113   4741      0      -      -      0     17      4 
 20260921    23:06:07       0    139     94      -    100     45      0      0      0      0   6501   1080    100      0  12113   4741      0      -      -      0     12     10 
 20260921    23:06:09       0    139     94      -    100     52      0      0      0      0   6501   1050    100      0  12113   4741      0      -      -      0     22      7 
 20260921    23:06:10       0    139     93      -    100     51      0      0      0      0   6501   1065    100      0  12113   4741      0      -      -      0     22      7 
 20260921    23:06:11       0    139     93      -    100     65      0      0      0      0   6501    990    100      0  12113   4741      0      -      -      0     26      6 
 20260921    23:06:12       0    138     93      -    100     46      0      0      0      0   6501   1110    100      0  12113   4741      0      -      -      0     19      8 
#Date        Time         gpu    pwr  gtemp  mtemp     sm    mem    enc    dec    jpg    ofa   mclk   pclk  pviol  tviol     fb   bar1   ccpm  sbecc  dbecc    pci  rxpci  txpci 
#YYYYMMDD    HH:MM:SS     Idx      W      C      C      %      %      %      %      %      %    MHz    MHz      %   bool     MB     MB     MB   errs   errs   errs   MB/s   MB/s 
 20260921    23:06:13       0    139     93      -     67     66      0      0      0      0   6501   1125     98      0  12113   4741      0      -      -      0     18      5 
 20260921    23:06:14       0    141     93      -    100     47      0      0      0      0   6501   1095    100      0  12113   4741      0      -      -      0     26      8 
 20260921    23:06:15       0    139     93      -    100     47      0      0      0      0   6501   1080    100      0  12113   4741      0      -      -      0     22      8 
 20260921    23:06:16       0    138     94      -    100     43      0      0      0      0   6501   1110    100      0  12113   4741      0      -      -      0     17      7 
 20260921    23:06:17       0    139     93      -    100     45      0      0      0      0   6501   1080    100      0  12113   4741      0      -      -      0     11      8 
 20260921    23:06:18       0    139     93      -    100     45      0      0      0      0   6501    930    100      0  12113   4741      0      -      -      0     23     10 
 20260921    23:06:19       0    139     93      -    100     45      0      0      0      0   6501   1080    100      0  12113   4741      0      -      -      0     18      8 
 20260921    23:06:20       0    139     94      -    100     50      0      0      0      0   6501   1035    100      0  12113   4741      0      -      -      0     27      9 
 20260921    23:06:21       0    139     93      -    100     47      0      0      0      0   6501    960    100      0  12113   4741      0      -      -      0     15      6 
 20260921    23:06:22       0    139     93      -    100     46      0      0      0      0   6501    930    100      0  12113   4741      0      -      -      0   1387   6498 
 20260921    23:06:23       0    139     93      -    100     49      0      0      0      0   6501   1095    100      0  12113   4741      0      -      -      0     23      5 
 20260921    23:06:24       0    139     93      -    100     48      0      0      0      0   6501   1035    100      0  12113   4741      0      -      -      0     28      8 
 20260921    23:06:25       0    139     93      -    100     48      0      0      0      0   6501    945    100      0  12113   4741      0      -      -      0     22      7 
 20260921    23:06:26       0    139     93      -    100     50      0      0      0      0   6501   1065    100      0  12113   4741      0      -      -      0     19      8 
 20260921    23:06:27       0    139     93      -    100     43      0      0      0      0   6501   1110    100      0  12113   4741      0      -      -      0     21      6 
 20260921    23:06:28       0    137     93      -    100     44      0      0      0      0   6501   1050    100      0  12113   4741      0      -      -      0  12463      8 
 20260921    23:06:30       0    140     93      -    100     50      0      0      0      0   6501   1170    100      0  12113   4741      0      -      -      0     19      9 
 20260921    23:06:31       0    139     93      -    100     43      0      0      0      0   6501   1050    100      0  12113   4741      0      -      -      0     16     11 
 20260921    23:06:32       0    139     93      -    100     45      0      0      0      0   6501   1095     98      0  12113   4741      0      -      -      0     28     10 
 20260921    23:06:33       0    138     93      -    100     45      0      0      0      0   6501   1065    100      0  12113   4741      0      -      -      0     29      7 
 20260921    23:06:34       0    139     93      -    100     44      0      0      0      0   6501    960    100      0  12113   4741      0      -      -      0     22      7 
 20260921    23:06:35       0    139     93      -    100     45      0      0      0      0   6501    930    100      0  12113   4741      0      -      -      0     26     11 
 20260921    23:06:36       0    139     93      -    100     51      0      0      0      0   6501   1020    100      0  12113   4741      0      -      -      0     30      7 
 20260921    23:06:37       0    139     93      -    100     51      0      0      0      0   6501   1050    100      0  12113   4741      0      -      -      0     21      9 
 20260921    23:06:38       0    139     93      -    100     49      0      0      0      0   6501   1110    100      0  12113   4741      0      -      -      0     22      7 
 20260921    23:06:39       0    139     93      -    100     50      0      0      0      0   6501    960    100      0  12113   4741      0      -      -      0     21      7 
 20260921    23:06:40       0    138     93      -     89     57      0      0      0      0   6501   1005    100      0  12113   4741      0      -      -      0     22     12 
 20260921    23:06:41       0    139     93      -    100     48      0      0      0      0   6501   1095    100      0  12113   4741      0      -      -      0     30      6 
 20260921    23:06:42       0    139     93      -    100     40      0      0      0      0   6501   1035    100      0  12113   4741      0      -      -      0     21      8 
 20260921    23:06:43       0    140     93      -    100     49      0      0      0      0   6501   1020    100      0  12113   4741      0      -      -      0     24      8 
 20260921    23:06:44       0    139     93      -     92     96      0      0      0      0   6501   1125    100      0  12113   4741      0      -      -      0     19     11 
 20260921    23:06:45       0    139     93      -    100     43      0      0      0      0   6501   1095    100      0  12113   4741      0      -      -      0     32      9 
 20260921    23:06:46       0    139     93      -    100     45      0      0      0      0   6501   1035    100      0  12113   4741      0      -      -      0     18      8 
 20260921    23:06:47       0    139     93      -    100     45      0      0      0      0   6501   1080    100      0  12113   4741      0      -      -      0     22      9 
 20260921    23:06:48       0    139     93      -    100     42      0      0      0      0   6501   1050    100      0  12113   4741      0      -      -      0     22      9 
 20260921    23:06:49       0    139     93      -    100     46      0      0      0      0   6501   1050    100      0  12113   4741      0      -      -      0     21      8 
 20260921    23:06:51       0    139     93      -    100     49      0      0      0      0   6501    960    100      0  12113   4741      0      -      -      0     11      6 
 20260921    23:06:52       0    139     93      -    100     50      0      0      0      0   6501   1035    100      0  12113   4741      0      -      -      0     21    675 
 20260921    23:06:53       0    134     93      -     43     43      0      0      0      0   6501   1815     70      0  12113   4741      0      -      -      0      0      0 
 20260921    23:06:54       0    105     92      -     88     60      0      0      0      0   6501    975     47      0  12113   4741      0      -      -      0     17      8 
 20260921    23:06:55       0    139     93      -    100     48      0      0      0      0   6501   1125    100      0  12113   4741      0      -      -      0     23      8 
 20260921    23:06:56       0    140     93      -    100     48      0      0      0      0   6501    990    100      0  12113   4741      0      -      -      0     19      9 
 20260921    23:06:57       0    139     93      -    100     46      0      0      0      0   6501   1125    100      0  12113   4741      0      -      -      0   1398   6556 
 20260921    23:06:58       0    139     93      -    100     50      0      0      0      0   6501   1050    100      0  12113   4741      0      -      -      0     34    929 
#Date        Time         gpu    pwr  gtemp  mtemp     sm    mem    enc    dec    jpg    ofa   mclk   pclk  pviol  tviol     fb   bar1   ccpm  sbecc  dbecc    pci  rxpci  txpci 
#YYYYMMDD    HH:MM:SS     Idx      W      C      C      %      %      %      %      %      %    MHz    MHz      %   bool     MB     MB     MB   errs   errs   errs   MB/s   MB/s 
 20260921    23:06:59       0    139     93      -    100     47      0      0      0      0   6501   1080    100      0  12113   4741      0      -      -      0   1119   6557 
 20260921    23:07:00       0    139     93      -    100     46      0      0      0      0   6501   1140    100      0  12113   4741      0      -      -      0     16     10 
 20260921    23:07:01       0    138     93      -    100     45      0      0      0      0   6501   1095    100      0  12113   4741      0      -      -      0     21      9 
 20260921    23:07:02       0    139     93      -     98     52      0      0      0      0   6501   1110    100      0  12113   4741      0      -      -      0     24      6 
 20260921    23:07:03       0    139     93      -    100     46      0      0      0      0   6501   1080    100      0  12113   4741      0      -      -      0     19      8 
 20260921    23:07:04       0    139     93      -    100     46      0      0      0      0   6501   1110    100      0  12113   4741      0      -      -      0   1236   6018 
 20260921    23:07:05       0    137     93      -     91     40      0      0      0      0   6501   1065     91      0  12113   4741      0      -      -      0     26      6 
 20260921    23:07:06       0    138     93      -    100     43      0      0      0      0   6501   1110    100      0  12113   4741      0      -      -      0     35      8 
 20260921    23:07:07       0    139     93      -    100     51      0      0      0      0   6501   1200    100      0  12113   4741      0      -      -      0     52     10 
 20260921    23:07:08       0    139     93      -    100     57      0      0      0      0   6501   1065     95      0  12113   4741      0      -      -      0     25      9 
 20260921    23:07:09       0    138     93      -    100     46      0      0      0      0   6501   1125    100      0  12113   4741      0      -      -      0     17     10 
 20260921    23:07:10       0    139     93      -    100     46      0      0      0      0   6501    990    100      0  12113   4741      0      -      -      0     19      8 
 20260921    23:07:11       0    139     93      -    100     44      0      0      0      0   6501    930    100      0  12113   4741      0      -      -      0     27      4 
 20260921    23:07:13       0    138     93      -    100     45      0      0      0      0   6501   1035    100      0  12113   4741      0      -      -      0     23      9 
 20260921    23:07:14       0    139     93      -    100     45      0      0      0      0   6501   1065    100      0  12113   4741      0      -      -      0     17      4 
 20260921    23:07:15       0    139     93      -    100     49      0      0      0      0   6501   1035    100      0  12113   4741      0      -      -      0     20      9 
 20260921    23:07:16       0    138     93      -    100     47      0      0      0      0   6501   1155     90      0  12113   4741      0      -      -      0     18      8 
 20260921    23:07:17       0    138     93      -    100     46      0      0      0      0   6501   1080    100      0  12113   4741      0      -      -      0     21     11 
 20260921    23:07:18       0    139     93      -    100     46      0      0      0      0   6501    945    100      0  12113   4741      0      -      -      0     27      9 
 20260921    23:07:19       0    139     93      -    100     49      0      0      0      0   6501   1020    100      0  12113   4741      0      -      -      0     22      8 
 20260921    23:07:20       0    139     93      -    100     50      0      0      0      0   6501   1050    100      0  12113   4741      0      -      -      0     26      6 
 20260921    23:07:21       0    139     93      -    100     45      0      0      0      0   6501    915    100      0  12113   4741      0      -      -      0     10      5 
 20260921    23:07:22       0    138     93      -    100     47      0      0      0      0   6501   1200    100      0  12113   4741      0      -      -      0     14      9 
 20260921    23:07:23       0    139     93      -    100     45      0      0      0      0   6501   1065    100      0  12113   4741      0      -      -      0     22      7 
 20260921    23:07:24       0    140     93      -    100     51      0      0      0      0   6501   1020    100      0  12113   4741      0      -      -      0     21      7 
 20260921    23:07:25       0    139     93      -    100    100      0      0      0      0   6501   1080    100      0  12113   4741      0      -      -      0     21      7 
 20260921    23:07:26       0    139     93      -    100     47      0      0      0      0   6501   1155    100      0  12113   4741      0      -      -      0     20      7 
 20260921    23:07:27       0    135     92      -    100     46      0      0      0      0   6501    855     92      0  12113   4741      0      -      -      0     26      7 
 20260921    23:07:28       0    139     93      -    100     56      0      0      0      0   6501    945    100      0  12113   4741      0      -      -      0     20      8 
 20260921    23:07:29       0    139     93      -    100     54      0      0      0      0   6501   1020    100      0  12113   4741      0      -      -      0   1026   6463 
 20260921    23:07:30       0    139     93      -     66     55      0      0      0      0   6501   1065     93      0  12113   4741      0      -      -      0     24      7 
 20260921    23:07:31       0    137     93      -    100     45      0      0      0      0   6501    915    100      0  12113   4741      0      -      -      0     10      6 
 20260921    23:07:32       0    139     93      -    100     46      0      0      0      0   6501    930    100      0  12113   4741      0      -      -      0     16     10 
 20260921    23:07:34       0    139     93      -    100     49      0      0      0      0   6501   1050    100      0  12113   4741      0      -      -      0   1381   5450 
 20260921    23:07:35       0    139     93      -    100     43      0      0      0      0   6501   1140    100      0  12113   4741      0      -      -      0     12      5 
 20260921    23:07:36       0    139     93      -    100     46      0      0      0      0   6501   1050    100      0  12113   4741      0      -      -      0     11      8 
 20260921    23:07:37       0    138     92      -     90     61      0      0      0      0   6501   1245    100      0  12113   4741      0      -      -      0     34      5 
 20260921    23:07:38       0    137     93      -    100     46      0      0      0      0   6501   1020     93      0  12113   4741      0      -      -      0     18      6 
 20260921    23:07:39       0    138     93      -    100     45      0      0      0      0   6501    945    100      0  12113   4741      0      -      -      0     14      8 
 20260921    23:07:40       0    139     93      -    100     46      0      0      0      0   6501    930    100      0  12113   4741      0      -      -      0     28      4 
 20260921    23:07:41       0    139     93      -    100     47      0      0      0      0   6501   1005    100      0  12113   4741      0      -      -      0     22      7 
 20260921    23:07:42       0    139     93      -    100     55      0      0      0      0   6501   1245    100      0  12113   4741      0      -      -      0     30      8 
 20260921    23:07:43       0    139     93      -    100     48      0      0      0      0   6501   1050    100      0  12113   4741      0      -      -      0     16      7 
 20260921    23:07:44       0    139     93      -    100     48      0      0      0      0   6501    960    100      0  12113   4741      0      -      -      0     21      9 
#Date        Time         gpu    pwr  gtemp  mtemp     sm    mem    enc    dec    jpg    ofa   mclk   pclk  pviol  tviol     fb   bar1   ccpm  sbecc  dbecc    pci  rxpci  txpci 
#YYYYMMDD    HH:MM:SS     Idx      W      C      C      %      %      %      %      %      %    MHz    MHz      %   bool     MB     MB     MB   errs   errs   errs   MB/s   MB/s 
 20260921    23:07:45       0    139     93      -    100     50      0      0      0      0   6501   1065    100      0  12113   4741      0      -      -      0     27      8 
 20260921    23:07:46       0    139     93      -    100     56      0      0      0      0   6501    900    100      0  12113   4741      0      -      -      0     10      5 
 20260921    23:07:47       0    139     93      -    100     44      0      0      0      0   6501   1110    100      0  12113   4741      0      -      -      0     12      9 
 20260921    23:07:48       0    139     93      -    100     48      0      0      0      0   6501   1155    100      0  12113   4741      0      -      -      0     24      8 
 20260921    23:07:49       0    137     93      -    100     48      0      0      0      0   6501   1020     90      0  12113   4741      0      -      -      0     22      8 
 20260921    23:07:50       0    141     93      -    100     45      0      0      0      0   6501   1080    100      0  12113   4741      0      -      -      0     21     10 
 20260921    23:07:51       0    139     93      -    100     49      0      0      0      0   6501   1140    100      0  12113   4741      0      -      -      0     15      6 
 20260921    23:07:52       0    139     93      -    100     45      0      0      0      0   6501    945    100      0  12113   4741      0      -      -      0     13      9 
 20260921    23:07:53       0    139     93      -    100     46      0      0      0      0   6501   1125    100      0  12113   4741      0      -      -      0     15      6 
 20260921    23:07:55       0    139     93      -    100     48      0      0      0      0   6501   1155    100      0  12113   4741      0      -      -      0     19     10 
 20260921    23:07:56       0    139     93      -    100     45      0      0      0      0   6501   1005    100      0  12113   4741      0      -      -      0   1397   6555 
 20260921    23:07:57       0    139     93      -    100     45      0      0      0      0   6501    930    100      0  12113   4741      0      -      -      0     26      4 
 20260921    23:07:58       0    139     93      -    100     46      0      0      0      0   6501   1185    100      0  12113   4741      0      -      -      0     10      8 
 20260921    23:07:59       0    139     93      -    100     47      0      0      0      0   6501   1110    100      0  12113   4741      0      -      -      0     20      7 
 20260921    23:08:00       0    139     93      -    100     54      0      0      0      0   6501   1095    100      0  12113   4741      0      -      -      0     25      8 
 20260921    23:08:01       0    139     93      -    100     55      0      0      0      0   6501   1020    100      0  12113   4741      0      -      -      0     22      7 
 20260921    23:08:02       0    139     93      -    100     58      0      0      0      0   6501    990    100      0  12113   4741      0      -      -      0     18     11 
 20260921    23:08:03       0    139     93      -    100     70      0      0      0      0   6501   1275    100      0  12113   4741      0      -      -      0     22      9 
 20260921    23:08:04       0    139     93      -     98     53      0      0      0      0   6501   1080    100      0  12113   4741      0      -      -      0     24      7 
 20260921    23:08:05       0    139     93      -    100     46      0      0      0      0   6501    975    100      0  12113   4741      0      -      -      0     10      5 
 20260921    23:08:06       0    138     93      -    100     44      0      0      0      0   6501    915    100      0  12113   4741      0      -      -      0     17      9 
 20260921    23:08:07       0    139     93      -    100     44      0      0      0      0   6501   1065    100      0  12113   4741      0      -      -      0     21      7 
 20260921    23:08:08       0    139     93      -     96     70      0      0      0      0   6501   1125    100      0  12113   4741      0      -      -      0     19      7 
 20260921    23:08:09       0    139     93      -    100     45      0      0      0      0   6501   1020    100      0  12113   4741      0      -      -      0     20      6 
 20260921    23:08:10       0    139     93      -    100     45      0      0      0      0   6501    885    100      0  12113   4741      0      -      -      0     18      6 
 20260921    23:08:11       0    139     93      -    100     48      0      0      0      0   6501   1080    100      0  12113   4741      0      -      -      0     18      8 
 20260921    23:08:12       0    138     93      -    100     46      0      0      0      0   6501   1290    100      0  12113   4741      0      -      -      0     22      9 
 20260921    23:08:13       0    138     93      -    100     45      0      0      0      0   6501    945    100      0  12113   4741      0      -      -      0     23     10 
 20260921    23:08:14       0    139     93      -    100     48      0      0      0      0   6501   1125    100      0  12113   4741      0      -      -      0     25      6 
 20260921    23:08:15       0    139     93      -    100     46      0      0      0      0   6501   1080    100      0  12113   4741      0      -      -      0   1311      7 
 20260921    23:08:17       0    139     93      -    100     45      0      0      0      0   6501   1095    100      0  12113   4741      0      -      -      0     20      7 
 20260921    23:08:18       0    139     93      -    100     48      0      0      0      0   6501   1095    100      0  12113   4741      0      -      -      0     25      9 
 20260921    23:08:19       0    139     93      -    100     47      0      0      0      0   6501    945    100      0  12113   4741      0      -      -      0     15      9 
 20260921    23:08:20       0    139     93      -    100     58      0      0      0      0   6501   1335    100      0  12113   4741      0      -      -      0     19      6 
 20260921    23:08:21       0    138     93      -    100     39      0      0      0      0   6501   1005    100      0  12113   4741      0      -      -      0     17      5 
 20260921    23:08:22       0    138     93      -    100     45      0      0      0      0   6501    900    100      0  12113   4741      0      -      -      0     23      9 
 20260921    23:08:23       0    139     93      -    100     45      0      0      0      0   6501   1050    100      0  12113   4741      0      -      -      0   1404   6579 
 20260921    23:08:24       0    139     93      -    100     49      0      0      0      0   6501   1050    100      0  12113   4741      0      -      -      0     18     10 
 20260921    23:08:25       0    139     93      -    100     52      0      0      0      0   6501   1170    100      0  12113   4741      0      -      -      0     22      6 
 20260921    23:08:26       0    139     93      -    100     45      0      0      0      0   6501   1005    100      0  12113   4741      0      -      -      0     15      5 
 20260921    23:08:27       0    138     93      -     94     85      0      0      0      0   6501   1305    100      0  12113   4741      0      -      -      0     17     10 
 20260921    23:08:28       0    138     93      -    100     45      0      0      0      0   6501   1095    100      0  12113   4741      0      -      -      0     24      4 
 20260921    23:08:29       0    138     93      -    100     45      0      0      0      0   6501   1080    100      0  12113   4741      0      -      -      0     15      6 
 20260921    23:08:30       0    139     93      -    100     45      0      0      0      0   6501    990    100      0  12113   4741      0      -      -      0   1401   6543 
#Date        Time         gpu    pwr  gtemp  mtemp     sm    mem    enc    dec    jpg    ofa   mclk   pclk  pviol  tviol     fb   bar1   ccpm  sbecc  dbecc    pci  rxpci  txpci 
#YYYYMMDD    HH:MM:SS     Idx      W      C      C      %      %      %      %      %      %    MHz    MHz      %   bool     MB     MB     MB   errs   errs   errs   MB/s   MB/s 
 20260921    23:08:31       0    139     93      -    100     44      0      0      0      0   6501    990    100      0  12113   4741      0      -      -      0     22      6 
 20260921    23:08:32       0    138     92      -    100     53      0      0      0      0   6501   1395    100      0  12113   4741      0      -      -      0     30     12 
 20260921    23:08:33       0    138     93      -    100     46      0      0      0      0   6501    945    100      0  12113   4741      0      -      -      0     21      8 
 20260921    23:08:34       0    138     93      -    100     46      0      0      0      0   6501   1020    100      0  12113   4741      0      -      -      0     17      9 
 20260921    23:08:35       0    139     93      -    100     46      0      0      0      0   6501   1200    100      0  12113   4741      0      -      -      0     24      8 
 20260921    23:08:36       0    138     93      -    100     49      0      0      0      0   6501   1125    100      0  12113   4741      0      -      -      0     22      7 
 20260921    23:08:38       0    139     93      -    100     47      0      0      0      0   6501    945    100      0  12113   4741      0      -      -      0     28      4 
 20260921    23:08:39       0    139     93      -    100     51      0      0      0      0   6501   1110    100      0  12113   4741      0      -      -      0     23      6 
 20260921    23:08:40       0    139     93      -    100     47      0      0      0      0   6501    990    100      0  12113   4741      0      -      -      0     26      4 
 20260921    23:08:41       0    139     93      -    100     43      0      0      0      0   6501   1080    100      0  12113   4741      0      -      -      0     26      8 
 20260921    23:08:42       0    138     93      -    100     52      0      0      0      0   6501   1125     99      0  12113   4741      0      -      -      0     18      9 
 20260921    23:08:43       0    139     93      -    100     52      0      0      0      0   6501   1125    100      0  12113   4741      0      -      -      0     16      6 
 20260921    23:08:44       0    139     93      -    100     49      0      0      0      0   6501   1095    100      0  12113   4741      0      -      -      0     18      8 
 20260921    23:08:45       0    139     93      -     99     59      0      0      0      0   6501   1050    100      0  12113   4741      0      -      -      0     21      8 
 20260921    23:08:46       0    138     93      -    100     59      0      0      0      0   6501   1065    100      0  12113   4741      0      -      -      0     20      8 
 20260921    23:08:47       0    138     93      -     86     61      0      0      0      0   6501   1140    100      0  12113   4741      0      -      -      0     13      8 
 20260921    23:08:48       0    139     93      -    100     45      0      0      0      0   6501   1080    100      0  12113   4741      0      -      -      0     21      9 
 20260921    23:08:49       0    139     93      -    100     44      0      0      0      0   6501    945    100      0  12113   4741      0      -      -      0     23     10 
 20260921    23:08:50       0    139     93      -    100     49      0      0      0      0   6501   1050    100      0  12113   4741      0      -      -      0     16      6 
 20260921    23:08:51       0    139     93      -    100     45      0      0      0      0   6501    915    100      0  12113   4741      0      -      -      0     16      9 
 20260921    23:08:52       0    139     93      -    100     46      0      0      0      0   6501   1080    100      0  12113   4741      0      -      -      0     25      7 
 20260921    23:08:53       0    139     93      -    100     46      0      0      0      0   6501   1155    100      0  12113   4741      0      -      -      0   1017      6 
 20260921    23:08:54       0    139     93      -    100     43      0      0      0      0   6501   1050    100      0  12113   4741      0      -      -      0     16      8 
 20260921    23:08:55       0    139     93      -    100     51      0      0      0      0   6501   1110    100      0  12113   4741      0      -      -      0     37      9 
 20260921    23:08:56       0    139     93      -    100     62      0      0      0      0   6501    915    100      0  12113   4741      0      -      -      0     17      7 
 20260921    23:08:57       0    138     93      -     76     51      0      0      0      0   6501   1080    100      0  12113   4741      0      -      -      0     26      7 
 20260921    23:08:59       0    138     93      -    100     45      0      0      0      0   6501    930    100      0  12113   4741      0      -      -      0     16      6 
 20260921    23:09:00       0    139     93      -    100     46      0      0      0      0   6501    900    100      0  12113   4741      0      -      -      0     14      9 
 20260921    23:09:01       0    139     93      -    100     47      0      0      0      0   6501   1110    100      0  12113   4741      0      -      -      0   1403   6548 
 20260921    23:09:02       0    139     93      -    100     48      0      0      0      0   6501   1050    100      0  12113   4741      0      -      -      0     23      7 
 20260921    23:09:03       0    139     93      -    100     50      0      0      0      0   6501   1065    100      0  12113   4741      0      -      -      0     20      9 
 20260921    23:09:04       0    139     93      -    100     49      0      0      0      0   6501   1065    100      0  12113   4741      0      -      -      0     25      8 
 20260921    23:09:05       0    139     93      -    100     50      0      0      0      0   6501   1050    100      0  12113   4741      0      -      -      0   1398    291 
 20260921    23:09:06       0    139     93      -    100     46      0      0      0      0   6501   1005    100      0  12113   4741      0      -      -      0     19      7 
 20260921    23:09:07       0    139     93      -    100     41      0      0      0      0   6501    960    100      0  12113   4741      0      -      -      0     14     10 
 20260921    23:09:08       0    139     93      -     92     58      0      0      0      0   6501   1050    100      0  12113   4741      0      -      -      0     23      8 
 20260921    23:09:09       0    139     93      -    100     44      0      0      0      0   6501    945    100      0  12113   4741      0      -      -      0     20      6 
 20260921    23:09:10       0    139     93      -    100     47      0      0      0      0   6501   1185    100      0  12113   4741      0      -      -      0     15      6 
 20260921    23:09:11       0    139     93      -    100     48      0      0      0      0   6501   1080    100      0  12113   4741      0      -      -      0     23   1960 
 20260921    23:09:12       0    139     93      -    100     53      0      0      0      0   6501   1035     92      0  12113   4741      0      -      -      0     27      5 
 20260921    23:09:13       0    137     93      -    100     47      0      0      0      0   6501    900    100      0  12113   4741      0      -      -      0     14      8 
 20260921    23:09:14       0    139     93      -    100     49      0      0      0      0   6501    915    100      0  12113   4741      0      -      -      0     24      9 
 20260921    23:09:15       0    138     93      -     99     65      0      0      0      0   6501   1095     94      0  12113   4741      0      -      -      0   2079      6 
 20260921    23:09:16       0    138     93      -    100     39      0      0      0      0   6501   1035    100      0  12113   4741      0      -      -      0     22      9 
#Date        Time         gpu    pwr  gtemp  mtemp     sm    mem    enc    dec    jpg    ofa   mclk   pclk  pviol  tviol     fb   bar1   ccpm  sbecc  dbecc    pci  rxpci  txpci 
#YYYYMMDD    HH:MM:SS     Idx      W      C      C      %      %      %      %      %      %    MHz    MHz      %   bool     MB     MB     MB   errs   errs   errs   MB/s   MB/s 
 20260921    23:09:17       0    139     93      -    100     52      0      0      0      0   6501   1065    100      0  12113   4741      0      -      -      0     19      8 
 20260921    23:09:18       0    139     93      -    100     51      0      0      0      0   6501   1065    100      0  12113   4741      0      -      -      0     21      7 
 20260921    23:09:20       0    138     92      -    100     63      0      0      0      0   6501   1410    100      0  12113   4741      0      -      -      0   1376    480 
 20260921    23:09:21       0    138     93      -    100     42      0      0      0      0   6501    975    100      0  12113   4741      0      -      -      0     22     11 
 20260921    23:09:22       0    138     93      -    100     44      0      0      0      0   6501   1050    100      0  12113   4741      0      -      -      0     16      6 
 20260921    23:09:23       0    138     92      -    100     71      0      0      0      0   6501   1320    100      0  12113   4741      0      -      -      0     29   1917 
 20260921    23:09:24       0    128     92      -      0      0      0      0      0      0   6501   1455     46      0  12113   4741      0      -      -      0   4638     17 
 20260921    23:09:25       0    125     93      -    100     56      0      0      0      0   6501   1410     83      0  12113   4741      0      -      -      0      0      0 
 20260921    23:09:26       0     94     91      -      0      0      0      0      0      0   6501   1785      0      0  12113   4741      0      -      -      0      0      0 
 20260921    23:09:27       0     88     91      -      0      0      0      0      0      0   6501   1785      0      0  12113   4741      0      -      -      0      0      0 
 20260921    23:09:28       0     80     89      -      0      0      0      0      0      0   6501   1560      0      0  12113   4741      0      -      -      0      0      0 
 20260921    23:09:29       0     61     88      -      0      0      0      0      0      0   6501   1560      0      0  12113   4741      0      -      -      0      0      0 
 20260921    23:09:30       0     59     87      -      0      0      0      0      0      0   6501   1560      0      0  12113      5      0      -      -      0      0      0 
 20260921    23:09:31       0     65     87      -    100     11      0      0      0      0   6501   1860      0      0   5895      5      0      -      -      0      0      0 
