#Date        Time         gpu    pwr  gtemp  mtemp     sm    mem    enc    dec    jpg    ofa   mclk   pclk  pviol  tviol     fb   bar1   ccpm  sbecc  dbecc    pci  rxpci  txpci 
#YYYYMMDD    HH:MM:SS     Idx      W      C      C      %      %      %      %      %      %    MHz    MHz      %   bool     MB     MB     MB   errs   errs   errs   MB/s   MB/s 
 20260916    16:01:56       0     12     57      -      0      0      0      0      0      0    405    300      0      0     15      5      0      -      -      0      0      0 
 20260916    16:01:58       0      7     57      -      0      0      0      0      0      0    405    300      0      0     15      5      0      -      -      0      0      0 
 20260916    16:01:59       0      7     56      -      0      0      0      0      0      0    405    300      0      0     15      5      0      -      -      0      0      0 
 20260916    16:02:00       0      8     56      -      0      0      0      0      0      0    405    300      0      0     15      5      0      -      -      0      0      0 
 20260916    16:02:01       0      7     56      -      0      0      0      0      0      0    405    300      0      0     15      5      0      -      -      0      0      0 
 20260916    16:02:02       0      7     56      -      0      0      0      0      0      0    405    300      0      0     15      5      0      -      -      0      0      0 
 20260916    16:02:03       0      8     55      -      0      0      0      0      0      0    405    300      0      0     15      5      0      -      -      0      0      0 
 20260916    16:02:04       0      7     55      -      0      0      0      0      0      0    405    300      0      0     15      5      0      -      -      0      0      0 
 20260916    16:02:05       0      7     55      -      0      0      0      0      0      0    405    300      0      0     15      5      0      -      -      0      0      0 
 20260916    16:02:06       0      7     55      -      0      0      0      0      0      0    405    300      0      0     15      5      0      -      -      0      0      0 
 20260916    16:02:07       0     19     55      -      0      0      0      0      0      0   7000   1620      0      0     58      7      0      -      -      0     21      0 
 20260916    16:02:08       0     49     56      -      1      0      0      0      0      0   6500   1620      0      0    294      9      0      -      -      0     29     29 
 20260916    16:02:09       0     48     57      -     28      1      0      0      0      0   6500   1680      0      0    998      7      0      -      -      0     14   4848 
 20260916    16:02:10       0     45     56      -      0      0      0      0      0      0   6500   1620      0      0   1000      7      0      -      -      0      0      0 
 20260916    16:02:11       0     46     56      -     26      1      0      0      0      0   6500   1620      0      0   1000      7      0      -      -      0      0      0 
 20260916    16:02:12       0     46     56      -      0      0      0      0      0      0   6500   1620      0      0   1000      7      0      -      -      0      0      0 
 20260916    16:02:14       0     59     57      -     58      2      0      0      0      0   6500   1905      0      0   1000      7      0      -      -      0   5689   6660 
 20260916    16:02:15       0     57     57      -      0      0      0      0      0      0   6500   1905      0      0    824      7      0      -      -      0      0      0 
 20260916    16:02:16       0     57     57      -      0      0      0      0      0      0   6500   1620      0      0    964      7      0      -      -      0      0      0 
 20260916    16:02:17       0     46     57      -      0      0      0      0      0      0   6500   1620      0      0    964      7      0      -      -      0      0      0 
 20260916    16:02:18       0     46     56      -      0      0      0      0      0      0   6500   1620      0      0    964    154      0      -      -      0   3812    864 
 20260916    16:02:19       0     97     60      -     27     18      0      0      0      0   6500   1905      0      0   1680    154      0      -      -      0   2474      0 
 20260916    16:02:20       0    125     59      -     35     20      0      0      0      0   6500   1890      0      0   1682    154      0      -      -      0      0      0 
 20260916    16:02:21       0     47     57      -     26     22      0      0      0      0   6500   1620      0      0   1842    154      0      -      -      0      0      0 
 20260916    16:02:22       0     46     57      -      0      0      0      0      0      0   6500   1620      0      0   1842    154      0      -      -      0      0      0 
 20260916    16:02:23       0     46     57      -      0      0      0      0      0      0   6500   1620      0      0   1858    154      0      -      -      0    739     90 
 20260916    16:02:24       0     60     57      -     47      5      0      0      0      0   6500   1905      0      0   1860    154      0      -      -      0   2976      0 
 20260916    16:02:25       0     60     58      -      2      2      0      0      0      0   6500   1905      0      0   1860    154      0      -      -      0   3604    600 
 20260916    16:02:26       0     71     58      -      6      1      0      0      0      0   6500   1620      0      0   2504    154      0      -      -      0      0      0 
 20260916    16:02:27       0    144     60      -    100     14      0      0      0      0   6500   1905      0      0   2504    154      0      -      -      0      0      0 
 20260916    16:02:28       0    109     60      -    100      9      0      0      0      0   6500   1905      0      0   2504    154      0      -      -      0   1945      4 
 20260916    16:02:29       0    109     61      -     58      6      0      0      0      0   6500   1905      0      0   2504    154      0      -      -      0     13      0 
 20260916    16:02:30       0     98     63      -     61      7      0      0      0      0   6500   1875      0      0   2504    154      0      -      -      0   1901      0 
 20260916    16:02:31       0    114     61      -     76      7      0      0      0      0   6500   1905      0      0   2504    154      0      -      -      0     92      0 
 20260916    16:02:32       0     81     61      -     22      2      0      0      0      0   6500   1905      0      0   2504    154      0      -      -      0   1516      0 
 20260916    16:02:34       0     80     60      -     24      2      0      0      0      0   6500   1905      0      0   2504    154      0      -      -      0      0      0 
 20260916    16:02:35       0     62     60      -      1      1      0      0      0      0   6500   1905      0      0   2504    154      0      -      -      0   2073      0 
 20260916    16:02:36       0     69     60      -      1      1      0      0      0      0   6500   1905      0      0   2504    154      0      -      -      0  12505   1396 
 20260916    16:02:37       0     61     59      -      1      1      0      0      0      0   6500   1905      0      0   2504    154      0      -      -      0   1976      0 
 20260916    16:02:38       0     61     59      -      1      2      0      0      0      0   6500   1905      0      0   2504    154      0      -      -      0   1770      0 
 20260916    16:02:39       0     67     60      -     23      4      0      0      0      0   6500   1905      0      0   2504    154      0      -      -      0  12081    544 
 20260916    16:02:40       0     61     60      -      1      1      0      0      0      0   6500   1905      0      0   2504    154      0      -      -      0   1424      0 
 20260916    16:02:41       0     62     60      -      1      1      0      0      0      0   6500   1905      0      0   2504    154      0      -      -      0   2000      0 
 20260916    16:02:42       0     67     60      -     68      6      0      0      0      0   6500   1905      0      0   2504    154      0      -      -      0   2225      0 
#Date        Time         gpu    pwr  gtemp  mtemp     sm    mem    enc    dec    jpg    ofa   mclk   pclk  pviol  tviol     fb   bar1   ccpm  sbecc  dbecc    pci  rxpci  txpci 
#YYYYMMDD    HH:MM:SS     Idx      W      C      C      %      %      %      %      %      %    MHz    MHz      %   bool     MB     MB     MB   errs   errs   errs   MB/s   MB/s 
 20260916    16:02:43       0     61     59      -      1      1      0      0      0      0   6500   1905      0      0   2504    154      0      -      -      0   3286      0 
 20260916    16:02:44       0     60     60      -      1      1      0      0      0      0   6500   1905      0      0   2504    154      0      -      -      0   3278      0 
 20260916    16:02:45       0    134     62      -    100      7      0      0      0      0   6500   1905      0      0   2504    154      0      -      -      0      0      1 
 20260916    16:02:46       0    133     62      -    100     10      0      0      0      0   6500   1905      0      0   2504    154      0      -      -      0      0      2 
 20260916    16:02:47       0     90     62      -     61      6      0      0      0      0   6500   1905      0      0   2504    154      0      -      -      0   1568      0 
 20260916    16:02:48       0    122     62      -     56      4      0      0      0      0   6500   1905      0      0   2504    154      0      -      -      0   2485      0 
 20260916    16:02:49       0    137     63      -    100      7      0      0      0      0   6500   1905      0      0   2504    154      0      -      -      0      0      5 
 20260916    16:02:50       0     90     63      -     49      6      0      0      0      0   6500   1905      0      0   2504    154      0      -      -      0    869      0 
 20260916    16:02:51       0     88     64      -     69      7      0      0      0      0   6500   1905      0      0   2504    154      0      -      -      0   2711      0 
 20260916    16:02:52       0    125     63      -     49      4      0      0      0      0   6500   1905      0      0   2504    154      0      -      -      0   1437      0 
 20260916    16:02:54       0     62     61      -      1      1      0      0      0      0   6500   1905      0      0   2504    154      0      -      -      0   2126      0 
 20260916    16:02:55       0     63     61      -     56      5      0      0      0      0   6500   1905      0      0   2504    154      0      -      -      0   1413      0 
 20260916    16:02:56       0     62     61      -      1      1      0      0      0      0   6500   1905      0      0   2504    154      0      -      -      0   1734      0 
 20260916    16:02:57       0     62     61      -      1      1      0      0      0      0   6500   1905      0      0   2504    154      0      -      -      0   2161      0 
 20260916    16:02:58       0     62     61      -      1      1      0      0      0      0   6500   1905      0      0   2504    154      0      -      -      0   2119      0 
 20260916    16:02:59       0     61     61      -      1      1      0      0      0      0   6500   1905      0      0   2504    154      0      -      -      0  12475   1392 
 20260916    16:03:00       0     62     61      -      1      1      0      0      0      0   6500   1905      0      0   2504    154      0      -      -      0   2215      0 
 20260916    16:03:01       0     62     61      -     47      4      0      0      0      0   6500   1905      0      0   2504    154      0      -      -      0   2267      0 
 20260916    16:03:02       0     62     61      -      1      1      0      0      0      0   6500   1905      0      0   2504    154      0      -      -      0  12153   1448 
 20260916    16:03:03       0     61     61      -      1      1      0      0      0      0   6500   1905      0      0   2504    154      0      -      -      0   3638      0 
 20260916    16:03:04       0    100     62      -    100     12      0      0      0      0   6500   1905      0      0   2504    154      0      -      -      0   2043      0 
 20260916    16:03:05       0     80     62      -     17      4      0      0      0      0   6500   1905      0      0   2504    154      0      -      -      0    777      0 
 20260916    16:03:06       0    143     64      -    100     10      0      0      0      0   6500   1905      0      0   2504    154      0      -      -      0      0      0 
 20260916    16:03:07       0    137     65      -    100      9      0      0      0      0   6500   1905      0      0   2504    154      0      -      -      0   4147      0 
 20260916    16:03:08       0     95     65      -     54      8      0      0      0      0   6500   1905      0      0   2504    154      0      -      -      0   2239      0 
 20260916    16:03:09       0    131     64      -     54      5      0      0      0      0   6500   1905      0      0   2504    154      0      -      -      0      6      1 
 20260916    16:03:10       0     68     63      -     94      7      0      0      0      0   6500   1905      0      0   2504    154      0      -      -      0   3359      0 
 20260916    16:03:11       0     63     62      -      1      1      0      0      0      0   6500   1905      0      0   2504    154      0      -      -      0   3452      0 
 20260916    16:03:13       0     63     62      -      1      1      0      0      0      0   6500   1905      0      0   2504    154      0      -      -      0   3331      0 
 20260916    16:03:14       0     68     62      -     10      3      0      0      0      0   6500   1905      0      0   2504    154      0      -      -      0  10677      0 
 20260916    16:03:15       0     63     62      -      1      1      0      0      0      0   6500   1905      0      0   2504    154      0      -      -      0   3187      0 
 20260916    16:03:16       0     62     62      -      1      1      0      0      0      0   6500   1905      0      0   2504    154      0      -      -      0   2018      0 
 20260916    16:03:17       0     65     62      -      1      1      0      0      0      0   6500   1905      0      0   2504    154      0      -      -      0  12471   1396 
 20260916    16:03:18       0     63     62      -      1      1      0      0      0      0   6500   1905      0      0   2504    154      0      -      -      0   3226      0 
 20260916    16:03:19       0     62     62      -      1      1      0      0      0      0   6500   1905      0      0   2504    154      0      -      -      0   2903      0 
 20260916    16:03:20       0     63     62      -      1      1      0      0      0      0   6500   1905      0      0   2504    154      0      -      -      0  12482   1401 
 20260916    16:03:21       0     63     62      -      1      1      0      0      0      0   6500   1905      0      0   2504    154      0      -      -      0   1349      0 
 20260916    16:03:22       0    144     64      -    100     13      0      0      0      0   6500   1905      0      0   2504    154      0      -      -      0   1591    741 
 20260916    16:03:23       0     98     65      -     32      5      0      0      0      0   6500   1905      0      0   2504    154      0      -      -      0   2312      0 
 20260916    16:03:24       0    123     65      -     61      7      0      0      0      0   6500   1905      0      0   2504    154      0      -      -      0   3060    572 
 20260916    16:03:25       0    142     65      -    100      8      0      0      0      0   6500   1905      0      0   2504    154      0      -      -      0      0      0 
 20260916    16:03:26       0    115     65      -     52      5      0      0      0      0   6500   1905      0      0   2504    154      0      -      -      0   3817      0 
 20260916    16:03:27       0    113     65      -     45      5      0      0      0      0   6500   1905      0      0   2504    154      0      -      -      0   1007      0 
 20260916    16:03:28       0     69     64      -     91      7      0      0      0      0   6500   1905      0      0   2504    154      0      -      -      0   1798      0 
#Date        Time         gpu    pwr  gtemp  mtemp     sm    mem    enc    dec    jpg    ofa   mclk   pclk  pviol  tviol     fb   bar1   ccpm  sbecc  dbecc    pci  rxpci  txpci 
#YYYYMMDD    HH:MM:SS     Idx      W      C      C      %      %      %      %      %      %    MHz    MHz      %   bool     MB     MB     MB   errs   errs   errs   MB/s   MB/s 
 20260916    16:03:29       0     63     63      -      1      1      0      0      0      0   6500   1905      0      0   2504    154      0      -      -      0   3273      0 
 20260916    16:03:30       0     62     63      -      1      1      0      0      0      0   6500   1905      0      0   2504    154      0      -      -      0   3264      0 
 20260916    16:03:31       0    144     65      -    100      9      0      0      0      0   6500   1905      0      0   2504    154      0      -      -      0   7586      0 
 20260916    16:03:33       0     99     65      -    100      6      0      0      0      0   6500   1905      0      0   2504    154      0      -      -      0      0      0 
 20260916    16:03:34       0    123     65      -     34      3      0      0      0      0   6500   1905      0      0   2504    154      0      -      -      0      0      0 
 20260916    16:03:35       0    110     65      -     50      6      0      0      0      0   6500   1905      0      0   2504    154      0      -      -      0      6      0 
 20260916    16:03:36       0     63     64      -      1      1      0      0      0      0   6500   1905      0      0   2504    154      0      -      -      0   3193      0 
 20260916    16:03:37       0     66     64      -     96      8      0      0      0      0   6500   1905      0      0   2504    154      0      -      -      0   2907      0 
 20260916    16:03:38       0     63     64      -      1      1      0      0      0      0   6500   1905      0      0   2504    154      0      -      -      0   3021      0 
 20260916    16:03:39       0     64     64      -      1      1      0      0      0      0   6500   1905      0      0   2504    154      0      -      -      0   3629      0 
 20260916    16:03:40       0     69     64      -     84      7      0      0      0      0   6500   1905      0      0   2504    154      0      -      -      0   3215      0 
 20260916    16:03:41       0     64     63      -      1      1      0      0      0      0   6500   1905      0      0   2504    154      0      -      -      0   2502      0 
 20260916    16:03:42       0    131     66      -    100      8      0      0      0      0   6500   1905      0      0   2504    154      0      -      -      0   8052      0 
 20260916    16:03:43       0    102     65      -     38      4      0      0      0      0   6500   1905      0      0   2504    154      0      -      -      0   2903      0 
 20260916    16:03:44       0    101     65      -     33      2      0      0      0      0   6500   1905      0      0   2504    154      0      -      -      0  12107   1448 
 20260916    16:03:45       0     63     64      -      1      1      0      0      0      0   6500   1905      0      0   2504    154      0      -      -      0   1392      0 
 20260916    16:03:46       0     65     64      -     47      4      0      0      0      0   6500   1905      0      0   2504    154      0      -      -      0   2985      0 
 20260916    16:03:47       0     65     64      -      4      1      0      0      0      0   6500   1905      0      0   2504    154      0      -      -      0   2137      0 
 20260916    16:03:48       0     64     63      -      1      2      0      0      0      0   6500   1905      0      0   2504    154      0      -      -      0   1999      0 
 20260916    16:03:49       0    152     66      -    100     13      0      0      0      0   6500   1905      0      0   2504    154      0      -      -      0      6    932 
 20260916    16:03:50       0    105     65      -     35      6      0      0      0      0   6500   1905      0      0   2504    154      0      -      -      0   2220      1 
 20260916    16:03:52       0    104     65      -     53      8      0      0      0      0   6500   1905      0      0   2504    154      0      -      -      0  12512   1407 
 20260916    16:03:53       0     64     64      -      1      1      0      0      0      0   6500   1905      0      0   2504    154      0      -      -      0   3251      0 
 20260916    16:03:54       0     63     64      -      1      1      0      0      0      0   6500   1905      0      0   2504    154      0      -      -      0   2331      0 
 20260916    16:03:55       0     64     64      -      1      1      0      0      0      0   6500   1905      0      0   2504    154      0      -      -      0  12445   1394 
 20260916    16:03:56       0     64     63      -      1      1      0      0      0      0   6500   1905      0      0   2504    154      0      -      -      0   2155      0 
 20260916    16:03:57       0     63     63      -      2      1      0      0      0      0   6500   1905      0      0   2504    154      0      -      -      0   1900      0 
 20260916    16:03:58       0     63     63      -      1      1      0      0      0      0   6500   1905      0      0   2504    154      0      -      -      0   4149    509 
 20260916    16:03:59       0    138     66      -    100      9      0      0      0      0   6500   1905      0      0   2504    154      0      -      -      0      0      3 
 20260916    16:04:00       0     89     66      -     56      5      0      0      0      0   6500   1905      0      0   2504    154      0      -      -      0   1159      0 
 20260916    16:04:01       0    126     65      -     51      8      0      0      0      0   6500   1905      0      0   2504    154      0      -      -      0      0      0 
 20260916    16:04:02       0     69     65      -     86      9      0      0      0      0   6500   1905      0      0   2504    154      0      -      -      0   8499      0 
 20260916    16:04:03       0     63     64      -      1      1      0      0      0      0   6500   1905      0      0   2504    154      0      -      -      0   3145      0 
 20260916    16:04:04       0     63     64      -      1      1      0      0      0      0   6500   1905      0      0   2504    154      0      -      -      0   3247      0 
 20260916    16:04:05       0     70     64      -    100      7      0      0      0      0   6500   1905      0      0   2504    154      0      -      -      0   2385      0 
 20260916    16:04:06       0     63     64      -      1      1      0      0      0      0   6500   1905      0      0   2504    154      0      -      -      0   2995      0 
 20260916    16:04:07       0     64     64      -      1      1      0      0      0      0   6500   1905      0      0   2504    154      0      -      -      0   1397      0 
 20260916    16:04:08       0     65     64      -     57      5      0      0      0      0   6500   1905      0      0   2504    154      0      -      -      0   2405      0 
 20260916    16:04:09       0     64     64      -      1      1      0      0      0      0   6500   1905      0      0   2504    154      0      -      -      0   1784      0 
 20260916    16:04:10       0     63     63      -      1      1      0      0      0      0   6500   1905      0      0   2504    154      0      -      -      0   2319      0 
 20260916    16:04:12       0     63     63      -     80      6      0      0      0      0   6500   1905      0      0   2504    154      0      -      -      0   2674      0 
 20260916    16:04:13       0     63     63      -      1      1      0      0      0      0   6500   1905      0      0   2504    154      0      -      -      0   2716      3 
 20260916    16:04:14       0     48     62      -      0      0      0      0      0      0   6500   1620      0      0   2504    154      0      -      -      0      0      0 
 20260916    16:04:15       0     48     62      -      0      0      0      0      0      0   6500   1620      0      0   2504    154      0      -      -      0      0      0 
#Date        Time         gpu    pwr  gtemp  mtemp     sm    mem    enc    dec    jpg    ofa   mclk   pclk  pviol  tviol     fb   bar1   ccpm  sbecc  dbecc    pci  rxpci  txpci 
#YYYYMMDD    HH:MM:SS     Idx      W      C      C      %      %      %      %      %      %    MHz    MHz      %   bool     MB     MB     MB   errs   errs   errs   MB/s   MB/s 
 20260916    16:04:16       0     48     62      -      0      0      0      0      0      0   6500   1620      0      0   2504    154      0      -      -      0  11521   1336 
 20260916    16:04:17       0     63     63      -      3      1      0      0      0      0   6500   1905      0      0   2504    154      0      -      -      0   2408      0 
 20260916    16:04:18       0     62     63      -      1      1      0      0      0      0   6500   1905      0      0   2504    154      0      -      -      0   3296      0 
 20260916    16:04:19       0     70     63      -      1      1      0      0      0      0   6500   1905      0      0   2504    154      0      -      -      0  12523   1406 
 20260916    16:04:20       0     63     63      -      1      1      0      0      0      0   6500   1905      0      0   2504    154      0      -      -      0   3289      0 
 20260916    16:04:21       0     63     63      -      1      1      0      0      0      0   6500   1905      0      0   2504    154      0      -      -      0   2983      0 
 20260916    16:04:22       0     70     63      -     42      5      0      0      0      0   6500   1905      0      0   2504    154      0      -      -      0  12474   1400 
 20260916    16:04:23       0     62     63      -      1      1      0      0      0      0   6500   1905      0      0   2504    154      0      -      -      0   3341      0 
 20260916    16:04:24       0     62     62      -      1      1      0      0      0      0   6500   1905      0      0   2504    154      0      -      -      0   3520      0 
 20260916    16:04:25       0     69     63      -     40      4      0      0      0      0   6500   1905      0      0   2504    154      0      -      -      0  12090   1446 
 20260916    16:04:26       0     63     62      -      1      2      0      0      0      0   6500   1905      0      0   2504    154      0      -      -      0   3282      0 
 20260916    16:04:27       0     63     62      -      1      1      0      0      0      0   6500   1905      0      0   2504    154      0      -      -      0   1860      0 
 20260916    16:04:28       0     85     64      -      1      1      0      0      0      0   6500   1905      0      0   2504    154      0      -      -      0      0      0 
 20260916    16:04:29       0    138     65      -    100      8      0      0      0      0   6500   1905      0      0   2504    154      0      -      -      0   5557      0 
 20260916    16:04:31       0    119     66      -     48      7      0      0      0      0   6500   1905      0      0   2504    154      0      -      -      0   2021      0 
 20260916    16:04:32       0    102     65      -     65      4      0      0      0      0   6500   1905      0      0   2504    154      0      -      -      0      0      3 
 20260916    16:04:33       0     70     64      -     78      9      0      0      0      0   6500   1905      0      0   2504    154      0      -      -      0  12589   1325 
 20260916    16:04:34       0     62     63      -      1      1      0      0      0      0   6500   1905      0      0   2504    154      0      -      -      0   2250      0 
 20260916    16:04:35       0     66     63      -      7      1      0      0      0      0   6500   1905      0      0   2504    154      0      -      -      0   1770      0 
 20260916    16:04:36       0     74     63      -      5      1      0      0      0      0   6500   1905      0      0   2504    154      0      -      -      0  12463   1391 
 20260916    16:04:37       0     63     63      -      1      1      0      0      0      0   6500   1905      0      0   2504    154      0      -      -      0   2400      0 
 20260916    16:04:38       0     63     63      -      1      1      0      0      0      0   6500   1905      0      0   2504    154      0      -      -      0   2133      0 
 20260916    16:04:39       0     67     63      -     13      3      0      0      0      0   6500   1905      0      0   2504    154      0      -      -      0  12412   1398 
 20260916    16:04:40       0     63     63      -      1      1      0      0      0      0   6500   1905      0      0   2504    154      0      -      -      0   2158      0 
 20260916    16:04:41       0     63     63      -      1      1      0      0      0      0   6500   1905      0      0   2504    154      0      -      -      0   3088      0 
 20260916    16:04:42       0     71     63      -     42      5      0      0      0      0   6500   1905      0      0   2504    154      0      -      -      0  12475   1385 
 20260916    16:04:43       0     63     63      -      1      1      0      0      0      0   6500   1905      0      0   2504    154      0      -      -      0   2021      0 
 20260916    16:04:44       0     63     63      -      1      1      0      0      0      0   6500   1905      0      0   2504    154      0      -      -      0   3108      0 
 20260916    16:04:45       0     92     63      -      1      1      0      0      0      0   6500   1905      0      0   2504    154      0      -      -      0  10144   1174 
 20260916    16:04:46       0     68     63      -      5      2      0      0      0      0   6500   1905      0      0   2504    154      0      -      -      0   2434      0 
 20260916    16:04:47       0    133     65      -    100     14      0      0      0      0   6500   1890      0      0   2504    154      0      -      -      0      0      1 
 20260916    16:04:48       0    131     65      -     47      8      0      0      0      0   6500   1890      0      0   2504    154      0      -      -      0   1606      0 
 20260916    16:04:49       0     86     64      -     60      9      0      0      0      0   6500   1905      0      0   2504    154      0      -      -      0   3266      0 
 20260916    16:04:51       0    125     65      -     51      9      0      0      0      0   6500   1905      0      0   2504    154      0      -      -      0   8554   1454 
 20260916    16:04:52       0     63     63      -      1      1      0      0      0      0   6500   1905      0      0   2504    154      0      -      -      0   1991      0 
 20260916    16:04:53       0     67     63      -     41      3      0      0      0      0   6500   1905      0      0   2504    154      0      -      -      0   2857      0 
 20260916    16:04:54       0     67     63      -      5      1      0      0      0      0   6500   1905      0      0   2504    154      0      -      -      0   4161    799 
 20260916    16:04:55       0     63     63      -      1      1      0      0      0      0   6500   1905      0      0   2504    154      0      -      -      0   3229      0 
 20260916    16:04:56       0     63     63      -      1      1      0      0      0      0   6500   1905      0      0   2504    154      0      -      -      0   2780      0 
 20260916    16:04:57       0     63     63      -      1      1      0      0      0      0   6500   1905      0      0   2504    154      0      -      -      0  12088   1447 
 20260916    16:04:58       0     63     63      -      1      1      0      0      0      0   6500   1905      0      0   2504    154      0      -      -      0   1646      0 
 20260916    16:04:59       0     63     63      -      1      1      0      0      0      0   6500   1905      0      0   2504    154      0      -      -      0   2562      0 
 20260916    16:05:00       0     63     63      -      1      1      0      0      0      0   6500   1905      0      0   2504    154      0      -      -      0  12496   1404 
 20260916    16:05:01       0     63     63      -      1      1      0      0      0      0   6500   1905      0      0   2504    154      0      -      -      0   3229      0 
#Date        Time         gpu    pwr  gtemp  mtemp     sm    mem    enc    dec    jpg    ofa   mclk   pclk  pviol  tviol     fb   bar1   ccpm  sbecc  dbecc    pci  rxpci  txpci 
#YYYYMMDD    HH:MM:SS     Idx      W      C      C      %      %      %      %      %      %    MHz    MHz      %   bool     MB     MB     MB   errs   errs   errs   MB/s   MB/s 
 20260916    16:05:02       0     63     63      -     31      3      0      0      0      0   6500   1905      0      0   2504    154      0      -      -      0   2441      0 
 20260916    16:05:03       0     63     63      -      1      1      0      0      0      0   6500   1905      0      0   2504    154      0      -      -      0  11992   1448 
 20260916    16:05:04       0     63     63      -      1      1      0      0      0      0   6500   1905      0      0   2504    154      0      -      -      0   1441      0 
 20260916    16:05:05       0    138     65      -    100     13      0      0      0      0   6500   1905      0      0   2504    154      0      -      -      0      0    582 
 20260916    16:05:06       0    115     66      -     43      6      0      0      0      0   6500   1905      0      0   2504    154      0      -      -      0   3308      0 
 20260916    16:05:07       0    111     65      -     37      4      0      0      0      0   6500   1905      0      0   2504    154      0      -      -      0   2176      0 
 20260916    16:05:08       0     63     63      -      2      1      0      0      0      0   6500   1905      0      0   2504    154      0      -      -      0   2323      0 
 20260916    16:05:09       0     62     63      -      1      1      0      0      0      0   6500   1905      0      0   2504    154      0      -      -      0  11054   1095 
 20260916    16:05:11       0     64     63      -      4      1      0      0      0      0   6500   1905      0      0   2504    154      0      -      -      0   2967      0 
 20260916    16:05:12       0     62     63      -      4      1      0      0      0      0   6500   1905      0      0   2504    154      0      -      -      0   1947      0 
 20260916    16:05:13       0     63     63      -      1      1      0      0      0      0   6500   1905      0      0   2504    154      0      -      -      0   3826   1197 
 20260916    16:05:14       0     63     63      -      1      1      0      0      0      0   6500   1905      0      0   2504    154      0      -      -      0   1371      0 
 20260916    16:05:15       0     63     63      -     41      4      0      0      0      0   6500   1905      0      0   2504    154      0      -      -      0   1924      3 
 20260916    16:05:16       0     62     63      -      1      1      0      0      0      0   6500   1905      0      0   2504    154      0      -      -      0  12144   1446 
 20260916    16:05:17       0     63     63      -      1      1      0      0      0      0   6500   1905      0      0   2504    154      0      -      -      0   1692      0 
 20260916    16:05:18       0     63     63      -      1      1      0      0      0      0   6500   1905      0      0   2504    154      0      -      -      0   1395      0 
 20260916    16:05:19       0     66     63      -      1      1      0      0      0      0   6500   1905      0      0   2504    154      0      -      -      0  12451   1397 
 20260916    16:05:20       0     62     62      -      1      1      0      0      0      0   6500   1905      0      0   2504    154      0      -      -      0   1393      0 
 20260916    16:05:21       0     62     62      -      1      1      0      0      0      0   6500   1905      0      0   2504    154      0      -      -      0   2494      4 
 20260916    16:05:22       0     99     65      -      1      1      0      0      0      0   6500   1905      0      0   2504    154      0      -      -      0   5045      0 
 20260916    16:05:23       0    144     65      -    100      9      0      0      0      0   6500   1905      0      0   2504    154      0      -      -      0      6    935 
 20260916    16:05:24       0    130     64      -     46      8      0      0      0      0   6500   1890      0      0   2504    154      0      -      -      0   2310      0 
 20260916    16:05:25       0    119     65      -     50      5      0      0      0      0   6500   1905      0      0   2504    154      0      -      -      0   2993      0 
 20260916    16:05:26       0     93     64      -     71      5      0      0      0      0   6500   1905      0      0   2504    154      0      -      -      0   8154   1150 
 20260916    16:05:27       0     69     63      -      7      1      0      0      0      0   6500   1905      0      0   2504    154      0      -      -      0   2115      0 
 20260916    16:05:28       0     64     63      -      1      1      0      0      0      0   6500   1905      0      0   2504    154      0      -      -      0   2689      0 
 20260916    16:05:30       0     63     63      -      1      1      0      0      0      0   6500   1905      0      0   2504    154      0      -      -      0  12099   1447 
 20260916    16:05:31       0     63     63      -      1      1      0      0      0      0   6500   1905      0      0   2504    154      0      -      -      0   2874      0 
 20260916    16:05:32       0     63     63      -     12      2      0      0      0      0   6500   1905      0      0   2504    154      0      -      -      0   3103      0 
 20260916    16:05:33       0     70     63      -     37      4      0      0      0      0   6500   1905      0      0   2504    154      0      -      -      0  12061   1444 
 20260916    16:05:34       0     63     63      -      1      1      0      0      0      0   6500   1905      0      0   2504    154      0      -      -      0   2349      0 
 20260916    16:05:35       0     63     63      -      1      1      0      0      0      0   6500   1905      0      0   2504    154      0      -      -      0   2744      0 
 20260916    16:05:36       0     67     63      -      1      1      0      0      0      0   6500   1905      0      0   2504    154      0      -      -      0  12138   1446 
 20260916    16:05:37       0     63     63      -      1      1      0      0      0      0   6500   1905      0      0   2504    154      0      -      -      0   2340      0 
 20260916    16:05:38       0     63     63      -      1      1      0      0      0      0   6500   1905      0      0   2504    154      0      -      -      0   3383      0 
 20260916    16:05:39       0     62     63      -      1      1      0      0      0      0   6500   1905      0      0   2504    154      0      -      -      0   5124    332 
 20260916    16:05:40       0    107     64      -     53      8      0      0      0      0   6500   1905      0      0   2504    154      0      -      -      0   2203      0 
 20260916    16:05:41       0    106     64      -     30      4      0      0      0      0   6500   1905      0      0   2504    154      0      -      -      0   1978      0 
 20260916    16:05:42       0     78     64      -     73      9      0      0      0      0   6500   1905      0      0   2504    154      0      -      -      0  10930   1055 
 20260916    16:05:43       0     67     63      -      3      1      0      0      0      0   6500   1905      0      0   2504    154      0      -      -      0   2261      0 
 20260916    16:05:44       0     63     63      -      1      1      0      0      0      0   6500   1905      0      0   2504    154      0      -      -      0   2963      0 
 20260916    16:05:45       0     66     63      -      1      1      0      0      0      0   6500   1905      0      0   2504    154      0      -      -      0  12520   1400 
 20260916    16:05:46       0     62     63      -      1      1      0      0      0      0   6500   1905      0      0   2504    154      0      -      -      0   2566      0 
 20260916    16:05:47       0     62     63      -      1      1      0      0      0      0   6500   1905      0      0   2504    154      0      -      -      0   3405      0 
#Date        Time         gpu    pwr  gtemp  mtemp     sm    mem    enc    dec    jpg    ofa   mclk   pclk  pviol  tviol     fb   bar1   ccpm  sbecc  dbecc    pci  rxpci  txpci 
#YYYYMMDD    HH:MM:SS     Idx      W      C      C      %      %      %      %      %      %    MHz    MHz      %   bool     MB     MB     MB   errs   errs   errs   MB/s   MB/s 
 20260916    16:05:49       0     68     63      -     45      5      0      0      0      0   6500   1905      0      0   2504    154      0      -      -      0  12111   1450 
 20260916    16:05:50       0     63     63      -      1      1      0      0      0      0   6500   1905      0      0   2504    154      0      -      -      0   2224      0 
 20260916    16:05:51       0     62     63      -      1      1      0      0      0      0   6500   1905      0      0   2504    154      0      -      -      0   2640      0 
 20260916    16:05:52       0     68     63      -      3      2      0      0      0      0   6500   1905      0      0   2504    154      0      -      -      0  12122   1450 
 20260916    16:05:53       0     63     63      -      1      1      0      0      0      0   6500   1905      0      0   2504    154      0      -      -      0   1610      0 
 20260916    16:05:54       0     63     62      -      1      1      0      0      0      0   6500   1905      0      0   2504    154      0      -      -      0   1189      0 
 20260916    16:05:55       0     61     62      -      5      2      0      0      0      0   6500   1905      0      0   2504    154      0      -      -      0      0      0 
 20260916    16:05:56       0     48     62      -      0      0      0      0      0      0   6500   1620      0      0   2504    154      0      -      -      0      0      4 
 20260916    16:05:57       0     47     61      -      0      0      0      0      0      0   6500   1620      0      0   2504    154      0      -      -      0      0      0 
 20260916    16:05:58       0     48     61      -      0      0      0      0      0      0   6500   1620      0      0   2504    154      0      -      -      0      0      0 
 20260916    16:05:59       0     47     61      -      0      0      0      0      0      0   6500   1620      0      0   1038    154      0      -      -      0      0      0 
 20260916    16:06:00       0     48     61      -      0      0      0      0      0      0   6500   1620      0      0   1038    154      0      -      -      0      0      0 
