== roce_sweep 2026-09-21T21:02:36+09:00 sizes(4096 65536 1048576 4194304) qps(1 4 16) mtus(1024 4096) sec 4
ib_read_bw s=4096 q=1 mtu=1024 mem=host ->  4096       4016000          0.00               65.80  		     2.007996
ib_read_bw s=65536 q=1 mtu=1024 mem=host ->  65536      252897           0.00               66.29  		     0.126448
ib_read_bw s=1048576 q=1 mtu=1024 mem=host ->  1048576    15823            0.00               66.37  		     0.007911
ib_read_bw s=4194304 q=1 mtu=1024 mem=host ->  4194304    3936             0.00               66.04  		     0.001968
ib_read_bw s=4096 q=4 mtu=1024 mem=host ->  4096       5638200          0.00               92.38  		     2.819097
ib_read_bw s=65536 q=4 mtu=1024 mem=host ->  65536      352970           0.00               92.53  		     0.176485
ib_read_bw s=1048576 q=4 mtu=1024 mem=host ->  1048576    22062            0.00               92.53  		     0.011031
ib_read_bw s=4194304 q=4 mtu=1024 mem=host ->  4194304    5515             0.00               92.53  		     0.002757
ib_read_bw s=4096 q=16 mtu=1024 mem=host ->  4096       5638300          0.00               92.38  		     2.819168
ib_read_bw s=65536 q=16 mtu=1024 mem=host ->  65536      352894           0.00               92.51  		     0.176442
ib_read_bw s=1048576 q=16 mtu=1024 mem=host ->  1048576    22065            0.00               92.55  		     0.011033
ib_read_bw s=4194304 q=16 mtu=1024 mem=host ->  4194304    5519             0.00               92.59  		     0.002759
ib_read_bw s=4096 q=1 mtu=4096 mem=host ->  4096       4608200          0.00               75.50  		     2.304076
ib_read_bw s=65536 q=1 mtu=4096 mem=host ->  65536      364686           0.00               95.60  		     0.182343
ib_read_bw s=1048576 q=1 mtu=4096 mem=host ->  1048576    22793            0.00               95.60  		     0.011397
ib_read_bw s=4194304 q=1 mtu=4096 mem=host ->  4194304    5670             0.00               95.13  		     0.002835
ib_read_bw s=4096 q=4 mtu=4096 mem=host ->  4096       5975700          0.00               97.91  		     2.987841
ib_read_bw s=65536 q=4 mtu=4096 mem=host ->  65536      373802           0.00               97.99  		     0.186901
ib_read_bw s=1048576 q=4 mtu=4096 mem=host ->  1048576    23364            0.00               98.00  		     0.011682
ib_read_bw s=4194304 q=4 mtu=4096 mem=host ->  4194304    5842             0.00               98.01  		     0.002921
ib_read_bw s=4096 q=16 mtu=4096 mem=host ->  4096       5976100          0.00               97.91  		     2.988027
ib_read_bw s=65536 q=16 mtu=4096 mem=host ->  65536      373763           0.00               97.98  		     0.186881
ib_read_bw s=1048576 q=16 mtu=4096 mem=host ->  1048576    23368            0.00               98.01  		     0.011684
ib_read_bw s=4194304 q=16 mtu=4096 mem=host ->  4194304    5840             0.00               97.98  		     0.002920
ib_read_bw s=4096 q=1 mtu=1024 mem=cuda ->  4096       4014800          0.00               65.78  		     2.007388
ib_read_bw s=65536 q=1 mtu=1024 mem=cuda ->  65536      253179           0.00               66.37  		     0.126589
ib_read_bw s=1048576 q=1 mtu=1024 mem=cuda ->  1048576    15845            0.00               66.46  		     0.007923
ib_read_bw s=4194304 q=1 mtu=1024 mem=cuda ->  4194304    3962             0.00               66.47  		     0.001981
ib_read_bw s=4096 q=4 mtu=1024 mem=cuda ->  4096       5008500          0.00               82.06  		     2.504269
ib_read_bw s=65536 q=4 mtu=1024 mem=cuda ->  65536      311678           0.00               81.70  		     0.155839
ib_read_bw s=1048576 q=4 mtu=1024 mem=cuda ->  1048576    19569            0.00               82.08  		     0.009785
ib_read_bw s=4194304 q=4 mtu=1024 mem=cuda ->  4194304    4894             0.00               82.11  		     0.002447
ib_read_bw s=4096 q=16 mtu=1024 mem=cuda ->  4096       5009100          0.00               82.07  		     2.504560
ib_read_bw s=65536 q=16 mtu=1024 mem=cuda ->  65536      311610           0.00               81.69  		     0.155805
ib_read_bw s=1048576 q=16 mtu=1024 mem=cuda ->  1048576    19566            0.00               82.07  		     0.009783
ib_read_bw s=4194304 q=16 mtu=1024 mem=cuda ->  4194304    4895             0.00               82.12  		     0.002447
ib_read_bw s=4096 q=1 mtu=4096 mem=cuda ->  4096       4600600          0.00               75.38  		     2.300319
ib_read_bw s=65536 q=1 mtu=4096 mem=cuda ->  65536      311757           0.00               81.73  		     0.155880
ib_read_bw s=1048576 q=1 mtu=4096 mem=cuda ->  1048576    19575            0.00               82.10  		     0.009787
ib_read_bw s=4194304 q=1 mtu=4096 mem=cuda ->  4194304    4895             0.00               82.12  		     0.002447
ib_read_bw s=4096 q=4 mtu=4096 mem=cuda ->  4096       5008600          0.00               82.06  		     2.504297
ib_read_bw s=65536 q=4 mtu=4096 mem=cuda ->  65536      311682           0.00               81.71  		     0.155842
ib_read_bw s=1048576 q=4 mtu=4096 mem=cuda ->  1048576    19574            0.00               82.10  		     0.009787
ib_read_bw s=4194304 q=4 mtu=4096 mem=cuda ->  4194304    4895             0.00               82.12  		     0.002448
ib_read_bw s=4096 q=16 mtu=4096 mem=cuda ->  4096       5009200          0.00               82.07  		     2.504603
ib_read_bw s=65536 q=16 mtu=4096 mem=cuda ->  65536      311750           0.00               81.72  		     0.155875
ib_read_bw s=1048576 q=16 mtu=4096 mem=cuda ->  1048576    19573            0.00               82.09  		     0.009786
ib_read_bw s=4194304 q=16 mtu=4096 mem=cuda ->  4194304    4892             0.00               82.07  		     0.002446
ib_write_bw s=4096 q=1 mtu=1024 mem=host ->  4096       5575300          0.00               91.35  		     2.787641
ib_write_bw s=65536 q=1 mtu=1024 mem=host ->  65536      352362           0.00               92.37  		     0.176181
ib_write_bw s=1048576 q=1 mtu=1024 mem=host ->  1048576    21994            0.00               92.25  		     0.010997
ib_write_bw s=4194304 q=1 mtu=1024 mem=host ->  4194304    5475             0.00               91.86  		     0.002737
ib_write_bw s=4096 q=4 mtu=1024 mem=host ->  4096       5625800          0.00               92.17  		     2.812898
ib_write_bw s=65536 q=4 mtu=1024 mem=host ->  65536      352899           0.00               92.51  		     0.176449
ib_write_bw s=1048576 q=4 mtu=1024 mem=host ->  1048576    22073            0.00               92.58  		     0.011036
ib_write_bw s=4194304 q=4 mtu=1024 mem=host ->  4194304    5520             0.00               92.61  		     0.002760
ib_write_bw s=4096 q=16 mtu=1024 mem=host ->  4096       5626700          0.00               92.19  		     2.813331
ib_write_bw s=65536 q=16 mtu=1024 mem=host ->  65536      352831           0.00               92.49  		     0.176414
ib_write_bw s=1048576 q=16 mtu=1024 mem=host ->  1048576    22073            0.00               92.58  		     0.011037
ib_write_bw s=4194304 q=16 mtu=1024 mem=host ->  4194304    5520             0.00               92.61  		     0.002760
ib_write_bw s=4096 q=1 mtu=4096 mem=host ->  4096       5877000          0.00               96.29  		     2.938500
ib_write_bw s=65536 q=1 mtu=4096 mem=host ->  65536      369755           0.00               96.93  		     0.184879
ib_write_bw s=1048576 q=1 mtu=4096 mem=host ->  1048576    23260            0.00               97.56  		     0.011630
ib_write_bw s=4194304 q=1 mtu=4096 mem=host ->  4194304    5788             0.00               97.11  		     0.002894
ib_write_bw s=4096 q=4 mtu=4096 mem=host ->  4096       5954300          0.00               97.56  		     2.977164
ib_write_bw s=65536 q=4 mtu=4096 mem=host ->  65536      373593           0.00               97.94  		     0.186797
ib_write_bw s=1048576 q=4 mtu=4096 mem=host ->  1048576    23369            0.00               98.01  		     0.011684
ib_write_bw s=4194304 q=4 mtu=4096 mem=host ->  4194304    5844             0.00               98.05  		     0.002922
ib_write_bw s=4096 q=16 mtu=4096 mem=host ->  4096       5954900          0.00               97.56  		     2.977414
ib_write_bw s=65536 q=16 mtu=4096 mem=host ->  65536      373603           0.00               97.94  		     0.186800
ib_write_bw s=1048576 q=16 mtu=4096 mem=host ->  1048576    23370            0.00               98.02  		     0.011685
ib_write_bw s=4194304 q=16 mtu=4096 mem=host ->  4194304    5841             0.00               98.00  		     0.002920
ib_write_bw s=4096 q=1 mtu=1024 mem=cuda ->  4096       4537600          0.00               74.34  		     2.268804
ib_write_bw s=65536 q=1 mtu=1024 mem=cuda ->  65536      284506           0.00               74.58  		     0.142253
ib_write_bw s=1048576 q=1 mtu=1024 mem=cuda ->  1048576    17781            0.00               74.58  		     0.008891
ib_write_bw s=4194304 q=1 mtu=1024 mem=cuda ->  4194304    4443             0.00               74.54  		     0.002221
ib_write_bw s=4096 q=4 mtu=1024 mem=cuda ->  4096       4769900          0.00               78.15  		     2.384953
ib_write_bw s=65536 q=4 mtu=1024 mem=cuda ->  65536      298285           0.00               78.19  		     0.149143
ib_write_bw s=1048576 q=4 mtu=1024 mem=cuda ->  1048576    18641            0.00               78.18  		     0.009320
ib_write_bw s=4194304 q=4 mtu=1024 mem=cuda ->  4194304    2984             0.00               50.06  		     0.001492
ib_write_bw s=4096 q=16 mtu=1024 mem=cuda ->  4096       4772100          0.00               78.19  		     2.386042
ib_write_bw s=65536 q=16 mtu=1024 mem=cuda ->  65536      298346           0.00               78.21  		     0.149173
ib_write_bw s=1048576 q=16 mtu=1024 mem=cuda ->  1048576    11935            0.00               50.06  		     0.005967
ib_write_bw s=4194304 q=16 mtu=1024 mem=cuda ->  4194304    2992             0.00               50.20  		     0.001496
ib_write_bw s=4096 q=1 mtu=4096 mem=cuda ->  4096       4560100          0.00               74.71  		     2.280037
ib_write_bw s=65536 q=1 mtu=4096 mem=cuda ->  65536      285003           0.00               74.71  		     0.142502
ib_write_bw s=1048576 q=1 mtu=4096 mem=cuda ->  1048576    17833            0.00               74.80  		     0.008916
ib_write_bw s=4194304 q=1 mtu=4096 mem=cuda ->  4194304    4452             0.00               74.69  		     0.002226
ib_write_bw s=4096 q=4 mtu=4096 mem=cuda ->  4096       4762400          0.00               78.03  		     2.381215
ib_write_bw s=65536 q=4 mtu=4096 mem=cuda ->  65536      298008           0.00               78.12  		     0.149005
ib_write_bw s=1048576 q=4 mtu=4096 mem=cuda ->  1048576    18654            0.00               78.24  		     0.009327
ib_write_bw s=4194304 q=4 mtu=4096 mem=cuda ->  4194304    2984             0.00               50.06  		     0.001492
ib_write_bw s=4096 q=16 mtu=4096 mem=cuda ->  4096       4777000          0.00               78.27  		     2.388505
ib_write_bw s=65536 q=16 mtu=4096 mem=cuda ->  65536      298231           0.00               78.18  		     0.149115
ib_write_bw s=1048576 q=16 mtu=4096 mem=cuda ->  1048576    11952            0.00               50.13  		     0.005976
ib_write_bw s=4194304 q=16 mtu=4096 mem=cuda ->  4194304    2991             0.00               50.18  		     0.001496
ib_write_lat s=64 ->  64      2000          0.83           8.69         0.84     	       0.85        	0.14   		0.86    		7.50   
ib_write_lat s=4096 ->  4096    2000          2.13           10.11        2.19     	       2.28        	0.44   		2.86    		9.90   
ib_write_lat s=65536 ->  65536   2000          9.06           16.94        9.23     	       9.29        	0.43   		12.66   		16.24  
ib_write_lat s=1048576 ->  1048576 2000          89.51          97.88        90.51    	       90.64       	0.80   		96.54   		97.73  
wrote ../../results/link-layer-sunny/roce_sweep.jsonl
