#Date        Time         gpu    pwr  gtemp  mtemp     sm    mem    enc    dec    jpg    ofa   mclk   pclk  pviol  tviol     fb   bar1   ccpm  sbecc  dbecc    pci  rxpci  txpci 
#YYYYMMDD    HH:MM:SS     Idx      W      C      C      %      %      %      %      %      %    MHz    MHz      %   bool     MB     MB     MB   errs   errs   errs   MB/s   MB/s 
 20260916    21:40:49       0      8     56      -      0      0      0      0      0      0    405    300      0      0     15      5      0      -      -      0      0      0 
 20260916    21:40:50       0      7     56      -      0      0      0      0      0      0    405    300      0      0     15      5      0      -      -      0      0      0 
 20260916    21:40:51       0      8     56      -      0      0      0      0      0      0    405    300      0      0     15      5      0      -      -      0      0      0 
 20260916    21:40:52       0      7     55      -      0      0      0      0      0      0    405    300      0      0     15      5      0      -      -      0      0      0 
 20260916    21:40:53       0      7     55      -      0      0      0      0      0      0    405    300      0      0     15      5      0      -      -      0      0      0 
 20260916    21:40:54       0      7     55      -      0      0      0      0      0      0    405    300      0      0     15      5      0      -      -      0      0      0 
 20260916    21:40:55       0      7     55      -      0      0      0      0      0      0    405    300      0      0     15      5      0      -      -      0      0      0 
 20260916    21:40:56       0      7     54      -      0      0      0      0      0      0    405    300      0      0     15      5      0      -      -      0      0      0 
 20260916    21:40:57       0      7     54      -      0      0      0      0      0      0    405    300      0      0     15      5      0      -      -      0      0      0 
 20260916    21:40:58       0      7     54      -      0      0      0      0      0      0    405    300      0      0     15      5      0      -      -      0      0      0 
 20260916    21:40:59       0      7     54      -      0      0      0      0      0      0    405    300      0      0     18      5      0      -      -      0      5      0 
 20260916    21:41:00       0     45     55      -      0      0      0      0      0      0   6500   1620      0      0    134      7      0      -      -      0      0      0 
 20260916    21:41:01       0     45     56      -      0      0      0      0      0      0   6500   1620      0      0    866      7      0      -      -      0      1   1013 
 20260916    21:41:02       0     45     56      -     17      1      0      0      0      0   6500   1620      0      0   1000      7      0      -      -      0      0      1 
 20260916    21:41:03       0     46     56      -      0      0      0      0      0      0   6500   1620      0      0   1000      7      0      -      -      0      0      0 
 20260916    21:41:05       0     45     56      -      0      0      0      0      0      0   6500   1620      0      0   1000      7      0      -      -      0      0      0 
 20260916    21:41:06       0     59     56      -     68      3      0      0      0      0   6500   1905      0      0   1000      7      0      -      -      0   5694   5894 
 20260916    21:41:07       0     56     56      -     71      3      0      0      0      0   6500   1905      0      0   1000      7      0      -      -      0      0      0 
 20260916    21:41:08       0     56     57      -      0      0      0      0      0      0   6500   1905      0      0    964      7      0      -      -      0      0      0 
 20260916    21:41:09       0     45     56      -      0      0      0      0      0      0   6500   1620      0      0    964      7      0      -      -      0      0      0 
 20260916    21:41:10       0     44     56      -      0      0      0      0      0      0   6500   1620      0      0    964      7      0      -      -      0      0      0 
 20260916    21:41:11       0    175     60      -    100     35      0      0      0      0   6500   1905      0      0   1680    154      0      -      -      0   8056    302 
 20260916    21:41:12       0    125     59      -     19     13      0      0      0      0   6500   1830      0      0   1680    154      0      -      -      0   3349      3 
 20260916    21:41:13       0     55     57      -      0      0      0      0      0      0   6500   1620      0      0   1682    154      0      -      -      0      0      0 
 20260916    21:41:14       0     55     57      -      0      1      0      0      0      0   6500   1620      0      0   1844    154      0      -      -      0  11776   1431 
 20260916    21:41:15       0     60     57      -      1      2      0      0      0      0   6500   1905      0      0   1844    154      0      -      -      0   3094      0 
 20260916    21:41:16       0     45     56      -      0      0      0      0      0      0   6500   1620      0      0   2144    154      0      -      -      0      0      1 
 20260916    21:41:17       0    146     60      -    100      7      0      0      0      0   6500   1905      0      0   2488    154      0      -      -      0      0      0 
 20260916    21:41:18       0    114     60      -    100      7      0      0      0      0   6500   1905      0      0   2488    154      0      -      -      0      0      1 
 20260916    21:41:19       0    117     60      -     64      6      0      0      0      0   6500   1905      0      0   2488    154      0      -      -      0      0      9 
 20260916    21:41:20       0    128     60      -     68      6      0      0      0      0   6500   1905      0      0   2488    154      0      -      -      0      0      6 
 20260916    21:41:21       0    129     61      -     65      7      0      0      0      0   6500   1905      0      0   2488    154      0      -      -      0      0      5 
 20260916    21:41:22       0    112     60      -    100      6      0      0      0      0   6500   1905      0      0   2492    158      0      -      -      0   1402      0 
 20260916    21:41:24       0     83     59      -     25      2      0      0      0      0   6500   1905      0      0   2492    158      0      -      -      0   1752      1 
 20260916    21:41:25       0     60     59      -     23      3      0      0      0      0   6500   1905      0      0   2492    158      0      -      -      0   2074      0 
 20260916    21:41:26       0     58     59      -      1      1      0      0      0      0   6500   1905      0      0   2492    158      0      -      -      0   3772      0 
 20260916    21:41:27       0     58     59      -      1      1      0      0      0      0   6500   1905      0      0   2492    158      0      -      -      0   2768      0 
 20260916    21:41:28       0     59     59      -     68      6      0      0      0      0   6500   1905      0      0   2492    158      0      -      -      0   2103      0 
 20260916    21:41:29       0     59     59      -      1      1      0      0      0      0   6500   1905      0      0   2492    158      0      -      -      0   5216   1454 
 20260916    21:41:30       0     59     59      -      1      2      0      0      0      0   6500   1905      0      0   2492    158      0      -      -      0   3238      0 
 20260916    21:41:31       0     59     59      -      1      1      0      0      0      0   6500   1905      0      0   2492    158      0      -      -      0   2522      0 
 20260916    21:41:32       0     65     59      -      1      1      0      0      0      0   6500   1905      0      0   2492    158      0      -      -      0  12119   1450 
 20260916    21:41:33       0     58     59      -      1      1      0      0      0      0   6500   1905      0      0   2492    158      0      -      -      0   3135      0 
 20260916    21:41:34       0     58     59      -      1      1      0      0      0      0   6500   1905      0      0   2492    158      0      -      -      0   2084      0 
#Date        Time         gpu    pwr  gtemp  mtemp     sm    mem    enc    dec    jpg    ofa   mclk   pclk  pviol  tviol     fb   bar1   ccpm  sbecc  dbecc    pci  rxpci  txpci 
#YYYYMMDD    HH:MM:SS     Idx      W      C      C      %      %      %      %      %      %    MHz    MHz      %   bool     MB     MB     MB   errs   errs   errs   MB/s   MB/s 
 20260916    21:41:35       0     59     60      -      1      2      0      0      0      0   6500   1905      0      0   2492    158      0      -      -      0   3576    512 
 20260916    21:41:36       0    130     62      -    100      7      0      0      0      0   6500   1905      0      0   2492    158      0      -      -      0   6529      0 
 20260916    21:41:37       0    111     62      -     67      6      0      0      0      0   6500   1905      0      0   2492    158      0      -      -      0   2027      0 
 20260916    21:41:38       0    105     62      -     42      6      0      0      0      0   6500   1905      0      0   2492    158      0      -      -      0   1567      0 
 20260916    21:41:39       0    137     62      -    100      8      0      0      0      0   6500   1905      0      0   2492    158      0      -      -      0   7493     57 
 20260916    21:41:40       0    127     62      -    100      7      0      0      0      0   6500   1905      0      0   2492    158      0      -      -      0   1768      0 
 20260916    21:41:41       0    125     62      -     49      4      0      0      0      0   6500   1905      0      0   2492    158      0      -      -      0    193      0 
 20260916    21:41:42       0    110     62      -     56      6      0      0      0      0   6500   1905      0      0   2492    158      0      -      -      0      0      2 
 20260916    21:41:44       0     62     61      -      1      1      0      0      0      0   6500   1905      0      0   2492    158      0      -      -      0   3155      0 
 20260916    21:41:45       0     61     61      -      1      1      0      0      0      0   6500   1905      0      0   2492    158      0      -      -      0  12461   1385 
 20260916    21:41:46       0     61     61      -      1      1      0      0      0      0   6500   1905      0      0   2492    158      0      -      -      0   2853      0 
 20260916    21:41:47       0     61     61      -      1      1      0      0      0      0   6500   1905      0      0   2492    158      0      -      -      0   1755      3 
 20260916    21:41:48       0     61     61      -      1      1      0      0      0      0   6500   1905      0      0   2492    158      0      -      -      0  12481   1391 
 20260916    21:41:49       0     62     61      -      1      1      0      0      0      0   6500   1905      0      0   2492    158      0      -      -      0   2693      0 
 20260916    21:41:50       0     62     61      -      1      1      0      0      0      0   6500   1905      0      0   2492    158      0      -      -      0   2867      0 
 20260916    21:41:51       0     62     61      -      1      1      0      0      0      0   6500   1905      0      0   2492    158      0      -      -      0   4458   1448 
 20260916    21:41:52       0     61     61      -      1      1      0      0      0      0   6500   1905      0      0   2492    158      0      -      -      0   3264      0 
 20260916    21:41:53       0     61     61      -     62      5      0      0      0      0   6500   1905      0      0   2492    158      0      -      -      0   3415      0 
 20260916    21:41:54       0     62     61      -      1      1      0      0      0      0   6500   1905      0      0   2492    158      0      -      -      0   8225    292 
 20260916    21:41:55       0     80     63      -     16      3      0      0      0      0   6500   1905      0      0   2492    158      0      -      -      0   1424      0 
 20260916    21:41:56       0     99     62      -     17      4      0      0      0      0   6500   1905      0      0   2492    158      0      -      -      0   1393      0 
 20260916    21:41:57       0    143     65      -    100      9      0      0      0      0   6500   1905      0      0   2492    158      0      -      -      0    141      0 
 20260916    21:41:58       0    105     63      -     42      5      0      0      0      0   6500   1905      0      0   2492    158      0      -      -      0      0      0 
 20260916    21:41:59       0    118     63      -     59      8      0      0      0      0   6500   1905      0      0   2492    158      0      -      -      0      0      0 
 20260916    21:42:00       0    136     64      -     67      7      0      0      0      0   6500   1905      0      0   2492    158      0      -      -      0     10      0 
 20260916    21:42:01       0     62     62      -      0      1      0      0      0      0   6500   1905      0      0   2492    158      0      -      -      0   2610     43 
 20260916    21:42:02       0     63     62      -      1      1      0      0      0      0   6500   1905      0      0   2492    158      0      -      -      0   3177      0 
 20260916    21:42:04       0     63     62      -      1      1      0      0      0      0   6500   1905      0      0   2492    158      0      -      -      0   3110      0 
 20260916    21:42:05       0     65     62      -     78      6      0      0      0      0   6500   1905      0      0   2492    158      0      -      -      0   1971      0 
 20260916    21:42:06       0     62     62      -      1      1      0      0      0      0   6500   1905      0      0   2492    158      0      -      -      0   3193      0 
 20260916    21:42:07       0     63     62      -      1      1      0      0      0      0   6500   1905      0      0   2492    158      0      -      -      0   2104      0 
 20260916    21:42:08       0     62     62      -     51      4      0      0      0      0   6500   1905      0      0   2492    158      0      -      -      0   1966      3 
 20260916    21:42:09       0     63     62      -      1      1      0      0      0      0   6500   1905      0      0   2492    158      0      -      -      0   3154      0 
 20260916    21:42:10       0     63     62      -      1      1      0      0      0      0   6500   1905      0      0   2492    158      0      -      -      0   2436      0 
 20260916    21:42:11       0     64     62      -     27      3      0      0      0      0   6500   1905      0      0   2492    158      0      -      -      0   2296      0 
 20260916    21:42:12       0     62     62      -      1      1      0      0      0      0   6500   1905      0      0   2492    158      0      -      -      0   2459      0 
 20260916    21:42:13       0     98     63      -     79     10      0      0      0      0   6500   1905      0      0   2492    158      0      -      -      0   2798      0 
 20260916    21:42:14       0     97     63      -     35      6      0      0      0      0   6500   1905      0      0   2492    158      0      -      -      0   3240      0 
 20260916    21:42:15       0    161     66      -    100      9      0      0      0      0   6500   1905      0      0   2492    158      0      -      -      0      1      0 
 20260916    21:42:16       0    141     64      -    100      8      0      0      0      0   6500   1905      0      0   2492    158      0      -      -      0   3409      0 
 20260916    21:42:17       0     99     64      -     39      6      0      0      0      0   6500   1905      0      0   2492    158      0      -      -      0   2470      0 
 20260916    21:42:18       0     90     66      -     65      4      0      0      0      0   6500   1905      0      0   2492    158      0      -      -      0   2767      0 
 20260916    21:42:19       0     63     63      -      0      1      0      0      0      0   6500   1905      0      0   2492    158      0      -      -      0   2148      0 
 20260916    21:42:20       0     63     63      -      1      1      0      0      0      0   6500   1905      0      0   2492    158      0      -      -      0   1406      0 
#Date        Time         gpu    pwr  gtemp  mtemp     sm    mem    enc    dec    jpg    ofa   mclk   pclk  pviol  tviol     fb   bar1   ccpm  sbecc  dbecc    pci  rxpci  txpci 
#YYYYMMDD    HH:MM:SS     Idx      W      C      C      %      %      %      %      %      %    MHz    MHz      %   bool     MB     MB     MB   errs   errs   errs   MB/s   MB/s 
 20260916    21:42:21       0     64     63      -      1      1      0      0      0      0   6500   1905      0      0   2492    158      0      -      -      0   2185      0 
 20260916    21:42:22       0     63     63      -     75      6      0      0      0      0   6500   1905      0      0   2492    158      0      -      -      0   2194      0 
 20260916    21:42:24       0     64     63      -      1      1      0      0      0      0   6500   1905      0      0   2492    158      0      -      -      0   2301    588 
 20260916    21:42:25       0     64     63      -      1      1      0      0      0      0   6500   1905      0      0   2492    158      0      -      -      0   2912      0 
 20260916    21:42:26       0     63     63      -     48      4      0      0      0      0   6500   1905      0      0   2492    158      0      -      -      0   2915      0 
 20260916    21:42:27       0     63     63      -      1      1      0      0      0      0   6500   1905      0      0   2492    158      0      -      -      0   2678      0 
 20260916    21:42:28       0     63     63      -      1      1      0      0      0      0   6500   1905      0      0   2492    158      0      -      -      0   1384      0 
 20260916    21:42:29       0     63     63      -     24      3      0      0      0      0   6500   1905      0      0   2492    158      0      -      -      0   2599      4 
 20260916    21:42:30       0     62     62      -      1      1      0      0      0      0   6500   1905      0      0   2492    158      0      -      -      0   3093      0 
 20260916    21:42:31       0    136     65      -    100      7      0      0      0      0   6500   1905      0      0   2492    158      0      -      -      0     78    915 
 20260916    21:42:32       0    123     64      -     62      6      0      0      0      0   6500   1905      0      0   2492    158      0      -      -      0      0      0 
 20260916    21:42:33       0    103     65      -     49      4      0      0      0      0   6500   1905      0      0   2492    158      0      -      -      0   2150      0 
 20260916    21:42:34       0    147     65      -     61      8      0      0      0      0   6500   1905      0      0   2492    158      0      -      -      0   7436    450 
 20260916    21:42:35       0    100     65      -     33      5      0      0      0      0   6500   1905      0      0   2492    158      0      -      -      0   1456      0 
 20260916    21:42:36       0    100     65      -     38      7      0      0      0      0   6500   1905      0      0   2492    158      0      -      -      0   2895      0 
 20260916    21:42:37       0     63     64      -      1      1      0      0      0      0   6500   1905      0      0   2492    158      0      -      -      0   1370      0 
 20260916    21:42:38       0     63     63      -      1      1      0      0      0      0   6500   1905      0      0   2492    158      0      -      -      0   2905    932 
 20260916    21:42:39       0     63     63      -      1      1      0      0      0      0   6500   1905      0      0   2492    158      0      -      -      0   1880      0 
 20260916    21:42:40       0     64     63      -     18      2      0      0      0      0   6500   1905      0      0   2492    158      0      -      -      0   1838      0 
 20260916    21:42:41       0     62     63      -      1      1      0      0      0      0   6500   1905      0      0   2492    158      0      -      -      0   1792      0 
 20260916    21:42:43       0     62     63      -      1      1      0      0      0      0   6500   1905      0      0   2492    158      0      -      -      0   1487      4 
 20260916    21:42:44       0     65     63      -     82      7      0      0      0      0   6500   1905      0      0   2492    158      0      -      -      0   3368      0 
 20260916    21:42:45       0     63     63      -      1      1      0      0      0      0   6500   1905      0      0   2492    158      0      -      -      0   2990      0 
 20260916    21:42:46       0     63     63      -      1      1      0      0      0      0   6500   1905      0      0   2492    158      0      -      -      0   1862      0 
 20260916    21:42:47       0     68     63      -    100      7      0      0      0      0   6500   1905      0      0   2492    158      0      -      -      0   1530      0 
 20260916    21:42:48       0     63     63      -      1      1      0      0      0      0   6500   1905      0      0   2492    158      0      -      -      0   3204      0 
 20260916    21:42:49       0    147     66      -    100      7      0      0      0      0   6500   1905      0      0   2492    158      0      -      -      0      0      0 
 20260916    21:42:50       0    126     64      -     66      6      0      0      0      0   6500   1905      0      0   2492    158      0      -      -      0      3      0 
 20260916    21:42:51       0    117     65      -     58      7      0      0      0      0   6500   1905      0      0   2492    158      0      -      -      0   1796      0 
 20260916    21:42:52       0     95     65      -     48      5      0      0      0      0   6500   1905      0      0   2492    158      0      -      -      0   3576   2125 
 20260916    21:42:53       0     64     64      -      1      1      0      0      0      0   6500   1905      0      0   2492    158      0      -      -      0   1976      0 
 20260916    21:42:54       0     65     63      -     79      6      0      0      0      0   6500   1905      0      0   2492    158      0      -      -      0   3477      0 
 20260916    21:42:55       0     63     63      -      1      1      0      0      0      0   6500   1905      0      0   2492    158      0      -      -      0   2503      0 
 20260916    21:42:56       0     63     63      -      1      2      0      0      0      0   6500   1905      0      0   2492    158      0      -      -      0   2386      0 
 20260916    21:42:57       0     66     63      -     38      3      0      0      0      0   6500   1905      0      0   2492    158      0      -      -      0   1399      0 
 20260916    21:42:58       0     63     63      -      1      1      0      0      0      0   6500   1905      0      0   2492    158      0      -      -      0   3137      0 
 20260916    21:42:59       0     63     63      -      1      1      0      0      0      0   6500   1905      0      0   2492    158      0      -      -      0   2465      0 
 20260916    21:43:00       0     65     63      -     81      7      0      0      0      0   6500   1905      0      0   2492    158      0      -      -      0   3444      0 
 20260916    21:43:01       0     62     63      -      1      1      0      0      0      0   6500   1905      0      0   2492    158      0      -      -      0   2806      0 
 20260916    21:43:03       0     62     63      -      1      1      0      0      0      0   6500   1905      0      0   2492    158      0      -      -      0   2228      0 
 20260916    21:43:04       0     61     63      -      7      2      0      0      0      0   6500   1905      0      0   2492    158      0      -      -      0      2      0 
 20260916    21:43:05       0     47     62      -      0      0      0      0      0      0   6500   1620      0      0   2492    158      0      -      -      0      0      0 
 20260916    21:43:06       0     47     62      -      0      0      0      0      0      0   6500   1620      0      0   2492    158      0      -      -      0      0      0 
 20260916    21:43:07       0     60     62      -     69      5      0      0      0      0   6500   1905      0      0   2492    158      0      -      -      0   3238      0 
#Date        Time         gpu    pwr  gtemp  mtemp     sm    mem    enc    dec    jpg    ofa   mclk   pclk  pviol  tviol     fb   bar1   ccpm  sbecc  dbecc    pci  rxpci  txpci 
#YYYYMMDD    HH:MM:SS     Idx      W      C      C      %      %      %      %      %      %    MHz    MHz      %   bool     MB     MB     MB   errs   errs   errs   MB/s   MB/s 
 20260916    21:43:08       0     64     62      -      2      1      0      0      0      0   6500   1905      0      0   2492    158      0      -      -      0   2869      0 
 20260916    21:43:09       0     62     62      -      1      1      0      0      0      0   6500   1905      0      0   2492    158      0      -      -      0   3139      0 
 20260916    21:43:10       0     87     63      -    100      8      0      0      0      0   6500   1905      0      0   2492    158      0      -      -      0   2394      0 
 20260916    21:43:11       0     68     62      -      3      1      0      0      0      0   6500   1905      0      0   2492    158      0      -      -      0   3178      0 
 20260916    21:43:12       0     62     62      -      1      1      0      0      0      0   6500   1905      0      0   2492    158      0      -      -      0   1497      0 
 20260916    21:43:13       0     69     62      -      1      1      0      0      0      0   6500   1905      0      0   2492    158      0      -      -      0  12085   1452 
 20260916    21:43:14       0     63     62      -      1      1      0      0      0      0   6500   1905      0      0   2492    158      0      -      -      0   2330      0 
 20260916    21:43:15       0     63     62      -      1      1      0      0      0      0   6500   1905      0      0   2492    158      0      -      -      0   3420      0 
 20260916    21:43:16       0     65     62      -      1      1      0      0      0      0   6500   1905      0      0   2492    158      0      -      -      0  12072   1449 
 20260916    21:43:17       0     63     62      -      1      1      0      0      0      0   6500   1905      0      0   2492    158      0      -      -      0   3520      0 
 20260916    21:43:18       0     62     62      -      1      1      0      0      0      0   6500   1905      0      0   2492    158      0      -      -      0   1382      0 
 20260916    21:43:19       0     62     62      -      1      1      0      0      0      0   6500   1905      0      0   2492    158      0      -      -      0   5831   1440 
 20260916    21:43:20       0     62     62      -      0      1      0      0      0      0   6500   1905      0      0   2492    158      0      -      -      0   2466      0 
 20260916    21:43:22       0     63     62      -    100      7      0      0      0      0   6500   1905      0      0   2492    158      0      -      -      0   2741      0 
 20260916    21:43:23       0     64     62      -      1      1      0      0      0      0   6500   1905      0      0   2492    158      0      -      -      0   1917      0 
 20260916    21:43:24       0     62     62      -      1      1      0      0      0      0   6500   1905      0      0   2492    158      0      -      -      0   2216      0 
 20260916    21:43:25       0    137     64      -    100      6      0      0      0      0   6500   1905      0      0   2492    158      0      -      -      0      4      0 
 20260916    21:43:26       0    137     64      -    100      7      0      0      0      0   6500   1905      0      0   2492    158      0      -      -      0      1    906 
 20260916    21:43:27       0    122     64      -     51      4      0      0      0      0   6500   1905      0      0   2492    158      0      -      -      0      0      0 
 20260916    21:43:28       0    108     66      -     65      4      0      0      0      0   6500   1905      0      0   2492    158      0      -      -      0   1432      0 
 20260916    21:43:29       0    142     64      -     68      3      0      0      0      0   6500   1905      0      0   2492    158      0      -      -      0      0      0 
 20260916    21:43:30       0     63     63      -      1      1      0      0      0      0   6500   1905      0      0   2492    158      0      -      -      0   2336      0 
 20260916    21:43:31       0     65     63      -     30      4      0      0      0      0   6500   1905      0      0   2492    158      0      -      -      0  11993   1438 
 20260916    21:43:32       0     63     63      -      1      1      0      0      0      0   6500   1905      0      0   2492    158      0      -      -      0   2177      0 
 20260916    21:43:33       0     62     63      -      8      2      0      0      0      0   6500   1905      0      0   2492    158      0      -      -      0   1514      0 
 20260916    21:43:34       0     64     62      -      1      1      0      0      0      0   6500   1905      0      0   2492    158      0      -      -      0   3180   1015 
 20260916    21:43:35       0     64     62      -      1      1      0      0      0      0   6500   1905      0      0   2492    158      0      -      -      0   1890      0 
 20260916    21:43:36       0     62     62      -      2      1      0      0      0      0   6500   1905      0      0   2492    158      0      -      -      0   2008      0 
 20260916    21:43:37       0     63     62      -      1      1      0      0      0      0   6500   1905      0      0   2492    158      0      -      -      0   2184      0 
 20260916    21:43:38       0     63     62      -      1      1      0      0      0      0   6500   1905      0      0   2492    158      0      -      -      0   1941      0 
 20260916    21:43:39       0     63     62      -     23      3      0      0      0      0   6500   1905      0      0   2492    158      0      -      -      0   1391      0 
 20260916    21:43:40       0     63     62      -      1      1      0      0      0      0   6500   1905      0      0   2492    158      0      -      -      0   3286      0 
 20260916    21:43:42       0     74     63      -      7      2      0      0      0      0   6500   1905      0      0   2492    158      0      -      -      0   1382      0 
 20260916    21:43:43       0     69     62      -     25      4      0      0      0      0   6500   1905      0      0   2492    158      0      -      -      0  11505      0 
 20260916    21:43:44       0     62     62      -      0      1      0      0      0      0   6500   1905      0      0   2492    158      0      -      -      0   2286      0 
 20260916    21:43:45       0    136     64      -    100      6      0      0      0      0   6500   1905      0      0   2492    158      0      -      -      0      0      0 
 20260916    21:43:46       0    104     64      -     74      6      0      0      0      0   6500   1905      0      0   2492    158      0      -      -      0      3      0 
 20260916    21:43:47       0    103     64      -     42      4      0      0      0      0   6500   1905      0      0   2492    158      0      -      -      0      0      1 
 20260916    21:43:48       0     88     64      -     52      6      0      0      0      0   6500   1905      0      0   2492    158      0      -      -      0   2068      0 
 20260916    21:43:49       0     63     63      -      1      1      0      0      0      0   6500   1905      0      0   2492    158      0      -      -      0   2015      0 
 20260916    21:43:50       0     63     63      -      1      1      0      0      0      0   6500   1905      0      0   2492    158      0      -      -      0  12547   1401 
 20260916    21:43:51       0     64     63      -      1      1      0      0      0      0   6500   1905      0      0   2492    158      0      -      -      0   1967      0 
 20260916    21:43:52       0     63     63      -      1      1      0      0      0      0   6500   1905      0      0   2492    158      0      -      -      0   3554      0 
 20260916    21:43:53       0     63     63      -      1      1      0      0      0      0   6500   1905      0      0   2492    158      0      -      -      0   6367   1404 
#Date        Time         gpu    pwr  gtemp  mtemp     sm    mem    enc    dec    jpg    ofa   mclk   pclk  pviol  tviol     fb   bar1   ccpm  sbecc  dbecc    pci  rxpci  txpci 
#YYYYMMDD    HH:MM:SS     Idx      W      C      C      %      %      %      %      %      %    MHz    MHz      %   bool     MB     MB     MB   errs   errs   errs   MB/s   MB/s 
 20260916    21:43:54       0     63     63      -      1      1      0      0      0      0   6500   1905      0      0   2492    158      0      -      -      0   3412      0 
 20260916    21:43:55       0     63     62      -     30      3      0      0      0      0   6500   1905      0      0   2492    158      0      -      -      0   2757      0 
 20260916    21:43:56       0     63     62      -      1      1      0      0      0      0   6500   1905      0      0   2492    158      0      -      -      0   7339   1399 
 20260916    21:43:57       0     63     62      -      1      1      0      0      0      0   6500   1905      0      0   2492    158      0      -      -      0   3275      0 
 20260916    21:43:58       0     63     62      -     62      5      0      0      0      0   6500   1905      0      0   2492    158      0      -      -      0   2695      0 
 20260916    21:43:59       0     63     62      -      1      1      0      0      0      0   6500   1905      0      0   2492    158      0      -      -      0   3227      0 
 20260916    21:44:00       0     64     62      -      1      1      0      0      0      0   6500   1905      0      0   2492    158      0      -      -      0   3078      0 
 20260916    21:44:02       0    112     64      -    100      8      0      0      0      0   6500   1905      0      0   2492    158      0      -      -      0   6513    934 
 20260916    21:44:03       0     74     63      -     11      2      0      0      0      0   6500   1905      0      0   2492    158      0      -      -      0   3497      1 
 20260916    21:44:04       0    130     64      -    100      7      0      0      0      0   6500   1905      0      0   2492    158      0      -      -      0   6026      0 
 20260916    21:44:05       0    104     64      -     29      2      0      0      0      0   6500   1905      0      0   2492    158      0      -      -      0   1845      0 
 20260916    21:44:06       0    101     65      -     50      4      0      0      0      0   6500   1905      0      0   2492    158      0      -      -      0   1793      0 
 20260916    21:44:07       0     64     63      -     74      6      0      0      0      0   6500   1905      0      0   2492    158      0      -      -      0   2118      0 
 20260916    21:44:08       0     63     63      -      1      1      0      0      0      0   6500   1905      0      0   2492    158      0      -      -      0   3189      0 
 20260916    21:44:09       0     63     63      -      1      1      0      0      0      0   6500   1905      0      0   2492    158      0      -      -      0   2086      0 
 20260916    21:44:10       0     68     63      -     77      7      0      0      0      0   6500   1905      0      0   2492    158      0      -      -      0   2405      0 
 20260916    21:44:11       0     64     63      -      1      1      0      0      0      0   6500   1905      0      0   2492    158      0      -      -      0   4075      0 
 20260916    21:44:12       0     63     63      -      1      1      0      0      0      0   6500   1905      0      0   2492    158      0      -      -      0   3402      0 
 20260916    21:44:13       0     69     63      -     70      5      0      0      0      0   6500   1905      0      0   2492    158      0      -      -      0   1784      0 
 20260916    21:44:14       0     62     62      -      1      1      0      0      0      0   6500   1905      0      0   2492    158      0      -      -      0   2098      0 
 20260916    21:44:15       0     63     62      -      1      1      0      0      0      0   6500   1905      0      0   2492    158      0      -      -      0   1384      0 
 20260916    21:44:16       0     68     62      -     45      5      0      0      0      0   6500   1905      0      0   2492    158      0      -      -      0   2297      0 
 20260916    21:44:17       0     62     62      -      1      1      0      0      0      0   6500   1905      0      0   2492    158      0      -      -      0   2219      0 
 20260916    21:44:18       0    129     65      -    100      5      0      0      0      0   6500   1905      0      0   2492    158      0      -      -      0      0      0 
 20260916    21:44:19       0    105     64      -     48      3      0      0      0      0   6500   1905      0      0   2492    158      0      -      -      0    558      0 
 20260916    21:44:21       0    104     64      -     40      3      0      0      0      0   6500   1905      0      0   2492    158      0      -      -      0   2046      0 
 20260916    21:44:22       0     63     63      -      1      1      0      0      0      0   6500   1905      0      0   2492    158      0      -      -      0   2180      0 
 20260916    21:44:23       0     70     63      -     11      3      0      0      0      0   6500   1905      0      0   2492    158      0      -      -      0  12568   1428 
 20260916    21:44:24       0     63     63      -      1      1      0      0      0      0   6500   1905      0      0   2492    158      0      -      -      0   3229      0 
 20260916    21:44:25       0    121     65      -    100      5      0      0      0      0   6500   1905      0      0   2492    158      0      -      -      0      0      0 
 20260916    21:44:26       0     93     63      -     35      3      0      0      0      0   6500   1905      0      0   2492    158      0      -      -      0     55      0 
 20260916    21:44:27       0    102     64      -     30      2      0      0      0      0   6500   1905      0      0   2492    158      0      -      -      0   2989      0 
 20260916    21:44:28       0     64     63      -     87      7      0      0      0      0   6500   1905      0      0   2492    158      0      -      -      0   2691      2 
 20260916    21:44:29       0     63     63      -      1      1      0      0      0      0   6500   1905      0      0   2492    158      0      -      -      0   3156      0 
 20260916    21:44:30       0     63     63      -      1      1      0      0      0      0   6500   1905      0      0   2492    158      0      -      -      0   1390      0 
 20260916    21:44:31       0     69     63      -     89      8      0      0      0      0   6500   1905      0      0   2492    158      0      -      -      0   1423      0 
 20260916    21:44:32       0     63     63      -      1      1      0      0      0      0   6500   1905      0      0   2492    158      0      -      -      0   2310      0 
 20260916    21:44:33       0     63     63      -      1      1      0      0      0      0   6500   1905      0      0   2492    158      0      -      -      0   1279      0 
 20260916    21:44:34       0     66     63      -     46      5      0      0      0      0   6500   1905      0      0   2492    158      0      -      -      0  12586   1419 
 20260916    21:44:35       0     62     63      -      1      1      0      0      0      0   6500   1905      0      0   2492    158      0      -      -      0   1646      0 
 20260916    21:44:36       0     62     63      -      1      1      0      0      0      0   6500   1905      0      0   2492    158      0      -      -      0   3217      0 
 20260916    21:44:37       0     70     63      -      1      1      0      0      0      0   6500   1905      0      0   2492    158      0      -      -      0  12234   1457 
 20260916    21:44:38       0     62     63      -      1      1      0      0      0      0   6500   1905      0      0   2492    158      0      -      -      0   2970      0 
 20260916    21:44:39       0    136     65      -    100      9      0      0      0      0   6500   1905      0      0   2492    158      0      -      -      0   2950    583 
#Date        Time         gpu    pwr  gtemp  mtemp     sm    mem    enc    dec    jpg    ofa   mclk   pclk  pviol  tviol     fb   bar1   ccpm  sbecc  dbecc    pci  rxpci  txpci 
#YYYYMMDD    HH:MM:SS     Idx      W      C      C      %      %      %      %      %      %    MHz    MHz      %   bool     MB     MB     MB   errs   errs   errs   MB/s   MB/s 
 20260916    21:44:41       0    109     65      -     46      3      0      0      0      0   6500   1905      0      0   2492    158      0      -      -      0   2466      0 
 20260916    21:44:42       0     96     64      -     40      5      0      0      0      0   6500   1905      0      0   2492    158      0      -      -      0    979      0 
 20260916    21:44:43       0     68     63      -     67      5      0      0      0      0   6500   1905      0      0   2492    158      0      -      -      0   2038      0 
 20260916    21:44:44       0     63     63      -      1      1      0      0      0      0   6500   1905      0      0   2492    158      0      -      -      0   3364      0 
 20260916    21:44:45       0     63     63      -      1      1      0      0      0      0   6500   1905      0      0   2492    158      0      -      -      0   2138      0 
 20260916    21:44:46       0     68     63      -     29      4      0      0      0      0   6500   1905      0      0   2492    158      0      -      -      0   2636      0 
 20260916    21:44:47       0     62     63      -      1      1      0      0      0      0   6500   1905      0      0   2492    158      0      -      -      0   1386      0 
 20260916    21:44:48       0     63     63      -      1      1      0      0      0      0   6500   1905      0      0   2492    158      0      -      -      0   1344      0 
 20260916    21:44:49       0     67     63      -      1      1      0      0      0      0   6500   1905      0      0   2492    158      0      -      -      0  12120   1456 
 20260916    21:44:50       0     63     62      -      1      1      0      0      0      0   6500   1905      0      0   2492    158      0      -      -      0   2494      0 
 20260916    21:44:51       0     63     62      -      1      1      0      0      0      0   6500   1905      0      0   2492    158      0      -      -      0   2067      0 
 20260916    21:44:52       0     62     62      -      1      1      0      0      0      0   6500   1905      0      0   2492    158      0      -      -      0   6722   1412 
 20260916    21:44:53       0     62     62      -      1      1      0      0      0      0   6500   1905      0      0   2492    158      0      -      -      0   2053      0 
 20260916    21:44:54       0     61     62      -      0      0      0      0      0      0   6500   1905      0      0   2492    158      0      -      -      0      0      0 
 20260916    21:44:55       0     47     61      -      0      0      0      0      0      0   6500   1620      0      0   2492    158      0      -      -      0      0      0 
 20260916    21:44:56       0     47     61      -      0      0      0      0      0      0   6500   1620      0      0   2492    158      0      -      -      0      1      2 
 20260916    21:44:57       0     47     61      -     13      2      0      0      0      0   6500   1620      0      0   1386    158      0      -      -      0      0      0 
 20260916    21:44:58       0     47     61      -      0      0      0      0      0      0   6500   1620      0      0   1042    158      0      -      -      0      0      0 
