--procs-- -----------------------memory---------------------- ---swap-- -----io---- -system-- --------cpu-------- -----timestamp-----
   r    b         swpd         free         buff        cache   si   so    bi    bo   in   cs  us  sy  id  wa  st                 KST
   5    0            0    115759712       237624     10540392    0    0  2950   716   27    2   2   0  98   0   0 2026-09-21 23:16:15
   2    0            0    115731120       237636     10540420    0    0     0   112 3788 2823   3   1  96   0   0 2026-09-21 23:16:16
   1    0            0    115733224       237636     10540376    0    0     0     0 32174 1461   4   8  88   0   0 2026-09-21 23:16:17
   1    0            0    115667984       237636     10540376    0    0     0     0 1820 1282   3   0  97   0   0 2026-09-21 23:16:18
   0    0            0    115543904       237636     10540384    0    0     0     0 2246 1940   1   1  99   0   0 2026-09-21 23:16:19
   0    0            0    115551744       237636     10540424    0    0     0    48  796 1154   0   0 100   0   0 2026-09-21 23:16:20
   0    0            0    115558296       237636     10540424    0    0     0   624  827 1239   0   0 100   0   0 2026-09-21 23:16:21
  72    0            0    115178144       237644     10540492    0    0     0    64 4988 2301  10   1  90   0   0 2026-09-21 23:16:22
   2    0            0    115060016       237644     10540652    0    0     0     0 6585 2865  11   1  88   0   0 2026-09-21 23:16:23
   2    0            0    115306288       237644     10540664    0    0     0     0 4278 1678   2   0  98   0   0 2026-09-21 23:16:24
   0    0            0    115321152       237644     10540668    0    0     0     0  826 1306   0   0 100   0   0 2026-09-21 23:16:25
   1    0            0    115328976       237644     10540668    0    0     0    44  822 1124   0   0 100   0   0 2026-09-21 23:16:26
   0    0            0    115231448       237656     10540672    0    0     0   152 1505 1093   2   0  98   0   0 2026-09-21 23:16:27
   1    0            0    115142744       237656     10540676    0    0     0     0 1655 1124   3   0  97   0   0 2026-09-21 23:16:28
   1    0            0    115064672       237656     10540676    0    0     0     0 3132 2544   2   0  97   0   0 2026-09-21 23:16:29
   1    0            0    115041336       237656     10540684    0    0     0     0 2050 1880   2   0  98   0   0 2026-09-21 23:16:30
   1    0            0    114866584       237656     10618428    0    0     0    36 3296 3125   4   1  96   0   0 2026-09-21 23:16:31
   1    0            0    114771440       237664     10620800    0    0     0   136 3114 2970   3   1  96   0   0 2026-09-21 23:16:32
   1    0            0    114800288       237664     10620796    0    0     0     4 2853 2991   3   0  97   0   0 2026-09-21 23:16:33
   1    0            0    114740256       237664     10620796    0    0     0   548 2495 2816   2   1  97   0   0 2026-09-21 23:16:34
   1    0            0    114753040       237664     10620800    0    0     0     0 2427 2480   3   0  97   0   0 2026-09-21 23:16:35
--procs-- -----------------------memory---------------------- ---swap-- -----io---- -system-- --------cpu-------- -----timestamp-----
   r    b         swpd         free         buff        cache   si   so    bi    bo   in   cs  us  sy  id  wa  st                 KST
   1    0            0    114760592       237664     10620804    0    0     0    40 2429 2396   3   0  97   0   0 2026-09-21 23:16:36
   1    0            0    114698352       237672     10620804    0    0     0   156 2537 2545   3   0  97   0   0 2026-09-21 23:16:37
   1    0            0    114492752       237672     10620716    0    0     0     0 2477 2593   2   1  97   0   0 2026-09-21 23:16:38
   1    0            0    113402208       237672     10620720    0    0     0     0 2912 3358   3   1  97   0   0 2026-09-21 23:16:39
   1    0            0    113357136       237672     10620724    0    0     0     8 4718 4398   3   0  96   0   0 2026-09-21 23:16:40
   2    0            0    113325360       237672     10620732    0    0     0    46 3486 2697   5   0  95   0   0 2026-09-21 23:16:41
   2    0            0    113326656       237680     10620736    0    0     0   124 3946 2572   6   0  94   0   0 2026-09-21 23:16:42
   4    0            0    113325648       237680     10620744    0    0     0     0 4018 2942   6   0  94   0   0 2026-09-21 23:16:43
   3    0            0    113333208       237684     10620744    0    0     0    96 4275 2805   5   2  93   0   0 2026-09-21 23:16:44
   2    0            0    113340192       237684     10620748    0    0     0   556 4062 2952   4   2  94   0   0 2026-09-21 23:16:45
   1    0            0    113268048       237684     10620752    0    0     0     0 4181 2964   5   1  94   0   0 2026-09-21 23:16:46
   1    0            0    113276360       237692     10620752    0    0     0   124 2426 2554   1   2  97   0   0 2026-09-21 23:16:47
   2    0            0    113307304       237692     10620760    0    0     0     0 2577 2579   1   2  97   0   0 2026-09-21 23:16:48
   2    0            0    113299200       237692     10620764    0    0     0     0 4015 2833   5   1  93   0   0 2026-09-21 23:16:49
   2    0            0    113307352       237692     10620768    0    0     0     0 3522 2598   4   2  94   0   0 2026-09-21 23:16:50
   2    0            0    113314728       237692     10620772    0    0     0   212 2983 2560   3   1  96   0   0 2026-09-21 23:16:51
   3    0            0    113322288       237700     10620772    0    0     0   188 3971 2648   6   1  93   0   0 2026-09-21 23:16:52
   4    0            0    113330352       237700     10620776    0    0     0     0 4098 3617   5   1  94   0   0 2026-09-21 23:16:53
   2    0            0    113336432       237700     10620776    0    0     0     0 3743 2695   4   2  94   0   0 2026-09-21 23:16:54
   1    0            0    113344240       237700     10620948    0    0   168     0 3181 2695   4   1  96   0   0 2026-09-21 23:16:55
   2    0            0    113351888       237700     10620952    0    0     0     0 3350 2685   5   0  95   0   0 2026-09-21 23:16:56
--procs-- -----------------------memory---------------------- ---swap-- -----io---- -system-- --------cpu-------- -----timestamp-----
   r    b         swpd         free         buff        cache   si   so    bi    bo   in   cs  us  sy  id  wa  st                 KST
   2    0            0    113359696       237708     10620956    0    0     0    72 3522 3069   4   1  95   0   0 2026-09-21 23:16:57
   2    0            0    113367264       237708     10620960    0    0     0     0 3703 2685   4   2  94   0   0 2026-09-21 23:16:58
   2    0            0    113375328       237708     10620960    0    0     0     0 3800 2706   4   2  94   0   0 2026-09-21 23:16:59
   2    0            0    113374824       237708     10620964    0    0     0     0 4134 2815   5   1  94   0   0 2026-09-21 23:17:00
   1    0            0    113393904       237708     10620964    0    0     0     0 5237 4194   4   1  94   0   0 2026-09-21 23:17:01
   1    0            0    113392384       237716     10620972    0    0     0   104 2522 2555   3   0  97   0   0 2026-09-21 23:17:02
   5    0            0    113400448       237716     10620976    0    0     0     0 2841 2778   4   0  96   0   0 2026-09-21 23:17:03
   1    0            0    113398688       237716     10620984    0    0     0     0 4317 2975   6   1  93   0   0 2026-09-21 23:17:04
   1    0            0    113390880       237716     10620988    0    0     0     0 4186 3144   6   1  93   0   0 2026-09-21 23:17:05
   4    0            0    113398320       237716     10620988    0    0     0   672 4030 2969   5   1  94   0   0 2026-09-21 23:17:06
   2    0            0    113406696       237724     10621004    0    0     0   136 6138 3872   5   2  93   0   0 2026-09-21 23:17:07
   1    0            0    113432488       237724     10621008    0    0     0     0 2986 2487   3   1  96   0   0 2026-09-21 23:17:08
   4    0            0    113439040       237724     10621016    0    0     0    16 3965 2964   6   0  94   0   0 2026-09-21 23:17:09
   2    0            0    113444064       237724     10621016    0    0     0     0 3439 2666   4   1  95   0   0 2026-09-21 23:17:10
   4    0            0    113447680       237740     10621028    0    0     0   120 3245 2818   4   1  95   0   0 2026-09-21 23:17:11
   2    0            0    113450520       237740     10621036    0    0     0   560 3977 2588   5   1  93   0   0 2026-09-21 23:17:12
   1    0            0    113454872       237740     10621040    0    0     0    60 4049 2568   4   2  94   0   0 2026-09-21 23:17:13
   1    0            0    113457104       237740     10621044    0    0     0     0 2403 2448   3   0  97   0   0 2026-09-21 23:17:14
   2    0            0    113457984       237740     10621048    0    0     0     0 3015 2656   4   0  95   0   0 2026-09-21 23:17:15
   2    0            0    113457488       237748     10621044    0    0     0   152 4452 2643   4   2  94   0   0 2026-09-21 23:17:16
   1    0            0    113457416       237748     10621052    0    0     0     4 4328 2621   4   1  95   0   0 2026-09-21 23:17:17
--procs-- -----------------------memory---------------------- ---swap-- -----io---- -system-- --------cpu-------- -----timestamp-----
   r    b         swpd         free         buff        cache   si   so    bi    bo   in   cs  us  sy  id  wa  st                 KST
   1    0            0    113458896       237748     10621056    0    0     0    52 2408 2396   3   0  97   0   0 2026-09-21 23:17:18
   2    0            0    113462848       237748     10621056    0    0     0     0 4189 2760   6   1  93   0   0 2026-09-21 23:17:19
   1    0            0    113464096       237748     10621060    0    0     0     0 3392 2447   4   1  95   0   0 2026-09-21 23:17:20
   5    0            0    113465376       237756     10621052    0    0     0    44 2718 2631   3   0  96   0   0 2026-09-21 23:17:21
   4    0            0    113466160       237756     10621064    0    0     0     0 4183 2588   5   2  93   0   0 2026-09-21 23:17:22
   4    0            0    113468664       237756     10621064    0    0     0    44 2972 3289   4   0  96   0   0 2026-09-21 23:17:23
   1    0            0    113467968       237756     10621076    0    0     0     4 3977 3402   6   1  94   0   0 2026-09-21 23:17:24
   2    0            0    113469008       237756     10621080    0    0     0     0 3792 3491   5   1  94   0   0 2026-09-21 23:17:25
   2    0            0    113468248       237764     10621072    0    0     0    44 4201 3133   4   2  94   0   0 2026-09-21 23:17:26
   1    0            0    113467248       237764     10621084    0    0     0     0 3668 3201   4   1  95   0   0 2026-09-21 23:17:27
   1    0            0    113473632       237768     10621084    0    0     0    52 3363 3314   4   1  95   0   0 2026-09-21 23:17:28
   0    0            0    113473696       237768     10621088    0    0     0     0 1864 3614   0   1  99   0   0 2026-09-21 23:17:29
   2    0            0    113473696       237768     10621096    0    0     0     0 3395 3337   3   1  96   0   0 2026-09-21 23:17:30
   1    0            0    113474744       237776     10621092    0    0     0    56 3055 3224   4   0  96   0   0 2026-09-21 23:17:31
   2    0            0    113474240       237776     10621100    0    0     0    40 3381 3265   5   1  95   0   0 2026-09-21 23:17:32
   1    0            0    113474080       237776     10621104    0    0     0     0 3290 3349   4   0  95   0   0 2026-09-21 23:17:33
   5    0            0    113474336       237776     10621104    0    0     0    52 3676 3447   5   1  94   0   0 2026-09-21 23:17:34
   1    0            0    113474584       237776     10621112    0    0     0     0 4743 3302   6   1  93   0   0 2026-09-21 23:17:35
   4    0            0    113475096       237776     10621112    0    0     0     0 3232 3335   4   0  96   0   0 2026-09-21 23:17:36
   1    0            0    113474592       237784     10621128    0    0     0    44 4466 3655   6   1  93   0   0 2026-09-21 23:17:37
   4    0            0    113474848       237784     10621128    0    0     0     0 3204 3375   4   0  95   0   0 2026-09-21 23:17:38
--procs-- -----------------------memory---------------------- ---swap-- -----io---- -system-- --------cpu-------- -----timestamp-----
   r    b         swpd         free         buff        cache   si   so    bi    bo   in   cs  us  sy  id  wa  st                 KST
   3    0            0    113474096       237788     10621172    0    0     0    92 3775 3565   6   0  94   0   0 2026-09-21 23:17:39
   2    0            0    113473840       237788     10621172    0    0     0     8 4062 3497   4   1  95   0   0 2026-09-21 23:17:40
   2    0            0    113473624       237788     10621172    0    0     0     0 4217 3052   4   2  94   0   0 2026-09-21 23:17:41
   1    0            0    113478432       237796     10621180    0    0     0   120 5322 4571   4   2  94   0   0 2026-09-21 23:17:42
   2    0            0    113477680       237796     10621188    0    0     0     0 3958 3377   5   1  94   0   0 2026-09-21 23:17:43
   1    0            0    113477424       237796     10621188    0    0     0    52 3127 3109   3   1  96   0   0 2026-09-21 23:17:44
   2    0            0    113476672       237796     10621192    0    0     0     0 3614 3513   5   1  95   0   0 2026-09-21 23:17:45
   1    0            0    113479040       237796     10621192    0    0     0     0 4808 4629   4   1  95   0   0 2026-09-21 23:17:46
   2    0            0    113477680       237804     10621204    0    0     0   820 3584 3281   5   1  94   0   0 2026-09-21 23:17:47
   1    0            0    113475920       237804     10621212    0    0     0     4 3744 3501   4   1  95   0   0 2026-09-21 23:17:48
   1    0            0    113475680       237808     10621208    0    0     0    52 2563 3270   3   0  97   0   0 2026-09-21 23:17:49
   2    0            0    113474920       237808     10621216    0    0     0     0 4247 3794   6   1  93   0   0 2026-09-21 23:17:50
   2    0            0    113474920       237808     10621220    0    0     0     0 3781 3323   4   2  94   0   0 2026-09-21 23:17:51
   2    0            0    113474160       237816     10621220    0    0     0    80 3793 3279   4   2  94   0   0 2026-09-21 23:17:52
   4    0            0    113473408       237816     10621232    0    0     0     0 3593 3419   4   1  95   0   0 2026-09-21 23:17:53
   3    0            0    113473160       237816     10621232    0    0     0     0 4063 3369   5   2  93   0   0 2026-09-21 23:17:54
   2    0            0    113472400       237816     10621236    0    0     0    56 3531 2546   4   2  94   0   0 2026-09-21 23:17:55
   2    0            0    113478112       237816     10621240    0    0     0     0 3572 2603   4   2  94   0   0 2026-09-21 23:17:56
   2    0            0    113477864       237824     10621240    0    0     0   132 3974 3067   5   1  94   0   0 2026-09-21 23:17:57
   2    0            0    113475880       237824     10621248    0    0     0     0 3497 2485   4   2  94   0   0 2026-09-21 23:17:58
   2    0            0    113475376       237824     10621248    0    0     0    44 3641 2577   4   2  94   0   0 2026-09-21 23:17:59
--procs-- -----------------------memory---------------------- ---swap-- -----io---- -system-- --------cpu-------- -----timestamp-----
   r    b         swpd         free         buff        cache   si   so    bi    bo   in   cs  us  sy  id  wa  st                 KST
   1    0            0    113474736       237824     10621252    0    0     0     0 3200 2485   4   1  95   0   0 2026-09-21 23:18:00
   2    0            0    113474224       237824     10621256    0    0     0     0 3592 2603   5   1  94   0   0 2026-09-21 23:18:01
   1    0            0    113473984       237832     10621256    0    0     0    44 2921 2546   3   1  96   0   0 2026-09-21 23:18:02
   4    0            0    113472976       237832     10621260    0    0     0     0 3799 3233   6   0  94   0   0 2026-09-21 23:18:03
   2    0            0    113471944       237832     10621260    0    0     0    48 5025 2588   6   2  92   0   0 2026-09-21 23:18:04
   1    0            0    113471440       237832     10621264    0    0     0     0 2611 2542   3   0  97   0   0 2026-09-21 23:18:05
   2    0            0    113470688       237832     10621276    0    0     0     0 4418 3361   7   1  93   0   0 2026-09-21 23:18:06
   2    0            0    113470432       237840     10621280    0    0     0    64 4019 2675   5   2  93   0   0 2026-09-21 23:18:07
   2    0            0    113470280       237840     10621288    0    0     0     0 3624 2630   4   2  94   0   0 2026-09-21 23:18:08
   2    0            0    113469776       237840     10621288    0    0     0     0 2684 2513   3   0  97   0   0 2026-09-21 23:18:09
   1    0            0    113469272       237844     10621296    0    0     0    72 3726 2560   5   1  94   0   0 2026-09-21 23:18:10
   2    0            0    113469032       237860     10621300    0    0     0    92 3925 2911   6   0  93   0   0 2026-09-21 23:18:11
   3    0            0    113468784       237860     10621300    0    0     0     0 3347 2945   5   0  95   0   0 2026-09-21 23:18:12
   2    0            0    113468024       237860     10621308    0    0     0     0 4038 2944   5   1  94   0   0 2026-09-21 23:18:13
   1    0            0    113467024       237860     10621316    0    0     0     0 3649 2840   5   0  94   0   0 2026-09-21 23:18:14
   1    0            0    113466264       237860     10621316    0    0     0    56 3451 2939   5   0  95   0   0 2026-09-21 23:18:15
   2    0            0    113465840       237868     10621320    0    0     0   112 4174 2830   5   1  93   0   0 2026-09-21 23:18:16
   1    0            0    113465584       237868     10621320    0    0     0     0 3696 2714   4   1  95   0   0 2026-09-21 23:18:17
   1    0            0    113464576       237868     10621324    0    0     0     0 2375 2464   3   0  97   0   0 2026-09-21 23:18:18
   2    0            0    113464080       237868     10621328    0    0     0     0 3694 2975   5   0  94   0   0 2026-09-21 23:18:19
   2    0            0    113463072       237868     10621336    0    0     0    56 3489 2550   4   2  94   0   0 2026-09-21 23:18:20
--procs-- -----------------------memory---------------------- ---swap-- -----io---- -system-- --------cpu-------- -----timestamp-----
   r    b         swpd         free         buff        cache   si   so    bi    bo   in   cs  us  sy  id  wa  st                 KST
   1    0            0    113462568       237876     10621344    0    0     0    48 3651 2750   4   1  94   0   0 2026-09-21 23:18:21
   1    0            0    113461808       237876     10621344    0    0     0     0 2461 2454   3   0  97   0   0 2026-09-21 23:18:22
   5    0            0    113461560       237876     10621348    0    0     0     0 3994 2755   6   1  93   0   0 2026-09-21 23:18:23
   4    0            0    113460552       237876     10621352    0    0     0     0 3561 3395   5   0  95   0   0 2026-09-21 23:18:24
   2    0            0    113461064       237876     10621352    0    0     0     0 4063 3457   5   2  94   0   0 2026-09-21 23:18:25
   1    0            0    113460560       237884     10621356    0    0     0   128 2740 3348   3   0  97   0   0 2026-09-21 23:18:26
   3    0            0    113465640       237884     10621360    0    0     0     0 4962 5021   5   1  94   0   0 2026-09-21 23:18:27
   3    0            0    113465232       237884     10621372    0    0     0     0 3950 3822   6   0  94   0   0 2026-09-21 23:18:28
   2    0            0    113465304       237884     10621412    0    0     0     0 5124 6182   7   1  93   0   0 2026-09-21 23:18:29
   2    0            0    113465560       237884     10621412    0    0     0     0 3890 3450   4   2  94   0   0 2026-09-21 23:18:30
   2    0            0    113463544       237892     10621416    0    0     0   140 3803 3533   4   1  95   0   0 2026-09-21 23:18:31
   1    0            0    113476960       237892     10621548    0    0     4   688 4128 4626   3   0  97   0   0 2026-09-21 23:18:32
   4    0            0    113476208       237892     10621552    0    0     0     0 4223 3496   6   1  93   0   0 2026-09-21 23:18:33
   3    0            0    113474960       237892     10621560    0    0     0     0 3241 3427   4   0  95   0   0 2026-09-21 23:18:34
   4    0            0    113474200       237892     10621572    0    0     0     0 4263 3913   6   1  93   0   0 2026-09-21 23:18:35
   4    0            0    113477480       237900     10621572    0    0     0   152 3866 3395   6   0  94   0   0 2026-09-21 23:18:36
   3    0            0    113476384       237900     10621580    0    0     0     0 4283 3663   7   0  93   0   0 2026-09-21 23:18:37
   2    0            0    113475376       237900     10621588    0    0     0     0 4304 3500   5   1  93   0   0 2026-09-21 23:18:38
   1    0            0    113474624       237900     10621588    0    0     0     0 3509 3184   4   1  95   0   0 2026-09-21 23:18:39
   4    0            0    113473616       237900     10621592    0    0     0     0 2869 3227   3   0  96   0   0 2026-09-21 23:18:40
   4    0            0    113473112       237908     10621596    0    0     0   200 4881 4146   8   0  92   0   0 2026-09-21 23:18:41
--procs-- -----------------------memory---------------------- ---swap-- -----io---- -system-- --------cpu-------- -----timestamp-----
   r    b         swpd         free         buff        cache   si   so    bi    bo   in   cs  us  sy  id  wa  st                 KST
   2    0            0    113472384       237908     10621608    0    0     0     0 4844 3378   7   2  92   0   0 2026-09-21 23:18:42
   1    0            0    113471128       237908     10621608    0    0     0     0 3177 3288   3   1  96   0   0 2026-09-21 23:18:43
   3    0            0    113470120       237908     10621616    0    0     0     0 3659 3520   6   0  94   0   0 2026-09-21 23:18:44
   2    0            0    113469360       237908     10621648    0    0     0     0 4224 3478   5   1  93   0   0 2026-09-21 23:18:45
   1    0            0    113468608       237916     10621652    0    0     0   148 2755 3268   3   0  96   0   0 2026-09-21 23:18:46
   3    0            0    113467600       237916     10621652    0    0     0     0 3572 3468   5   0  94   0   0 2026-09-21 23:18:47
   3    0            0    113466848       237916     10621660    0    0     0     0 4262 3423   5   1  94   0   0 2026-09-21 23:18:48
   2    0            0    113466344       237916     10621660    0    0     0     0 4868 3336   4   2  94   0   0 2026-09-21 23:18:49
   1    0            0    113466344       237916     10621664    0    0     0     0 2890 3206   3   0  97   0   0 2026-09-21 23:18:50
   2    0            0    113465088       237924     10621664    0    0     0    96 3417 3221   5   0  95   0   0 2026-09-21 23:18:51
   6    0            0    113464584       237924     10621676    0    0     0    56 4483 3607   5   1  94   0   0 2026-09-21 23:18:52
   5    0            0    113464832       237924     10621680    0    0     0     0 5921 3422   7   2  92   0   0 2026-09-21 23:18:53
   1    0            0    113465088       237924     10621680    0    0     0     0 4467 3172   5   1  94   0   0 2026-09-21 23:18:54
   2    0            0    113465592       237924     10621684    0    0     0     0 3387 2511   5   1  95   0   0 2026-09-21 23:18:55
   3    0            0    113464608       237932     10621684    0    0     0    52 2892 2562   4   0  96   0   0 2026-09-21 23:18:56
   2    0            0    113464864       237932     10621700    0    0     0    60 3636 2921   4   1  94   0   0 2026-09-21 23:18:57
   2    0            0    113463608       237932     10621700    0    0     0     0 3610 2582   4   2  94   0   0 2026-09-21 23:18:58
   1    0            0    113463360       237932     10621700    0    0     0     0 3249 2573   4   1  95   0   0 2026-09-21 23:18:59
   2    0            0    113463608       237932     10621704    0    0     0     0 3764 2735   5   1  94   0   0 2026-09-21 23:19:00
   4    0            0    113464112       237940     10621704    0    0     0   100 3589 2880   5   1  94   0   0 2026-09-21 23:19:01
   3    0            0    113463864       237940     10621708    0    0     0    44 3384 2671   5   0  94   0   0 2026-09-21 23:19:02
--procs-- -----------------------memory---------------------- ---swap-- -----io---- -system-- --------cpu-------- -----timestamp-----
   r    b         swpd         free         buff        cache   si   so    bi    bo   in   cs  us  sy  id  wa  st                 KST
   3    0            0    113462352       237940     10621720    0    0     0     0 4912 2913   6   1  93   0   0 2026-09-21 23:19:03
   1    0            0    113462104       237940     10621720    0    0     0     0 3403 2618   5   0  95   0   0 2026-09-21 23:19:04
   2    0            0    113460848       237940     10621732    0    0     0     0 4288 3097   6   1  93   0   0 2026-09-21 23:19:05
   1    0            0    113460344       237948     10621736    0    0     0    36 3977 2445   4   1  95   0   0 2026-09-21 23:19:06
   1    0            0    113459840       237948     10621740    0    0     0    64 2590 2488   3   0  97   0   0 2026-09-21 23:19:07
   2    0            0    113459456       237948     10621744    0    0     0     0 4037 2930   5   1  94   0   0 2026-09-21 23:19:08
   2    0            0    113460240       237948     10621744    0    0     0     0 3744 2762   4   2  94   0   0 2026-09-21 23:19:09
   1    0            0    113460240       237948     10621748    0    0     0     0 2484 2483   3   0  97   0   0 2026-09-21 23:19:10
   1    0            0    113459744       237964     10621756    0    0     0   120 3459 2883   5   0  95   0   0 2026-09-21 23:19:11
   3    0            0    113460096       237964     10621756    0    0     0    52 4467 3703   4   1  95   0   0 2026-09-21 23:19:12
   1    0            0    113466304       237964     10621764    0    0     0     0 3834 3380   5   0  95   0   0 2026-09-21 23:19:13
   1    0            0    113465552       237964     10621772    0    0     0     0 4517 3268   7   0  93   0   0 2026-09-21 23:19:14
   2    0            0    113470064       237964     10622128    0    0   352     0 3916 2962   6   1  93   0   0 2026-09-21 23:19:15
   2    0            0    113474072       237972     10622132    0    0     0    60 4182 2939   5   2  93   0   0 2026-09-21 23:19:16
   1    0            0    113473440       237972     10622132    0    0     0   760 4859 4189   4   2  94   0   0 2026-09-21 23:19:17
   3    0            0    113473968       237972     10622136    0    0     0    60 2964 2563   4   0  96   0   0 2026-09-21 23:19:18
   1    0            0    113478152       237972     10622140    0    0     0     0 1879 2516   1   1  99   0   0 2026-09-21 23:19:19
   2    0            0    113478032       237972     10622148    0    0     0     0 3697 2595   4   2  94   0   0 2026-09-21 23:19:20
   2    0            0    113476800       237980     10622152    0    0     0   152 3808 2555   4   2  94   0   0 2026-09-21 23:19:21
   1    0            0    113473776       237980     10622160    0    0     0     0 2705 2589   3   0  97   0   0 2026-09-21 23:19:22
   4    0            0    113472776       237980     10622160    0    0     0    60 2721 2944   3   0  96   0   0 2026-09-21 23:19:23
--procs-- -----------------------memory---------------------- ---swap-- -----io---- -system-- --------cpu-------- -----timestamp-----
   r    b         swpd         free         buff        cache   si   so    bi    bo   in   cs  us  sy  id  wa  st                 KST
   2    0            0    113472304       237980     10622164    0    0     0   128 4484 3499   6   2  92   0   0 2026-09-21 23:19:24
   1    0            0    113472048       237980     10622168    0    0     0     0 3740 3467   4   1  94   0   0 2026-09-21 23:19:25
   1    0            0    113470792       237988     10622168    0    0     0    60 2492 3173   3   0  97   0   0 2026-09-21 23:19:26
   2    0            0    113470040       237988     10622168    0    0     0     0 4264 3639   6   1  93   0   0 2026-09-21 23:19:27
   2    0            0    113469536       237988     10622176    0    0     0     0 5056 3474   7   2  92   0   0 2026-09-21 23:19:28
   2    0            0    113468280       237988     10622180    0    0     0    56 4332 3111   4   2  94   0   0 2026-09-21 23:19:29
   2    0            0    113468528       237988     10622184    0    0     0     0 4538 3303   5   1  94   0   0 2026-09-21 23:19:30
   3    0            0    113467528       237996     10622184    0    0     0   104 4494 3156   4   2  94   0   0 2026-09-21 23:19:31
   1    0            0    113466520       237996     10622184    0    0     0     0 3647 3216   3   1  96   0   0 2026-09-21 23:19:32
   1    0            0    113465008       237996     10622300    0    0   112     0 2642 3391   3   0  97   0   0 2026-09-21 23:19:33
   2    0            0    113464256       237996     10622308    0    0     0    92 4271 3550   6   0  93   0   0 2026-09-21 23:19:34
   2    0            0    113463024       237996     10622344    0    0     0     0 4424 3175   4   2  94   0   0 2026-09-21 23:19:35
   2    0            0    113462272       238004     10622348    0    0     0    44 3965 3211   4   2  94   0   0 2026-09-21 23:19:36
   1    0            0    113462528       238004     10622348    0    0     0     0 3900 3347   4   1  94   0   0 2026-09-21 23:19:37
   2    0            0    113462704       238004     10622356    0    0     0     0 4376 3375   5   2  93   0   0 2026-09-21 23:19:38
   2    0            0    113461696       238004     10622360    0    0     0     0 3337 3317   4   1  95   0   0 2026-09-21 23:19:39
   1    0            0    113461464       238004     10622360    0    0     0    48 2629 3162   3   0  97   0   0 2026-09-21 23:19:40
   2    0            0    113466760       238012     10622368    0    0     0    92 4874 3646   6   1  93   0   0 2026-09-21 23:19:41
   2    0            0    113466112       238012     10622500    0    0   128     0 4445 3168   4   2  94   0   0 2026-09-21 23:19:42
   1    0            0    113465104       238012     10622504    0    0     0     0 3431 3291   4   1  95   0   0 2026-09-21 23:19:43
   2    0            0    113464352       238012     10622508    0    0     0     0 3962 3367   5   1  94   0   0 2026-09-21 23:19:44
--procs-- -----------------------memory---------------------- ---swap-- -----io---- -system-- --------cpu-------- -----timestamp-----
   r    b         swpd         free         buff        cache   si   so    bi    bo   in   cs  us  sy  id  wa  st                 KST
   3    0            0    113463600       238012     10622508    0    0     0     4 3739 3532   6   0  94   0   0 2026-09-21 23:19:45
   2    0            0    113463096       238020     10622520    0    0     0   112 4231 3667   6   1  93   0   0 2026-09-21 23:19:46
   2    0            0    113467888       238020     10622520    0    0     0     0 3804 3307   4   2  94   0   0 2026-09-21 23:19:47
   1    0            0    113467464       238020     10622524    0    0     0     0 3263 3283   4   1  95   0   0 2026-09-21 23:19:48
   4    0            0    113466712       238020     10622528    0    0     0     0 2915 3320   4   0  96   0   0 2026-09-21 23:19:49
   4    0            0    113466208       238020     10622528    0    0     0     0 3282 3887   4   0  96   0   0 2026-09-21 23:19:50
   2    0            0    113465976       238028     10622532    0    0     0   140 4017 3531   4   2  94   0   0 2026-09-21 23:19:51
   1    0            0    113469552       238028     10622536    0    0     0     0 3787 3431   4   1  95   0   0 2026-09-21 23:19:52
   1    0            0    113469112       238028     10622536    0    0     0     0 2802 3414   3   0  97   0   0 2026-09-21 23:19:53
   4    0            0    113468880       238028     10622540    0    0     0     0 3722 3661   5   0  94   0   0 2026-09-21 23:19:54
   1    0            0    113468624       238028     10622540    0    0     0     0 3686 3459   5   1  94   0   0 2026-09-21 23:19:55
   2    0            0    113468376       238036     10622544    0    0     0    64 3524 3484   5   1  95   0   0 2026-09-21 23:19:56
   1    0            0    113468128       238036     10622548    0    0     0     0 3147 3487   3   1  96   0   0 2026-09-21 23:19:57
   2    0            0    113468432       238036     10622564    0    0     0     0 5901 4996   6   1  93   0   0 2026-09-21 23:19:58
   2    0            0    113467168       238036     10622572    0    0     0     0 5187 3099   4   2  94   0   0 2026-09-21 23:19:59
   2    0            0    113466664       238036     10622576    0    0     0     0 4977 3219   4   2  94   0   0 2026-09-21 23:20:00
   4    0            0    113466664       238044     10622580    0    0     0    88 5549 3292   5   2  93   0   0 2026-09-21 23:20:01
   2    0            0    113462992       238048     10622584    0    0     0    72 5553 4579   5   2  94   0   0 2026-09-21 23:20:02
   1    0            0    113465976       238048     10622584    0    0     0   680 3746 3704   4   1  95   0   0 2026-09-21 23:20:03
   1    0            0    113465536       238048     10622588    0    0     0     0 2570 3196   3   0  97   0   0 2026-09-21 23:20:04
   4    0            0    113465792       238048     10622588    0    0     0     0 4076 3811   6   0  94   0   0 2026-09-21 23:20:05
--procs-- -----------------------memory---------------------- ---swap-- -----io---- -system-- --------cpu-------- -----timestamp-----
   r    b         swpd         free         buff        cache   si   so    bi    bo   in   cs  us  sy  id  wa  st                 KST
   2    0            0    113464784       238056     10622596    0    0     0   108 4139 3588   5   2  94   0   0 2026-09-21 23:20:06
   2    0            0    113465040       238056     10622600    0    0     0     0 3911 3424   4   2  94   0   0 2026-09-21 23:20:07
   1    0            0    113464784       238056     10622600    0    0     0    52 2785 3224   3   0  96   0   0 2026-09-21 23:20:08
   1    0            0    113464784       238056     10622600    0    0     0     0 3312 3233   4   1  95   0   0 2026-09-21 23:20:09
   3    0            0    113464544       238056     10622604    0    0     0     0 3187 3500   5   0  95   0   0 2026-09-21 23:20:10
   3    0            0    113466440       238072     10622620    0    0     0   180 4699 3927   6   2  93   0   0 2026-09-21 23:20:11
   1    0            0    113467728       238072     10622620    0    0     0     0 4898 3560   6   2  92   0   0 2026-09-21 23:20:12
   1    0            0    113466976       238072     10622624    0    0     0    56 2779 3395   3   0  97   0   0 2026-09-21 23:20:13
   0    0            0    113466512       238072     10622624    0    0     0     0 2926 3304   3   0  96   0   0 2026-09-21 23:20:14
   2    0            0    113465504       238072     10622632    0    0     0     0 3858 3250   3   1  95   0   0 2026-09-21 23:20:15
   2    0            0    113464496       238080     10622632    0    0     0    56 5338 3333   4   2  94   0   0 2026-09-21 23:20:16
   2    0            0    113463744       238080     10622632    0    0     0   144 3935 3365   3   1  96   0   0 2026-09-21 23:20:17
   4    0            0    113463488       238080     10622636    0    0     0     0 2744 3207   3   0  97   0   0 2026-09-21 23:20:18
   3    0            0    113463264       238080     10622636    0    0     0    48 3799 3354   5   0  94   0   0 2026-09-21 23:20:19
   2    0            0    113463016       238104     10622624    0    0     0    76 3821 3611   4   1  94   0   0 2026-09-21 23:20:20
   1    0            0    113462008       238104     10622648    0    0     0    40 3826 3349   4   2  94   0   0 2026-09-21 23:20:21
   2    0            0    113461256       238104     10622652    0    0     0     0 4301 3627   5   1  93   0   0 2026-09-21 23:20:22
   1    0            0    113460496       238104     10622652    0    0     0     0 2769 3236   3   0  97   0   0 2026-09-21 23:20:23
   1    0            0    113460248       238104     10622656    0    0     0    52 3400 3463   5   0  95   0   0 2026-09-21 23:20:24
   1    1            0    113460000       238112     10622660    0    0     0    44 3100 2649   4   0  95   0   0 2026-09-21 23:20:25
   2    0            0    113459248       238112     10622668    0    0     0     0 4458 2936   7   0  92   0   0 2026-09-21 23:20:26
--procs-- -----------------------memory---------------------- ---swap-- -----io---- -system-- --------cpu-------- -----timestamp-----
   r    b         swpd         free         buff        cache   si   so    bi    bo   in   cs  us  sy  id  wa  st                 KST
   2    0            0    113458744       238112     10622676    0    0     0     0 3938 2673   6   1  94   0   0 2026-09-21 23:20:27
   2    0            0    113458368       238112     10622680    0    0     0     0 3578 2448   4   2  94   0   0 2026-09-21 23:20:28
   1    0            0    113457872       238112     10622680    0    0     0    64 2624 2486   3   0  96   0   0 2026-09-21 23:20:29
   4    0            0    113457616       238112     10622696    0    0     0     0 3837 2991   6   0  94   0   0 2026-09-21 23:20:30
   2    0            0    113457872       238120     10622696    0    0     0   112 3824 2785   4   2  94   0   0 2026-09-21 23:20:31
   2    0            0    113458128       238120     10622696    0    0     0     0 3615 2540   4   2  94   0   0 2026-09-21 23:20:32
   1    0            0    113458136       238120     10622700    0    0     0     0 3471 2817   4   1  95   0   0 2026-09-21 23:20:33
   2    0            0    113457888       238120     10622700    0    0     0    60 4188 2869   5   1  93   0   0 2026-09-21 23:20:34
   1    0            0    113457632       238120     10622704    0    0     0     0 2790 2573   3   1  96   0   0 2026-09-21 23:20:35
   2    0            0    113457632       238128     10622708    0    0     0    44 3891 2939   5   1  94   0   0 2026-09-21 23:20:36
   1    0            0    113455616       238128     10622708    0    0     0     0 2792 2637   3   1  96   0   0 2026-09-21 23:20:37
   2    0            0    113455616       238128     10622748    0    0     0     0 4218 2842   6   1  93   0   0 2026-09-21 23:20:38
   2    0            0    113454864       238128     10622752    0    0     0     0 3660 2584   4   2  94   0   0 2026-09-21 23:20:39
   1    0            0    113454112       238128     10622752    0    0     0    92 3093 2570   4   1  95   0   0 2026-09-21 23:20:40
   2    0            0    113454864       238136     10622756    0    0     0    68 3472 2706   5   1  94   0   0 2026-09-21 23:20:41
   3    0            0    113453920       238136     10622760    0    0     0     0 2919 2679   4   0  96   0   0 2026-09-21 23:20:42
   1    0            0    113459360       238152     10622768    0    0     0    64 5504 4402   6   1  93   0   0 2026-09-21 23:20:43
   1    0            0    113458352       238152     10622772    0    0     0     0 3041 2583   4   0  95   0   0 2026-09-21 23:20:44
   4    0            0    113455840       238152     10622780    0    0     0    60 3785 3050   6   0  94   0   0 2026-09-21 23:20:45
   2    0            0    113455592       238152     10622780    0    0     0   540 4149 2957   5   2  94   0   0 2026-09-21 23:20:46
   1    0            0    113463152       238152     10622784    0    0     0     0 4521 3950   4   1  96   0   0 2026-09-21 23:20:47
--procs-- -----------------------memory---------------------- ---swap-- -----io---- -system-- --------cpu-------- -----timestamp-----
   r    b         swpd         free         buff        cache   si   so    bi    bo   in   cs  us  sy  id  wa  st                 KST
   1    0            0    113463728       238160     10622780    0    0     0    84 3344 2683   5   0  95   0   0 2026-09-21 23:20:48
   2    0            0    113462728       238160     10622796    0    0     0     0 4056 2993   5   1  94   0   0 2026-09-21 23:20:49
   1    0            0    113462224       238160     10622796    0    0     0     0 3442 2678   4   1  95   0   0 2026-09-21 23:20:50
   4    0            0    113461472       238160     10622800    0    0     0    60 2441 2520   3   0  97   0   0 2026-09-21 23:20:51
   1    0            0    113459968       238160     10622804    0    0     0     0 3822 2784   6   0  94   0   0 2026-09-21 23:20:52
   1    0            0    113458712       238168     10622812    0    0     0   632 3999 3081   5   1  94   0   0 2026-09-21 23:20:53
   1    0            0    113458672       238168     10622816    0    0     0     0 4235 3476   6   1  93   0   0 2026-09-21 23:20:54
   1    0            0    113457920       238168     10622824    0    0     0     0 3417 2653   5   0  95   0   0 2026-09-21 23:20:55
   1    0            0    113457664       238168     10622832    0    0     0    68 3959 2773   6   1  94   0   0 2026-09-21 23:20:56
   3    0            0    113456912       238168     10622836    0    0     0     0 4053 3306   6   0  93   0   0 2026-09-21 23:20:57
   2    0            0    113456160       238176     10622844    0    0     0    60 4402 2896   7   1  93   0   0 2026-09-21 23:20:58
   2    0            0    113455904       238176     10622856    0    0     0    56 4919 2870   7   2  91   0   0 2026-09-21 23:20:59
   1    0            0    113455152       238176     10622856    0    0     0     0 2478 2451   3   0  97   0   0 2026-09-21 23:21:00
   1    0            0    113454640       238176     10622860    0    0     0     0 3727 2869   6   0  94   0   0 2026-09-21 23:21:01
   0    0            0    113454144       238176     10622868    0    0     0    72 3008 2612   4   0  95   0   0 2026-09-21 23:21:02
   0    0            0    113453136       238176     10622876    0    0     0     0 1501 2627   0   0 100   0   0 2026-09-21 23:21:03
   0    0            0    113452888       238184     10622876    0    0     0    60 1480 2471   0   0 100   0   0 2026-09-21 23:21:04
   0    0            0    113452128       238184     10622880    0    0     0     0 1400 2499   0   0 100   0   0 2026-09-21 23:21:05
   0    0            0    113451880       238184     10622880    0    0     0     0 1397 2430   0   0 100   0   0 2026-09-21 23:21:06
   0    0            0    113454048       238184     10622932    0    0     0    52 1968 3043   0   0 100   0   0 2026-09-21 23:21:07
   1    0            0    114500528       238184     10622936    0    0     0     0 1737 2401   1   0  99   0   0 2026-09-21 23:21:08
