#Date        Time         gpu    pwr  gtemp  mtemp     sm    mem    enc    dec    jpg    ofa   mclk   pclk  pviol  tviol     fb   bar1   ccpm  sbecc  dbecc    pci  rxpci  txpci 
#YYYYMMDD    HH:MM:SS     Idx      W      C      C      %      %      %      %      %      %    MHz    MHz      %   bool     MB     MB     MB   errs   errs   errs   MB/s   MB/s 
 20260921    17:22:07       0     16     45      -      0      0      0      0      0      0    405    210      0      0      1      2      0      -      -      0      3      0 
 20260921    17:22:08       0     16     45      -      0      0      0      0      0      0    405    210      0      0      1      2      0      -      -      0      0      1 
 20260921    17:22:09       0     16     45      -      0      0      0      0      0      0    405    210      0      0      1      2      0      -      -      0      0      0 
 20260921    17:22:10       0     16     46      -      0      0      0      0      0      0    405    210      0      0      1      2      0      -      -      0     16     78 
 20260921    17:22:11       0     16     45      -      0      0      0      0      0      0    405    210      0      0      4      3      0      -      -      0      0      0 
 20260921    17:22:12       0     16     46      -      0      0      0      0      0      0    405    210      0      0      4      3      0      -      -      0      0      0 
 20260921    17:22:13       0     16     45      -      0      0      0      0      0      0    405    210      0      0      4      3      0      -      -      0      0      0 
 20260921    17:22:14       0     16     45      -      0      0      0      0      0      0    405    210      0      0      4      3      0      -      -      0      0      0 
 20260921    17:22:15       0     16     45      -      0      0      0      0      0      0    405    210      0      0      4      3      0      -      -      0      0      0 
 20260921    17:22:16       0     16     45      -      0      0      0      0      0      0    405    210      0      0      4      3      0      -      -      0      0      0 
 20260921    17:22:17       0     16     45      -      0      0      0      0      0      0    405    210      0      0      4      3      0      -      -      0      0      1 
 20260921    17:22:19       0     16     46      -      0      0      0      0      0      0    405    210      0      0      4      3      0      -      -      0      0      0 
 20260921    17:22:20       0     16     45      -      0      0      0      0      0      0    405    210      0      0      4      3      0      -      -      0      0      0 
 20260921    17:22:21       0     16     45      -      0      0      0      0      0      0    405    210      0      0      4      3      0      -      -      0      0      0 
 20260921    17:22:22       0     16     46      -      0      0      0      0      0      0    405    210      0      0      4      3      0      -      -      0      0      0 
 20260921    17:22:23       0     16     45      -      0      0      0      0      0      0    405    210      0      0      4      3      0      -      -      0      0      0 
 20260921    17:22:24       0     16     45      -      0      0      0      0      0      0   7001   1560      0      0    169      5      0      -      -      0      0      0 
 20260921    17:22:25       0     31     47      -      0      0      0      0      0      0   6501   1560      0      0   1475      5      0      -      -      0      0      1 
 20260921    17:22:26       0     37     47      -      1      0      0      0      0      0   6501   1560      0      0   5803      5      0      -      -      0      0      0 
 20260921    17:22:27       0     37     47      -      0      0      0      0      0      0   6501   1905      0      0   7031      5      0      -      -      0   5344    606 
 20260921    17:22:28       0     59     50      -     43      3      0      0      0      0   6501   1905      0      0   5813      5      0      -      -      0      0      0 
 20260921    17:22:29       0    112     53      -    100     65      0      0      0      0   6501   1335     78      0   6901      5      0      -      -      0     32     10 
 20260921    17:22:30       0    138     55      -    100     67      0      0      0      0   6501   1380    100      0   6901      5      0      -      -      0     26     10 
 20260921    17:22:31       0     94     52      -      0      0      0      0      0      0   6501   1920     32      0   6917      5      0      -      -      0      0      0 
 20260921    17:22:32       0     53     52      -      0      0      0      0      0      0   6501   1920      0      0   8545   2383      0      -      -      0     36     11 
 20260921    17:22:33       0     53     52      -      0      0      0      0      0      0   6501   1560     10      0   9581   2383      0      -      -      0     24      7 
 20260921    17:22:34       0    108     57      -    100     61      0      0      0      0   6501   1320    100      0   9581   2383      0      -      -      0     12      9 
 20260921    17:22:35       0    138     58      -    100     57      0      0      0      0   6501   1365    100      0   9581   2383      0      -      -      0     26      7 
 20260921    17:22:36       0    134     57      -     54     57      0      0      0      0   6501   1920     45      0   9581   2383      0      -      -      0      0      0 
 20260921    17:22:37       0     66     56      -      0      0      0      0      0      0   6501   1920      0      0   9581   2383      0      -      -      0      0      0 
 20260921    17:22:38       0     52     55      -      0      0      0      0      0      0   6501   1560      0      0   9581   2383      0      -      -      0      0      0 
 20260921    17:22:39       0     45     55      -      0      0      0      0      0      0   6501   1560      0      0   9581   2383      0      -      -      0      0      0 
 20260921    17:22:41       0     39     55      -      0      0      0      0      0      0   6501   1560      0      0   9581   2383      0      -      -      0      0      0 
 20260921    17:22:42       0     39     55      -      0      0      0      0      0      0   6501   1560      0      0   9581   2383      0      -      -      0      0      0 
 20260921    17:22:43       0     39     55      -      0      0      0      0      0      0   6501   1560      0      0   9581   2383      0      -      -      0      0      0 
 20260921    17:22:44       0     39     55      -      0      0      0      0      0      0   6501   1560      0      0   9581   2383      0      -      -      0      0      0 
 20260921    17:22:45       0     39     55      -      0      0      0      0      0      0   6501   1560      0      0   9581   2383      0      -      -      0      0      0 
 20260921    17:22:46       0     55     58      -      0      0      0      0      0      0   6501   1905     24      0   9581   2383      0      -      -      0      0      0 
 20260921    17:22:47       0    113     60      -     71     43      0      0      0      0   6501   1410     95      0   9583   2383      0      -      -      0     33      9 
 20260921    17:22:48       0    138     61      -    100     61      0      0      0      0   6501   1365    100      0   9583   2383      0      -      -      0     20     11 
 20260921    17:22:49       0    138     62      -    100     50      0      0      0      0   6501   1395    100      0   9583   2383      0      -      -      0     22      9 
 20260921    17:22:50       0    139     63      -    100     64      0      0      0      0   6501   1320    100      0   9583   2383      0      -      -      0     20     12 
 20260921    17:22:51       0    138     64      -    100     63      0      0      0      0   6501   1530    100      0   9583   2383      0      -      -      0   1188   5486 
 20260921    17:22:52       0    138     65      -    100     51      0      0      0      0   6501   1380     88      0   9583   2383      0      -      -      0     35      8 
#Date        Time         gpu    pwr  gtemp  mtemp     sm    mem    enc    dec    jpg    ofa   mclk   pclk  pviol  tviol     fb   bar1   ccpm  sbecc  dbecc    pci  rxpci  txpci 
#YYYYMMDD    HH:MM:SS     Idx      W      C      C      %      %      %      %      %      %    MHz    MHz      %   bool     MB     MB     MB   errs   errs   errs   MB/s   MB/s 
 20260921    17:22:53       0    138     66      -    100     55      0      0      0      0   6501   1305    100      0   9583   2383      0      -      -      0     23      7 
 20260921    17:22:54       0    132     65      -     38     41      0      0      0      0   6501   1905     62      0   9583   2383      0      -      -      0      0      0 
 20260921    17:22:55       0     67     64      -      0      0      0      0      0      0   6501   1905      0      0   9583   2383      0      -      -      0      0      0 
 20260921    17:22:56       0     55     63      -      0      0      0      0      0      0   6501   1560      0      0   9583   2383      0      -      -      0      0      0 
 20260921    17:22:57       0     47     63      -      0      0      0      0      0      0   6501   1560      8      0   9583   2383      0      -      -      0     33     10 
 20260921    17:22:58       0    104     67      -    100     58      0      0      0      0   6501   1320    100      0   9583   2383      0      -      -      0     25      9 
 20260921    17:22:59       0    138     67      -    100     50      0      0      0      0   6501   1395    100      0   9583   2383      0      -      -      0     22      7 
 20260921    17:23:00       0    135     68      -     97     84      0      0      0      0   6501   1815     51      0   9583   2383      0      -      -      0      0      1 
 20260921    17:23:02       0     75     68      -      0      0      0      0      0      0   6501   1905      0      0   9583   2383      0      -      -      0      0      0 
 20260921    17:23:03       0     69     66      -      0      0      0      0      0      0   6501   1905      0      0   9583   2383      0      -      -      0      0      0 
 20260921    17:23:04       0     57     65      -      0      0      0      0      0      0   6501   1560      0      0   9583   2383      0      -      -      0      0      0 
 20260921    17:23:05       0     49     65      -      0      0      0      0      0      0   6501   1560      0      0   9583   2383      0      -      -      0      0      0 
 20260921    17:23:06       0     41     65      -      0      0      0      0      0      0   6501   1560      0      0   9583   2383      0      -      -      0      0      0 
 20260921    17:23:07       0     40     64      -      0      0      0      0      0      0   6501   1560      0      0   9583   2383      0      -      -      0      0      0 
 20260921    17:23:08       0     40     64      -      0      0      0      0      0      0   6501   1560      0      0   9583   2383      0      -      -      0      0      0 
 20260921    17:23:09       0     40     64      -      0      0      0      0      0      0   6501   1560      0      0   9583   2383      0      -      -      0      0      0 
 20260921    17:23:10       0     48     64      -      0      0      0      0      0      0   6501   1350     45      0   9583   2383      0      -      -      0     29     11 
 20260921    17:23:11       0    116     66      -    100     61      0      0      0      0   6501   1905     26      0   9583   2383      0      -      -      0     31     11 
 20260921    17:23:12       0     98     68      -    100     61      0      0      0      0   6501   1905     32      0   9583   2383      0      -      -      0      0      0 
 20260921    17:23:13       0     71     66      -      0      0      0      0      0      0   6501   1905      0      0   9583   2383      0      -      -      0      0      0 
 20260921    17:23:14       0     59     66      -      0      0      0      0      0      0   6501   1560      0      0   9583   2383      0      -      -      0      0      0 
 20260921    17:23:15       0     50     65      -      0      0      0      0      0      0   6501   1560      0      0   9583   2383      0      -      -      0      0      0 
 20260921    17:23:16       0     41     65      -      0      0      0      0      0      0   6501   1560      0      0   9583   2383      0      -      -      0      0      0 
 20260921    17:23:17       0     41     65      -      0      0      0      0      0      0   6501   1560      0      0   9583   2383      0      -      -      0      0      0 
 20260921    17:23:18       0     41     65      -      0      0      0      0      0      0   6501   1560      0      0   9583   2383      0      -      -      0      0      0 
 20260921    17:23:19       0     40     64      -      0      0      0      0      0      0   6501   1560      0      0   9583   2383      0      -      -      0      0      0 
 20260921    17:23:20       0     40     64      -      0      0      0      0      0      0   6501   1560      0      0   9583   2383      0      -      -      0      0      0 
 20260921    17:23:21       0     40     64      -      0      0      0      0      0      0   6501   1560      0      0   9583   2383      0      -      -      0      0      0 
 20260921    17:23:22       0     40     64      -      0      0      0      0      0      0   6501   1560      0      0   9583   2383      0      -      -      0      0      1 
 20260921    17:23:24       0     40     64      -      0      0      0      0      0      0   6501   1560      0      0   9583   2383      0      -      -      0  12408      4 
 20260921    17:23:25       0     62     65      -      0      0      0      0      0      0   6501   1905      0      0   9583   2383      0      -      -      0      0      0 
 20260921    17:23:26       0     65     65      -      0      0      0      0      0      0   6501   1905      0      0   9583   2383      0      -      -      0      0      0 
 20260921    17:23:27       0     78     68      -      0      0      0      0      0      0   6501   1350     52      0   9583   2383      0      -      -      0      0      0 
 20260921    17:23:28       0     75     66      -      0      0      0      0      0      0   6501   1905      0      0   9583   2383      0      -      -      0      0      0 
 20260921    17:23:29       0     72     66      -     78     74      0      0      0      0   6501   1905      0      0   9583   2383      0      -      -      0      0      0 
 20260921    17:23:30       0     68     66      -      0      0      0      0      0      0   6501   1905      0      0   9583   2383      0      -      -      0      0      0 
 20260921    17:23:31       0     59     66      -      0      0      0      0      0      0   6501   1560      0      0   9583   2383      0      -      -      0      0      0 
 20260921    17:23:32       0     50     65      -      0      0      0      0      0      0   6501   1560      0      0   9583   2383      0      -      -      0      0      0 
 20260921    17:23:33       0     41     65      -      0      0      0      0      0      0   6501   1560      0      0   9583   2383      0      -      -      0      0      0 
 20260921    17:23:34       0     41     65      -      0      0      0      0      0      0   6501   1560      0      0   9583   2383      0      -      -      0      0      0 
 20260921    17:23:35       0     41     64      -      0      0      0      0      0      0   6501   1560      0      0   9583   2383      0      -      -      0      0      0 
 20260921    17:23:36       0     40     64      -      0      0      0      0      0      0   6501   1560      0      0   9583   2383      0      -      -      0      0      0 
 20260921    17:23:37       0     40     64      -      0      0      0      0      0      0   6501   1560      0      0   9583   2383      0      -      -      0      0      0 
 20260921    17:23:38       0     40     64      -      0      0      0      0      0      0   6501   1560      0      0   9583   2383      0      -      -      0      0      0 
#Date        Time         gpu    pwr  gtemp  mtemp     sm    mem    enc    dec    jpg    ofa   mclk   pclk  pviol  tviol     fb   bar1   ccpm  sbecc  dbecc    pci  rxpci  txpci 
#YYYYMMDD    HH:MM:SS     Idx      W      C      C      %      %      %      %      %      %    MHz    MHz      %   bool     MB     MB     MB   errs   errs   errs   MB/s   MB/s 
 20260921    17:23:39       0     40     64      -      0      0      0      0      0      0   6501   1560      0      0   9583   2383      0      -      -      0      0      0 
 20260921    17:23:40       0     40     64      -      0      0      0      0      0      0   6501   1560      0      0   9583   2383      0      -      -      0      0      0 
 20260921    17:23:41       0     40     64      -      0      0      0      0      0      0   6501   1560      0      0   9583   2383      0      -      -      0      0      0 
 20260921    17:23:42       0     40     64      -      0      0      0      0      0      0   6501   1560      0      0   9583   2383      0      -      -      0      0      0 
 20260921    17:23:43       0     40     64      -      0      0      0      0      0      0   6501   1560      0      0   9583   2383      0      -      -      0      0      0 
 20260921    17:23:44       0     40     64      -      0      0      0      0      0      0   6501   1560     42      0   9583   2383      0      -      -      0     30     11 
 20260921    17:23:46       0    102     66      -     74     74      0      0      0      0   6501   1905     41      0   9583   2383      0      -      -      0      0      0 
 20260921    17:23:47       0     67     66      -      0      0      0      0      0      0   6501   1905      0      0   9583   2383      0      -      -      0      0      0 
 20260921    17:23:48       0     57     65      -      0      0      0      0      0      0   6501   1560      0      0   9583   2383      0      -      -      0      0      0 
 20260921    17:23:49       0     48     64      -      0      0      0      0      0      0   6501   1560      0      0   9583   2383      0      -      -      0      0      0 
 20260921    17:23:50       0     41     64      -      0      0      0      0      0      0   6501   1560      0      0   9583   2383      0      -      -      0      0      0 
 20260921    17:23:51       0     53     64      -      0      0      0      0      0      0   6501   1560      0      0   9583   2383      0      -      -      0      0      0 
 20260921    17:23:52       0     51     64      -      0      0      0      0      0      0   6501   1560      0      0   9583   2383      0      -      -      0      0      0 
 20260921    17:23:53       0     41     64      -      0      0      0      0      0      0   6501   1560      0      0   9583   2383      0      -      -      0      0      0 
 20260921    17:23:54       0     40     64      -      0      0      0      0      0      0   6501   1560      0      0   9583   2383      0      -      -      0      0      0 
 20260921    17:23:55       0     40     64      -      0      0      0      0      0      0   6501   1560      0      0   9583   2383      0      -      -      0      0      1 
 20260921    17:23:56       0     40     64      -      0      0      0      0      0      0   6501   1560      0      0   9583   2383      0      -      -      0      0      0 
 20260921    17:23:57       0     40     64      -      0      0      0      0      0      0   6501   1560      0      0   9583   2383      0      -      -      0      0      0 
 20260921    17:23:58       0     40     64      -      0      0      0      0      0      0   6501   1560      0      0   9583   2383      0      -      -      0     18     10 
 20260921    17:23:59       0    103     68      -    100     57      0      0      0      0   6501   1125    100      0   9583   2383      0      -      -      0     33     11 
 20260921    17:24:00       0    138     69      -    100     53      0      0      0      0   6501   1350    100      0   9583   2383      0      -      -      0     21      7 
 20260921    17:24:01       0    111     69      -      0      0      0      0      0      0   6501   1905     13      0   9583   2383      0      -      -      0      0      0 
 20260921    17:24:02       0     74     68      -     51     52      0      0      0      0   6501   1905      6      0   9583   2383      0      -      -      0      0      0 
 20260921    17:24:03       0     72     67      -      0      0      0      0      0      0   6501   1905      0      0   9583   2383      0      -      -      0      0      0 
 20260921    17:24:04       0     60     66      -      0      0      0      0      0      0   6501   1560      0      0   9583   2383      0      -      -      0      0      0 
 20260921    17:24:05       0     51     66      -      0      0      0      0      0      0   6501   1560      0      0   9583   2383      0      -      -      0      0      0 
 20260921    17:24:07       0     42     66      -      0      0      0      0      0      0   6501   1560      0      0   9583   2383      0      -      -      0      0      0 
 20260921    17:24:08       0     42     66      -      0      0      0      0      0      0   6501   1560      0      0   9583   2383      0      -      -      0      0      0 
 20260921    17:24:09       0     42     66      -      0      0      0      0      0      0   6501   1560      0      0   9583   2383      0      -      -      0      0      0 
 20260921    17:24:10       0     41     66      -      0      0      0      0      0      0   6501   1560      0      0   9583   2383      0      -      -      0      0      0 
 20260921    17:24:11       0     41     65      -      0      0      0      0      0      0   6501   1560      0      0   9583   2383      0      -      -      0      0      0 
 20260921    17:24:12       0     41     65      -      0      0      0      0      0      0   6501   1560      0      0   9583   2383      0      -      -      0      0      0 
 20260921    17:24:13       0     41     65      -      0      0      0      0      0      0   6501   1560      0      0   9583   2383      0      -      -      0      0      0 
 20260921    17:24:14       0     50     67      -      0      0      0      0      0      0   6501   1905      0      0   9583   2383      0      -      -      0      0      0 
 20260921    17:24:15       0     66     66      -      0      0      0      0      0      0   6501   1905      0      0   9583   2383      0      -      -      0      0      0 
 20260921    17:24:16       0     57     66      -      0      0      0      0      0      0   6501   1560      0      0   9583   2383      0      -      -      0      0      0 
 20260921    17:24:17       0     49     65      -      0      0      0      0      0      0   6501   1560     37      0   9583   2383      0      -      -      0     28     11 
 20260921    17:24:18       0    139     70      -    100     59      0      0      0      0   6501   1335    100      0   9583   2383      0      -      -      0     29     11 
 20260921    17:24:19       0     89     68      -      0      0      0      0      0      0   6501   1890     18      0   9583   2383      0      -      -      0      0      0 
 20260921    17:24:20       0     68     68      -      0      0      0      0      0      0   6501   1890      0      0   9583   2383      0      -      -      0      0      0 
 20260921    17:24:21       0     60     68      -      0      0      0      0      0      0   6501   1560      0      0   9583   2383      0      -      -      0      0      0 
 20260921    17:24:22       0     51     67      -      0      0      0      0      0      0   6501   1560      0      0   9583   2383      0      -      -      0      0      0 
 20260921    17:24:23       0     43     66      -      0      0      0      0      0      0   6501   1560      0      0   9583   2383      0      -      -      0      0      0 
 20260921    17:24:24       0     42     66      -      0      0      0      0      0      0   6501   1560      0      0   9583   2383      0      -      -      0      0      0 
#Date        Time         gpu    pwr  gtemp  mtemp     sm    mem    enc    dec    jpg    ofa   mclk   pclk  pviol  tviol     fb   bar1   ccpm  sbecc  dbecc    pci  rxpci  txpci 
#YYYYMMDD    HH:MM:SS     Idx      W      C      C      %      %      %      %      %      %    MHz    MHz      %   bool     MB     MB     MB   errs   errs   errs   MB/s   MB/s 
 20260921    17:24:25       0     42     66      -      0      0      0      0      0      0   6501   1560      0      0   9583   2383      0      -      -      0      0      0 
 20260921    17:24:26       0     42     66      -      0      0      0      0      0      0   6501   1560      0      0   9583   2383      0      -      -      0      0      4 
 20260921    17:24:27       0     67     68      -     23     24      0      0      0      0   6501   1830     31      0   9583   2383      0      -      -      0      0      0 
 20260921    17:24:29       0     64     67      -      0      0      0      0      0      0   6501   1830      0      0   9583   2383      0      -      -      0      0      0 
 20260921    17:24:30       0     55     67      -      0      0      0      0      0      0   6501   1560      0      0   9583   2383      0      -      -      0      0      0 
 20260921    17:24:31       0     49     66      -      0      0      0      0      0      0   6501   1560      0      0   9583   2383      0      -      -      0      0      0 
 20260921    17:24:32       0     43     66      -      0      0      0      0      0      0   6501   1560      0      0   9583   2383      0      -      -      0      0      0 
 20260921    17:24:33       0     42     66      -      0      0      0      0      0      0   6501   1560      0      0   9583   2383      0      -      -      0      0      0 
 20260921    17:24:34       0     42     66      -      0      0      0      0      0      0   6501   1560      0      0   9583   2383      0      -      -      0      0      0 
 20260921    17:24:35       0     42     66      -      0      0      0      0      0      0   6501   1560      0      0   9583   2383      0      -      -      0      0      0 
 20260921    17:24:36       0     42     66      -      0      0      0      0      0      0   6501   1560      0      0   9583   2383      0      -      -      0      0      0 
 20260921    17:24:37       0     42     66      -      0      0      0      0      0      0   6501   1560      0      0   9583   2383      0      -      -      0      0      0 
 20260921    17:24:38       0     42     65      -      0      0      0      0      0      0   6501   1560      0      0   9583   2383      0      -      -      0      0      0 
 20260921    17:24:39       0     41     65      -      0      0      0      0      0      0   6501   1560      0      0   9583   2383      0      -      -      0      0      0 
 20260921    17:24:40       0     41     65      -      0      0      0      0      0      0   6501   1560      0      0   9583   2383      0      -      -      0      0      0 
 20260921    17:24:41       0     41     65      -      0      0      0      0      0      0   6501   1560      0      0   9583   2383      0      -      -      0      0      0 
 20260921    17:24:42       0     62     66      -      0      0      0      0      0      0   6501   1905     10      0   9583   2383      0      -      -      0      0      0 
 20260921    17:24:43       0     87     69      -    100     52      0      0      0      0   6501   1290     53      0   9583   2383      0      -      -      0     20     12 
 20260921    17:24:44       0    138     70      -    100     61      0      0      0      0   6501   1290    100      0   9583   2383      0      -      -      0     23     12 
 20260921    17:24:45       0    139     71      -    100     52      0      0      0      0   6501   1350    100      0   9583   2383      0      -      -      0   1238   5672 
 20260921    17:24:46       0     94     69      -      0      0      0      0      0      0   6501   1890      0      0   9583   2383      0      -      -      0      0      0 
 20260921    17:24:47       0     62     70      -      0      0      0      0      0      0   6501   1455     40      0   9583   2383      0      -      -      0     34      7 
 20260921    17:24:48       0    107     72      -    100     53      0      0      0      0   6501   1305    100      0   9583   2383      0      -      -      0     24     11 
 20260921    17:24:50       0    138     73      -    100     56      0      0      0      0   6501   1365     46      0   9583   2383      0      -      -      0      0      0 
 20260921    17:24:51       0     75     70      -      0      0      0      0      0      0   6501   1890      0      0   9583   2383      0      -      -      0      0      0 
 20260921    17:24:52       0     81     73      -      0      0      0      0      0      0   6501   1320     43      0   9583   2383      0      -      -      0     28     11 
 20260921    17:24:53       0    139     74      -    100     55      0      0      0      0   6501   1320    100      0   9583   2383      0      -      -      0     35      7 
 20260921    17:24:54       0    118     74      -     82     81      0      0      0      0   6501   1290     33      0   9583   2383      0      -      -      0     26      0 
 20260921    17:24:55       0     96     72      -     15     12      0      0      0      0   6501   1890      0      0   9583   2383      0      -      -      0      0      0 
 20260921    17:24:56       0     77     72      -      0      0      0      0      0      0   6501   1890      0      0   9583   2383      0      -      -      0      0      0 
 20260921    17:24:57       0     64     71      -      0      0      0      0      0      0   6501   1560      0      0   9583   2383      0      -      -      0      0      0 
 20260921    17:24:58       0     55     70      -      0      0      0      0      0      0   6501   1560      0      0   9583   2383      0      -      -      0      0      0 
 20260921    17:24:59       0     46     70      -      0      0      0      0      0      0   6501   1560      0      0   9583   2383      0      -      -      0      0      0 
 20260921    17:25:00       0     46     70      -      0      0      0      0      0      0   6501   1560      0      0   9583   2383      0      -      -      0      0      1 
 20260921    17:25:01       0     81     74      -    100     58      0      0      0      0   6501   1290     72      0   9583   2383      0      -      -      0     36      8 
 20260921    17:25:02       0    138     75      -    100     53      0      0      0      0   6501   1335    100      0   9583   2383      0      -      -      0     33     10 
 20260921    17:25:03       0    138     75      -     97     55      0      0      0      0   6501   1275    100      0   9583   2383      0      -      -      0     26     11 
 20260921    17:25:04       0    139     76      -    100     58      0      0      0      0   6501   1290    100      0   9583   2383      0      -      -      0     29      9 
 20260921    17:25:05       0    116     74      -      0      0      0      0      0      0   6501   1890     16      0   9583   2383      0      -      -      0      0      0 
 20260921    17:25:06       0     76     74      -      0      0      0      0      0      0   6501   1890      0      0   9583   2383      0      -      -      0      0      0 
 20260921    17:25:07       0     65     73      -      0      0      0      0      0      0   6501   1560      0      0   9583   2383      0      -      -      0      0      0 
 20260921    17:25:08       0     56     72      -      0      0      0      0      0      0   6501   1560      0      0   9583   2383      0      -      -      0      0      0 
 20260921    17:25:09       0     48     72      -      0      0      0      0      0      0   6501   1560      0      0   9583   2383      0      -      -      0      0      0 
 20260921    17:25:10       0     47     71      -      0      0      0      0      0      0   6501   1560      0      0   9583   2383      0      -      -      0      0      0 
#Date        Time         gpu    pwr  gtemp  mtemp     sm    mem    enc    dec    jpg    ofa   mclk   pclk  pviol  tviol     fb   bar1   ccpm  sbecc  dbecc    pci  rxpci  txpci 
#YYYYMMDD    HH:MM:SS     Idx      W      C      C      %      %      %      %      %      %    MHz    MHz      %   bool     MB     MB     MB   errs   errs   errs   MB/s   MB/s 
 20260921    17:25:12       0     47     71      -      0      0      0      0      0      0   6501   1560      0      0   9583   2383      0      -      -      0      0      0 
 20260921    17:25:13       0     47     71      -      0      0      0      0      0      0   6501   1560      0      0   9583   2383      0      -      -      0      0      0 
 20260921    17:25:14       0     78     75      -     97     61      0      0      0      0   6501   1320     71      0   9583   2383      0      -      -      0     27     11 
 20260921    17:25:15       0     98     72      -     27     27      0      0      0      0   6501   1890     22      0   9583   2383      0      -      -      0      0      0 
 20260921    17:25:16       0     72     72      -      0      0      0      0      0      0   6501   1890      0      0   9583   2383      0      -      -      0      0      0 
 20260921    17:25:17       0     64     71      -      0      0      0      0      0      0   6501   1560      0      0   9583   2383      0      -      -      0      0      0 
 20260921    17:25:18       0     56     71      -      0      0      0      0      0      0   6501   1560      0      0   9583   2383      0      -      -      0      0      0 
 20260921    17:25:19       0     52     72      -      0      0      0      0      0      0   6501   1560      0      0   9583   2383      0      -      -      0      0      0 
 20260921    17:25:20       0     70     71      -      0      0      0      0      0      0   6501   1890      0      0   9583   2383      0      -      -      0      0      0 
 20260921    17:25:21       0     63     70      -      0      0      0      0      0      0   6501   1560      0      0   9583   2383      0      -      -      0      0      0 
 20260921    17:25:22       0     54     70      -      0      0      0      0      0      0   6501   1560      0      0   9583   2383      0      -      -      0      0      1 
 20260921    17:25:23       0     46     70      -      0      0      0      0      0      0   6501   1560      0      0   9583   2383      0      -      -      0      0      0 
 20260921    17:25:24       0     45     69      -      0      0      0      0      0      0   6501   1560      0      0   9583   2383      0      -      -      0      0      0 
 20260921    17:25:25       0     45     69      -      0      0      0      0      0      0   6501   1560      0      0   9583   2383      0      -      -      0      0      0 
 20260921    17:25:26       0     45     69      -      0      0      0      0      0      0   6501   1560      0      0   9583   2383      0      -      -      0      0      0 
 20260921    17:25:27       0     45     69      -      0      0      0      0      0      0   6501   1560      0      0   9583   2383      0      -      -      0      0      0 
 20260921    17:25:28       0     45     68      -      0      0      0      0      0      0   6501   1560      0      0   9583   2383      0      -      -      0      0      0 
 20260921    17:25:29       0     44     68      -      0      0      0      0      0      0   6501   1560      0      0   9583   2383      0      -      -      0      0      0 
 20260921    17:25:30       0     44     68      -      0      0      0      0      0      0   6501   1560      0      0   9583   2383      0      -      -      0      0      0 
 20260921    17:25:31       0     44     68      -      0      0      0      0      0      0   6501   1560      0      0   9583   2383      0      -      -      0      0      0 
 20260921    17:25:32       0     44     68      -      0      0      0      0      0      0   6501   1560      0      0   9583   2383      0      -      -      0      0      1 
 20260921    17:25:34       0     53     68      -     59     51      0      0      0      0   6501   1890      0      0   9583   2383      0      -      -      0      0      0 
 20260921    17:25:35       0     67     68      -      0      0      0      0      0      0   6501   1890      0      0   9583   2383      0      -      -      0      0      0 
 20260921    17:25:36       0     60     68      -      0      0      0      0      0      0   6501   1560      0      0   9583   2383      0      -      -      0      0      0 
 20260921    17:25:37       0     52     67      -      0      0      0      0      0      0   6501   1560      0      0   9583   2383      0      -      -      0      0      0 
 20260921    17:25:38       0     44     67      -      0      0      0      0      0      0   6501   1560      0      0   9583   2383      0      -      -      0      0      0 
 20260921    17:25:39       0     43     67      -      0      0      0      0      0      0   6501   1560      0      0   9583   2383      0      -      -      0      0      0 
 20260921    17:25:40       0     77     70      -      0      0      0      0      0      0   6501   1320     80      0   9583   2383      0      -      -      0     28      7 
 20260921    17:25:41       0    139     72      -    100     59      0      0      0      0   6501   1290    100      0   9583   2383      0      -      -      0     36      9 
 20260921    17:25:42       0    112     70      -    100     57      0      0      0      0   6501   1890     16      0   9583   2383      0      -      -      0      0      0 
 20260921    17:25:43       0     71     70      -      0      0      0      0      0      0   6501   1890      0      0   9583   2383      0      -      -      0      0      0 
 20260921    17:25:44       0     61     69      -      0      0      0      0      0      0   6501   1560      0      0   9583   2383      0      -      -      0      0      0 
 20260921    17:25:45       0     55     69      -      0      0      0      0      0      0   6501   1890      0      0   9583   2383      0      -      -      0      0      0 
 20260921    17:25:46       0     68     69      -      0      0      0      0      0      0   6501   1890      0      0   9583   2383      0      -      -      0      0      0 
 20260921    17:25:47       0     59     68      -      0      0      0      0      0      0   6501   1560      0      0   9583   2383      0      -      -      0      0      0 
 20260921    17:25:48       0     52     68      -      0      0      0      0      0      0   6501   1560      0      0   9583   2383      0      -      -      0      0      0 
 20260921    17:25:49       0     44     68      -      0      0      0      0      0      0   6501   1560      0      0   9583   2383      0      -      -      0      0      0 
 20260921    17:25:50       0     44     68      -      0      0      0      0      0      0   6501   1560      0      0   9583   2383      0      -      -      0      0      0 
 20260921    17:25:51       0     51     70      -    100     61      0      0      0      0   6501   1290     46      0   9583   2383      0      -      -      0     29     11 
 20260921    17:25:52       0    140     72      -    100     59      0      0      0      0   6501   1305     81      0   9583   2383      0      -      -      0      0      0 
 20260921    17:25:53       0     88     70      -      0      0      0      0      0      0   6501   1860      0      0   9583   2383      0      -      -      0      0      0 
 20260921    17:25:54       0     67     69      -      0      0      0      0      0      0   6501   1860      0      0   9583   2383      0      -      -      0     24     10 
 20260921    17:25:56       0     95     70      -     76     60      0      0      0      0   6501   1890     43      0   9583   2383      0      -      -      0      0      0 
 20260921    17:25:57       0     72     72      -      0      0      0      0      0      0   6501   1725      0      0   9583   2383      0      -      -      0      0      0 
#Date        Time         gpu    pwr  gtemp  mtemp     sm    mem    enc    dec    jpg    ofa   mclk   pclk  pviol  tviol     fb   bar1   ccpm  sbecc  dbecc    pci  rxpci  txpci 
#YYYYMMDD    HH:MM:SS     Idx      W      C      C      %      %      %      %      %      %    MHz    MHz      %   bool     MB     MB     MB   errs   errs   errs   MB/s   MB/s 
 20260921    17:25:58       0     74     70      -      0      0      0      0      0      0   6501   1890      0      0   9583   2383      0      -      -      0      0      0 
 20260921    17:25:59       0     61     69      -      0      0      0      0      0      0   6501   1560      0      0   9583   2383      0      -      -      0      0      0 
 20260921    17:26:00       0     53     69      -      0      0      0      0      0      0   6501   1560      0      0   9583   2383      0      -      -      0      0      0 
 20260921    17:26:01       0     54     70      -     96     80      0      0      0      0   6501   1890      0      0   9583   2383      0      -      -      0      0      0 
 20260921    17:26:02       0     68     70      -      0      0      0      0      0      0   6501   1890      0      0   9583   2383      0      -      -      0      0      0 
 20260921    17:26:03       0     61     69      -      0      0      0      0      0      0   6501   1560     27      0   9583   2383      0      -      -      0     34      8 
 20260921    17:26:04       0    104     73      -    100     58      0      0      0      0   6501   1290    100      0   9583   2383      0      -      -      0     33     11 
 20260921    17:26:05       0    139     74      -    100     58      0      0      0      0   6501   1320    100      0   9583   2383      0      -      -      0     16     12 
 20260921    17:26:06       0     99     72      -      0      0      0      0      0      0   6501   1890     30      0   9583   2383      0      -      -      0      0      0 
 20260921    17:26:07       0     74     72      -      0      0      0      0      0      0   6501   1890      0      0   9583   2383      0      -      -      0      0      0 
 20260921    17:26:08       0     62     71      -      0      0      0      0      0      0   6501   1560      0      0   9583   2383      0      -      -      0      0      0 
 20260921    17:26:09       0     54     70      -      0      0      0      0      0      0   6501   1560      0      0   9583   2383      0      -      -      0      0      0 
 20260921    17:26:10       0     46     70      -      0      0      0      0      0      0   6501   1560      0      0   9583   2383      0      -      -      0      0      0 
 20260921    17:26:11       0     46     70      -      0      0      0      0      0      0   6501   1560      0      0   9583   2383      0      -      -      0      0      0 
 20260921    17:26:12       0     45     69      -      0      0      0      0      0      0   6501   1560      0      0   9583   2383      0      -      -      0      0      0 
 20260921    17:26:13       0     45     69      -      0      0      0      0      0      0   6501   1560      0      0   9583   2383      0      -      -      0      0      0 
 20260921    17:26:14       0     45     69      -      0      0      0      0      0      0   6501   1560      0      0   9583   2383      0      -      -      0      0      0 
 20260921    17:26:15       0     45     69      -      0      0      0      0      0      0   6501   1560      0      0   9583   2383      0      -      -      0      0      0 
 20260921    17:26:17       0     44     69      -      0      0      0      0      0      0   6501   1560      0      0   9583   2383      0      -      -      0      0      0 
 20260921    17:26:18       0     44     68      -      0      0      0      0      0      0   6501   1560      0      0   9583   2383      0      -      -      0      0      0 
 20260921    17:26:19       0     44     68      -      0      0      0      0      0      0   6501   1560      0      0   9583   2383      0      -      -      0      0      0 
 20260921    17:26:20       0     44     68      -      0      0      0      0      0      0   6501   1560      0      0   9583   2383      0      -      -      0      0      0 
 20260921    17:26:21       0     44     68      -      0      0      0      0      0      0   6501   1560      0      0   9583   2383      0      -      -      0      0      0 
 20260921    17:26:22       0     43     67      -      0      0      0      0      0      0   6501   1560      0      0   9583   2383      0      -      -      0      0      0 
 20260921    17:26:23       0     42     67      -      0      0      0      0      0      0    405    300      0      0   9583   2383      0      -      -      0      0      0 
 20260921    17:26:24       0     30     66      -      0      0      0      0      0      0    405    210      0      0   9583   2383      0      -      -      0      0      0 
 20260921    17:26:25       0     21     65      -      0      0      0      0      0      0    405    210     18      0   9583   2383      0      -      -      0      0      0 
 20260921    17:26:26       0     71     68      -     26     26      0      0      0      0   6501   1890      0      0   9583   2383      0      -      -      0      0      0 
 20260921    17:26:27       0     69     68      -      0      0      0      0      0      0   6501   1890     31      0   9583   2383      0      -      -      0     31      9 
 20260921    17:26:28       0    139     72      -    100     55      0      0      0      0   6501   1275    100      0   9583   2383      0      -      -      0     22     13 
 20260921    17:26:29       0    102     70      -      0      0      0      0      0      0   6501   1890      9      0   9583   2383      0      -      -      0      0      0 
 20260921    17:26:30       0     79     71      -     73     72      0      0      0      0   6501   1890     16      0   9583   2383      0      -      -      0      0      0 
 20260921    17:26:31       0     69     69      -      0      0      0      0      0      0   6501   1890      0      0   9583   2383      0      -      -      0      0      0 
 20260921    17:26:32       0     78     72      -    100     58      0      0      0      0   6501   1290     47      0   9583   2383      0      -      -      0     32     10 
 20260921    17:26:33       0    138     73      -    100     56      0      0      0      0   6501   1275    100      0   9583   2383      0      -      -      0     23     11 
 20260921    17:26:34       0    137     74      -     87     82      0      0      0      0   6501   1815     58      0   9583   2383      0      -      -      0      0      0 
 20260921    17:26:35       0     73     71      -      0      0      0      0      0      0   6501   1890      0      0   9583   2383      0      -      -      0      0      0 
 20260921    17:26:36       0     64     72      -     93     48      0      0      0      0   6501   1290     51      0   9583   2383      0      -      -      0     26      8 
 20260921    17:26:38       0    140     75      -    100     52      0      0      0      0   6501   1290    100      0   9583   2383      0      -      -      0     32     13 
 20260921    17:26:39       0    138     76      -    100     51      0      0      0      0   6501   1305    100      0   9583   2383      0      -      -      0    124   5579 
 20260921    17:26:40       0    138     76      -    100     51      0      0      0      0   6501   1155    100      0   9583   2383      0      -      -      0     21     11 
 20260921    17:26:41       0    138     77      -    100     58      0      0      0      0   6501   1305    100      0   9583   2383      0      -      -      0     31      9 
 20260921    17:26:42       0    136     77      -    100     56      0      0      0      0   6501   1815     69      0   9583   2383      0      -      -      0     52     14 
 20260921    17:26:43       0     87     75      -      0      0      0      0      0      0   6501   1890      0      0   9583   2383      0      -      -      0      0      0 
#Date        Time         gpu    pwr  gtemp  mtemp     sm    mem    enc    dec    jpg    ofa   mclk   pclk  pviol  tviol     fb   bar1   ccpm  sbecc  dbecc    pci  rxpci  txpci 
#YYYYMMDD    HH:MM:SS     Idx      W      C      C      %      %      %      %      %      %    MHz    MHz      %   bool     MB     MB     MB   errs   errs   errs   MB/s   MB/s 
 20260921    17:26:44       0     73     76      -      0      0      0      0      0      0   6501   1305     41      0   9583   2383      0      -      -      0     28   2653 
 20260921    17:26:45       0    108     75      -     78     74      0      0      0      0   6501   1890      8      0   9583   2383      0      -      -      0      0      0 
 20260921    17:26:46       0     75     75      -      0      0      0      0      0      0   6501   1890      0      0   9583   2383      0      -      -      0      0      0 
 20260921    17:26:47       0     63     76      -      0      0      0      0      0      0   6501   1560      0      0   9583   2383      0      -      -      0      0      0 
 20260921    17:26:48       0     74     75      -      0      0      0      0      0      0   6501   1890      0      0   9583   2383      0      -      -      0      0      0 
 20260921    17:26:49       0     66     74      -      0      0      0      0      0      0   6501   1560      0      0   9583   2383      0      -      -      0      0      0 
 20260921    17:26:50       0     57     73      -      0      0      0      0      0      0   6501   1560      0      0   9583   2383      0      -      -      0      0      0 
 20260921    17:26:51       0     49     73      -      0      0      0      0      0      0   6501   1560      0      0   9583   2383      0      -      -      0      0      0 
 20260921    17:26:52       0     76     76      -    100     61      0      0      0      0   6501   1170     69      0   9583   2383      0      -      -      0     23      6 
 20260921    17:26:53       0    138     77      -    100     52      0      0      0      0   6501   1320    100      0   9583   2383      0      -      -      0     24     13 
 20260921    17:26:54       0    129     77      -     12     13      0      0      0      0   6501   1710     45      0   9583   2383      0      -      -      0      0      0 
 20260921    17:26:55       0     80     75      -      0      0      0      0      0      0   6501   1890      0      0   9583   2383      0      -      -      0      0      0 
 20260921    17:26:56       0     78     75      -      0      0      0      0      0      0   6501   1890      0      0   9583   2383      0      -      -      0      0      0 
 20260921    17:26:57       0     66     74      -      0      0      0      0      0      0   6501   1560      0      0   9583   2383      0      -      -      0      0      0 
 20260921    17:26:58       0     58     74      -      0      0      0      0      0      0   6501   1560      0      0   9583   2383      0      -      -      0      0      1 
 20260921    17:27:00       0     98     75      -    100     60      0      0      0      0   6501   1890     62      0   9583   2383      0      -      -      0      0      0 
 20260921    17:27:01       0     74     75      -      0      0      0      0      0      0   6501   1890      0      0   9583   2383      0      -      -      0      0      0 
 20260921    17:27:02       0     66     73      -      0      0      0      0      0      0   6501   1560      0      0   9583   2383      0      -      -      0      0      0 
 20260921    17:27:03       0     57     73      -      0      0      0      0      0      0   6501   1560      0      0   9583   2383      0      -      -      0      0      0 
 20260921    17:27:04       0     49     73      -      0      0      0      0      0      0   6501   1560      0      0   9583   2383      0      -      -      0      0      0 
 20260921    17:27:05       0     48     72      -      0      0      0      0      0      0   6501   1560      0      0   9583   2383      0      -      -      0      0      0 
 20260921    17:27:06       0     48     72      -      0      0      0      0      0      0   6501   1560      0      0   9583   2383      0      -      -      0      0      0 
 20260921    17:27:07       0     72     75      -      0      0      0      0      0      0   6501   1320     70      0   9583   2383      0      -      -      0     20     11 
 20260921    17:27:08       0    138     77      -    100     58      0      0      0      0   6501   1335    100      0   9583   2383      0      -      -      0     33      9 
 20260921    17:27:09       0    138     77      -    100     55      0      0      0      0   6501   1320     94      0   9583   2383      0      -      -      0   1550   7482 
 20260921    17:27:10       0    106     75      -     81     83      0      0      0      0   6501   1890      0      0   9583   2383      0      -      -      0      0      0 
 20260921    17:27:11       0     64     74      -      0      0      0      0      0      0   6501   1560      0      0   9583   2383      0      -      -      0      0      0 
 20260921    17:27:12       0     60     75      -     97     59      0      0      0      0   6501   1305     22      0   9583   2383      0      -      -      0     32      9 
 20260921    17:27:13       0    140     77      -    100     56      0      0      0      0   6501   1590     91      0   9583   2383      0      -      -      0      0      0 
 20260921    17:27:14       0     83     75      -      0      0      0      0      0      0   6501   1890      0      0   9583   2383      0      -      -      0      0      0 
 20260921    17:27:15       0     77     75      -      0      0      0      0      0      0   6501   1890      0      0   9583   2383      0      -      -      0      0      0 
 20260921    17:27:16       0     66     74      -      0      0      0      0      0      0   6501   1560      0      0   9583   2383      0      -      -      0      0      0 
 20260921    17:27:17       0     57     73      -      0      0      0      0      0      0   6501   1560      0      0   9583   2383      0      -      -      0      0      0 
 20260921    17:27:18       0     49     73      -      0      0      0      0      0      0   6501   1560      0      0   9583   2383      0      -      -      0      0      0 
 20260921    17:27:19       0     48     73      -      0      0      0      0      0      0   6501   1560      0      0   9583   2383      0      -      -      0      0      0 
 20260921    17:27:20       0     48     72      -      0      0      0      0      0      0   6501   1560      0      0   9583   2383      0      -      -      0      0      1 
 20260921    17:27:22       0     47     72      -      0      0      0      0      0      0   6501   1560      0      0   9583   2383      0      -      -      0      0      0 
 20260921    17:27:23       0     47     71      -      0      0      0      0      0      0   6501   1560      0      0   9583   2383      0      -      -      0      0      0 
 20260921    17:27:24       0     47     71      -      0      0      0      0      0      0   6501   1560      0      0   9583   2383      0      -      -      0      0      0 
 20260921    17:27:25       0     47     71      -      0      0      0      0      0      0   6501   1485      4      0   9583   2383      0      -      -      0      0      0 
 20260921    17:27:26       0     55     71      -      0      0      0      0      0      0   6501   1560      0      0   9583   2383      0      -      -      0      0      0 
 20260921    17:27:27       0     53     71      -      0      0      0      0      0      0   6501   1560      0      0   9583   2383      0      -      -      0      0      0 
 20260921    17:27:28       0     46     70      -      0      0      0      0      0      0   6501   1560      0      0   9583   2383      0      -      -      0      0      0 
 20260921    17:27:29       0     46     70      -      0      0      0      0      0      0   6501   1560      0      0   9583   2383      0      -      -      0      0      0 
#Date        Time         gpu    pwr  gtemp  mtemp     sm    mem    enc    dec    jpg    ofa   mclk   pclk  pviol  tviol     fb   bar1   ccpm  sbecc  dbecc    pci  rxpci  txpci 
#YYYYMMDD    HH:MM:SS     Idx      W      C      C      %      %      %      %      %      %    MHz    MHz      %   bool     MB     MB     MB   errs   errs   errs   MB/s   MB/s 
 20260921    17:27:30       0     46     70      -      0      0      0      0      0      0   6501   1560      0      0   9583   2383      0      -      -      0      0      0 
 20260921    17:27:31       0     60     71      -      0      0      0      0      0      0   6501   1890      0      0   9583   2383      0      -      -      0      0      0 
 20260921    17:27:32       0     70     71      -      0      0      0      0      0      0   6501   1890      0      0   9583   2383      0      -      -      0      0      0 
 20260921    17:27:33       0     53     70      -      0      0      0      0      0      0   6501   1560      0      0   9583   2383      0      -      -      0      0      0 
 20260921    17:27:34       0     46     69      -      0      0      0      0      0      0   6501   1560      0      0   9583   2383      0      -      -      0      0      0 
 20260921    17:27:35       0     45     69      -      0      0      0      0      0      0   6501   1560      0      0   9583   2383      0      -      -      0      0      0 
 20260921    17:27:36       0     45     69      -      0      0      0      0      0      0   6501   1560      0      0   9583   2383      0      -      -      0      0      0 
 20260921    17:27:37       0     47     70      -     88     62      0      0      0      0   6501   1320     32      0   9583   2383      0      -      -      0     31     10 
 20260921    17:27:38       0    111     71      -      0      0      0      0      0      0   6501   1890     19      0   9583   2383      0      -      -      0      0      0 
 20260921    17:27:39       0     70     70      -      0      0      0      0      0      0   6501   1890      0      0   9583   2383      0      -      -      0      0      0 
 20260921    17:27:40       0     60     70      -      0      0      0      0      0      0   6501   1560      0      0   9583   2383      0      -      -      0      0      0 
 20260921    17:27:41       0     53     69      -      0      0      0      0      0      0   6501   1560      0      0   9583   2383      0      -      -      0      0      0 
 20260921    17:27:42       0     45     69      -      0      0      0      0      0      0   6501   1560      0      0   9583   2383      0      -      -      0      0      1 
 20260921    17:27:44       0     45     68      -      0      0      0      0      0      0   6501   1560      0      0   9583   2383      0      -      -      0      0      0 
 20260921    17:27:45       0     44     68      -      0      0      0      0      0      0   6501   1560      0      0   9583   2383      0      -      -      0      0      0 
 20260921    17:27:46       0     44     68      -      0      0      0      0      0      0   6501   1560      0      0   9583   2383      0      -      -      0      0      0 
 20260921    17:27:47       0     44     68      -      0      0      0      0      0      0   6501   1560      0      0   9583   2383      0      -      -      0      0      0 
 20260921    17:27:48       0     44     68      -      0      0      0      0      0      0   6501   1560      0      0   9583   2383      0      -      -      0      0      0 
 20260921    17:27:49       0     49     69      -      0      0      0      0      0      0   6501   1560      0      0   9583   2383      0      -      -      0      0      0 
 20260921    17:27:50       0     68     69      -      0      0      0      0      0      0   6501   1890      0      0   9583   2383      0      -      -      0      0      0 
 20260921    17:27:51       0     59     68      -      0      0      0      0      0      0   6501   1890      0      0   9583   2383      0      -      -      0      0      0 
 20260921    17:27:52       0     52     68      -      0      0      0      0      0      0   6501   1560      0      0   9583   2383      0      -      -      0      0      0 
 20260921    17:27:53       0     44     67      -      0      0      0      0      0      0   6501   1560      0      0   9583   2383      0      -      -      0      0      1 
 20260921    17:27:54       0     44     67      -      0      0      0      0      0      0   6501   1560      0      0   9583   2383      0      -      -      0      0      0 
 20260921    17:27:55       0     44     67      -      0      0      0      0      0      0   6501   1560      0      0   9583   2383      0      -      -      0      0      0 
 20260921    17:27:56       0     43     67      -      0      0      0      0      0      0   6501   1560      0      0   9583   2383      0      -      -      0      0      0 
 20260921    17:27:57       0     43     67      -      0      0      0      0      0      0   6501   1560      0      0   9583   2383      0      -      -      0      0      0 
 20260921    17:27:58       0     43     67      -      0      0      0      0      0      0   6501   1560      0      0   9583   2383      0      -      -      0      0      0 
 20260921    17:27:59       0     43     67      -      0      0      0      0      0      0   6501   1560      0      0   9583   2383      0      -      -      0      0      0 
 20260921    17:28:00       0     43     66      -      0      0      0      0      0      0   6501   1560      0      0   9583   2383      0      -      -      0      0      0 
 20260921    17:28:01       0     42     66      -      0      0      0      0      0      0   6501   1560      0      0   9583   2383      0      -      -      0      0      0 
 20260921    17:28:02       0     42     66      -      0      0      0      0      0      0   6501   1560      0      0   9583   2383      0      -      -      0      0      0 
 20260921    17:28:03       0     78     70      -    100     52      0      0      0      0   6501   1305     96      0   9583   2383      0      -      -      0     27      8 
 20260921    17:28:05       0    139     71      -    100     60      0      0      0      0   6501   1275     97      0   9583   2383      0      -      -      0   1388   2007 
 20260921    17:28:06       0     69     69      -      0      0      0      0      0      0   6501   1890      0      0   9583   2383      0      -      -      0      0      0 
 20260921    17:28:07       0     59     68      -      0      0      0      0      0      0   6501   1890      0      0   9583   2383      0      -      -      0      0      0 
 20260921    17:28:08       0     63     70      -      0      0      0      0      0      0   6501   1335     33      0   9583   2383      0      -      -      0     29     11 
 20260921    17:28:09       0    124     70      -     81     59      0      0      0      0   6501   1890     36      0   9583   2383      0      -      -      0      0      0 
 20260921    17:28:10       0     77     70      -      0      0      0      0      0      0   6501   1890      0      0   9583   2383      0      -      -      0      0      0 
 20260921    17:28:11       0     61     69      -      0      0      0      0      0      0   6501   1560      0      0   9583   2383      0      -      -      0      0      0 
 20260921    17:28:12       0     53     68      -      0      0      0      0      0      0   6501   1560      0      0   9583   2383      0      -      -      0      0      0 
 20260921    17:28:13       0     45     68      -      0      0      0      0      0      0   6501   1560      0      0   9583   2383      0      -      -      0      0      0 
 20260921    17:28:14       0     44     68      -      0      0      0      0      0      0   6501   1560      0      0   9583   2383      0      -      -      0      0      0 
 20260921    17:28:15       0     44     68      -      0      0      0      0      0      0   6501   1560      0      0   9583   2383      0      -      -      0      0      1 
#Date        Time         gpu    pwr  gtemp  mtemp     sm    mem    enc    dec    jpg    ofa   mclk   pclk  pviol  tviol     fb   bar1   ccpm  sbecc  dbecc    pci  rxpci  txpci 
#YYYYMMDD    HH:MM:SS     Idx      W      C      C      %      %      %      %      %      %    MHz    MHz      %   bool     MB     MB     MB   errs   errs   errs   MB/s   MB/s 
 20260921    17:28:16       0     44     67      -      0      0      0      0      0      0   6501   1560      0      0   9583   2383      0      -      -      0      0      0 
 20260921    17:28:17       0     44     67      -      0      0      0      0      0      0   6501   1560      0      0   9583   2383      0      -      -      0      0      0 
 20260921    17:28:18       0     44     67      -      0      0      0      0      0      0   6501   1560      0      0   9583   2383      0      -      -      0      0      0 
 20260921    17:28:19       0     43     67      -      0      0      0      0      0      0   6501   1560      0      0   9583   2383      0      -      -      0      0      0 
 20260921    17:28:20       0     43     67      -      0      0      0      0      0      0   6501   1560      0      0   9583   2383      0      -      -      0      0      0 
 20260921    17:28:21       0     43     67      -      0      0      0      0      0      0   6501   1560      0      0   9583   2383      0      -      -      0      0      0 
 20260921    17:28:22       0     62     70      -    100     50      0      0      0      0   6501   1365     63      0   9583   2383      0      -      -      0     32     12 
 20260921    17:28:23       0    138     71      -    100     56      0      0      0      0   6501   1320    100      0   9583   2383      0      -      -      0     16     12 
 20260921    17:28:24       0    139     72      -    100     59      0      0      0      0   6501   1200     95      0   9583   2383      0      -      -      0   1246   6585 
 20260921    17:28:25       0    131     73      -    100     62      0      0      0      0   6501   1335     42      0   9583   2383      0      -      -      0      0      1 
 20260921    17:28:27       0     74     70      -      0      0      0      0      0      0   6501   1890      0      0   9583   2383      0      -      -      0      0      0 
 20260921    17:28:28       0     60     69      -      0      0      0      0      0      0   6501   1560      0      0   9583   2383      0      -      -      0      0      0 
 20260921    17:28:29       0     53     69      -      0      0      0      0      0      0   6501   1560      0      0   9583   2383      0      -      -      0      0      0 
 20260921    17:28:30       0     45     69      -      0      0      0      0      0      0   6501   1560      0      0   9583   2383      0      -      -      0     24      8 
 20260921    17:28:31       0     90     71      -    100     62      0      0      0      0   6501   1890     49      0   9583   2383      0      -      -      0      0      0 
 20260921    17:28:32       0     81     72      -      0      0      0      0      0      0   6501   1305     44      0   9583   2383      0      -      -      0     30   4744 
 20260921    17:28:33       0     99     71      -     24     24      0      0      0      0   6501   1890      7      0   9583   2383      0      -      -      0      0      0 
 20260921    17:28:34       0     71     71      -      0      0      0      0      0      0   6501   1890      0      0   9583   2383      0      -      -      0      0      0 
 20260921    17:28:35       0     61     70      -      0      0      0      0      0      0   6501   1560      0      0   9583   2383      0      -      -      0      0      0 
 20260921    17:28:36       0     53     69      -      0      0      0      0      0      0   6501   1560      0      0   9583   2383      0      -      -      0     33     13 
 20260921    17:28:37       0     57     70      -     64     60      0      0      0      0   6501   1890      0      0   9583   2383      0      -      -      0      0      0 
 20260921    17:28:38       0     62     70      -      0      0      0      0      0      0   6501   1890      0      0   9583   2383      0      -      -      0      0      0 
 20260921    17:28:39       0     54     69      -      0      0      0      0      0      0   6501   1560      0      0   9583   2383      0      -      -      0      0      0 
 20260921    17:28:40       0     45     69      -      0      0      0      0      0      0   6501   1560      0      0   9583   2383      0      -      -      0      0      0 
 20260921    17:28:41       0     45     69      -      0      0      0      0      0      0   6501   1560      0      0   9583   2383      0      -      -      0      0      0 
 20260921    17:28:42       0     45     69      -      0      0      0      0      0      0   6501   1560      0      0   9583   2383      0      -      -      0      0      0 
 20260921    17:28:43       0     44     68      -      0      0      0      0      0      0   6501   1560      0      0   9583   2383      0      -      -      0      0      0 
 20260921    17:28:44       0     50     70      -     90     92      0      0      0      0   6501   1560      0      0   9583   2383      0      -      -      0      0      0 
 20260921    17:28:45       0     59     69      -      0      0      0      0      0      0   6501   1770      0      0   9583   2383      0      -      -      0      0      0 
 20260921    17:28:46       0     91     72      -     93     67      0      0      0      0   6501   1530     46      0   9583   2383      0      -      -      0      0      0 
 20260921    17:28:47       0     76     70      -      0      0      0      0      0      0   6501   1890      0      0   9583   2383      0      -      -      0      0      1 
 20260921    17:28:49       0     59     69      -      0      0      0      0      0      0   6501   1560      0      0   9583   2383      0      -      -      0      0      0 
 20260921    17:28:50       0     48     68      -      0      0      0      0      0      0   6501   1440     10      0   9583   2383      0      -      -      0     21      9 
 20260921    17:28:51       0    140     73      -    100     52      0      0      0      0   6501   1320    100      0   9583   2383      0      -      -      0     25     13 
 20260921    17:28:52       0    138     74      -    100     60      0      0      0      0   6501   1275    100      0   9583   2383      0      -      -      0     33      9 
 20260921    17:28:53       0    112     72      -     97     64      0      0      0      0   6501   1890     33      0   9583   2383      0      -      -      0      0      0 
 20260921    17:28:54       0     72     72      -      0      0      0      0      0      0   6501   1890      0      0   9583   2383      0      -      -      0      0      0 
 20260921    17:28:55       0     62     71      -      0      0      0      0      0      0   6501   1560      0      0   9583   2383      0      -      -      0      0      0 
 20260921    17:28:56       0     54     70      -      0      0      0      0      0      0   6501   1560      0      0   9583   2383      0      -      -      0      0      0 
 20260921    17:28:57       0     49     70      -      0      0      0      0      0      0   6501   1560      0      0   9583   2383      0      -      -      0      0      0 
 20260921    17:28:58       0     61     70      -      0      0      0      0      0      0   6501   1710      0      0   9583   2383      0      -      -      0      0      1 
 20260921    17:28:59       0     52     69      -     79     73      0      0      0      0   6501   1560      0      0   9583   2383      0      -      -      0     50     13 
 20260921    17:29:00       0     72     71      -      0      0      0      0      0      0   6501   1890      0      0   9583   2383      0      -      -      0      0      0 
 20260921    17:29:01       0     83     73      -    100     58      0      0      0      0   6501   1335     37      0   9583   2383      0      -      -      0     29     10 
#Date        Time         gpu    pwr  gtemp  mtemp     sm    mem    enc    dec    jpg    ofa   mclk   pclk  pviol  tviol     fb   bar1   ccpm  sbecc  dbecc    pci  rxpci  txpci 
#YYYYMMDD    HH:MM:SS     Idx      W      C      C      %      %      %      %      %      %    MHz    MHz      %   bool     MB     MB     MB   errs   errs   errs   MB/s   MB/s 
 20260921    17:29:02       0    117     72      -      0      0      0      0      0      0   6501   1890     44      0   9583   2383      0      -      -      0      0      0 
 20260921    17:29:03       0     76     72      -      0      0      0      0      0      0   6501   1890      0      0   9583   2383      0      -      -      0      0      0 
 20260921    17:29:04       0     64     71      -      0      0      0      0      0      0   6501   1560      0      0   9583   2383      0      -      -      0      0      0 
 20260921    17:29:05       0     47     70      -      0      0      0      0      0      0   6501   1560     17      0   9583   2383      0      -      -      0      9      0 
 20260921    17:29:06       0     73     71      -      0      0      0      0      0      0   6501   1890      0      0   9583   2383      0      -      -      0      0      0 
 20260921    17:29:07       0     75     73      -     74     73      0      0      0      0   6501   1785      6      0   9583   2383      0      -      -      0      0      0 
 20260921    17:29:08       0     71     71      -      0      0      0      0      0      0   6501   1890      0      0   9583   2383      0      -      -      0      0      0 
 20260921    17:29:10       0     64     71      -      0      0      0      0      0      0   6501   1560      0      0   9583   2383      0      -      -      0      0      0 
 20260921    17:29:11       0     55     70      -      0      0      0      0      0      0   6501   1560      0      0   9583   2383      0      -      -      0     25     11 
 20260921    17:29:12       0    107     74      -    100     57      0      0      0      0   6501   1245    100      0   9583   2383      0      -      -      0     22     12 
 20260921    17:29:13       0    102     72      -     73     74      0      0      0      0   6501   1890     26      0   9583   2383      0      -      -      0      0      0 
 20260921    17:29:14       0     77     72      -      0      0      0      0      0      0   6501   1890      0      0   9583   2383      0      -      -      0      0      0 
 20260921    17:29:15       0     62     71      -      0      0      0      0      0      0   6501   1560      0      0   9583   2383      0      -      -      0      0      0 
 20260921    17:29:16       0     55     71      -      0      0      0      0      0      0   6501   1560      0      0   9583   2383      0      -      -      0  11941      2 
 20260921    17:29:17       0     59     72      -     81     82      0      0      0      0   6501   1890     30      0   9583   2383      0      -      -      0     30     11 
 20260921    17:29:18       0    109     72      -    100     61      0      0      0      0   6501   1830     27      0   9583   2383      0      -      -      0      0      0 
 20260921    17:29:19       0     65     72      -      0      0      0      0      0      0   6501   1830      0      0   9583   2383      0      -      -      0      0      0 
 20260921    17:29:20       0     58     71      -      0      0      0      0      0      0   6501   1560      0      0   9583   2383      0      -      -      0      0      0 
 20260921    17:29:21       0     52     71      -      0      0      0      0      0      0   6501   1560      0      0   9583   2383      0      -      -      0      0      0 
 20260921    17:29:22       0     47     70      -      0      0      0      0      0      0   6501   1560      0      0   9583   2383      0      -      -      0      0      0 
 20260921    17:29:23       0     46     70      -      0      0      0      0      0      0   6501   1560      0      0   9583   2383      0      -      -      0      0      0 
 20260921    17:29:24       0     46     70      -      0      0      0      0      0      0   6501   1560      0      0   9583   2383      0      -      -      0      0      0 
 20260921    17:29:25       0     76     74      -    100     59      0      0      0      0   6501   1305     76      0   9583   2383      0      -      -      0     49     12 
 20260921    17:29:26       0     91     72      -      0      0      0      0      0      0   6501   1890      0      0   9583   2383      0      -      -      0      0      0 
 20260921    17:29:27       0     72     72      -      0      0      0      0      0      0   6501   1890      0      0   9583   2383      0      -      -      0      0      0 
 20260921    17:29:28       0     62     71      -      0      0      0      0      0      0   6501   1560      0      0   9583   2383      0      -      -      0      0      0 
 20260921    17:29:29       0     47     70      -      0      0      0      0      0      0   6501   1560     40      0   9583   2383      0      -      -      0     29     11 
 20260921    17:29:30       0    100     74      -    100     53      0      0      0      0   6501   1305     73      0   9583   2383      0      -      -      0      0      1 
 20260921    17:29:32       0     72     72      -      0      0      0      0      0      0   6501   1890      0      0   9583   2383      0      -      -      0      0      0 
 20260921    17:29:33       0     63     71      -      0      0      0      0      0      0   6501   1560      0      0   9583   2383      0      -      -      0      0      0 
 20260921    17:29:34       0     55     71      -      0      0      0      0      0      0   6501   1560      0      0   9583   2383      0      -      -      0      0      0 
 20260921    17:29:35       0     47     70      -      0      0      0      0      0      0   6501   1560      0      0   9583   2383      0      -      -      0      0      0 
 20260921    17:29:36       0     46     70      -      0      0      0      0      0      0   6501   1560      0      0   9583   2383      0      -      -      0      0      0 
 20260921    17:29:37       0     46     70      -      0      0      0      0      0      0   6501   1560      0      0   9583   2383      0      -      -      0      0      0 
 20260921    17:29:38       0     46     70      -      0      0      0      0      0      0   6501   1560      0      0   9583   2383      0      -      -      0      0      0 
 20260921    17:29:39       0     80     73      -      0      0      0      0      0      0   6501   1305     45      0   9583   2383      0      -      -      0      0      0 
 20260921    17:29:40       0     81     71      -      0      0      0      0      0      0   6501   1890      0      0   9583   2383      0      -      -      0      0      0 
 20260921    17:29:41       0     78     72      -      8      8      0      0      0      0   6501   1890      0      0   9583   2383      0      -      -      0      0      0 
 20260921    17:29:42       0     73     72      -      0      0      0      0      0      0   6501   1890      0      0   9583   2383      0      -      -      0      0      0 
 20260921    17:29:43       0     54     70      -      0      0      0      0      0      0   6501   1560      0      0   9583   2383      0      -      -      0      0      0 
 20260921    17:29:44       0     46     70      -      0      0      0      0      0      0   6501   1560      0      0   9583   2383      0      -      -      0      0      0 
 20260921    17:29:45       0     56     72      -     90     91      0      0      0      0   6501   1560      0      0   9583   2383      0      -      -      0      0      0 
 20260921    17:29:46       0     61     70      -      0      0      0      0      0      0   6501   1800      0      0   9583   2383      0      -      -      0      0      0 
 20260921    17:29:47       0     55     70      -      0      0      0      0      0      0   6501   1560      0      0   9583   2383      0      -      -      0      0      0 
#Date        Time         gpu    pwr  gtemp  mtemp     sm    mem    enc    dec    jpg    ofa   mclk   pclk  pviol  tviol     fb   bar1   ccpm  sbecc  dbecc    pci  rxpci  txpci 
#YYYYMMDD    HH:MM:SS     Idx      W      C      C      %      %      %      %      %      %    MHz    MHz      %   bool     MB     MB     MB   errs   errs   errs   MB/s   MB/s 
 20260921    17:29:48       0     50     69      -      0      0      0      0      0      0   6501   1560      0      0   9583   2383      0      -      -      0      0      0 
 20260921    17:29:49       0     46     69      -      0      0      0      0      0      0   6501   1560      0      0   9583   2383      0      -      -      0      0      0 
 20260921    17:29:50       0     45     69      -      0      0      0      0      0      0   6501   1560      0      0   9583   2383      0      -      -      0      0      0 
 20260921    17:29:51       0     51     70      -     68     69      0      0      0      0   6501   1560      0      0   9583   2383      0      -      -      0      0      0 
 20260921    17:29:52       0     54     69      -      0      0      0      0      0      0   6501   1560      0      0   9583   2383      0      -      -      0      0      1 
 20260921    17:29:54       0     45     69      -      0      0      0      0      0      0   6501   1560      0      0   9583   2383      0      -      -      0      0      0 
 20260921    17:29:55       0     45     69      -      0      0      0      0      0      0   6501   1560      0      0   9583   2383      0      -      -      0      0      0 
 20260921    17:29:56       0     45     68      -      0      0      0      0      0      0   6501   1560      0      0   9583   2383      0      -      -      0      0      0 
 20260921    17:29:57       0     44     68      -      0      0      0      0      0      0   6501   1560      0      0   9583   2383      0      -      -      0      0      0 
 20260921    17:29:58       0     44     68      -      0      0      0      0      0      0   6501   1560      0      0   9583   2383      0      -      -      0      0      0 
 20260921    17:29:59       0     44     68      -      0      0      0      0      0      0   6501   1560      0      0   9583   2383      0      -      -      0      0      0 
 20260921    17:30:00       0     44     68      -      0      0      0      0      0      0   6501   1560      0      0   9583   2383      0      -      -      0      0      0 
 20260921    17:30:01       0     44     68      -      0      0      0      0      0      0   6501   1560      0      0   9583   2383      0      -      -      0      0      0 
 20260921    17:30:02       0     44     68      -      0      0      0      0      0      0   6501   1560      0      0   9583   2383      0      -      -      0      0      0 
 20260921    17:30:03       0     44     67      -      0      0      0      0      0      0   6501   1560      0      0   9583   2383      0      -      -      0      0      0 
 20260921    17:30:04       0     43     67      -      0      0      0      0      0      0   6501   1560      0      0   9583   2383      0      -      -      0      0      0 
 20260921    17:30:05       0     43     67      -      0      0      0      0      0      0   6501   1560      0      0   9583   2383      0      -      -      0      0      0 
 20260921    17:30:06       0     43     67      -      0      0      0      0      0      0   6501   1560      0      0   9583   2383      0      -      -      0      0      0 
 20260921    17:30:07       0     43     67      -      0      0      0      0      0      0   6501   1560      0      0   9583   2383      0      -      -      0      0      0 
 20260921    17:30:08       0     36     66      -      0      0      0      0      0      0    405    240      0      0   9583   2383      0      -      -      0      0      0 
 20260921    17:30:09       0     24     65      -      0      0      0      0      0      0    405    210      0      0   9583   2383      0      -      -      0      0      0 
 20260921    17:30:10       0     20     65      -      0      0      0      0      0      0    405    210      0      0   9583   2383      0      -      -      0      0      0 
 20260921    17:30:11       0     20     65      -      0      0      0      0      0      0    405    210      0      0   9583   2383      0      -      -      0      0      0 
 20260921    17:30:12       0     20     64      -      0      0      0      0      0      0    405    210      0      0   9583   2383      0      -      -      0      0      0 
 20260921    17:30:13       0     20     65      -      0      0      0      0      0      0   6501   1560      0      0   9583   2383      0      -      -      0      0      0 
 20260921    17:30:15       0     52     65      -      0      0      0      0      0      0   6501   1560      0      0   9583   2383      0      -      -      0      0      0 
 20260921    17:30:16       0     51     68      -      0      0      0      0      0      0   6501   1305     22      0   9583   2383      0      -      -      0     20     12 
 20260921    17:30:17       0    139     70      -    100     49      0      0      0      0   6501   1305    100      0   9583   2383      0      -      -      0     18     13 
 20260921    17:30:18       0    135     71      -    100     53      0      0      0      0   6501   1830     73      0   9583   2383      0      -      -      0     56     15 
 20260921    17:30:19       0     82     68      -      0      0      0      0      0      0   6501   1890      0      0   9583   2383      0      -      -      0      0      0 
 20260921    17:30:20       0     74     68      -      0      0      0      0      0      0   6501   1890      0      0   9583   2383      0      -      -      0      0      0 
 20260921    17:30:21       0     58     67      -      0      0      0      0      0      0   6501   1560      0      0   9583   2383      0      -      -      0      0      0 
 20260921    17:30:22       0     51     67      -      0      0      0      0      0      0   6501   1560      0      0   9583   2383      0      -      -      0      0      0 
 20260921    17:30:23       0     43     67      -      0      0      0      0      0      0   6501   1560      0      0   9583   2383      0      -      -      0      0      0 
 20260921    17:30:24       0     43     67      -      0      0      0      0      0      0   6501   1560      0      0   9583   2383      0      -      -      0      0      0 
 20260921    17:30:25       0     43     66      -      0      0      0      0      0      0   6501   1560      0      0   9583   2383      0      -      -      0      0      0 
 20260921    17:30:26       0     43     66      -      0      0      0      0      0      0   6501   1560      0      0   9583   2383      0      -      -      0      0      0 
 20260921    17:30:27       0     42     66      -      0      0      0      0      0      0   6501   1560      0      0   9583   2383      0      -      -      0      0      0 
 20260921    17:30:28       0     42     66      -      0      0      0      0      0      0   6501   1560      0      0   9583   2383      0      -      -      0      0      0 
 20260921    17:30:29       0     42     66      -      0      0      0      0      0      0   6501   1560      0      0   9583   2383      0      -      -      0      0      2 
 20260921    17:30:30       0     69     67      -      0      0      0      0      0      0   6501   1770     21      0   9583   2383      0      -      -      0      0      0 
 20260921    17:30:31       0     59     67      -      0      0      0      0      0      0   6501   1770      0      0   9583   2383      0      -      -      0      0      0 
 20260921    17:30:32       0     51     67      -      0      0      0      0      0      0   6501   1560      0      0   9583   2383      0      -      -      0      0      0 
 20260921    17:30:33       0     46     66      -      0      0      0      0      0      0   6501   1560      0      0   9583   2383      0      -      -      0      0      0 
#Date        Time         gpu    pwr  gtemp  mtemp     sm    mem    enc    dec    jpg    ofa   mclk   pclk  pviol  tviol     fb   bar1   ccpm  sbecc  dbecc    pci  rxpci  txpci 
#YYYYMMDD    HH:MM:SS     Idx      W      C      C      %      %      %      %      %      %    MHz    MHz      %   bool     MB     MB     MB   errs   errs   errs   MB/s   MB/s 
 20260921    17:30:34       0     42     66      -      0      0      0      0      0      0   6501   1560      0      0   9583   2383      0      -      -      0      0      0 
 20260921    17:30:35       0     42     66      -      0      0      0      0      0      0   6501   1560      0      0   9583      5      0      -      -      0      0      1 
 20260921    17:30:37       0     42     66      -      0      0      0      0      0      0   6501   1560      0      0   5895      5      0      -      -      0      0      0 
