procs -----------------------memory---------------------- ---swap-- -----io---- -system-- --------cpu-------- -----timestamp-----
 r  b         swpd         free         buff        cache   si   so    bi    bo   in   cs  us  sy  id  wa  st                 KST
 5  0       546320     91897944      1280464     29895884    2    2 13301   488    0    0   1   1  96   2   0 2026-09-20 23:49:46
 2  0       546320     91797488      1280464     29895924    0    0     0     0 2424 3266   3   1  97   0   0 2026-09-20 23:49:47
 2  0       546320     91742336      1280464     29895952    0    0     0   376 4859 3855   4   7  88   0   0 2026-09-20 23:49:48
 2  0       546320     91696536      1280464     29895980    0    0     0     0 2036 2910   3   0  97   0   0 2026-09-20 23:49:49
 1  0       546320     91567296      1280472     29895992    0    0     0   100 3870 3967   0   1  99   0   0 2026-09-20 23:49:50
 1  0       546320     91632216      1280472     29896040    0    0     0     0 1884 3018   0   0  99   0   0 2026-09-20 23:49:51
 1  0       546320     91631040      1280472     29896056    0    0     0     0 2419 3479   0   0  99   0   0 2026-09-20 23:49:52
74  0       546320     91195144      1280472     29896084    0    0     0   340 3930 3817  10   1  89   0   0 2026-09-20 23:49:53
 2  0       546320     90990856      1280472     29896108    0    0     0     0 3109 3752   9   1  90   0   0 2026-09-20 23:49:54
 0  0       546320     91599328      1280488     29895948    0    0     0   208 3572 3563   2   1  97   0   0 2026-09-20 23:49:55
 0  0       546320     91597216      1280488     29895972    0    0     0     0 2047 3332   0   0  99   0   0 2026-09-20 23:49:56
 0  0       546320     91594744      1280488     29895996    0    0     0     0 2129 3986   0   0  99   0   0 2026-09-20 23:49:57
 1  0       546320     91382816      1280488     29896004    0    0     0   484 2360 3375   2   0  98   0   0 2026-09-20 23:49:58
 1  0       546320     91313776      1280488     29896040    0    0     0     0 1921 2866   2   0  98   0   0 2026-09-20 23:49:59
 1  0       546320     91215008      1280496     29896044    0    0     0   100 2062 3054   3   0  97   0   0 2026-09-20 23:50:00
 1  0       546320     91127728      1280496     29906336    0    0     0     0 3212 4066   2   1  98   0   0 2026-09-20 23:50:01
 1  0       546320     90992128      1280496     29975992    0    0     0     0 3313 5134   3   0  96   0   0 2026-09-20 23:50:02
 1  0       546320     90891000      1280496     29976012    0    0     0   340 3366 4814   3   1  96   0   0 2026-09-20 23:50:03
 1  0       546320     90893136      1280496     29976060    0    0     0     4 2844 4728   2   1  97   0   0 2026-09-20 23:50:04
 1  0       546320     90835920      1280504     29976056    0    0     0   160 2996 4615   2   1  97   0   0 2026-09-20 23:50:05
 1  0       546320     90821088      1280504     29976088    0    0     0     0 3363 4554   3   0  97   0   0 2026-09-20 23:50:06
procs -----------------------memory---------------------- ---swap-- -----io---- -system-- --------cpu-------- -----timestamp-----
 r  b         swpd         free         buff        cache   si   so    bi    bo   in   cs  us  sy  id  wa  st                 KST
 1  0       546320     90818656      1280504     29976128    0    0     0     0 3189 4456   3   0  97   0   0 2026-09-20 23:50:07
 1  0       546320     90811136      1280504     29976132    0    0     0   532 3808 4552   3   0  97   0   0 2026-09-20 23:50:08
 1  0       546320     90664680      1280504     29976108    0    0     0     0 2845 4575   2   1  97   0   0 2026-09-20 23:50:09
 1  0       546320     89572160      1280512     29969968    0    0     0  2152 3437 5280   3   1  96   0   0 2026-09-20 23:50:10
 2  0       546320     89538752      1280512     29969992    0    0     0     0 2858 4648   4   0  96   0   0 2026-09-20 23:50:11
 3  0       546320     89535928      1280512     29970032    0    0     0     0 3040 4386   6   0  94   0   0 2026-09-20 23:50:12
 2  0       546320     89536464      1280512     29970044    0    0     0   820 3519 4598   6   0  94   0   0 2026-09-20 23:50:13
 2  0       546320     89538600      1280512     29970088    0    0     0     0 3445 4680   6   0  94   0   0 2026-09-20 23:50:14
 2  0       546320     89539392      1280516     29970104    0    0     0   124 3291 4532   6   0  94   0   0 2026-09-20 23:50:15
 2  0       546320     89538656      1280516     29970144    0    0     0     0 3238 4449   6   0  94   0   0 2026-09-20 23:50:16
 2  0       546320     89537488      1280516     29970152    0    0     0     0 3257 4482   6   0  94   0   0 2026-09-20 23:50:17
 2  0       546320     89535040      1280516     29970184    0    0     0   428 3358 4533   6   0  94   0   0 2026-09-20 23:50:18
 2  0       546320     89542288      1280516     29970196    0    0     0     0 3251 4535   6   0  94   0   0 2026-09-20 23:50:19
 2  0       546320     89539872      1280524     29970220    0    0     0   116 3207 4525   6   0  94   0   0 2026-09-20 23:50:20
 2  0       546320     89538872      1280524     29970236    0    0     0     0 3202 4451   6   0  94   0   0 2026-09-20 23:50:21
 2  0       546320     89539456      1280524     29970276    0    0     0     0 3316 4601   6   0  94   0   0 2026-09-20 23:50:22
 2  0       546320     89539008      1280524     29970280    0    0     0     0 3399 4416   6   0  94   0   0 2026-09-20 23:50:23
 2  0       546320     89538544      1280524     29970320    0    0     0   356 3358 4506   6   0  94   0   0 2026-09-20 23:50:24
 2  0       546320     89538144      1280532     29970328    0    0     0    60 3302 4584   6   0  94   0   0 2026-09-20 23:50:25
 2  0       546320     89537200      1280532     29970364    0    0     0     0 3424 4672   6   0  94   0   0 2026-09-20 23:50:26
 3  0       546320     89538064      1280532     29970372    0    0     0     0 3408 4573   6   0  94   0   0 2026-09-20 23:50:27
procs -----------------------memory---------------------- ---swap-- -----io---- -system-- --------cpu-------- -----timestamp-----
 r  b         swpd         free         buff        cache   si   so    bi    bo   in   cs  us  sy  id  wa  st                 KST
 2  0       546320     88360016      1280532     31135652    0    0     0     0 3581 4494   4   1  95   0   0 2026-09-20 23:50:28
 1  0       546320     85235592      1280532     34164752    0    0     0   372 3984 4942   1   3  96   0   0 2026-09-20 23:50:29
 1  0       546320     85236200      1280540     34164772    0    0     0   128 3379 4541   3   0  97   0   0 2026-09-20 23:50:30
 1  0       546320     85234736      1280540     34164800    0    0     0     0 2984 4487   3   0  97   0   0 2026-09-20 23:50:31
 1  0       546320     85235536      1280540     34164812    0    0     0     0 3182 4398   3   0  97   0   0 2026-09-20 23:50:32
 1  0       546320     85236656      1280540     34164848    0    0     0     0 3116 4479   3   0  97   0   0 2026-09-20 23:50:33
 1  0       546320     85236736      1280540     34164864    0    0     0   360 2882 4473   3   0  97   0   0 2026-09-20 23:50:34
 1  0       546320     85245408      1280552     34164900    0    0     0   120 2901 4376   3   0  97   0   0 2026-09-20 23:50:35
 1  0       546320     85243808      1280552     34164908    0    0     0     0 2976 4433   3   0  97   0   0 2026-09-20 23:50:36
 1  0       546320     85242592      1280552     34164948    0    0     0     0 2906 4439   3   0  97   0   0 2026-09-20 23:50:37
 1  0       546320     85243168      1280552     34164960    0    0     0     0 3115 4565   3   0  97   0   0 2026-09-20 23:50:38
 1  0       546320     85243424      1280552     34164996    0    0     0   440 3036 4645   3   0  97   0   0 2026-09-20 23:50:39
 1  0       546320     85243296      1280556     34165008    0    0     0   220 3017 4484   3   0  97   0   0 2026-09-20 23:50:40
 1  0       546320     85246864      1280556     34165044    0    0     0     0 3121 4475   3   0  97   0   0 2026-09-20 23:50:41
 1  0       546320     85246368      1280556     34165024    0    0     0     0 3012 4508   3   0  97   0   0 2026-09-20 23:50:42
 1  0       546320     85248640      1280556     34165060    0    0     0     0 2856 4355   3   0  97   0   0 2026-09-20 23:50:43
 1  0       546320     85184208      1280556     34165072    0    0     0   432 3503 10379   3   1  97   0   0 2026-09-20 23:50:44
 1  0       546320     85182464      1280564     34165116    0    0     0   132 2671 4566   2   1  97   0   0 2026-09-20 23:50:45
 1  0       546320     85182008      1280564     34165120    0    0     0     0 2688 4583   2   1  97   0   0 2026-09-20 23:50:46
 3  0       546320     85158168      1280564     34165160    0    0     0     0 6382 36381   4   1  95   0   0 2026-09-20 23:50:47
 1  0       546320     85155792      1280564     34165196    0    0     0     0 3084 7442   2   1  97   0   0 2026-09-20 23:50:48
procs -----------------------memory---------------------- ---swap-- -----io---- -system-- --------cpu-------- -----timestamp-----
 r  b         swpd         free         buff        cache   si   so    bi    bo   in   cs  us  sy  id  wa  st                 KST
 1  0       546320     85155872      1280564     34165204    0    0     0   408 2910 4966   2   1  97   0   0 2026-09-20 23:50:49
 1  0       546320     85155136      1280572     34165224    0    0     0   116 2869 5035   2   1  97   0   0 2026-09-20 23:50:50
 1  0       546320     85154976      1280572     34165248    0    0     0     0 2969 4984   2   1  97   0   0 2026-09-20 23:50:51
 1  0       546320     85152216      1280572     34165264    0    0     0     0 2871 4956   2   1  97   0   0 2026-09-20 23:50:52
 1  0       546320     85154848      1280572     34165304    0    0     0     0 3004 5013   2   1  97   0   0 2026-09-20 23:50:53
 1  0       546320     85155368      1280572     34165308    0    0     0   352 2744 4783   2   1  97   0   0 2026-09-20 23:50:54
 1  0       546320     85156768      1280584     34165356    0    0     0   140 2829 4934   2   2  97   0   0 2026-09-20 23:50:55
 1  0       546320     85156664      1280584     34165372    0    0     0     0 2961 4913   3   1  96   0   0 2026-09-20 23:50:56
 1  0       546320     85155168      1280584     34165400    0    0     0     0 2810 4568   3   0  97   0   0 2026-09-20 23:50:57
 1  0       546320     85154808      1280584     34165428    0    0     0     0 3044 4485   3   0  97   0   0 2026-09-20 23:50:58
 1  0       546320     85153488      1280584     34165448    0    0     0     0 2741 4375   3   0  97   0   0 2026-09-20 23:50:59
 1  0       546320     85151760      1280588     34165480    0    0     0   368 2828 4532   3   0  97   0   0 2026-09-20 23:51:00
 1  0       546320     85151040      1280588     34165504    0    0     0     0 2667 4396   3   0  97   0   0 2026-09-20 23:51:01
 1  0       546320     85151808      1280588     34165512    0    0     0     0 2965 4708   3   0  97   0   0 2026-09-20 23:51:02
 1  0       546320     85151968      1280588     34165556    0    0     0     0 3016 4584   3   0  97   0   0 2026-09-20 23:51:03
 1  0       546320     85151248      1280588     34165560    0    0     0     0 2729 4328   3   0  97   0   0 2026-09-20 23:51:04
 2  0       546320     85148792      1280596     34165600    0    0     0   520 5202 22186   5   1  95   0   0 2026-09-20 23:51:05
 2  0       546320     85149128      1280596     34165612    0    0     0     0 3190 4478   5   1  94   0   0 2026-09-20 23:51:06
 2  0       546320     85149160      1280596     34165648    0    0     0     0 3312 4492   4   1  94   0   0 2026-09-20 23:51:07
 2  0       546320     85150808      1280596     34165652    0    0     0     0 3362 4449   5   1  94   0   0 2026-09-20 23:51:08
 2  0       546320     85149640      1280596     34165688    0    0     0     0 3353 4521   5   1  94   0   0 2026-09-20 23:51:09
procs -----------------------memory---------------------- ---swap-- -----io---- -system-- --------cpu-------- -----timestamp-----
 r  b         swpd         free         buff        cache   si   so    bi    bo   in   cs  us  sy  id  wa  st                 KST
 2  0       546320     85148960      1280608     34165696    0    0     0   460 3326 4544   5   1  94   0   0 2026-09-20 23:51:10
 2  0       546320     85149728      1280608     34165740    0    0     0     8 3384 4429   4   1  94   0   0 2026-09-20 23:51:11
 2  0       546320     85147568      1280608     34165760    0    0     0     0 3382 4399   5   1  94   0   0 2026-09-20 23:51:12
 3  0       546320     85146592      1280608     34165784    0    0     0     0 3254 4297   5   1  94   0   0 2026-09-20 23:51:13
 2  0       546320     85147664      1280608     34165804    0    0     0     0 3465 4466   5   1  94   0   0 2026-09-20 23:51:14
 2  0       546320     85148960      1280620     34165832    0    0     0   568 3324 4483   5   1  94   0   0 2026-09-20 23:51:15
 2  0       546320     85148464      1280620     34165864    0    0     0     0 3192 4326   5   1  94   0   0 2026-09-20 23:51:16
 2  0       546320     85145952      1280620     34165880    0    0     0     0 3327 4291   5   1  94   0   0 2026-09-20 23:51:17
 2  0       546320     85144952      1280620     34165912    0    0     0     0 3385 4360   5   1  94   0   0 2026-09-20 23:51:18
 2  0       546320     85144800      1280620     34165936    0    0     0     0 3229 4464   5   1  94   0   0 2026-09-20 23:51:19
 2  0       546320     85143712      1280628     34165952    0    0     0   304 3397 4462   5   1  94   0   0 2026-09-20 23:51:20
 2  0       546320     85142832      1280628     34165988    0    0     0     0 3257 4520   5   1  94   0   0 2026-09-20 23:51:21
 2  0       546320     85143152      1280628     34166008    0    0     0     0 3317 4481   4   1  94   0   0 2026-09-20 23:51:22
 1  0       546320     85143480      1280628     34166044    0    0     0     0 3007 5064   2   1  97   0   0 2026-09-20 23:51:23
 2  0       546320     85142792      1280628     34166064    0    0     0     0 2888 4945   2   1  97   0   0 2026-09-20 23:51:24
 1  0       546320     85145328      1280636     34166080    0    0     0   672 3195 5102   2   1  97   0   0 2026-09-20 23:51:25
 1  0       546320     85143640      1280636     34166128    0    0     0     0 3096 5135   2   1  97   0   0 2026-09-20 23:51:26
 1  0       546320     85142432      1280636     34166140    0    0     0     0 3018 5069   2   1  97   0   0 2026-09-20 23:51:27
 1  0       546320     85143288      1280636     34166192    0    0     0     0 2950 4594   2   1  97   0   0 2026-09-20 23:51:28
 1  0       546320     85145096      1280636     34166196    0    0     0     0 2834 4923   2   1  97   0   0 2026-09-20 23:51:29
 1  0       546320     85145128      1280644     34166236    0    0     0   528 2979 4976   2   1  97   0   0 2026-09-20 23:51:30
procs -----------------------memory---------------------- ---swap-- -----io---- -system-- --------cpu-------- -----timestamp-----
 r  b         swpd         free         buff        cache   si   so    bi    bo   in   cs  us  sy  id  wa  st                 KST
 3  0       546320     85144136      1280644     34166236    0    0     0     0 3223 4882   3   1  96   0   0 2026-09-20 23:51:31
 1  0       546320     85142736      1280644     34166280    0    0     0     0 3096 4487   3   0  97   0   0 2026-09-20 23:51:32
 1  0       546320     85141584      1280644     34166296    0    0     0     0 3222 4425   3   0  97   0   0 2026-09-20 23:51:33
 1  0       546320     85143632      1280644     34166308    0    0     0     0 2839 4385   3   0  97   0   0 2026-09-20 23:51:34
 1  0       546320     85142144      1280648     34166340    0    0     0   500 3036 4484   3   0  97   0   0 2026-09-20 23:51:35
 1  0       546320     85141200      1280648     34166376    0    0     0     0 2925 4294   3   0  97   0   0 2026-09-20 23:51:36
 1  0       546320     85142968      1280648     34166384    0    0     0     0 3111 4463   3   0  97   0   0 2026-09-20 23:51:37
 1  0       546320     85144576      1280648     34166424    0    0     0     0 3155 4543   3   0  97   0   0 2026-09-20 23:51:38
 1  0       546320     85143584      1280648     34166436    0    0     0     0 2844 4394   3   0  97   0   0 2026-09-20 23:51:39
 2  0       546320     85144352      1280660     34166468    0    0     0    92 4451 15735   5   0  95   0   0 2026-09-20 23:51:40
 3  0       546320     85145424      1280660     34166484    0    0     0   368 3470 4435   5   1  94   0   0 2026-09-20 23:51:41
 2  0       546320     83140320      1280660     36162224    0    0     0     8 4484 4478   4   2  94   0   0 2026-09-20 23:51:42
 2  0       546320     80855792      1280660     38360848    0    0     0     0 4993 4683   4   2  93   0   0 2026-09-20 23:51:43
 4  0       546320     80857680      1280660     38360860    0    0     0     0 4121 8128   3   0  97   0   0 2026-09-20 23:51:44
 2  0       546320     80859760      1280672     38360888    0    0     0   100 4317 11254   5   1  94   0   0 2026-09-20 23:51:45
 1  0       546320     80856336      1280672     38360924    0    0     0   216 3431 4487   3   0  97   0   0 2026-09-20 23:51:46
 1  0       546320     80860888      1280672     38360944    0    0     0     0 3325 4395   3   0  97   0   0 2026-09-20 23:51:47
 2  0       546320     80861664      1280672     38361036    0    0     0     0 3481 4754   5   1  94   0   0 2026-09-20 23:51:48
 2  0       546320     80862992      1280672     38361064    0    0     0     0 3200 4338   5   1  94   0   0 2026-09-20 23:51:49
 2  0       546320     80861312      1280680     38361072    0    0     0   116 3128 4292   5   1  94   0   0 2026-09-20 23:51:50
 2  0       546320     80860352      1280680     38361108    0    0     0   396 3264 4303   5   1  94   0   0 2026-09-20 23:51:51
procs -----------------------memory---------------------- ---swap-- -----io---- -system-- --------cpu-------- -----timestamp-----
 r  b         swpd         free         buff        cache   si   so    bi    bo   in   cs  us  sy  id  wa  st                 KST
 2  0       546320     80860992      1280680     38361132    0    0     0     0 3236 4267   5   1  94   0   0 2026-09-20 23:51:52
 2  0       546320     80859504      1280680     38361148    0    0     0     0 3404 4285   5   1  94   0   0 2026-09-20 23:51:53
 1  0       546320     80859376      1280680     38361172    0    0     0     0 3152 4348   4   1  96   0   0 2026-09-20 23:51:54
 1  0       546320     80857920      1280696     38361200    0    0     0   136 3173 4404   3   0  97   0   0 2026-09-20 23:51:55
 1  0       546320     80854776      1280696     38361232    0    0     0   212 3160 4476   3   0  97   0   0 2026-09-20 23:51:56
 1  0       546320     80855832      1280696     38361256    0    0     0     0 3046 4446   3   0  97   0   0 2026-09-20 23:51:57
 1  0       546320     80856144      1280696     38361276    0    0     0     0 2861 4377   3   0  97   0   0 2026-09-20 23:51:58
 1  0       546320     80856656      1280696     38361292    0    0     0     0 2820 4218   3   0  97   0   0 2026-09-20 23:51:59
 1  0       546320     80855984      1280708     38361312    0    0     0    96 2883 4217   3   0  97   0   0 2026-09-20 23:52:00
 4  0       546320     80856528      1280708     38361332    0    0     0   200 4871 23619   5   0  95   0   0 2026-09-20 23:52:01
 2  0       546320     80856896      1280708     38361376    0    0     0     0 4373 16921   4   0  95   0   0 2026-09-20 23:52:02
 1  0       546320     80855424      1280708     38361388    0    0     0     0 3352 4469   3   1  96   0   0 2026-09-20 23:52:03
 3  0       546320     80854992      1280708     38361432    0    0     0     0 3204 4487   3   0  96   0   0 2026-09-20 23:52:04
 2  0       546320     80856592      1280720     38361444    0    0     0    84 3698 6283   6   1  93   0   0 2026-09-20 23:52:05
 1  0       546320     80854400      1280720     38361464    0    0     0   212 3417 4958   4   1  96   0   0 2026-09-20 23:52:06
 1  0       546320     80853536      1280720     38361496    0    0     0     0 3343 4362   3   0  97   0   0 2026-09-20 23:52:07
 0  0       546320     80852528      1280720     38361512    0    0     0     0 3551 8130   4   0  96   0   0 2026-09-20 23:52:08
 0  0       546320     80851344      1280720     38361548    0    0     0     0 2504 4568   0   0  99   0   0 2026-09-20 23:52:09
 0  0       546320     80850656      1280724     38361580    0    0     0   112 2628 4878   0   0  99   0   0 2026-09-20 23:52:10
 0  0       546320     80849968      1280724     38361548    0    0     0   404 2701 4863   0   0 100   0   0 2026-09-20 23:52:11
 0  0       546320     80850016      1280724     38361568    0    0     0     0 2838 4419   0   0 100   0   0 2026-09-20 23:52:12
procs -----------------------memory---------------------- ---swap-- -----io---- -system-- --------cpu-------- -----timestamp-----
 r  b         swpd         free         buff        cache   si   so    bi    bo   in   cs  us  sy  id  wa  st                 KST
 0  0       546320     80848096      1280724     38361600    0    0     0     0 2436 4348   0   0 100   0   0 2026-09-20 23:52:13
 0  0       546320     80846880      1280724     38361628    0    0     0     0 2541 5067   0   0 100   0   0 2026-09-20 23:52:14
 3  0       546320     80846920      1280732     38361628    0    0     0   112 2451 4463   0   0  99   0   0 2026-09-20 23:52:15
 0  0       546320     80847976      1280732     38361636    0    0     0   356 2397 4423   0   0 100   0   0 2026-09-20 23:52:16
 0  0       546320     80850064      1280732     38361692    0    0     0     0 2406 4805   0   0  99   0   0 2026-09-20 23:52:17
 0  0       546320     80850672      1280732     38361712    0    0     0     0 2573 4549   0   0 100   0   0 2026-09-20 23:52:18
 2  0       546320     80849520      1280732     38361728    0    0     0     0 2417 4540   0   0  99   0   0 2026-09-20 23:52:19
 1  0       546320     80849120      1280744     38361760    0    0     0   104 2635 4452   2   0  98   0   0 2026-09-20 23:52:20
 2  1       546320     80847432      1280744     38361776    0    0     0    92 3165 4346   4   1  94   0   0 2026-09-20 23:52:21
 2  0       546320     80848224      1280744     38361804    0    0     0   124 3292 4419   5   1  94   0   0 2026-09-20 23:52:22
 2  0       546320     80849752      1280744     38361820    0    0     0     0 3190 4300   5   1  94   0   0 2026-09-20 23:52:23
 2  0       546320     80849312      1280744     38361844    0    0     0     0 3109 4315   4   1  94   0   0 2026-09-20 23:52:24
 2  0       546320     80849328      1280756     38361876    0    0     0    84 3305 4455   5   1  94   0   0 2026-09-20 23:52:25
 2  0       546320     80848320      1280756     38361888    0    0     0     0 3163 4403   5   1  94   0   0 2026-09-20 23:52:26
 2  0       546320     80847400      1280756     38361936    0    0     0   196 3264 4504   5   1  94   0   0 2026-09-20 23:52:27
 2  0       546320     80846208      1280756     38361956    0    0     0     0 3359 4468   5   1  94   0   0 2026-09-20 23:52:28
 1  0       546320     80846112      1280756     38361980    0    0     0     0 3087 4237   4   1  95   0   0 2026-09-20 23:52:29
 1  0       546320     80844904      1280768     38361992    0    0     0   100 3089 4276   3   0  97   0   0 2026-09-20 23:52:30
 1  0       546320     80844448      1280768     38362032    0    0     0     0 3111 4462   3   0  97   0   0 2026-09-20 23:52:31
 1  0       546320     80847224      1280768     38362040    0    0     0   212 3148 4320   3   0  97   0   0 2026-09-20 23:52:32
 1  0       546320     80848496      1280768     38362076    0    0     0     0 3128 4347   3   0  97   0   0 2026-09-20 23:52:33
procs -----------------------memory---------------------- ---swap-- -----io---- -system-- --------cpu-------- -----timestamp-----
 r  b         swpd         free         buff        cache   si   so    bi    bo   in   cs  us  sy  id  wa  st                 KST
 1  0       546320     80848760      1280768     38362092    0    0     0     0 2993 4358   3   0  97   0   0 2026-09-20 23:52:34
 1  0       546320     80848264      1280780     38362124    0    0     0   120 2932 4259   3   0  97   0   0 2026-09-20 23:52:35
 1  0       546320     80848528      1280780     38362140    0    0     0     0 2971 4310   3   0  97   0   0 2026-09-20 23:52:36
 1  0       546320     80849056      1280780     38362180    0    0     0   200 3080 4394   3   0  97   0   0 2026-09-20 23:52:37
 1  0       546320     80852112      1280780     38362188    0    0     0     0 8845 76957   5   1  94   0   0 2026-09-20 23:52:38
 2  0       546320     80852448      1280780     38362228    0    0     0     0 3302 4322   5   1  94   0   0 2026-09-20 23:52:39
 3  0       546320     80851712      1280792     38362240    0    0     0    92 3279 4362   5   1  94   0   0 2026-09-20 23:52:40
 2  0       546320     80851848      1280792     38362264    0    0     0     0 3209 4186   5   1  94   0   0 2026-09-20 23:52:41
 2  0       546320     80851648      1280792     38362304    0    0     0   212 3461 4389   5   1  94   0   0 2026-09-20 23:52:42
 1  0       546320     80852976      1280792     38362312    0    0     0     0 3171 4419   4   1  95   0   0 2026-09-20 23:52:43
 1  0       546320     80852064      1280792     38362344    0    0     0     0 2794 4349   3   0  97   0   0 2026-09-20 23:52:44
 1  0       546320     80854384      1280796     38362352    0    0     0    92 3084 4479   3   0  97   0   0 2026-09-20 23:52:45
 1  0       546320     80855712      1280796     38362388    0    0     0     0 2783 4489   3   0  97   0   0 2026-09-20 23:52:46
 1  0       546320     80857024      1280796     38362396    0    0     0   192 2937 4410   3   0  97   0   0 2026-09-20 23:52:47
 1  0       546320     80856024      1280796     38362432    0    0     0     0 3285 4304   3   0  97   0   0 2026-09-20 23:52:48
 1  0       546320     80856400      1280796     38362452    0    0     0     0 2887 4302   3   0  97   0   0 2026-09-20 23:52:49
 1  0       546320     80855688      1280800     38362488    0    0     0    84 3114 4361   3   0  97   0   0 2026-09-20 23:52:50
 1  0       546320     80855760      1280800     38362500    0    0     0     0 3073 4486   3   0  97   0   0 2026-09-20 23:52:51
 2  0       546320     80852576      1280808     38362540    0    0     0   404 3504 5196   5   1  94   0   0 2026-09-20 23:52:52
 2  0       546320     80851888      1280808     38362552    0    0     0     0 3223 5155   5   1  94   0   0 2026-09-20 23:52:53
 2  0       546320     80851184      1280808     38362596    0    0     0     0 3393 5331   5   1  94   0   0 2026-09-20 23:52:54
procs -----------------------memory---------------------- ---swap-- -----io---- -system-- --------cpu-------- -----timestamp-----
 r  b         swpd         free         buff        cache   si   so    bi    bo   in   cs  us  sy  id  wa  st                 KST
 2  0       546320     80849280      1280820     38362604    0    0     0   152 3203 5365   5   1  94   0   0 2026-09-20 23:52:55
 1  0       546320     80847584      1280820     38362632    0    0     0     0 3142 4523   3   0  97   0   0 2026-09-20 23:52:56
 2  0       546320     80848720      1280820     38362668    0    0     0   372 3254 4498   3   0  97   0   0 2026-09-20 23:52:57
 1  0       546320     80847744      1280820     38362700    0    0     0     0 3382 4714   3   0  97   0   0 2026-09-20 23:52:58
 1  0       546320     80848336      1280820     38362720    0    0     0     0 3030 4393   3   0  97   0   0 2026-09-20 23:52:59
 4  0       546320     80850416      1280828     38362736    0    0     0   148 3158 4387   3   0  97   0   0 2026-09-20 23:53:00
 1  0       546320     80850256      1280828     38362768    0    0     0     0 2862 4519   4   1  95   0   0 2026-09-20 23:53:01
 2  0       546320     80848896      1280828     38362788    0    0     0   536 3016 4635   3   0  97   0   0 2026-09-20 23:53:02
 3  0       546320     80849280      1280828     38362820    0    0     0     0 3122 4657   4   0  96   0   0 2026-09-20 23:53:03
 2  0       546320     80847376      1280828     38362832    0    0     0     0 3359 4572   4   1  95   0   0 2026-09-20 23:53:04
 2  0       546320     80846656      1280840     38362864    0    0     0   116 3342 4425   5   1  94   0   0 2026-09-20 23:53:05
 2  0       546320     80848800      1280840     38362900    0    0     0     0 3219 4466   5   1  94   0   0 2026-09-20 23:53:06
 2  0       546320     80851192      1280840     38362916    0    0     0     0 3396 4486   4   1  94   0   0 2026-09-20 23:53:07
 2  0       546320     80852048      1280840     38362948    0    0     0   420 3368 4239   5   1  94   0   0 2026-09-20 23:53:08
 2  0       546320     80850384      1280840     38362972    0    0     0     0 3255 4343   5   1  94   0   0 2026-09-20 23:53:09
 2  0       546320     80851232      1280848     38362980    0    0     0   116 3165 4387   5   1  94   0   0 2026-09-20 23:53:10
 2  0       546320     80850992      1280848     38363008    0    0     0     0 3111 4387   5   1  94   0   0 2026-09-20 23:53:11
 1  0       546320     80850336      1280848     38363028    0    0     0     0 3244 4345   5   1  94   0   0 2026-09-20 23:53:12
 1  0       546320     80850400      1280848     38363072    0    0     0   228 3035 4534   3   0  97   0   0 2026-09-20 23:53:13
 1  0       546320     80851480      1280848     38363084    0    0     0     0 2962 4409   3   0  97   0   0 2026-09-20 23:53:14
 1  0       546320     80849752      1280860     38363104    0    0     0    80 3031 4126   3   0  97   0   0 2026-09-20 23:53:15
procs -----------------------memory---------------------- ---swap-- -----io---- -system-- --------cpu-------- -----timestamp-----
 r  b         swpd         free         buff        cache   si   so    bi    bo   in   cs  us  sy  id  wa  st                 KST
 1  0       546320     80850544      1280860     38363132    0    0     0     0 2947 4195   3   0  97   0   0 2026-09-20 23:53:16
 1  0       546320     80852112      1280860     38363160    0    0     0     0 3047 4303   3   0  97   0   0 2026-09-20 23:53:17
 1  0       546320     80850144      1280860     38363192    0    0     0   188 3028 4325   3   0  97   0   0 2026-09-20 23:53:18
 1  0       546320     80849224      1280860     38363204    0    0     0     0 2981 4385   3   0  97   0   0 2026-09-20 23:53:19
 1  0       546320     80847744      1280872     38363212    0    0     0   112 2793 4230   3   0  97   0   0 2026-09-20 23:53:20
 1  0       546320     80847344      1280872     38363256    0    0     0     0 3526 10468   4   0  96   0   0 2026-09-20 23:53:21
 2  0       546320     80845088      1280872     38363272    0    0     0     0 3700 4389   5   1  94   0   0 2026-09-20 23:53:22
 2  0       546320     80846544      1280872     38363324    0    0     0   420 3598 4458   5   1  94   0   0 2026-09-20 23:53:23
 2  0       546320     80845888      1280872     38363344    0    0     0     0 3315 4270   4   1  94   0   0 2026-09-20 23:53:24
 2  0       546320     80848192      1280880     38363356    0    0     0   128 3360 4397   5   1  94   0   0 2026-09-20 23:53:25
 1  0       546320     80849240      1280880     38363388    0    0     0     0 3611 4394   5   1  94   0   0 2026-09-20 23:53:26
 1  0       546320     80847584      1280880     38363408    0    0     0     0 3275 4418   3   0  97   0   0 2026-09-20 23:53:27
 1  0       546320     80848224      1280880     38363444    0    0     0   240 3333 4302   3   0  97   0   0 2026-09-20 23:53:28
 1  0       546320     80847984      1280880     38363456    0    0     0     0 3045 4244   3   0  97   0   0 2026-09-20 23:53:29
 1  0       546320     80847504      1280888     38363476    0    0     0   108 3033 4318   3   0  97   0   0 2026-09-20 23:53:30
 4  0       546320     80848112      1280888     38363640    0    0     0     0 5261 25298   6   0  94   0   0 2026-09-20 23:53:31
 2  0       546320     80848880      1280888     38363652    0    0     0     0 3609 5186   5   1  94   0   0 2026-09-20 23:53:32
 2  0       546320     80847936      1280888     38363664    0    0     0   376 3304 4973   5   1  94   0   0 2026-09-20 23:53:33
 2  0       546320     80850136      1280888     38363704    0    0     0     0 3392 5035   5   1  94   0   0 2026-09-20 23:53:34
 2  0       546320     80848408      1280900     38363716    0    0     0   104 3194 4944   4   1  94   0   0 2026-09-20 23:53:35
 2  0       546320     80849552      1280900     38363764    0    0     0     0 3174 5127   5   1  94   0   0 2026-09-20 23:53:36
procs -----------------------memory---------------------- ---swap-- -----io---- -system-- --------cpu-------- -----timestamp-----
 r  b         swpd         free         buff        cache   si   so    bi    bo   in   cs  us  sy  id  wa  st                 KST
 2  0       546320     80849344      1280900     38363764    0    0     0     0 3227 4477   3   1  96   0   0 2026-09-20 23:53:37
 1  0       546320     80847984      1280900     38363812    0    0     0   360 3204 4435   3   0  97   0   0 2026-09-20 23:53:38
 1  0       546320     80846984      1280900     38363816    0    0     0     0 2901 4406   3   0  97   0   0 2026-09-20 23:53:39
 1  0       546320     80849840      1280912     38363852    0    0     0   104 2780 4220   3   0  97   0   0 2026-09-20 23:53:40
 1  0       546320     80852656      1280912     38363876    0    0     0     0 2902 4364   3   0  97   0   0 2026-09-20 23:53:41
 1  0       546320     80855760      1280912     38363908    0    0     0     0 3123 4336   3   0  97   0   0 2026-09-20 23:53:42
 2  0       546320     80855536      1280912     38363936    0    0     0   380 3344 4735   4   0  95   0   0 2026-09-20 23:53:43
 2  0       546320     80854144      1280912     38363960    0    0     0     0 3591 4239   5   1  94   0   0 2026-09-20 23:53:44
 1  0       546320     80853648      1280920     38363988    0    0     0   136 3464 4587   4   1  95   0   0 2026-09-20 23:53:45
 1  0       546320     80851176      1280920     38364000    0    0     0     0 3197 4571   3   0  97   0   0 2026-09-20 23:53:46
 1  0       546320     80850672      1280920     38364024    0    0     0     0 3491 4441   3   0  97   0   0 2026-09-20 23:53:47
 2  0       546320     80851280      1280920     38364056    0    0     0     0 3344 4374   3   0  97   0   0 2026-09-20 23:53:48
 1  0       546320     80850528      1280920     38364080    0    0     0   408 3049 4512   4   0  95   0   0 2026-09-20 23:53:49
 1  0       546320     80851888      1280932     38364096    0    0     0   108 6331 38279   6   0  94   0   0 2026-09-20 23:53:50
 2  0       546320     80849712      1280932     38364136    0    0     0     0 4469 16276   5   1  93   0   0 2026-09-20 23:53:51
 2  0       546320     80850000      1280932     38364148    0    0     0     0 3260 4782   5   1  94   0   0 2026-09-20 23:53:52
 2  0       546320     80850656      1280932     38364188    0    0     0     0 3265 4894   5   1  94   0   0 2026-09-20 23:53:53
 2  0       546320     80851224      1280932     38364208    0    0     0   368 3219 4787   5   1  94   0   0 2026-09-20 23:53:54
 3  0       546320     80850096      1280952     38364212    0    0     0   140 3272 4766   5   1  94   0   0 2026-09-20 23:53:55
 2  0       546320     80849128      1280952     38364248    0    0     0     0 3224 4899   5   1  94   0   0 2026-09-20 23:53:56
 2  0       546320     80848216      1280952     38364280    0    0     0     0 3364 4983   5   1  94   0   0 2026-09-20 23:53:57
procs -----------------------memory---------------------- ---swap-- -----io---- -system-- --------cpu-------- -----timestamp-----
 r  b         swpd         free         buff        cache   si   so    bi    bo   in   cs  us  sy  id  wa  st                 KST
 2  0       546320     80848600      1280952     38364296    0    0     0     0 3401 4797   4   1  94   0   0 2026-09-20 23:53:58
 1  0       546320     80848912      1280952     38364328    0    0     0   224 3164 4205   4   1  94   0   0 2026-09-20 23:53:59
 1  0       546320     80848272      1280964     38364352    0    0     0    76 2720 4249   3   0  97   0   0 2026-09-20 23:54:00
 1  0       546320     80847552      1280964     38364372    0    0     0     0 2709 4325   3   0  97   0   0 2026-09-20 23:54:01
 1  0       546320     80851136      1280964     38364400    0    0     0     0 3086 4521   3   0  97   0   0 2026-09-20 23:54:02
 2  0       546320     80850720      1280964     38364416    0    0     0     0 2919 4262   3   0  97   0   0 2026-09-20 23:54:03
 1  0       546320     80852272      1280964     38364452    0    0     0   192 2787 4239   3   0  97   0   0 2026-09-20 23:54:04
 1  0       546320     80851264      1280972     38364468    0    0     0   100 2947 4417   3   0  97   0   0 2026-09-20 23:54:05
 2  0       546320     80851552      1280972     38364496    0    0     0     0 3244 4438   3   0  97   0   0 2026-09-20 23:54:06
 1  0       546320     80851616      1280972     38364512    0    0     0     0 3026 4484   3   0  97   0   0 2026-09-20 23:54:07
 1  0       546320     80852376      1280972     38364544    0    0     0     0 3409 4948   4   0  96   0   0 2026-09-20 23:54:08
 2  0       546320     80851880      1280972     38364556    0    0     0   208 3395 4532   4   1  95   0   0 2026-09-20 23:54:09
 4  0       546320     80851216      1280984     38364592    0    0     0    96 3616 4417   5   1  94   0   0 2026-09-20 23:54:10
 2  0       546320     80851248      1280984     38364604    0    0     0     0 3603 4305   5   1  94   0   0 2026-09-20 23:54:11
 1  0       546320     80849840      1280984     38364656    0    0     0     0 3411 4388   4   1  95   0   0 2026-09-20 23:54:12
 1  0       546320     80852616      1280984     38364656    0    0     0     0 3083 4207   3   0  97   0   0 2026-09-20 23:54:13
 1  0       546320     80850400      1280984     38364696    0    0     0   200 3129 4213   3   0  97   0   0 2026-09-20 23:54:14
 1  0       546320     80851664      1280992     38364712    0    0     0    84 3046 4265   3   0  97   0   0 2026-09-20 23:54:15
 2  0       546320     80851200      1280992     38364720    0    0     0     0 3265 4876   4   0  95   0   0 2026-09-20 23:54:16
 2  0       546320     80851328      1280992     38364764    0    0     0     0 3480 4302   5   1  94   0   0 2026-09-20 23:54:17
 2  0       546320     80850720      1280992     38364796    0    0     0     0 3516 4288   4   1  94   0   0 2026-09-20 23:54:18
procs -----------------------memory---------------------- ---swap-- -----io---- -system-- --------cpu-------- -----timestamp-----
 r  b         swpd         free         buff        cache   si   so    bi    bo   in   cs  us  sy  id  wa  st                 KST
 2  0       546320     80852104      1280992     38364824    0    0     0   208 3475 4351   5   1  94   0   0 2026-09-20 23:54:19
 2  0       546320     80851408      1281004     38364836    0    0     0    92 3351 4252   5   1  94   0   0 2026-09-20 23:54:20
 2  0       546320     80852720      1281004     38364872    0    0     0     0 3258 4312   5   1  94   0   0 2026-09-20 23:54:21
 2  0       546320     80854984      1281004     38364884    0    0     0     0 3645 4382   5   1  94   0   0 2026-09-20 23:54:22
 2  0       546320     80855360      1281004     38364908    0    0     0     0 3817 4387   5   1  94   0   0 2026-09-20 23:54:23
 2  0       546320     80855232      1281004     38364940    0    0     0   348 3468 4299   5   1  94   0   0 2026-09-20 23:54:24
 2  0       546320     80852928      1281016     38364952    0    0     0   116 3538 4486   5   1  94   0   0 2026-09-20 23:54:25
 2  0       546320     80852424      1281016     38364972    0    0     0     0 3428 4442   5   1  94   0   0 2026-09-20 23:54:26
 1  0       546320     80853224      1281016     38365004    0    0     0     0 3276 4660   4   1  95   0   0 2026-09-20 23:54:27
 1  0       546320     80851728      1281016     38365028    0    0     0     0 3066 4850   2   1  96   0   0 2026-09-20 23:54:28
 1  0       546320     80852576      1281016     38365068    0    0     0   440 3028 4809   2   1  97   0   0 2026-09-20 23:54:29
 1  0       546320     80853392      1281028     38365080    0    0     0   128 2775 4791   2   1  97   0   0 2026-09-20 23:54:30
 1  0       546320     80851584      1281028     38365116    0    0     0     0 2843 4872   2   1  97   0   0 2026-09-20 23:54:31
 1  0       546320     80854008      1281028     38365148    0    0     0     0 2915 4949   2   1  97   0   0 2026-09-20 23:54:32
 1  0       546320     80852624      1281028     38365156    0    0     0     0 3243 4825   2   1  96   0   0 2026-09-20 23:54:33
 1  0       546320     80853040      1281028     38365196    0    0     0     0 2957 4802   2   1  97   0   0 2026-09-20 23:54:34
 1  0       546320     80855928      1281040     38365228    0    0     0   352 2921 4432   3   0  96   0   0 2026-09-20 23:54:35
 1  0       546320     80854528      1281040     38365236    0    0     0     0 2851 4277   3   0  97   0   0 2026-09-20 23:54:36
 1  0       546320     80855600      1281040     38365260    0    0     0     0 2975 4492   3   0  97   0   0 2026-09-20 23:54:37
 1  0       546320     80854368      1281040     38365292    0    0     0     0 3010 4334   3   0  97   0   0 2026-09-20 23:54:38
 1  0       546320     80853904      1281040     38365300    0    0     0     0 2854 4197   3   0  97   0   0 2026-09-20 23:54:39
procs -----------------------memory---------------------- ---swap-- -----io---- -system-- --------cpu-------- -----timestamp-----
 r  b         swpd         free         buff        cache   si   so    bi    bo   in   cs  us  sy  id  wa  st                 KST
 1  0       546320     80854256      1281052     38365344    0    0     0   308 3048 4391   3   0  97   0   0 2026-09-20 23:54:40
 1  0       546320     80853088      1281052     38365364    0    0     0     0 2906 4319   3   0  97   0   0 2026-09-20 23:54:41
 2  0       546320     80853600      1281052     38365364    0    0     0     0 3201 4384   3   0  97   0   0 2026-09-20 23:54:42
 4  0       546320     80853008      1281052     38365408    0    0     0     0 3108 4313   3   0  97   0   0 2026-09-20 23:54:43
 2  0       546320     80851344      1281052     38365412    0    0     0     0 3444 4591   5   1  94   0   0 2026-09-20 23:54:44
 2  0       546320     80852656      1281064     38365472    0    0     0   316 3505 4557   5   1  94   0   0 2026-09-20 23:54:45
 2  0       546320     80851904      1281064     38365476    0    0     0     0 3358 4341   5   1  94   0   0 2026-09-20 23:54:46
 2  0       546320     80852032      1281064     38365512    0    0     0     0 3447 4463   5   1  94   0   0 2026-09-20 23:54:47
 2  0       546320     80854320      1281064     38365520    0    0     0     0 3399 4358   4   1  94   0   0 2026-09-20 23:54:48
 2  0       546320     80853008      1281064     38365564    0    0     0     0 3274 4281   5   1  94   0   0 2026-09-20 23:54:49
 2  0       546320     80853320      1281072     38365572    0    0     0   516 3391 4405   5   1  94   0   0 2026-09-20 23:54:50
 2  0       546320     80853360      1281072     38365612    0    0     0     0 3359 4377   5   1  94   0   0 2026-09-20 23:54:51
 2  0       546320     80854128      1281072     38365616    0    0     0     0 3405 4387   5   1  94   0   0 2026-09-20 23:54:52
 2  0       546320     80854064      1281072     38365664    0    0     0     0 3360 4378   5   1  94   0   0 2026-09-20 23:54:53
 2  0       546320     80855360      1281072     38365668    0    0     0     0 3723 4301   5   1  94   0   0 2026-09-20 23:54:54
 1  0       546320     80854968      1281084     38365700    0    0     0   504 3047 4403   3   0  97   0   0 2026-09-20 23:54:55
 1  0       546320     80854304      1281084     38365744    0    0     0     0 2818 4225   3   0  97   0   0 2026-09-20 23:54:56
 1  0       546320     80856192      1281084     38365752    0    0     0     0 3027 4399   3   0  97   0   0 2026-09-20 23:54:57
 1  0       546320     80855584      1281084     38365784    0    0     0     0 3209 4703   3   0  97   0   0 2026-09-20 23:54:58
 1  0       546320     80855168      1281084     38365808    0    0     0     0 2983 4409   3   0  97   0   0 2026-09-20 23:54:59
 1  0       546320     80856824      1281096     38365828    0    0     0   292 3027 4439   3   0  97   0   0 2026-09-20 23:55:00
procs -----------------------memory---------------------- ---swap-- -----io---- -system-- --------cpu-------- -----timestamp-----
 r  b         swpd         free         buff        cache   si   so    bi    bo   in   cs  us  sy  id  wa  st                 KST
 3  0       546320     80854896      1281096     38365856    0    0     0     0 3722 10338   3   0  97   0   0 2026-09-20 23:55:01
 1  0       546320     80853232      1281096     38365864    0    0     0     0 3263 4803   4   0  95   0   0 2026-09-20 23:55:02
 2  0       546320     80854416      1281096     38365912    0    0     0     0 3165 4621   4   1  96   0   0 2026-09-20 23:55:03
 2  0       546320     80855680      1281096     38365916    0    0     0     0 3274 4297   5   1  94   0   0 2026-09-20 23:55:04
 2  0       546320     80853728      1281104     38365952    0    0     0   540 3456 4746   5   1  94   0   0 2026-09-20 23:55:05
 2  0       546320     80853856      1281104     38365960    0    0     0     0 3339 4688   5   1  94   0   0 2026-09-20 23:55:06
 2  0       546320     80854912      1281104     38366004    0    0     0     0 3410 4504   5   1  94   0   0 2026-09-20 23:55:07
 2  0       546320     80854336      1281104     38366004    0    0     0     0 3363 4450   5   1  94   0   0 2026-09-20 23:55:08
 1  0       546320     80853648      1281104     38366056    0    0     0     0 3069 4291   3   0  96   0   0 2026-09-20 23:55:09
 1  0       546320     80854728      1281116     38366056    0    0     0   332 3138 4533   3   0  97   0   0 2026-09-20 23:55:10
 1  0       546320     80853120      1281116     38366108    0    0     0     0 2964 4421   3   0  97   0   0 2026-09-20 23:55:11
 1  0       546320     80851736      1281116     38366124    0    0     0     0 3060 4406   3   0  97   0   0 2026-09-20 23:55:12
 1  0       546320     80852848      1281116     38366136    0    0     0     0 3192 4465   3   0  97   0   0 2026-09-20 23:55:13
 1  0       546320     80851456      1281116     38366164    0    0     0     0 2960 4525   3   0  97   0   0 2026-09-20 23:55:14
 4  0       546320     80849952      1281124     38366172    0    0     0    92 3020 4397   3   0  97   0   0 2026-09-20 23:55:15
 1  0       546320     80850088      1281124     38366212    0    0     0   388 3924 6190   6   0  94   0   0 2026-09-20 23:55:16
 3  0       546320     80850880      1281124     38366368    0    0     0     0 3305 4756   3   0  96   0   0 2026-09-20 23:55:17
 2  0       546320     80850456      1281124     38366392    0    0     0     0 3188 4524   5   1  94   0   0 2026-09-20 23:55:18
 2  0       546320     80849536      1281124     38366416    0    0     0     0 3222 4462   5   1  94   0   0 2026-09-20 23:55:19
 2  0       546320     80847136      1281136     38366448    0    0     0   112 3265 4502   5   1  94   0   0 2026-09-20 23:55:20
 2  0       546320     80848472      1281136     38366464    0    0     0   424 3453 4405   5   1  94   0   0 2026-09-20 23:55:21
procs -----------------------memory---------------------- ---swap-- -----io---- -system-- --------cpu-------- -----timestamp-----
 r  b         swpd         free         buff        cache   si   so    bi    bo   in   cs  us  sy  id  wa  st                 KST
 2  0       546320     80847536      1281136     38366492    0    0     0     0 3392 4529   5   1  94   0   0 2026-09-20 23:55:22
 2  0       546320     80845392      1281136     38366508    0    0     0     0 3288 4455   5   1  94   0   0 2026-09-20 23:55:23
 2  0       546320     80844432      1281136     38366536    0    0     0     0 3340 4350   5   1  94   0   0 2026-09-20 23:55:24
 2  0       546320     80843680      1281140     38366552    0    0     0   148 3499 4718   4   1  94   0   0 2026-09-20 23:55:25
 1  0       546320     80843808      1281140     38366592    0    0     0   436 3285 4653   4   1  95   0   0 2026-09-20 23:55:26
 1  0       546320     80845176      1281140     38366612    0    0     0     0 3204 4497   3   0  97   0   0 2026-09-20 23:55:27
 1  0       546320     80844848      1281140     38366640    0    0     0     0 2890 4359   3   0  97   0   0 2026-09-20 23:55:28
 1  0       546320     80845376      1281140     38366656    0    0     0     0 2803 4207   3   0  97   0   0 2026-09-20 23:55:29
 1  0       546320     80846496      1281152     38366676    0    0     0    96 2974 4283   3   0  97   0   0 2026-09-20 23:55:30
 1  0       546320     80847184      1281152     38366716    0    0     0   208 2959 4243   3   0  97   0   0 2026-09-20 23:55:31
 1  0       546320     80846504      1281152     38366752    0    0     0     0 3069 4265   3   0  97   0   0 2026-09-20 23:55:32
 1  0       546320     80847072      1281152     38366760    0    0     0     0 3088 4296   3   0  97   0   0 2026-09-20 23:55:33
 1  0       546320     80846208      1281152     38366808    0    0     0     0 3071 4285   3   0  97   0   0 2026-09-20 23:55:34
 2  0       546320     80846040      1281164     38366816    0    0     0    96 3797 10324   5   0  95   0   0 2026-09-20 23:55:35
 1  0       546320     80846544      1281164     38366856    0    0     0   216 3161 4342   4   0  96   0   0 2026-09-20 23:55:36
 2  0       546320     80846872      1281164     38366860    0    0     0     0 3592 5659   6   1  93   0   0 2026-09-20 23:55:37
 1  0       546320     80844240      1281164     38366904    0    0     0     0 3528 5598   4   1  95   0   0 2026-09-20 23:55:38
 1  0       546320     80845312      1281164     38366904    0    0     0     0 3179 4320   3   0  97   0   0 2026-09-20 23:55:39
 1  0       546320     80844928      1281176     38366952    0    0     0   100 3251 4235   3   0  97   0   0 2026-09-20 23:55:40
 2  0       546320     80842952      1281176     38366976    0    0     0   208 3372 4780   4   0  95   0   0 2026-09-20 23:55:41
 2  0       546320     80843744      1281176     38366976    0    0     0     0 3155 4630   4   1  95   0   0 2026-09-20 23:55:42
procs -----------------------memory---------------------- ---swap-- -----io---- -system-- --------cpu-------- -----timestamp-----
 r  b         swpd         free         buff        cache   si   so    bi    bo   in   cs  us  sy  id  wa  st                 KST
 2  0       546320     80845016      1281176     38367024    0    0     0     0 3316 4287   4   1  94   0   0 2026-09-20 23:55:43
 2  0       546320     80846784      1281176     38367024    0    0     0     0 3243 4299   5   1  94   0   0 2026-09-20 23:55:44
 2  0       546320     80845328      1281188     38367072    0    0     0    92 3153 4490   5   1  94   0   0 2026-09-20 23:55:45
 2  0       546320     80845584      1281188     38367076    0    0     0   228 3192 4361   5   1  94   0   0 2026-09-20 23:55:46
 1  0       546320     80844672      1281188     38367124    0    0     0     0 2931 4370   3   0  97   0   0 2026-09-20 23:55:47
 1  0       546320     80846688      1281188     38367148    0    0     0     0 2984 4302   3   0  97   0   0 2026-09-20 23:55:48
 1  0       546320     80845440      1281188     38367152    0    0     0     0 2780 4158   3   0  97   0   0 2026-09-20 23:55:49
 1  0       546320     80848528      1281200     38367184    0    0     0    96 2941 4285   3   0  97   0   0 2026-09-20 23:55:50
 2  0       546320     80848824      1281200     38367196    0    0     0   216 2943 4363   3   0  97   0   0 2026-09-20 23:55:51
 1  0       546320     80845912      1281200     38367248    0    0     0     0 3013 4223   3   0  97   0   0 2026-09-20 23:55:52
 2  0       546320     80846976      1281200     38367256    0    0     0     0 3708 5777   6   1  93   0   0 2026-09-20 23:55:53
 1  0       546320     80846768      1281200     38367292    0    0     0     0 3232 4232   3   0  97   0   0 2026-09-20 23:55:54
 0  0       546320     80845568      1281216     38367304    0    0     0   144 2991 4505   3   0  97   0   0 2026-09-20 23:55:55
 0  0       546320     80845920      1281216     38367344    0    0     0   236 2553 4549   0   0  99   0   0 2026-09-20 23:55:56
 0  0       546320     80847232      1281216     38367364    0    0     0     0 2792 4721   0   0  99   0   0 2026-09-20 23:55:57
 2  0       546320     80845296      1281216     38367392    0    0     0     0 2941 4773   0   0  99   0   0 2026-09-20 23:55:58
 1  0       546320     80845392      1281216     38367428    0    0     0     0 2476 4367   0   0 100   0   0 2026-09-20 23:55:59
 2  0       546320     80845424      1281224     38367444    0    0     0   104 3271 4278   5   1  94   0   0 2026-09-20 23:56:00
 3  0       546320     80846224      1281224     38367468    0    0     0     0 3450 4478   5   1  94   0   0 2026-09-20 23:56:01
 2  0       546320     80846544      1281224     38367488    0    0     0   388 3709 5433   5   1  94   0   0 2026-09-20 23:56:02
 2  0       546320     80844816      1281224     38367516    0    0     0     0 3231 4359   5   1  94   0   0 2026-09-20 23:56:03
procs -----------------------memory---------------------- ---swap-- -----io---- -system-- --------cpu-------- -----timestamp-----
 r  b         swpd         free         buff        cache   si   so    bi    bo   in   cs  us  sy  id  wa  st                 KST
 2  0       546320     80845072      1281224     38367532    0    0     0     0 3115 4221   5   1  94   0   0 2026-09-20 23:56:04
 2  0       546320     80845184      1281232     38367556    0    0     0   104 3262 4558   5   1  94   0   0 2026-09-20 23:56:05
 2  0       546320     80843936      1281232     38367576    0    0     0     0 3108 4353   4   1  94   0   0 2026-09-20 23:56:06
 2  0       546320     80842968      1281232     38367608    0    0     0   364 3337 4324   5   1  94   0   0 2026-09-20 23:56:07
 1  0       546320     80844776      1281232     38367640    0    0     0     0 3159 4385   4   1  95   0   0 2026-09-20 23:56:08
 1  0       546320     80844288      1281232     38367652    0    0     0     0 2730 4371   3   0  97   0   0 2026-09-20 23:56:09
 1  0       546320     80846352      1281236     38367684    0    0     0   104 2785 4413   3   0  97   0   0 2026-09-20 23:56:10
 1  0       546320     80847360      1281236     38367696    0    0     0     0 2832 4283   3   0  97   0   0 2026-09-20 23:56:11
 2  0       546320     80849640      1281236     38367728    0    0     0   212 2977 4355   3   0  97   0   0 2026-09-20 23:56:12
 1  0       546320     80849144      1281236     38367740    0    0     0     0 2901 4250   3   0  97   0   0 2026-09-20 23:56:13
 1  0       546320     80849664      1281236     38367780    0    0     0     0 2961 4255   3   0  97   0   0 2026-09-20 23:56:14
 1  0       546320     80850176      1281240     38367812    0    0     0    72 2846 4242   3   0  97   0   0 2026-09-20 23:56:15
 1  0       546320     80849952      1281240     38367820    0    0     0     0 3143 4283   3   0  97   0   0 2026-09-20 23:56:16
 1  0       546320     80849704      1281240     38367860    0    0     0   220 4312 25476   5   0  95   0   0 2026-09-20 23:56:17
 2  0       546320     80849504      1281240     38367884    0    0     0     0 4232 18918   4   1  95   0   0 2026-09-20 23:56:18
 1  0       546320     80848544      1281240     38367908    0    0     0     0 3592 4484   4   1  95   0   0 2026-09-20 23:56:19
 1  0       546320     80849856      1281248     38367928    0    0     0   112 3159 4334   3   0  97   0   0 2026-09-20 23:56:20
 5  0       546320     80850872      1281248     38367948    0    0     0     0 3856 9983   4   0  96   0   0 2026-09-20 23:56:21
 1  0       546320     80849184      1281248     38367980    0    0     0     0 4797 46281   5   0  95   0   0 2026-09-20 23:56:22
 2  0       546320     80849440      1281248     38367988    0    0     0   220 5492 33845   4   0  96   0   0 2026-09-20 23:56:23
 1  0       546320     80849200      1281248     38368032    0    0     0     0 2952 4451   4   0  96   0   0 2026-09-20 23:56:24
procs -----------------------memory---------------------- ---swap-- -----io---- -system-- --------cpu-------- -----timestamp-----
 r  b         swpd         free         buff        cache   si   so    bi    bo   in   cs  us  sy  id  wa  st                 KST
 0  0       546320     80848464      1281252     38368048    0    0     0   100 2572 4497   0   0 100   0   0 2026-09-20 23:56:25
 0  0       546320     80846000      1281252     38368088    0    0     0     0 2661 4476   0   0 100   0   0 2026-09-20 23:56:26
 2  0       546320     80846112      1281252     38368108    0    0     0     0 3130 7110   2   0  98   0   0 2026-09-20 23:56:27
 2  0       546320     80845152      1281252     38368120    0    0     0   216 3422 4391   5   2  94   0   0 2026-09-20 23:56:28
 2  0       546320     80845664      1281252     38368164    0    0     0     0 3383 4295   5   1  94   0   0 2026-09-20 23:56:29
 2  0       546320     80844944      1281252     38368188    0    0     0   104 3279 4277   5   1  94   0   0 2026-09-20 23:56:30
 2  0       546320     80844704      1281252     38368208    0    0     0     0 3202 4381   5   1  94   0   0 2026-09-20 23:56:31
 2  0       546320     80845224      1281252     38368236    0    0     0     0 3304 4368   5   1  94   0   0 2026-09-20 23:56:32
 2  0       546320     80845992      1281252     38368256    0    0     0   352 3404 4379   5   1  94   0   0 2026-09-20 23:56:33
 3  0       546320     80845760      1281252     38368284    0    0     0     0 3094 4260   5   1  94   0   0 2026-09-20 23:56:34
 2  0       546320     80846032      1281260     38368304    0    0     0   116 3173 4211   5   1  94   0   0 2026-09-20 23:56:35
 1  0       546320     80844272      1281260     38368340    0    0     0     0 3240 4458   4   1  96   0   0 2026-09-20 23:56:36
 1  0       546320     80844032      1281260     38368348    0    0     0     0 2957 4299   3   0  97   0   0 2026-09-20 23:56:37
 1  0       546320     80842536      1281260     38368388    0    0     0   336 3140 4352   3   0  97   0   0 2026-09-20 23:56:38
 1  0       546320     80841560      1281260     38368408    0    0     0     0 2807 4214   3   0  97   0   0 2026-09-20 23:56:39
 1  0       546320     80842320      1281268     38368428    0    0     0    96 2889 4240   3   0  97   0   0 2026-09-20 23:56:40
 1  0       546320     80839856      1281268     38368452    0    0     0     0 2907 4308   3   0  97   0   0 2026-09-20 23:56:41
 1  0       546320     80839888      1281268     38368484    0    0     0     0 3020 4350   3   0  97   0   0 2026-09-20 23:56:42
 1  0       546320     80842200      1281268     38368496    0    0     0   216 3059 4418   3   0  97   0   0 2026-09-20 23:56:43
 1  0       546320     80843760      1281268     38368532    0    0     0     0 2684 4178   3   0  97   0   0 2026-09-20 23:56:44
 4  0       546320     80843312      1281272     38368532    0    0     0   108 5590 25568   6   0  93   0   0 2026-09-20 23:56:45
procs -----------------------memory---------------------- ---swap-- -----io---- -system-- --------cpu-------- -----timestamp-----
 r  b         swpd         free         buff        cache   si   so    bi    bo   in   cs  us  sy  id  wa  st                 KST
 2  0       546320     80842880      1281272     38368592    0    0     0     0 3476 4767   5   1  94   0   0 2026-09-20 23:56:46
 1  0       546320     80843968      1281272     38368596    0    0     0     0 3482 4502   3   1  96   0   0 2026-09-20 23:56:47
 1  0       546320     80842976      1281272     38368640    0    0     0   440 3106 4413   3   0  97   0   0 2026-09-20 23:56:48
 2  0       546320     80850368      1281272     38368660    0    0     0     0 3225 4539   4   0  95   0   0 2026-09-20 23:56:49
 2  0       546320     80850384      1281284     38368680    0    0     0   112 3281 4359   5   1  94   0   0 2026-09-20 23:56:50
 1  0       546320     80849152      1281284     38368712    0    0     0     0 3362 4403   4   1  95   0   0 2026-09-20 23:56:51
 1  0       546320     80847712      1281284     38368732    0    0     0     0 3133 4434   3   0  97   0   0 2026-09-20 23:56:52
 1  0       546320     80845200      1281284     38368764    0    0     0   396 3143 4387   3   0  97   0   0 2026-09-20 23:56:53
 1  0       546320     80843064      1281284     38368788    0    0     0     0 3111 4288   3   0  97   0   0 2026-09-20 23:56:54
 1  0       546320     80841424      1281296     38368800    0    0     0   152 3007 4362   3   0  97   0   0 2026-09-20 23:56:55
 1  0       546320     80841760      1281296     38368836    0    0     0     0 3315 5305   5   0  95   0   0 2026-09-20 23:56:56
 0  0       546320     80840560      1281296     38368860    0    0     0     0 3171 4545   3   0  97   0   0 2026-09-20 23:56:57
 0  0       546320     80840416      1281296     38368876    0    0     0   248 2717 4689   0   0  99   0   0 2026-09-20 23:56:58
 0  0       546320     80840448      1281296     38368904    0    0     0     0 2412 4716   0   0 100   0   0 2026-09-20 23:56:59
 0  0       546320     80839472      1281308     38368932    0    0     0   112 2517 4483   0   0  99   0   0 2026-09-20 23:57:00
 0  0       546320     80840304      1281308     38368956    0    0     0     0 2485 4360   0   0 100   0   0 2026-09-20 23:57:01
 2  0       546320     80842672      1281308     38368976    0    0     0     0 3083 5742   2   1  97   0   0 2026-09-20 23:57:02
 1  0       546320     80842720      1281308     38368988    0    0     0     0 3211 4263   4   1  96   0   0 2026-09-20 23:57:03
 1  0       546320     80843824      1281308     38369016    0    0     0   420 3165 4506   3   0  97   0   0 2026-09-20 23:57:04
 0  0       546320     80844480      1281312     38369044    0    0     0   104 2823 4719   2   0  98   0   0 2026-09-20 23:57:05
 0  0       546320     80846000      1281312     38369064    0    0     0     0 2717 4473   0   0 100   0   0 2026-09-20 23:57:06
procs -----------------------memory---------------------- ---swap-- -----io---- -system-- --------cpu-------- -----timestamp-----
 r  b         swpd         free         buff        cache   si   so    bi    bo   in   cs  us  sy  id  wa  st                 KST
 2  0       546320     80848896      1281312     38369092    0    0     0     0 3244 4526   3   1  96   0   0 2026-09-20 23:57:07
 2  0       546320     80848176      1281312     38369120    0    0     0     0 3478 4359   4   1  95   0   0 2026-09-20 23:57:08
 1  0       546320     80848944      1281312     38369152    0    0     0   220 3140 4235   3   0  97   0   0 2026-09-20 23:57:09
 1  0       546320     80849712      1281324     38369164    0    0     0    96 3398 4401   3   0  97   0   0 2026-09-20 23:57:10
 0  0       546320     80847984      1281324     38369208    0    0     0     0 3217 4445   4   0  96   0   0 2026-09-20 23:57:11
 0  0       546320     80848504      1281324     38369220    0    0     0     0 2680 4683   0   0 100   0   0 2026-09-20 23:57:12
 0  0       546320     80848304      1281324     38369260    0    0     0     0 2750 4687   0   0 100   0   0 2026-09-20 23:57:13
 0  0       546320     80848336      1281324     38369264    0    0     0   212 2534 4375   0   0  99   0   0 2026-09-20 23:57:14
 0  0       546320     80848696      1281336     38369304    0    0     0    96 2445 4344   0   0 100   0   0 2026-09-20 23:57:15
 1  0       546320     80851024      1281336     38369316    0    0     0     0 2677 4350   2   0  97   0   0 2026-09-20 23:57:16
 3  0       546320     80852144      1281336     38369364    0    0     0     0 2908 6827   4   0  96   0   0 2026-09-20 23:57:17
 0  0       546320     80852432      1281336     38369372    0    0     0     0 4223 45906   3   0  97   0   0 2026-09-20 23:57:18
 0  0       546320     80852776      1281336     38369412    0    0     0   216 2470 4478   0   0  99   0   0 2026-09-20 23:57:19
 0  0       546320     80852784      1281344     38369420    0    0     0   100 2510 4357   0   0 100   0   0 2026-09-20 23:57:20
 0  0       546320     80854320      1281344     38369452    0    0     0     0 2566 4405   0   0 100   0   0 2026-09-20 23:57:21
 4  0       546320     80854352      1281344     38369460    0    0     0     0 2701 4358   0   0  99   0   0 2026-09-20 23:57:22
 0  0       546320     80853672      1281344     38369492    0    0     0     0 3964 30732   3   0  97   0   0 2026-09-20 23:57:23
 0  0       546320     80851200      1281344     38369528    0    0     0   224 2665 4687   0   0 100   0   0 2026-09-20 23:57:24
 0  0       546320     80849504      1281356     38369532    0    0     0   100 2957 5070   0   0 100   0   0 2026-09-20 23:57:25
 0  0       546320     80847536      1281356     38369592    0    0     0     0 2728 4556   0   0  99   0   0 2026-09-20 23:57:26
 0  0       546320     80846536      1281356     38369612    0    0     0     0 2707 4909   0   0  99   0   0 2026-09-20 23:57:27
procs -----------------------memory---------------------- ---swap-- -----io---- -system-- --------cpu-------- -----timestamp-----
 r  b         swpd         free         buff        cache   si   so    bi    bo   in   cs  us  sy  id  wa  st                 KST
 4  0       546320     80844096      1281356     38369640    0    0     0     0 3023 5144   1   0  99   0   0 2026-09-20 23:57:28
 0  0       546320     80845360      1281356     38369668    0    0     0   468 4429 44773   3   0  96   0   0 2026-09-20 23:57:29
 0  0       546320     80848896      1281364     38369688    0    0     0   128 2594 4487   0   0 100   0   0 2026-09-20 23:57:30
 0  0       546320     80849920      1281364     38369716    0    0     0     0 2625 4446   0   0 100   0   0 2026-09-20 23:57:31
 0  0       546320     80849736      1281364     38369724    0    0     0     0 2761 4464   0   0 100   0   0 2026-09-20 23:57:32
 0  0       546320     80849904      1281364     38369752    0    0     0     0 2725 4663   0   0 100   0   0 2026-09-20 23:57:33
 0  0       546320     80849176      1281364     38369768    0    0     0   368 2588 4417   0   0 100   0   0 2026-09-20 23:57:34
 0  0       546320     80849000      1281372     38369808    0    0     0    88 2424 4541   0   0 100   0   0 2026-09-20 23:57:35
 0  0       546320     80849296      1281372     38369816    0    0     0     0 2510 4436   0   0  99   0   0 2026-09-20 23:57:36
 0  0       546320     80847792      1281372     38369852    0    0     0     0 2705 4414   0   0  99   0   0 2026-09-20 23:57:37
 1  0       546320     80846832      1281372     38369864    0    0     0     0 2648 4445   0   0 100   0   0 2026-09-20 23:57:38
 0  0       546320     80846840      1281372     38369884    0    0     0   220 2723 4677   0   0  99   0   0 2026-09-20 23:57:39
 0  0       546320     80846880      1281384     38369908    0    0     0    96 2649 4577   0   0  99   0   0 2026-09-20 23:57:40
 1  0       546320     80845200      1281384     38369944    0    0     0     0 2623 4433   0   0 100   0   0 2026-09-20 23:57:41
 0  0       546320     80843272      1281384     38369976    0    0     0     0 2767 4555   0   0 100   0   0 2026-09-20 23:57:42
 0  0       546320     80842896      1281384     38369996    0    0     0     0 2659 4791   0   0  99   0   0 2026-09-20 23:57:43
 0  0       546320     80845480      1281384     38370012    0    0     0   412 2722 4613   0   0 100   0   0 2026-09-20 23:57:44
 0  0       546320     80843904      1281392     38370040    0    0     0   128 2718 4872   0   0  99   0   0 2026-09-20 23:57:45
 0  0       546320     80844032      1281392     38370064    0    0     0     0 3120 4967   0   1  99   0   0 2026-09-20 23:57:46
 2  0       546320     80843104      1281392     38370092    0    0     0     0 2784 4371   0   0 100   0   0 2026-09-20 23:57:47
 0  0       546320     80843168      1281392     38370104    0    0     0     0 2827 4332   0   0  99   0   0 2026-09-20 23:57:48
procs -----------------------memory---------------------- ---swap-- -----io---- -system-- --------cpu-------- -----timestamp-----
 r  b         swpd         free         buff        cache   si   so    bi    bo   in   cs  us  sy  id  wa  st                 KST
 0  0       546320     80843552      1281392     38370136    0    0     0     0 2474 4337   0   0  99   0   0 2026-09-20 23:57:49
 0  0       546320     80844352      1281400     38370144    0    0     0   328 2633 4548   0   0  99   0   0 2026-09-20 23:57:50
 0  0       546320     80845720      1281400     38370180    0    0     0     0 2828 4476   1   0  99   0   0 2026-09-20 23:57:51
 0  0       546320     80844032      1281408     38370212    0    0     0    32 2716 4348   0   0  99   0   0 2026-09-20 23:57:52
 2  0       546320     80845584      1281408     38370220    0    0     0     0 3103 4849   2   1  97   0   0 2026-09-20 23:57:53
 2  0       546320     80846880      1281408     38370252    0    0     0     0 3384 4265   5   1  94   0   0 2026-09-20 23:57:54
 2  0       546320     80847704      1281428     38370276    0    0     0   348 3310 4438   5   1  94   0   0 2026-09-20 23:57:55
 2  0       546320     80847472      1281428     38370300    0    0     0     0 3181 4278   5   1  94   0   0 2026-09-20 23:57:56
 2  0       546320     80848360      1281428     38370328    0    0     0     0 3687 4584   5   1  94   0   0 2026-09-20 23:57:57
 1  0       546320     80848144      1281428     38370348    0    0     0     0 3644 4509   4   1  95   0   0 2026-09-20 23:57:58
 1  0       546320     80849344      1281428     38370372    0    0     0     0 3031 4222   3   0  97   0   0 2026-09-20 23:57:59
 1  0       546320     80849392      1281436     38370388    0    0     0   304 3065 4230   3   0  97   0   0 2026-09-20 23:58:00
 1  0       546320     80847888      1281436     38370428    0    0     0     0 3050 4287   3   0  97   0   0 2026-09-20 23:58:01
 1  0       546320     80849656      1281436     38370448    0    0     0     0 3369 4478   3   0  97   0   0 2026-09-20 23:58:02
 1  0       546320     80849744      1281436     38370472    0    0     0     0 3262 4398   3   0  97   0   0 2026-09-20 23:58:03
 5  0       546320     80848576      1281436     38370480    0    0     0     0 3109 4288   4   0  96   0   0 2026-09-20 23:58:04
 0  0       546320     80848624      1281444     38370520    0    0     0   260 4453 43085   4   0  96   0   0 2026-09-20 23:58:05
 0  0       546320     80845888      1281444     38370536    0    0     0     0 2682 4747   0   0 100   0   0 2026-09-20 23:58:06
 1  0       546320     80843632      1281444     38370560    0    0     0     0 3039 4591   2   0  98   0   0 2026-09-20 23:58:07
 1  0       546320     80844672      1281444     38370576    0    0     0     0 2658 4413   0   0 100   0   0 2026-09-20 23:58:08
 1  0       546320     80845104      1281444     38370612    0    0     0     0 2563 4327   0   0 100   0   0 2026-09-20 23:58:09
procs -----------------------memory---------------------- ---swap-- -----io---- -system-- --------cpu-------- -----timestamp-----
 r  b         swpd         free         buff        cache   si   so    bi    bo   in   cs  us  sy  id  wa  st                 KST
 0  0       546320     80843888      1281452     38370632    0    0     0   320 2590 4533   0   0  99   0   0 2026-09-20 23:58:10
 0  0       546320     80844680      1281452     38370660    0    0     0     0 2673 4380   0   0  99   0   0 2026-09-20 23:58:11
 0  0       546320     80844184      1281460     38370672    0    0     0    96 2698 4658   0   0  99   0   0 2026-09-20 23:58:12
 1  0       546320     81901296      1281460     38370604    0    0     0     0 3096 4582   1   1  98   0   0 2026-09-20 23:58:13
 0  0       546320     81903376      1281460     38370628    0    0     0     0 2214 3681   1   0  99   0   0 2026-09-20 23:58:14
