procs -----------------------memory---------------------- ---swap-- -----io---- -system-- --------cpu-------- -----timestamp-----
 r  b         swpd         free         buff        cache   si   so    bi    bo   in   cs  us  sy  id  wa  st                 KST
 5  0       555280     95940000      1029964     25288588    2    3 15694   568    1    0   1   1  96   3   0 2026-09-19 02:26:24
 2  0       555280     95844152      1029964     25288632    0    0     0     0 2500 3798   3   1  97   0   0 2026-09-19 02:26:25
 2  0       555280     95789728      1029964     25288652    0    0     0   220 4724 3794   4   8  88   0   0 2026-09-19 02:26:26
 3  0       555280     95738688      1029964     25288676    0    0     0     0 2450 3376   3   0  97   0   0 2026-09-19 02:26:27
 3  0       555280     95730128      1029964     25288692    0    0     0     0 2185 3646   0   0  99   0   0 2026-09-19 02:26:28
 2  0       555280     95698728      1029972     25288724    0    0     0   100 2055 3493   1   0  99   0   0 2026-09-19 02:26:29
 2  0       555280     95184008      1029972     25288736    0    0     0     0 3890 4613  16   1  83   0   0 2026-09-19 02:26:30
 2  0       555280     95483680      1029972     25288768    0    0     0   224 3389 4137   5   1  94   0   0 2026-09-19 02:26:31
 2  0       555280     95677536      1029972     25288796    0    0     0     0 2716 3730   0   1  99   0   0 2026-09-19 02:26:32
 0  0       555280     95673320      1029972     25288820    0    0     0     4 2221 3962   0   0  99   0   0 2026-09-19 02:26:33
 1  0       555280     95620216      1029984     25288840    0    0     0   152 2146 4369   0   0  99   0   0 2026-09-19 02:26:34
 0  0       555280     95441024      1029984     25288864    0    0     0     0 2285 3418   2   1  97   0   0 2026-09-19 02:26:35
 1  0       555280     95357472      1029984     25288868    0    0     0   260 2209 3474   3   0  97   0   0 2026-09-19 02:26:36
 1  0       555280     95277968      1029984     25288916    0    0     0     0 2382 3645   2   1  97   0   0 2026-09-19 02:26:37
 1  0       555280     95150208      1029984     25299180    0    0     0     0 4522 4797   2   1  97   0   0 2026-09-19 02:26:38
 2  0       555280     94936032      1029992     25368840    0    0     0   128 3497 5745   3   1  96   0   0 2026-09-19 02:26:39
 1  0       555280     94931848      1029992     25368872    0    0     0     4 3058 4858   3   0  97   0   0 2026-09-19 02:26:40
 1  0       555280     94930048      1029992     25368892    0    0     0   396 3089 5093   2   1  97   0   0 2026-09-19 02:26:41
 1  0       555280     94872480      1029992     25368920    0    0     0     0 3262 5043   2   1  97   0   0 2026-09-19 02:26:42
 1  0       555280     94856872      1029992     25368940    0    0     0     0 3810 5036   3   0  97   0   0 2026-09-19 02:26:43
 1  0       555280     94854648      1030000     25368944    0    0     0   164 3563 5001   3   0  97   0   0 2026-09-19 02:26:44
procs -----------------------memory---------------------- ---swap-- -----io---- -system-- --------cpu-------- -----timestamp-----
 r  b         swpd         free         buff        cache   si   so    bi    bo   in   cs  us  sy  id  wa  st                 KST
 1  0       555280     94733496      1030000     25368992    0    0     0     0 3389 5106   3   0  97   0   0 2026-09-19 02:26:45
 1  0       555280     94704840      1030000     25368992    0    0     0     0 2957 5068   3   0  97   0   0 2026-09-19 02:26:46
 1  0       555280     90609664      1030000     29441256    0    0     0   296 5366 5121   1   3  97   0   0 2026-09-19 02:26:47
 1  0       555280     86204960      1030000     33757244    0    0     0     0 6440 5292   0   3  97   0   0 2026-09-19 02:26:48
 1  0       555280     86148640      1030012     33757664    0    0     0    96 8481 7730  30   3  67   0   0 2026-09-19 02:26:49
 0  0       555280     86128216      1030012     33757676    0    0     0     0 7046 12981   2   0  97   0   0 2026-09-19 02:26:50
 1  0       555280     86028728      1030012     33757692    0    0     0     0 6944 12941   1   0  98   0   0 2026-09-19 02:26:51
 1  0       555280     85895984      1030012     33757708    0    0     0   228 7348 13251   2   0  97   0   0 2026-09-19 02:26:52
 1  0       555280     85894328      1030012     33757744    0    0     0     0 7120 13028   3   0  97   0   0 2026-09-19 02:26:53
 1  0       555280     85892416      1030024     33757764    0    0     0   136 7109 13006   3   0  97   0   0 2026-09-19 02:26:54
 1  0       555280     85891456      1030024     33757788    0    0     0     4 6997 12789   3   0  97   0   0 2026-09-19 02:26:55
 1  0       555280     85892528      1030024     33757796    0    0     0     0 7401 13241   3   0  96   0   0 2026-09-19 02:26:56
 1  0       555280     85891392      1030024     33757836    0    0     0   240 7586 13147   3   0  97   0   0 2026-09-19 02:26:57
 1  0       555280     85890672      1030024     33757852    0    0     0     0 7387 13153   3   0  97   0   0 2026-09-19 02:26:58
 1  0       555280     85889712      1030036     33757876    0    0     0    80 7105 12920   3   0  97   0   0 2026-09-19 02:26:59
 1  0       555280     85887712      1030036     33757904    0    0     0     0 7088 12812   3   0  97   0   0 2026-09-19 02:27:00
 1  0       555280     85886752      1030036     33757928    0    0     0     0 7263 12901   3   0  97   0   0 2026-09-19 02:27:01
 1  0       555280     85884768      1030036     33757964    0    0     0   208 7341 13047   3   0  97   0   0 2026-09-19 02:27:02
 1  0       555280     85882560      1030036     33757976    0    0     0     0 7213 12918   3   0  97   0   0 2026-09-19 02:27:03
 1  0       555280     85886608      1030048     33758000    0    0     0   172 7061 13121   3   0  97   0   0 2026-09-19 02:27:04
 1  0       555280     85886464      1030048     33758028    0    0     0     0 7346 13220   3   0  97   0   0 2026-09-19 02:27:05
procs -----------------------memory---------------------- ---swap-- -----io---- -system-- --------cpu-------- -----timestamp-----
 r  b         swpd         free         buff        cache   si   so    bi    bo   in   cs  us  sy  id  wa  st                 KST
 1  0       555280     85886240      1030048     33758064    0    0     0     0 7251 12933   3   0  97   0   0 2026-09-19 02:27:06
 1  0       555280     85888560      1030048     33758084    0    0     0   204 7413 13054   3   0  97   0   0 2026-09-19 02:27:07
 1  0       555280     85887392      1030048     33758084    0    0     0     0 7334 13122   3   0  97   0   0 2026-09-19 02:27:08
 2  0       555280     85888672      1030060     33758124    0    0     0   128 7057 12890   3   0  97   0   0 2026-09-19 02:27:09
 1  0       555280     85882272      1030060     33758164    0    0     0 47104 7374 12961   3   0  96   0   0 2026-09-19 02:27:10
 1  0       555280     85881384      1030060     33758184    0    0     0     0 7157 12725   2   1  97   0   0 2026-09-19 02:27:11
 1  0       555280     85881424      1030064     33758208    0    0     0   232 7338 13037   2   1  97   0   0 2026-09-19 02:27:12
 1  0       555280     85881008      1030064     33758236    0    0     0     0 7185 12835   2   1  97   0   0 2026-09-19 02:27:13
 1  0       555280     85880040      1030076     33758260    0    0     0   160 7182 12837   2   1  97   0   0 2026-09-19 02:27:14
 1  0       555280     85880384      1030076     33758284    0    0     0     0 7068 12734   2   1  97   0   0 2026-09-19 02:27:15
 1  0       555280     85880464      1030076     33758304    0    0     0     0 6942 12698   2   1  97   0   0 2026-09-19 02:27:16
 1  0       555280     85879520      1030076     33758328    0    0     0   264 7184 12951   2   1  97   0   0 2026-09-19 02:27:17
 1  0       555280     85879072      1030076     33758348    0    0     0     0 7224 12970   2   1  97   0   0 2026-09-19 02:27:18
 1  0       555280     85877152      1030088     33758368    0    0     0    84 7158 12978   2   1  97   0   0 2026-09-19 02:27:19
 1  0       555280     85878216      1030088     33758384    0    0     0     0 6958 12775   2   1  97   0   0 2026-09-19 02:27:20
 1  0       555280     85875264      1030088     33758424    0    0     0     0 7069 12846   2   1  97   0   0 2026-09-19 02:27:21
 1  0       555280     85874880      1030088     33758444    0    0     0   188 7226 12957   2   1  97   0   0 2026-09-19 02:27:22
 1  0       555280     85875264      1030088     33758480    0    0     0     0 7216 12812   2   1  97   0   0 2026-09-19 02:27:23
 1  0       555280     85882144      1030088     33758496    0    0     0    88 7356 13664   2   1  96   0   0 2026-09-19 02:27:24
 2  0       555280     85880512      1030088     33758524    0    0     0     0 7253 13029   2   1  97   0   0 2026-09-19 02:27:25
 1  0       555280     85880568      1030088     33758548    0    0     0     0 7519 12738   2   1  97   0   0 2026-09-19 02:27:26
procs -----------------------memory---------------------- ---swap-- -----io---- -system-- --------cpu-------- -----timestamp-----
 r  b         swpd         free         buff        cache   si   so    bi    bo   in   cs  us  sy  id  wa  st                 KST
 1  4       555280     85877168      1030140     33758624    0    0     0 1201360 10437 15951   1   1  89  10   0 2026-09-19 02:27:27
 0  0       555280     85877424      1030176     33758844    0    0     0 799744 9476 14841   0   1  92   7   0 2026-09-19 02:27:28
 1  0       555280     85877536      1030188     33758916    0    0     0   980 6893 12863   0   0  99   0   0 2026-09-19 02:27:29
 0  0       555280     85877184      1030188     33758932    0    0     0     0 6902 12803   0   0  99   0   0 2026-09-19 02:27:30
 6  0       555280     85878256      1030188     33758956    0    0     0     0 6708 13364   0   0 100   0   0 2026-09-19 02:27:31
 1  0       555280     85879368      1030188     33758992    0    0     0     0 7066 12960   0   0  99   0   0 2026-09-19 02:27:32
 1  0       555280     85876640      1030188     33758996    0    0     0  1088 6995 12898   1   0  99   0   0 2026-09-19 02:27:33
 0  0       555280     85880752      1030200     33759044    0    0     0   108 6792 12903   1   0  99   0   0 2026-09-19 02:27:34
 1  0       555280     85879808      1030200     33759044    0    0     0   220 6776 12751   0   0 100   0   0 2026-09-19 02:27:35
 0  0       555280     85882696      1030200     33759088    0    0     0     0 6707 12603   0   0  99   0   0 2026-09-19 02:27:36
 0  0       555280     85883144      1030200     33759116    0    0     0     0 7056 12898   0   0  99   0   0 2026-09-19 02:27:37
 0  0       555280     85882512      1030200     33759132    0    0     0   232 7091 12889   0   0  99   0   0 2026-09-19 02:27:38
 1  0       555280     85881808      1030216     33759172    0    0     0   124 7037 13082   2   0  97   0   0 2026-09-19 02:27:39
 1  0       555280     94291320      1030216     25513188    0    0     0     0 6970 11504   0   3  97   0   0 2026-09-19 02:27:40
