procs -----------------------memory---------------------- ---swap-- -----io---- -system-- --------cpu-------- -----timestamp-----
 r  b         swpd         free         buff        cache   si   so    bi    bo   in   cs  us  sy  id  wa  st                 KST
 4  0       545296     90904592      1327788     30537316    2    2 12820   471    0    1   1   1  97   2   0 2026-09-21 10:59:05
 2  0       545296     90803744      1327788     30537380    0    0     0     0 2828 4488   3   1  97   0   0 2026-09-21 10:59:06
 2  0       545296     90774576      1327788     30537400    0    0     0     0 4990 5358   5   7  88   0   0 2026-09-21 10:59:07
 3  0       545296     90725472      1327788     30537408    0    0     0     0 2701 4661   3   1  97   0   0 2026-09-21 10:59:08
 1  0       545296     90719840      1327800     30537436    0    0     0   436 2353 4700   0   0  99   0   0 2026-09-21 10:59:09
 3  0       545296     90701248      1327800     30537468    0    0     0     0 2413 4732   1   0  99   0   0 2026-09-21 10:59:10
 4  0       545296     90192592      1327800     30537496    0    0     0     0 3877 4775  15   1  84   0   0 2026-09-21 10:59:11
 3  0       545296     90060096      1327800     30537512    0    0     0     0 2986 4246   5   1  94   0   0 2026-09-21 10:59:12
 0  0       545296     90671568      1327800     30537544    0    0     0     0 4072 5813   1   1  99   0   0 2026-09-21 10:59:13
 0  2       545296     90670080      1327808     30537560    0    0     0   428 2516 5530   0   0  99   0   0 2026-09-21 10:59:14
 1  0       545296     90669616      1327816     30537580    0    0     0    40 2697 5935   0   1  99   0   0 2026-09-21 10:59:15
 0  0       545296     90440640      1327816     30537600    0    0     0     0 2812 5016   3   1  97   0   0 2026-09-21 10:59:16
 1  0       545296     90364976      1327816     30537644    0    0     0     0 3330 3992   3   0  97   0   0 2026-09-21 10:59:17
 0  0       545296     90280368      1327816     30537668    0    0     0     0 2828 5484   3   1  97   0   0 2026-09-21 10:59:18
 1  0       545296     90170216      1327816     30547776    0    0     0   464 4481 6507   2   1  98   0   0 2026-09-21 10:59:19
 1  1       545296     90034536      1327824     30617628    0    0     0   128 3623 6947   3   1  96   0   0 2026-09-21 10:59:20
 2  0       545296     89920016      1327828     30617684    0    0     0    52 3475 6102   3   1  96   0   0 2026-09-21 10:59:21
 1  0       545296     89926928      1327828     30617712    0    0     0     4 3834 6628   2   1  97   0   0 2026-09-21 10:59:22
 1  0       545296     89883120      1327828     30617728    0    0     0     0 4216 6958   3   1  96   0   0 2026-09-21 10:59:23
 1  0       545296     89869520      1327828     30617764    0    0     0   392 3787 6642   3   0  97   0   0 2026-09-21 10:59:24
 1  0       545296     89866288      1327828     30617820    0    0     0     0 4334 6180   3   0  97   0   0 2026-09-21 10:59:25
procs -----------------------memory---------------------- ---swap-- -----io---- -system-- --------cpu-------- -----timestamp-----
 r  b         swpd         free         buff        cache   si   so    bi    bo   in   cs  us  sy  id  wa  st                 KST
 2  0       545296     89865848      1327832     30617828    0    0     0   644 4052 6074   3   0  97   0   0 2026-09-21 10:59:26
 1  0       545296     89744760      1327840     30617964    0    0     0    36 3401 5568   3   0  97   0   0 2026-09-21 10:59:27
 1  0       545296     87070456      1327840     33237304    0    0     0     0 4671 6346   2   2  96   0   0 2026-09-21 10:59:28
 1  0       545296     82359616      1327840     37934672    0    0     0   960 6594 6916   1   3  96   0   0 2026-09-21 10:59:29
 1  0       545296     81165456      1327840     39006604    0    0     0     0 6795 6666  27   2  70   0   0 2026-09-21 10:59:30
 1  0       545296     81139232      1327840     39006592    0    0     0     0 7750 11741   2   1  97   0   0 2026-09-21 10:59:31
 1  0       545296     81112528      1327856     39006604    0    0     0   252 7150 13329   1   0  99   0   0 2026-09-21 10:59:32
 0  0       545296     80908456      1327856     39006656    0    0     0     0 7443 13846   2   0  97   0   0 2026-09-21 10:59:33
 1  0       545296     80898912      1327856     39006688    0    0     0   332 7347 14021   3   0  97   0   0 2026-09-21 10:59:34
 1  0       545296     80896688      1327856     39006700    0    0     0     0 7285 13841   3   0  97   0   0 2026-09-21 10:59:35
 1  0       545296     80896480      1327856     39006732    0    0     0     0 7289 13553   3   0  97   0   0 2026-09-21 10:59:36
 2  0       545296     80895472      1327864     39006752    0    0     0   136 7230 13077   3   0  97   0   0 2026-09-21 10:59:37
 2  0       545296     80895760      1327868     39006788    0    0     0    36 7595 13949   3   0  97   0   0 2026-09-21 10:59:38
 1  0       545296     80895264      1327868     39006808    0    0     0   260 7698 14327   3   0  97   0   0 2026-09-21 10:59:39
 1  0       545296     80895536      1327868     39006828    0    0     0     0 7667 14229   3   0  97   0   0 2026-09-21 10:59:40
 1  0       545296     80895328      1327868     39006848    0    0     0     0 7311 13832   3   0  97   0   0 2026-09-21 10:59:41
 1  0       545296     80894912      1327868     39006872    0    0     0     0 7481 13539   3   0  96   0   0 2026-09-21 10:59:42
 1  0       545296     80895296      1327880     39006904    0    0     0   100 10647 23593   4   0  95   0   0 2026-09-21 10:59:43
 1  0       545296     80894064      1327880     39006928    0    0     0     0 7285 14007   3   0  97   0   0 2026-09-21 10:59:44
 2  0       545296     80894080      1327880     39006944    0    0     0   212 7701 13872   3   0  97   0   0 2026-09-21 10:59:45
 1  0       545296     80892832      1327880     39006976    0    0     0     0 7497 13889   3   0  97   0   0 2026-09-21 10:59:46
procs -----------------------memory---------------------- ---swap-- -----io---- -system-- --------cpu-------- -----timestamp-----
 r  b         swpd         free         buff        cache   si   so    bi    bo   in   cs  us  sy  id  wa  st                 KST
 2  0       545296     80892408      1327880     39006996    0    0     0     0 7823 15111   3   0  97   0   0 2026-09-21 10:59:47
 1  0       545296     80892912      1327884     39007016    0    0     0    80 7724 14517   3   0  96   0   0 2026-09-21 10:59:48
 1  0       545296     80891664      1327892     39007032    0    0     0    36 7660 15216   3   0  97   0   0 2026-09-21 10:59:49
 1  0       545296     80890416      1327892     39007056    0    0     0   208 7543 14844   3   0  97   0   0 2026-09-21 10:59:50
 1  0       545296     80889736      1327892     39007092    0    0     0    32 7738 14591   3   0  97   0   0 2026-09-21 10:59:51
 1  0       545296     80884800      1327892     39007132    0    0     0 222208 8345 15367   3   1  96   0   0 2026-09-21 10:59:52
 1  0       545296     80884816      1327892     39007140    0    0     0     0 7681 14977   2   1  97   0   0 2026-09-21 10:59:53
 1  0       545296     80886368      1327892     39007168    0    0     0   176 7790 15326   2   1  97   0   0 2026-09-21 10:59:54
 1  0       545296     80887392      1327900     39007196    0    0     0   416 7593 14867   2   1  97   0   0 2026-09-21 10:59:55
 1  0       545296     80885408      1327908     39007216    0    0     0    32 7180 13823   2   1  97   0   0 2026-09-21 10:59:56
 1  0       545296     80884160      1327908     39007228    0    0     0     0 7156 13297   2   1  97   0   0 2026-09-21 10:59:57
 1  0       545296     80884704      1327908     39007264    0    0     0     0 7619 14589   2   1  97   0   0 2026-09-21 10:59:58
 1  0       545296     80880712      1327908     39007288    0    0     0     0 7789 14816   2   1  97   0   0 2026-09-21 10:59:59
 1  0       545296     80883048      1327912     39007304    0    0     0   344 7843 14980   2   1  97   0   0 2026-09-21 11:00:00
 1  0       545296     80884672      1327912     39007328    0    0     0     0 7750 14331   2   1  97   0   0 2026-09-21 11:00:01
 1  0       545296     80884528      1327920     39007352    0    0     0    76 7535 13890   2   1  97   0   0 2026-09-21 11:00:02
 1  0       545296     80883776      1327920     39007400    0    0     0     0 7653 14630   2   1  97   0   0 2026-09-21 11:00:03
 1  0       545296     80874232      1327920     39007444    0    0     0    12 7828 15164   2   1  97   0   0 2026-09-21 11:00:04
 1  0       545296     80874496      1327920     39007468    0    0     0   484 7553 14561   2   1  97   0   0 2026-09-21 11:00:05
 1  0       545296     80875008      1327928     39007492    0    0     0   188 7703 14211   2   1  97   0   0 2026-09-21 11:00:06
 2  0       545296     80875264      1327928     39007512    0    0     0     0 7091 12877   2   1  97   0   0 2026-09-21 11:00:07
procs -----------------------memory---------------------- ---swap-- -----io---- -system-- --------cpu-------- -----timestamp-----
 r  b         swpd         free         buff        cache   si   so    bi    bo   in   cs  us  sy  id  wa  st                 KST
 2  0       545296     80874288      1327928     39007536    0    0     0     0 7687 14131   2   1  97   0   0 2026-09-21 11:00:08
 5  0       545296     80872224      1327936     39007900    0    0     0 1825792 12423 19325   5   1  90   4   0 2026-09-21 11:00:09
 5  0       545296     80872520      1327936     39007952    0    0     0   288 8498 14401  13   1  86   0   0 2026-09-21 11:00:10
 5  0       545296     80872080      1327940     39007992    0    0     0   764 8539 13893  13   1  86   0   0 2026-09-21 11:00:11
 5  0       545296     80870864      1327948     39008016    0    0     0    36 8674 14097  13   1  86   0   0 2026-09-21 11:00:12
 5  0       545296     80872976      1327948     39008040    0    0     0     0 8783 14467  13   1  86   0   0 2026-09-21 11:00:13
 5  0       545296     80873040      1327948     39008064    0    0     0     0 8710 14486  13   1  86   0   0 2026-09-21 11:00:14
 5  0       545296     80872320      1327948     39008104    0    0     0     0 8414 13985  13   1  86   0   0 2026-09-21 11:00:15
 5  0       545296     80872112      1327948     39008116    0    0     0   880 8294 13633  13   1  86   0   0 2026-09-21 11:00:16
 5  0       545296     80870952      1327952     39008144    0    0     0    96 8315 13112  13   2  86   0   0 2026-09-21 11:00:17
 5  0       545296     80871296      1327952     39008160    0    0     0    36 8666 14560  13   1  86   0   0 2026-09-21 11:00:18
 5  0       545296     80871328      1327952     39008192    0    0     0     0 8604 14252  13   1  86   0   0 2026-09-21 11:00:19
 5  0       545296     80872624      1327952     39008212    0    0     0     0 8228 14010  13   1  86   0   0 2026-09-21 11:00:20
 5  0       545296     80872448      1327952     39008236    0    0     0   208 8282 13771  13   1  86   0   0 2026-09-21 11:00:21
 5  0       545296     80871728      1327952     39008256    0    0     0   232 8256 13424  13   1  86   0   0 2026-09-21 11:00:22
 5  0       545296     80871904      1327956     39008276    0    0     0    68 8869 14250  13   1  86   0   0 2026-09-21 11:00:23
 5  0       545296     80872216      1327960     39008308    0    0     0    36 8676 14560  13   1  86   0   0 2026-09-21 11:00:24
 5  0       545296     80871880      1327960     39008332    0    0     0     0 8757 14736  13   1  86   0   0 2026-09-21 11:00:25
 5  0       545296     80873040      1327960     39008352    0    0     0   200 8632 14366  13   1  86   0   0 2026-09-21 11:00:26
 1  0       545296     80871504      1327960     39008388    0    0     0 75776 7546 13552   3   2  95   0   0 2026-09-21 11:00:27
 2  0       545296     80871120      1327960     39008408    0    0     0 90112 8151 15324   3   1  96   0   0 2026-09-21 11:00:28
procs -----------------------memory---------------------- ---swap-- -----io---- -system-- --------cpu-------- -----timestamp-----
 r  b         swpd         free         buff        cache   si   so    bi    bo   in   cs  us  sy  id  wa  st                 KST
 2  0       545296     80871752      1327960     39008432    0    0     0 89284 8012 14831   3   1  96   0   0 2026-09-21 11:00:29
 1  0       545296     80871872      1327968     39008464    0    0     0 90232 8143 14639   3   1  96   0   0 2026-09-21 11:00:30
 1  0       545296     80869008      1327968     39008512    0    0     0 89584 8026 14433   3   1  96   0   0 2026-09-21 11:00:31
 5  0       545296     80867040      1327968     39008556    0    0     0 71680 7713 13711   3   1  96   0   0 2026-09-21 11:00:32
 1  0       545296     80867856      1327968     39008612    0    0     0 64512 8129 14812   2   1  96   0   0 2026-09-21 11:00:33
 1  0       545296     80866944      1327968     39008624    0    0     0 94208 8075 15091   3   1  96   0   0 2026-09-21 11:00:34
 4  0       545296     80866232      1327976     39008772    0    0     0 359780 8891 15250   5   1  94   1   0 2026-09-21 11:00:35
 4  0       545296     80864880      1327984     39008816    0    0     0   772 8895 14349  11   0  88   0   0 2026-09-21 11:00:36
 4  0       545296     80864424      1327984     39008836    0    0     0     0 8150 13341  11   0  89   0   0 2026-09-21 11:00:37
 4  0       545296     80863984      1327984     39008864    0    0     0     0 8629 15067  11   0  88   0   0 2026-09-21 11:00:38
 4  0       545296     80862800      1327984     39008892    0    0     0     0 8381 14953  11   0  88   0   0 2026-09-21 11:00:39
 4  0       545296     80861840      1327984     39008908    0    0     0     0 8729 15637  12   0  88   0   0 2026-09-21 11:00:40
 5  0       545296     80881336      1327988     39008940    0    0     0   404 8389 14542  11   0  88   0   0 2026-09-21 11:00:41
 4  0       545296     80883312      1327996     39008964    0    0     0    36 8784 15082  11   0  88   0   0 2026-09-21 11:00:42
 4  0       545296     80884176      1327996     39008984    0    0     0     0 8896 15322  11   0  88   0   0 2026-09-21 11:00:43
 5  0       545296     80883360      1327996     39009276    0    0     0 1024000 10971 17360   9   1  88   2   0 2026-09-21 11:00:44
 5  0       545296     80884208      1327996     39009300    0    0     0     0 9073 15108  13   1  86   0   0 2026-09-21 11:00:45
 5  0       545296     80883744      1327996     39009448    0    0     0     0 8545 14022  13   1  86   0   0 2026-09-21 11:00:46
 5  0       545296     80885184      1328000     39009480    0    0     0   760 8297 13323  13   1  86   0   0 2026-09-21 11:00:47
 5  0       545296     80884576      1328008     39009512    0    0     0    48 8387 13806  13   1  86   0   0 2026-09-21 11:00:48
 5  0       545296     80887000      1328008     39009532    0    0     0     0 8467 13757  13   1  86   0   0 2026-09-21 11:00:49
procs -----------------------memory---------------------- ---swap-- -----io---- -system-- --------cpu-------- -----timestamp-----
 r  b         swpd         free         buff        cache   si   so    bi    bo   in   cs  us  sy  id  wa  st                 KST
 6  0       545296     80885104      1328008     39009564    0    0     0     0 8937 14734  13   1  86   0   0 2026-09-21 11:00:50
 5  0       545296     80885736      1328008     39009588    0    0     0     0 8905 14545  13   1  86   0   0 2026-09-21 11:00:51
 5  0       545296     80884336      1328008     39009604    0    0     0   660 8941 14489  13   1  85   0   0 2026-09-21 11:00:52
 5  0       545296     80884432      1328012     39009628    0    0     0   672 8971 14973  13   1  86   0   0 2026-09-21 11:00:53
 5  0       545296     80885096      1328016     39009652    0    0     0    36 8958 15072  13   1  86   0   0 2026-09-21 11:00:54
 5  0       545296     80883744      1328016     39009664    0    0     0     0 8744 14353  13   1  86   0   0 2026-09-21 11:00:55
 5  0       545296     80882816      1328016     39009696    0    0     0     0 8710 14561  13   1  86   0   0 2026-09-21 11:00:56
 5  0       545296     80882936      1328016     39009716    0    0     0   252 8935 14683  13   1  85   0   0 2026-09-21 11:00:57
 5  0       545296     80881872      1328016     39009732    0    0     0     0 9198 14922  13   2  86   0   0 2026-09-21 11:00:58
 5  0       545296     80879240      1328020     39009768    0    0     0    80 8860 14828  13   1  85   0   0 2026-09-21 11:00:59
 5  0       545296     80880048      1328028     39009804    0    0     0    48 8845 14315  13   1  86   0   0 2026-09-21 11:01:00
 5  0       545296     80881872      1328028     39009824    0    0     0     0 8597 13803  13   1  86   0   0 2026-09-21 11:01:01
 1  0       545296     80879184      1328028     39009864    0    0     0 83388 8294 13517   3   1  95   0   0 2026-09-21 11:01:02
 1  0       545296     80884336      1328032     39009888    0    0     0 98304 8189 13682   3   1  96   0   0 2026-09-21 11:01:03
 1  0       545296     80884400      1328032     39009936    0    0     0 94220 8097 13879   3   1  95   0   0 2026-09-21 11:01:04
 1  0       545296     80882928      1328036     39009996    0    0     0 91548 7650 13443   3   1  96   0   0 2026-09-21 11:01:05
 1  0       545296     80881728      1328040     39010100    0    0     0 97280 7498 13263   3   1  96   0   0 2026-09-21 11:01:06
 1  0       545296     80879760      1328040     39010120    0    0     0 73312 7503 13369   2   1  96   0   0 2026-09-21 11:01:07
 1  0       545296     80879840      1328044     39010148    0    0     0 68608 7536 13368   3   1  96   0   0 2026-09-21 11:01:08
 1  0       545296     80881104      1328044     39010200    0    0     0 91136 7625 13698   3   1  96   0   0 2026-09-21 11:01:09
 4  0       545296     80878976      1328048     39010316    0    0     0 328076 8273 14128   5   1  94   1   0 2026-09-21 11:01:10
procs -----------------------memory---------------------- ---swap-- -----io---- -system-- --------cpu-------- -----timestamp-----
 r  b         swpd         free         buff        cache   si   so    bi    bo   in   cs  us  sy  id  wa  st                 KST
 5  0       545296     80878032      1328048     39010392    0    0     0     0 7912 13027  11   0  88   0   0 2026-09-21 11:01:11
 4  0       545296     80876416      1328048     39010428    0    0     0   504 8294 13487  11   0  88   0   0 2026-09-21 11:01:12
 4  0       545296     80875416      1328048     39010448    0    0     0     0 7982 13203  11   0  89   0   0 2026-09-21 11:01:13
 4  0       545296     80873152      1328048     39010472    0    0     0     0 8066 13182  11   0  88   0   0 2026-09-21 11:01:14
 4  0       545296     80872928      1328052     39010480    0    0     0   176 7945 12931  11   0  88   0   0 2026-09-21 11:01:15
 4  0       545296     80872200      1328052     39010516    0    0     0     0 7926 12755  11   0  89   0   0 2026-09-21 11:01:16
 4  0       545296     80872520      1328052     39010540    0    0     0   268 7979 13047  11   0  88   0   0 2026-09-21 11:01:17
 7  0       545296     80872592      1328052     39010564    0    0     0     0 8054 13140  11   0  89   0   0 2026-09-21 11:01:18
 5  0       545296     80869312      1328052     39010800    0    0     0 1024500 10308 16257   9   1  88   2   0 2026-09-21 11:01:19
 5  0       545296     80873752      1328052     39010816    0    0     0     0 9060 15476  13   2  85   0   0 2026-09-21 11:01:20
 5  0       545296     80873296      1328052     39010852    0    0     0     0 8904 14748  13   1  86   0   0 2026-09-21 11:01:21
 5  0       545296     80872608      1328052     39010864    0    0     0   608 8846 14770  13   1  86   0   0 2026-09-21 11:01:22
 5  0       545296     80872960      1328052     39010896    0    0     0   616 8736 14441  13   1  86   0   0 2026-09-21 11:01:23
 6  0       545296     80868824      1328064     39010936    0    0     0   168 9101 15558  13   1  85   0   0 2026-09-21 11:01:24
 5  0       545296     80870024      1328064     39010952    0    0     0     0 9269 15058  13   2  85   0   0 2026-09-21 11:01:25
 5  0       545296     80869568      1328064     39010980    0    0     0     0 8525 13974  13   1  85   0   0 2026-09-21 11:01:26
 5  0       545296     80867680      1328064     39011008    0    0     0   280 8197 13065  13   1  86   0   0 2026-09-21 11:01:27
 6  0       545296     80867840      1328064     39011036    0    0     0     0 8832 14479  13   2  86   0   0 2026-09-21 11:01:28
 5  0       545296     80868176      1328072     39011064    0    0     0   140 8982 15214  13   1  85   0   0 2026-09-21 11:01:29
 5  0       545296     80864976      1328072     39011092    0    0     0     0 8980 14826  13   1  86   0   0 2026-09-21 11:01:30
 6  0       545296     80864360      1328072     39011108    0    0     0     0 8872 14983  14   1  85   0   0 2026-09-21 11:01:31
procs -----------------------memory---------------------- ---swap-- -----io---- -system-- --------cpu-------- -----timestamp-----
 r  b         swpd         free         buff        cache   si   so    bi    bo   in   cs  us  sy  id  wa  st                 KST
 6  0       545296     80876168      1328072     39011148    0    0     0     0 8779 13482  13   1  85   0   0 2026-09-21 11:01:32
 5  0       545296     80872456      1328072     39011160    0    0     0   244 9205 15148  13   1  85   0   0 2026-09-21 11:01:33
 5  0       545296     80865792      1328076     39011196    0    0     0   136 9215 15054  13   1  85   0   0 2026-09-21 11:01:34
 5  0       545296     80868832      1328080     39011224    0    0     0    52 9006 14639  13   1  86   0   0 2026-09-21 11:01:35
 5  0       545296     80867664      1328080     39011252    0    0     0     0 8681 14174  13   1  86   0   0 2026-09-21 11:01:36
 2  0       545296     80868592      1328080     39011336    0    0     0 84992 8854 15582   4   1  95   0   0 2026-09-21 11:01:37
 1  0       545296     80869888      1328080     39011368    0    0     0 89352 8388 15573   3   1  96   0   0 2026-09-21 11:01:38
 1  0       545296     80871744      1328080     39011400    0    0     0 94208 8517 15126   3   1  95   0   0 2026-09-21 11:01:39
 1  0       545296     80873816      1328080     39011420    0    0     0 86324 8460 15399   3   1  96   0   0 2026-09-21 11:01:40
 1  0       545296     80877112      1328088     39011452    0    0     0 93300 8275 15288   3   1  95   0   0 2026-09-21 11:01:41
 3  2       545296     80877408      1328088     39011472    0    0     0 59392 7655 13881   2   1  96   0   0 2026-09-21 11:01:42
 1  0       545296     80878224      1328088     39011560    0    0     0 82340 8187 15234   3   1  96   0   0 2026-09-21 11:01:43
 1  0       545296     80875376      1328088     39011588    0    0     0 89088 7998 15066   3   1  95   0   0 2026-09-21 11:01:44
 4  0       545296     80870888      1328088     39011700    0    0     0 346112 8843 15589   5   1  93   1   0 2026-09-21 11:01:45
 4  0       545296     80870912      1328096     39011720    0    0     0   400 8616 14747  11   0  88   0   0 2026-09-21 11:01:46
 4  0       545296     80869216      1328096     39011744    0    0     0     0 9076 14734  11   0  88   0   0 2026-09-21 11:01:47
 4  0       545296     80868288      1328096     39011768    0    0     0   512 8940 15244  11   0  88   0   0 2026-09-21 11:01:48
 4  0       545296     80867752      1328096     39011796    0    0     0     0 8928 15385  12   0  88   0   0 2026-09-21 11:01:49
 4  0       545296     80867592      1328096     39011816    0    0     0     0 8570 14778  11   0  89   0   0 2026-09-21 11:01:50
 4  0       545296     80869504      1328100     39011852    0    0     0   136 8536 14521  11   0  88   0   0 2026-09-21 11:01:51
 4  0       545296     80870376      1328100     39011884    0    0     0     0 8822 14867  11   0  88   0   0 2026-09-21 11:01:52
procs -----------------------memory---------------------- ---swap-- -----io---- -system-- --------cpu-------- -----timestamp-----
 r  b         swpd         free         buff        cache   si   so    bi    bo   in   cs  us  sy  id  wa  st                 KST
 5  0       545296     80872056      1328100     39011916    0    0     0   256 8828 14644  11   0  88   0   0 2026-09-21 11:01:53
 6  0       545296     80869728      1328100     39012196    0    0     0 1024548 10925 17380   9   1  88   2   0 2026-09-21 11:01:54
 5  0       545296     80869808      1328100     39012224    0    0     0     0 8830 14540  13   1  86   0   0 2026-09-21 11:01:55
 5  0       545296     80869496      1328108     39012244    0    0     0   528 8824 14974  13   1  86   0   0 2026-09-21 11:01:56
 5  0       545296     80869680      1328108     39012272    0    0     0     0 9441 15190  13   1  85   0   0 2026-09-21 11:01:57
 5  0       545296     80863808      1328108     39012304    0    0     0   596 9141 14914  13   1  86   0   0 2026-09-21 11:01:58
 5  0       545296     80861872      1328108     39012332    0    0     0     0 8596 14890  13   1  86   0   0 2026-09-21 11:01:59
 5  0       545296     80860768      1328108     39012356    0    0     0     0 8905 14840  13   1  86   0   0 2026-09-21 11:02:00
 5  0       545296     80860328      1328112     39012372    0    0     0   156 8646 14450  13   1  85   0   0 2026-09-21 11:02:01
 5  0       545296     80861712      1328112     39012404    0    0     0     0 8885 14372  13   1  86   0   0 2026-09-21 11:02:02
 6  0       545296     80861840      1328112     39012420    0    0     0   276 8918 14276  13   1  86   0   0 2026-09-21 11:02:03
 5  0       545296     80859200      1328112     39012448    0    0     0     0 8753 14488  13   1  86   0   0 2026-09-21 11:02:04
 5  0       545296     80856048      1328112     39012472    0    0     0     0 8875 15040  13   1  85   0   0 2026-09-21 11:02:05
 5  0       545296     80884480      1328120     39012512    0    0     0   136 8710 14323  13   1  86   0   0 2026-09-21 11:02:06
 5  0       545296     80884904      1328120     39012528    0    0     0     0 8842 14567  13   1  86   0   0 2026-09-21 11:02:07
 5  0       545296     80884168      1328120     39012544    0    0     0   232 8560 14277  13   1  86   0   0 2026-09-21 11:02:08
 6  0       545296     80883552      1328120     39012580    0    0     0     0 8504 14432  13   1  86   0   0 2026-09-21 11:02:09
 6  0       545296     80880488      1328120     39012604    0    0     0     0 8683 14177  13   1  85   0   0 2026-09-21 11:02:10
 5  0       545296     80881360      1328128     39012632    0    0     0   152 8402 13754  13   1  86   0   0 2026-09-21 11:02:11
 1  0       545296     80878800      1328128     39012692    0    0     0 81920 8166 14344   4   1  95   0   0 2026-09-21 11:02:12
 1  0       545296     80877592      1328128     39012720    0    0     0 96256 8060 14783   3   1  96   0   0 2026-09-21 11:02:13
procs -----------------------memory---------------------- ---swap-- -----io---- -system-- --------cpu-------- -----timestamp-----
 r  b         swpd         free         buff        cache   si   so    bi    bo   in   cs  us  sy  id  wa  st                 KST
 2  0       545296     80876936      1328128     39012820    0    0     0 91528 8084 14985   3   1  96   0   0 2026-09-21 11:02:14
 3  0       545296     80876256      1328128     39012892    0    0     0 82944 7872 14659   3   1  95   0   0 2026-09-21 11:02:15
 1  0       545296     80877008      1328128     39012916    0    0     0 95232 7688 14322   3   1  96   0   0 2026-09-21 11:02:16
 1  0       545296     80871872      1328140     39012984    0    0     0 47444 7932 14495   2   1  96   0   0 2026-09-21 11:02:17
 1  0       545296     80872856      1328140     39013016    0    0     0 94208 7890 14400   3   1  96   0   0 2026-09-21 11:02:18
 1  0       545296     80870496      1328140     39013044    0    0     0 97808 8017 15096   3   1  95   0   0 2026-09-21 11:02:19
 5  0       545296     80868608      1328140     39013188    0    0     0 337920 8690 15094   4   1  94   1   0 2026-09-21 11:02:20
 4  0       545296     80869744      1328140     39013256    0    0     0     0 8250 13686  11   0  89   0   0 2026-09-21 11:02:21
 4  0       545296     80869616      1328152     39013288    0    0     0   448 8451 14407  11   0  88   0   0 2026-09-21 11:02:22
 4  0       545296     80868776      1328152     39013316    0    0     0     0 8227 14139  11   0  88   0   0 2026-09-21 11:02:23
 4  0       545296     80868784      1328152     39013336    0    0     0   672 8319 14213  11   0  88   0   0 2026-09-21 11:02:25
 4  0       545296     80868688      1328152     39013368    0    0     0   632 8515 14141  11   0  88   0   0 2026-09-21 11:02:26
 4  0       545296     80868864      1328152     39013388    0    0     0     0 8483 14482  11   0  88   0   0 2026-09-21 11:02:27
 4  0       545296     80867792      1328160     39013424    0    0     0   108 8734 14553  11   0  88   0   0 2026-09-21 11:02:28
 5  0       545296     80868176      1328160     39013440    0    0     0     0 8252 14065  11   0  88   0   0 2026-09-21 11:02:29
 6  0       545296     80867336      1328160     39013760    0    0     0 1024224 10538 17210   8   1  89   2   0 2026-09-21 11:02:30
 5  0       545296     80867568      1328160     39013780    0    0     0     0 8807 14388  13   1  86   0   0 2026-09-21 11:02:31
 5  0       545296     80862912      1328160     39013824    0    0     0     0 8963 14321  13   1  86   0   0 2026-09-21 11:02:32
 5  0       545296     80863264      1328168     39013736    0    0     0   504 8744 14420  13   1  85   0   0 2026-09-21 11:02:33
 5  0       545296     80860656      1328168     39013772    0    0     0     0 8867 14175  13   1  86   0   0 2026-09-21 11:02:34
 5  0       545296     80861664      1328168     39013784    0    0     0   752 9007 14501  13   1  86   0   0 2026-09-21 11:02:35
procs -----------------------memory---------------------- ---swap-- -----io---- -system-- --------cpu-------- -----timestamp-----
 r  b         swpd         free         buff        cache   si   so    bi    bo   in   cs  us  sy  id  wa  st                 KST
 6  0       545296     80862464      1328168     39013824    0    0     0     0 8837 14288  13   1  86   0   0 2026-09-21 11:02:36
 5  0       545296     80860304      1328168     39013848    0    0     0     0 8835 14006  13   1  86   0   0 2026-09-21 11:02:37
 5  0       545296     80850296      1328168     39013876    0    0     0   176 8916 14946  13   1  85   0   0 2026-09-21 11:02:38
 5  0       545296     80851120      1328168     39013900    0    0     0     0 8534 14307  13   1  86   0   0 2026-09-21 11:02:39
 6  0       545296     80847632      1328168     39013928    0    0     0   488 8970 15053  13   2  85   0   0 2026-09-21 11:02:40
 5  0       545296     80847680      1328168     39013940    0    0     0     0 8939 14348  13   1  86   0   0 2026-09-21 11:02:41
 5  0       545296     80846744      1328168     39013972    0    0     0     0 8603 14303  13   1  86   0   0 2026-09-21 11:02:42
 5  0       545296     80847040      1328176     39013988    0    0     0   172 8815 14634  13   1  86   0   0 2026-09-21 11:02:43
 5  0       545296     80845328      1328176     39014024    0    0     0     0 8726 14589  13   1  86   0   0 2026-09-21 11:02:44
 5  0       545296     80845208      1328176     39014040    0    0     0     0 8591 14525  13   2  86   0   0 2026-09-21 11:02:45
 5  0       545296     80844584      1328176     39014076    0    0     0   400 8638 14375  13   1  86   0   0 2026-09-21 11:02:46
 5  0       545296     80842656      1328176     39014100    0    0     0     0 8843 14457  13   1  86   0   0 2026-09-21 11:02:47
 3  0       545296     80840720      1328184     39014140    0    0     0 90228 8419 15206   4   1  94   0   0 2026-09-21 11:02:48
 1  0       545296     80839528      1328184     39014220    0    0     0 91136 8261 14876   3   1  95   0   0 2026-09-21 11:02:49
 1  0       545296     80840320      1328184     39014244    0    0     0 89088 8177 14941   3   1  96   0   0 2026-09-21 11:02:50
 1  0       545296     80840224      1328184     39014268    0    0     0 94428 7989 14416   3   1  96   0   0 2026-09-21 11:02:51
 1  0       545296     80838768      1328184     39014292    0    0     0 64512 7599 14229   2   1  96   0   0 2026-09-21 11:02:52
 1  0       545296     80841160      1328200     39014376    0    0     0 70060 7884 13768   3   1  96   0   0 2026-09-21 11:02:53
 1  0       545296     80843056      1328200     39014392    0    0     0 95232 8046 14808   3   1  95   0   0 2026-09-21 11:02:54
 1  0       545296     80844104      1328200     39014448    0    0     0 93184 8166 15006   3   1  96   0   0 2026-09-21 11:02:55
 4  0       545296     80842920      1328200     39014548    0    0     0 337304 8619 15225   4   1  94   1   0 2026-09-21 11:02:56
procs -----------------------memory---------------------- ---swap-- -----io---- -system-- --------cpu-------- -----timestamp-----
 r  b         swpd         free         buff        cache   si   so    bi    bo   in   cs  us  sy  id  wa  st                 KST
 5  0       545296     80842048      1328200     39014580    0    0     0   492 8402 14079  11   0  88   0   0 2026-09-21 11:02:57
 4  0       545296     80842656      1328208     39014608    0    0     0   312 8240 13292  11   0  88   0   0 2026-09-21 11:02:58
 4  0       545296     80842464      1328208     39014632    0    0     0     0 8339 14343  11   0  88   0   0 2026-09-21 11:02:59
 4  0       545296     80840352      1328212     39014668    0    0     0    36 8254 14111  11   0  88   0   0 2026-09-21 11:03:00
 4  0       545296     80839704      1328212     39014680    0    0     0   432 8309 13996  11   0  89   0   0 2026-09-21 11:03:01
 4  0       545296     80840128      1328212     39014708    0    0     0     0 8323 14006  11   0  88   0   0 2026-09-21 11:03:02
 4  0       545296     80839464      1328212     39014732    0    0     0     0 8240 13631  11   0  88   0   0 2026-09-21 11:03:03
 4  0       545296     80840320      1328212     39014764    0    0     0     0 8527 14536  11   0  89   0   0 2026-09-21 11:03:04
 5  0       545296     80838696      1328212     39015160    0    0     0 1024604 10669 17328   9   0  89   2   0 2026-09-21 11:03:05
 5  0       545296     80837608      1328216     39015180    0    0     0   820 8758 14540  13   1  86   0   0 2026-09-21 11:03:06
 6  0       545296     80836608      1328216     39015204    0    0     0     0 8474 13720  13   1  86   0   0 2026-09-21 11:03:07
 5  0       545296     80837504      1328216     39015228    0    0     0     0 8339 13217  13   1  86   0   0 2026-09-21 11:03:08
 5  0       545296     80838320      1328216     39015244    0    0     0     0 8784 14350  13   1  86   0   0 2026-09-21 11:03:09
 5  0       545296     80840336      1328216     39015280    0    0     0     0 8742 14495  13   1  86   0   0 2026-09-21 11:03:10
 5  0       545296     80838584      1328220     39015288    0    0     0   344 8901 14721  13   1  85   0   0 2026-09-21 11:03:11
 5  0       545296     80837840      1328228     39015324    0    0     0    52 8484 14237  13   1  86   0   0 2026-09-21 11:03:12
 5  0       545296     80836864      1328228     39015340    0    0     0     0 8685 13343  13   1  86   0   0 2026-09-21 11:03:13
 5  0       545296     80836144      1328228     39015372    0    0     0     0 9069 15006  13   1  85   0   0 2026-09-21 11:03:14
 5  0       545296     80864976      1328228     39015392    0    0     0     0 8772 14561  13   1  86   0   0 2026-09-21 11:03:15
 5  0       545296     80866808      1328228     39015420    0    0     0   228 8570 13991  13   1  86   0   0 2026-09-21 11:03:16
 5  0       545296     80867928      1328232     39015428    0    0     0    72 8481 13844  13   1  86   0   0 2026-09-21 11:03:17
procs -----------------------memory---------------------- ---swap-- -----io---- -system-- --------cpu-------- -----timestamp-----
 r  b         swpd         free         buff        cache   si   so    bi    bo   in   cs  us  sy  id  wa  st                 KST
 5  0       545296     80868864      1328232     39015468    0    0     0    36 8475 13312  13   1  86   0   0 2026-09-21 11:03:18
 5  0       545296     80868656      1328232     39015480    0    0     0     0 8696 14513  13   1  86   0   0 2026-09-21 11:03:19
 5  0       545296     80869280      1328232     39015512    0    0     0     0 9053 15010  13   1  86   0   0 2026-09-21 11:03:20
 5  0       545296     80870640      1328232     39015528    0    0     0   180 8834 14395  13   1  86   0   0 2026-09-21 11:03:21
 6  0       545296     80870208      1328232     39015568    0    0     0     0 8551 14192  13   1  86   0   0 2026-09-21 11:03:22
 1  0       545296     80869600      1328240     39015640    0    0     0 83012 8210 13965   4   1  94   0   0 2026-09-21 11:03:23
 1  0       545296     80869232      1328248     39015728    0    0     0 87140 8378 15084   3   1  95   0   0 2026-09-21 11:03:24
 2  0       545296     80869272      1328248     39015768    0    0     0 91136 8076 15191   3   1  95   0   0 2026-09-21 11:03:25
 1  0       545296     80868520      1328248     39015824    0    0     0 93416 7931 14889   3   1  96   0   0 2026-09-21 11:03:26
 1  1       545296     80866848      1328248     39015856    0    0     0 55096 7745 14556   2   1  96   0   0 2026-09-21 11:03:27
 1  0       545296     80866192      1328248     39015904    0    0     0 81920 7686 13780   3   1  95   0   0 2026-09-21 11:03:28
 1  0       545296     80866208      1328252     39015940    0    0     0 85248 7978 14983   3   1  95   0   0 2026-09-21 11:03:29
 1  0       545296     80866976      1328256     39015964    0    0     0 93312 7998 15369   3   1  96   0   0 2026-09-21 11:03:30
 4  0       545296     80867584      1328256     39016072    0    0     0 355328 8654 15769   3   1  95   1   0 2026-09-21 11:03:31
 4  0       545296     80866192      1328256     39016140    0    0     0   332 8233 14087  11   0  89   0   0 2026-09-21 11:03:32
 6  0       545296     80865232      1328256     39016160    0    0     0     0 8110 13468  11   0  88   0   0 2026-09-21 11:03:33
 4  0       545296     80866296      1328256     39016188    0    0     0     0 8652 14650  11   0  88   0   0 2026-09-21 11:03:34
 4  0       545296     80868160      1328256     39016200    0    0     0   216 8700 14711  11   0  88   0   0 2026-09-21 11:03:35
 5  0       545296     80867776      1328260     39016228    0    0     0    36 8280 14446  11   0  88   0   0 2026-09-21 11:03:36
 4  0       545296     80865352      1328260     39016244    0    0     0   352 8386 14453  11   0  88   0   0 2026-09-21 11:03:37
 4  0       545296     80864256      1328260     39016276    0    0     0     0 8712 15095  11   0  88   0   0 2026-09-21 11:03:38
procs -----------------------memory---------------------- ---swap-- -----io---- -system-- --------cpu-------- -----timestamp-----
 r  b         swpd         free         buff        cache   si   so    bi    bo   in   cs  us  sy  id  wa  st                 KST
 5  0       545296     80865584      1328260     39016292    0    0     0     0 8731 14908  11   0  88   0   0 2026-09-21 11:03:39
 5  0       545296     80863760      1328260     39016616    0    0     0 1024000 10852 17355   8   1  89   2   0 2026-09-21 11:03:40
 5  0       545296     80861632      1328268     39016680    0    0     0   512 8556 14898  13   1  86   0   0 2026-09-21 11:03:41
 5  0       545296     80860000      1328268     39016708    0    0     0   636 8594 14272  13   1  86   0   0 2026-09-21 11:03:42
 5  0       545296     80860616      1328268     39016732    0    0     0     0 9242 14696  13   1  86   0   0 2026-09-21 11:03:43
 5  0       545296     80859696      1328268     39016752    0    0     0     0 8692 14250  13   1  86   0   0 2026-09-21 11:03:44
 5  0       545296     80859328      1328268     39016788    0    0     0     0 8812 14588  13   1  86   0   0 2026-09-21 11:03:45
 5  0       545296     80861072      1328284     39016824    0    0     0   120 8902 14499  13   1  86   0   0 2026-09-21 11:03:46
 5  0       545296     80861728      1328284     39016848    0    0     0   224 8494 13971  13   1  86   0   0 2026-09-21 11:03:47
 5  0       545296     80860064      1328284     39016872    0    0     0     0 9135 15076  13   1  86   0   0 2026-09-21 11:03:48
 5  0       545296     80859968      1328284     39016896    0    0     0     0 8796 14417  13   1  86   0   0 2026-09-21 11:03:49
 5  0       545296     80860400      1328284     39016920    0    0     0     0 8681 14887  13   1  86   0   0 2026-09-21 11:03:50
 5  0       545296     80860256      1328292     39016952    0    0     0    96 8702 14548  13   1  86   0   0 2026-09-21 11:03:51
 5  0       545296     80859400      1328292     39016976    0    0     0     0 8585 13989  13   1  86   0   0 2026-09-21 11:03:52
 5  0       545296     80867136      1328292     39017004    0    0     0   212 8688 14483  13   1  86   0   0 2026-09-21 11:03:53
 5  0       545296     80868224      1328292     39017020    0    0     0     0 8517 14160  13   1  86   0   0 2026-09-21 11:03:54
 5  0       545296     80867552      1328292     39017052    0    0     0     0 8761 14748  13   1  86   0   0 2026-09-21 11:03:55
 8  0       545296     80868240      1328296     39017068    0    0     0   108 8807 14278  13   1  85   0   0 2026-09-21 11:03:56
 5  0       545296     80867920      1328296     39017100    0    0     0     0 8857 14436  13   1  86   0   0 2026-09-21 11:03:57
 1  0       545296     80865600      1328296     39017120    0    0     0 90128 8929 15425   7   1  91   0   0 2026-09-21 11:03:58
 2  0       545296     80866448      1328296     39017136    0    0     0 53248 8203 15203   3   1  96   0   0 2026-09-21 11:03:59
procs -----------------------memory---------------------- ---swap-- -----io---- -system-- --------cpu-------- -----timestamp-----
 r  b         swpd         free         buff        cache   si   so    bi    bo   in   cs  us  sy  id  wa  st                 KST
 3  0       545296     80867664      1328296     39017232    0    0     0 82944 8410 15013   3   1  96   0   0 2026-09-21 11:04:00
 1  0       545296     80868320      1328308     39017268    0    0     0 92448 8259 14898   3   1  96   0   0 2026-09-21 11:04:01
 1  0       545296     80867392      1328308     39017312    0    0     0 78848 7947 14872   3   1  96   0   0 2026-09-21 11:04:02
 1  0       545296     80864296      1328308     39017368    0    0     0 92680 8492 15438   3   1  96   0   0 2026-09-21 11:04:03
 1  0       545296     80864336      1328308     39017444    0    0     0 94208 8463 15262   3   1  95   0   0 2026-09-21 11:04:04
 1  4       545296     80864448      1328308     39017464    0    0     0 49152 8049 14994   2   1  96   0   0 2026-09-21 11:04:05
 1  0       545296     80863744      1328320     39017496    0    0     0 90480 7955 14394   3   1  95   0   0 2026-09-21 11:04:06
 5  0       545296     80862816      1328320     39017636    0    0     0 302080 9127 14755   9   0  89   1   0 2026-09-21 11:04:07
 4  0       545296     80863200      1328320     39017652    0    0     0   516 8736 14814  11   0  88   0   0 2026-09-21 11:04:08
 4  0       545296     80863360      1328320     39017692    0    0     0     0 8568 14424  11   0  88   0   0 2026-09-21 11:04:09
 4  0       545296     80863256      1328320     39017716    0    0     0     0 8582 14825  11   0  88   0   0 2026-09-21 11:04:10
 4  0       545296     80861904      1328328     39017724    0    0     0   292 8692 14729  11   0  88   0   0 2026-09-21 11:04:11
 4  0       545296     80861808      1328328     39017764    0    0     0     0 8735 14607  11   0  88   0   0 2026-09-21 11:04:12
 5  0       545296     80862096      1328328     39017788    0    0     0   392 8775 14816  11   0  88   0   0 2026-09-21 11:04:13
 4  0       545296     80862768      1328328     39017820    0    0     0     0 8647 14629  11   0  88   0   0 2026-09-21 11:04:14
 0  4       545296     80862088      1328328     39017844    0    0     0 369664 9566 15946  10   0  88   1   0 2026-09-21 11:04:15
 5  0       545296     80860240      1328336     39018184    0    0     0 654912 10165 16205  10   1  87   1   0 2026-09-21 11:04:16
 5  0       545296     80860504      1328336     39018208    0    0     0     0 8728 14260  13   1  86   0   0 2026-09-21 11:04:17
 5  0       545296     80860608      1328336     39018232    0    0     0   692 8880 14659  13   1  86   0   0 2026-09-21 11:04:18
 5  0       545296     80860720      1328336     39018252    0    0     0     0 8790 14309  13   1  86   0   0 2026-09-21 11:04:19
 5  0       545296     80859520      1328336     39018280    0    0     0     0 9086 14693  13   1  86   0   0 2026-09-21 11:04:20
procs -----------------------memory---------------------- ---swap-- -----io---- -system-- --------cpu-------- -----timestamp-----
 r  b         swpd         free         buff        cache   si   so    bi    bo   in   cs  us  sy  id  wa  st                 KST
 6  0       545296     80858800      1328344     39018300    0    0     0    92 8630 14111  13   1  86   0   0 2026-09-21 11:04:21
 5  0       545296     80859320      1328344     39018328    0    0     0     0 8502 14160  13   1  86   0   0 2026-09-21 11:04:22
 5  0       545296     80858416      1328344     39018360    0    0     0     0 8858 14325  13   1  86   0   0 2026-09-21 11:04:23
 5  0       545296     80858272      1328344     39018384    0    0     0   216 8794 14180  13   1  86   0   0 2026-09-21 11:04:24
 5  0       545296     80857328      1328344     39018400    0    0     0     0 8673 14255  13   1  86   0   0 2026-09-21 11:04:25
 5  0       545296     80856864      1328352     39018424    0    0     0   132 8798 14786  13   1  86   0   0 2026-09-21 11:04:26
 5  0       545296     80855920      1328352     39018456    0    0     0     0 8877 14694  13   1  86   0   0 2026-09-21 11:04:27
 5  0       545296     80856496      1328352     39018476    0    0     0     0 9020 14947  13   1  86   0   0 2026-09-21 11:04:28
 5  0       545296     80858064      1328352     39018496    0    0     0  1224 8948 14552  13   1  86   0   0 2026-09-21 11:04:29
 5  0       545296     80858416      1328352     39018520    0    0     0     0 8726 14072  13   1  86   0   0 2026-09-21 11:04:30
 5  1       545296     80861264      1328352     39018540    0    0     0     4 8605 13730  13   1  86   0   0 2026-09-21 11:04:31
 5  0       545296     80858320      1328360     39018568    0    0     0   104 8763 14058  13   1  86   0   0 2026-09-21 11:04:32
 1  0       545296     80856976      1328360     39018588    0    0     0 34816 8991 14807  10   1  89   0   0 2026-09-21 11:04:33
 1  0       545296     80857312      1328360     39018620    0    0     0 95560 8506 14986   3   1  95   0   0 2026-09-21 11:04:34
 1  0       545296     80857440      1328360     39018700    0    0     0 86016 8306 15283   3   1  95   0   0 2026-09-21 11:04:35
 1  0       545296     80856016      1328360     39018792    0    0     0 92160 8073 14498   3   1  96   0   0 2026-09-21 11:04:36
 1  0       545296     80857920      1328364     39018812    0    0     0 47356 7908 14563   2   1  96   0   0 2026-09-21 11:04:37
 1  0       545296     80857520      1328364     39018844    0    0     0 90112 8326 14895   3   1  96   0   0 2026-09-21 11:04:38
 1  0       545296     80857480      1328364     39018880    0    0     0 93612 8347 14666   3   1  96   0   0 2026-09-21 11:04:39
 2  0       545296     80857584      1328364     39018940    0    0     0 96256 8092 14222   3   1  96   0   0 2026-09-21 11:04:40
 1  0       545296     80857680      1328364     39019008    0    0     0 92160 7914 13983   3   1  96   0   0 2026-09-21 11:04:41
procs -----------------------memory---------------------- ---swap-- -----io---- -system-- --------cpu-------- -----timestamp-----
 r  b         swpd         free         buff        cache   si   so    bi    bo   in   cs  us  sy  id  wa  st                 KST
 5  0       545296     80858856      1328368     39019100    0    0     0 297216 8592 14543   7   1  92   1   0 2026-09-21 11:04:42
 4  0       545296     80857520      1328368     39019136    0    0     0     0 8486 14020  11   0  88   0   0 2026-09-21 11:04:43
 4  0       545296     80855904      1328368     39019160    0    0     0   424 8523 14165  11   0  89   0   0 2026-09-21 11:04:44
 4  0       545296     80857328      1328368     39019188    0    0     0     0 8297 14041  11   0  88   0   0 2026-09-21 11:04:45
 4  0       545296     80857472      1328368     39019196    0    0     0     0 8261 13668  11   0  88   0   0 2026-09-21 11:04:46
 4  0       545296     80855808      1328376     39019232    0    0     0   248 8626 14793  11   0  88   0   0 2026-09-21 11:04:47
 4  0       545296     80853888      1328376     39019260    0    0     0     0 8787 14501  11   0  88   0   0 2026-09-21 11:04:48
 5  0       545296     80852800      1328376     39019288    0    0     0   340 8407 14354  11   0  89   0   0 2026-09-21 11:04:49
 4  0       545296     80853632      1328376     39019312    0    0     0     0 8563 14441  11   0  88   0   0 2026-09-21 11:04:50
 5  0       545296     80853392      1328376     39019904    0    0     0 1024000 10765 17222   9   1  88   2   0 2026-09-21 11:04:51
 5  0       545296     80854688      1328380     39019928    0    0     0   544 8963 14539  13   1  86   0   0 2026-09-21 11:04:52
 5  0       545296     80854352      1328380     39019956    0    0     0     0 9186 15026  13   1  86   0   0 2026-09-21 11:04:53
 5  1       545296     80855664      1328380     39019980    0    0     0   156 9066 14657  13   1  86   0   0 2026-09-21 11:04:54
 5  0       545296     80856984      1328380     39020012    0    0     0   504 8987 15000  13   1  86   0   0 2026-09-21 11:04:55
 6  0       545296     80856240      1328380     39020020    0    0     0     0 8406 13586  13   1  86   0   0 2026-09-21 11:04:56
 5  0       545296     80855360      1328388     39020052    0    0     0    92 8542 13967  13   1  86   0   0 2026-09-21 11:04:57
 5  0       545296     80854624      1328388     39020076    0    0     0     0 9110 14769  13   1  86   0   0 2026-09-21 11:04:58
 5  0       545296     80853440      1328388     39020100    0    0     0  1108 8956 14640  13   1  86   0   0 2026-09-21 11:04:59
 6  0       545296     80853952      1328388     39020124    0    0     0   216 8664 13997  13   1  86   0   0 2026-09-21 11:05:00
 5  0       545296     80853200      1328388     39020148    0    0     0     0 8654 13865  13   1  86   0   0 2026-09-21 11:05:01
 5  0       545296     80853520      1328404     39020168    0    0     0   144 8828 14075  13   1  86   0   0 2026-09-21 11:05:02
procs -----------------------memory---------------------- ---swap-- -----io---- -system-- --------cpu-------- -----timestamp-----
 r  b         swpd         free         buff        cache   si   so    bi    bo   in   cs  us  sy  id  wa  st                 KST
 6  0       545296     80853312      1328404     39020188    0    0     0     0 8676 14289  13   1  86   0   0 2026-09-21 11:05:03
 5  0       545296     80852720      1328404     39020220    0    0     0     0 8438 13684  13   1  86   0   0 2026-09-21 11:05:04
 5  0       545296     80853832      1328404     39020236    0    0     0   392 8691 13982  13   1  86   0   0 2026-09-21 11:05:05
 5  0       545296     80854432      1328404     39020268    0    0     0     0 8812 13761  13   1  86   0   0 2026-09-21 11:05:06
 5  0       545296     80853520      1328408     39020284    0    0     0   120 8602 13484  13   1  86   0   0 2026-09-21 11:05:07
 1  4       545296     80853752      1328408     39020328    0    0     0 24576 8609 13731  13   1  86   0   0 2026-09-21 11:05:08
 1  0       545296     80855008      1328408     39020476    0    0     0 190464 7976 14065   2   1  96   1   0 2026-09-21 11:05:09
 1  0       545296     80854400      1328416     39020504    0    0     0 98532 8030 14306   3   1  96   0   0 2026-09-21 11:05:10
 1  0       545296     80855048      1328416     39020536    0    0     0 91136 8051 14094   3   1  96   0   0 2026-09-21 11:05:11
 1  0       545296     80855440      1328424     39020572    0    0     0 100708 7943 14071   3   1  95   0   0 2026-09-21 11:05:12
 1  0       545296     80854568      1328424     39020628    0    0     0 93184 8186 14224   3   1  95   0   0 2026-09-21 11:05:13
 5  0       545296     80855608      1328424     39020644    0    0     0 73728 7827 14104   3   1  96   0   0 2026-09-21 11:05:14
 1  0       545296     80855472      1328424     39020776    0    0     0 64904 7779 14093   3   1  96   0   0 2026-09-21 11:05:15
 1  0       545296     80854928      1328424     39020836    0    0     0 95232 8003 13882   3   1  96   0   0 2026-09-21 11:05:16
 4  0       545296     80853048      1328424     39020968    0    0     0 192860 8341 14166   5   1  93   1   0 2026-09-21 11:05:17
 4  0       545296     80852728      1328424     39021052    0    0     0     0 8503 13724  11   0  88   0   0 2026-09-21 11:05:18
 4  0       545296     80851536      1328424     39021068    0    0     0     0 8417 13464  11   0  88   0   0 2026-09-21 11:05:19
 5  0       545296     80854400      1328424     39021096    0    0     0   400 8434 13730  11   0  88   0   0 2026-09-21 11:05:20
 5  0       545296     80854408      1328424     39021124    0    0     0     0 8208 13370  11   0  88   0   0 2026-09-21 11:05:21
 4  0       545296     80854664      1328428     39021140    0    0     0   220 8301 13368  11   0  88   0   0 2026-09-21 11:05:22
 4  0       545296     80854008      1328428     39021172    0    0     0     0 8862 14432  11   0  88   0   0 2026-09-21 11:05:23
procs -----------------------memory---------------------- ---swap-- -----io---- -system-- --------cpu-------- -----timestamp-----
 r  b         swpd         free         buff        cache   si   so    bi    bo   in   cs  us  sy  id  wa  st                 KST
 5  0       545296     80853856      1328428     39021188    0    0     0     0 8437 13359  11   0  88   0   0 2026-09-21 11:05:24
 4  0       545296     80854688      1328428     39021220    0    0     0   500 8732 13736  11   0  88   0   0 2026-09-21 11:05:25
 6  0       545296     80855240      1328428     39021684    0    0     0 1024000 11004 17436   8   1  89   2   0 2026-09-21 11:05:26
 5  0       545296     80853112      1328436     39021708    0    0     0   616 8843 14583  13   1  86   0   0 2026-09-21 11:05:27
 5  0       545296     80852896      1328436     39021696    0    0     0     0 9158 14972  13   1  86   0   0 2026-09-21 11:05:28
 5  0       545296     80850928      1328436     39021724    0    0     0     0 8918 14356  13   1  86   0   0 2026-09-21 11:05:29
 5  0       545296     80851744      1328436     39021744    0    0     0  1072 9062 15040  13   1  86   0   0 2026-09-21 11:05:30
 5  0       545296     80852912      1328436     39021780    4    0     4   852 11129 21120  14   1  84   0   0 2026-09-21 11:05:31
 6  0       545296     80851960      1328444     39021788    0    0     0   220 9029 14288  13   1  85   0   0 2026-09-21 11:05:32
 5  0       545296     80851568      1328444     39021828    0    0     0     0 9079 14393  13   1  86   0   0 2026-09-21 11:05:33
 5  0       545296     80852704      1328444     39021844    0    0     0     0 8790 14428  13   1  86   0   0 2026-09-21 11:05:34
 6  0       545296     80853040      1328444     39021872    0    0     0     0 8950 14690  13   1  86   0   0 2026-09-21 11:05:35
 5  0       545296     80855912      1328444     39021896    0    0     0   540 9192 14841  13   1  86   0   0 2026-09-21 11:05:36
 6  0       545296     80855464      1328444     39021920    0    0     0   104 8836 13866  13   1  86   0   0 2026-09-21 11:05:37
 5  0       545296     80853256      1328452     39021944    0    0     0    52 8536 13632  13   1  86   0   0 2026-09-21 11:05:38
 6  0       545296     80853544      1328452     39021972    0    0     0     0 8872 14431  13   1  86   0   0 2026-09-21 11:05:39
 5  0       545296     80853088      1328452     39021988    0    0     0     0 8762 14707  13   1  86   0   0 2026-09-21 11:05:40
 6  0       545296     80853760      1328452     39022016    0    0     0   224 8954 14958  13   1  85   0   0 2026-09-21 11:05:41
 5  0       545296     80854944      1328452     39022040    0    0     0     0 8876 14561  13   1  86   0   0 2026-09-21 11:05:42
12  0       545296     80854496      1328456     39022068    0    0     0    92 8986 14584  13   1  85   0   0 2026-09-21 11:05:43
 1  0       545296     80858856      1328460     39022096    0    0     0 88160 8566 15909   6   1  92   0   0 2026-09-21 11:05:44
procs -----------------------memory---------------------- ---swap-- -----io---- -system-- --------cpu-------- -----timestamp-----
 r  b         swpd         free         buff        cache   si   so    bi    bo   in   cs  us  sy  id  wa  st                 KST
 2  0       545296     80858224      1328460     39022168    0    0     0 93184 7991 14544   3   1  95   0   0 2026-09-21 11:05:45
 5  0       545296     80857264      1328460     39022232    0    0     0 72928 7980 14760   3   1  96   0   0 2026-09-21 11:05:46
 1  0       545296     80855824      1328460     39022300    0    0     0 67584 8019 14731   3   1  96   0   0 2026-09-21 11:05:47
 2  0       545296     80856232      1328460     39022368    0    0     0 89088 8341 14629   3   1  95   0   0 2026-09-21 11:05:48
 1  0       545296     80854592      1328468     39022436    0    0     0 90412 8046 14332   3   1  96   0   0 2026-09-21 11:05:49
 3  0       545296     80855224      1328468     39022460    0    0     0 89088 7648 13949   3   1  96   0   0 2026-09-21 11:05:50
 1  0       545296     80855152      1328468     39022508    0    0     0 90472 7906 14334   3   1  96   0   0 2026-09-21 11:05:51
 4  0       545296     80855192      1328468     39022572    0    0     0 63488 7947 14663   2   1  96   0   0 2026-09-21 11:05:52
 5  0       545296     80854640      1328468     39022748    0    0     0 280576 9248 15721  11   0  88   1   0 2026-09-21 11:05:53
 5  0       545296     80853760      1328468     39022776    0    0     0   312 8872 14269  11   0  88   0   0 2026-09-21 11:05:54
 4  0       545296     80853328      1328468     39022792    0    0     0     0 8970 14646  11   0  88   0   0 2026-09-21 11:05:55
 5  0       545296     80853184      1328468     39022824    0    0     0   420 8332 14239  11   0  88   0   0 2026-09-21 11:05:56
 4  0       545296     80855288      1328468     39022840    0    0     0     0 8275 14070  11   0  89   0   0 2026-09-21 11:05:57
 4  0       545296     80853440      1328468     39022872    0    0     0     0 8422 14151  11   0  88   0   0 2026-09-21 11:05:58
 4  0       545296     80853064      1328472     39022892    0    0     0    92 8513 14319  11   0  88   0   0 2026-09-21 11:05:59
 4  0       545296     80852704      1328472     39022916    0    0     0     0 8795 14852  11   0  88   0   0 2026-09-21 11:06:00
 1  0       545296     80853344      1328472     39023256    0    0     0 1024988 10872 16882   9   1  88   2   0 2026-09-21 11:06:01
 5  0       545296     80853160      1328472     39023452    0    0     0   380 8882 14523  12   1  87   0   0 2026-09-21 11:06:02
 5  0       545296     80854256      1328472     39023488    0    0     0     0 9191 14827  13   2  85   0   0 2026-09-21 11:06:03
 5  0       545296     80853568      1328484     39023516    0    0     0   540 8859 14531  13   1  86   0   0 2026-09-21 11:06:04
 5  0       545296     80852856      1328484     39023544    0    0     0     0 8815 14586  13   1  86   0   0 2026-09-21 11:06:05
procs -----------------------memory---------------------- ---swap-- -----io---- -system-- --------cpu-------- -----timestamp-----
 r  b         swpd         free         buff        cache   si   so    bi    bo   in   cs  us  sy  id  wa  st                 KST
 6  0       545296     80854944      1328484     39023560    0    0     0     0 8708 14312  13   1  86   0   0 2026-09-21 11:06:06
 5  0       545296     80855240      1328484     39023588    0    0     0   800 8695 13920  13   1  86   0   0 2026-09-21 11:06:07
 6  0       545296     80852320      1328484     39023612    0    0     0     0 8889 14533  13   1  86   0   0 2026-09-21 11:06:08
 5  0       545296     80853168      1328492     39023636    0    0     0   132 8736 14449  13   1  86   0   0 2026-09-21 11:06:09
 5  0       545296     80850208      1328492     39023660    0    0     0     0 9031 14919  13   1  86   0   0 2026-09-21 11:06:10
 5  0       545296     80847840      1328492     39023684    0    0     0     0 9151 14534  13   1  85   0   0 2026-09-21 11:06:11
 5  0       545296     80847936      1328492     39023708    0    0     0   472 8741 14354  13   1  86   0   0 2026-09-21 11:06:12
 5  0       545296     80848528      1328492     39023732    0    0     0     0 9035 14660  13   1  86   0   0 2026-09-21 11:06:13
 6  0       545296     80849320      1328496     39023756    0    0     0   108 8600 14365  13   1  86   0   0 2026-09-21 11:06:14
 5  0       545296     80851376      1328496     39023788    0    0     0     0 8983 14632  13   1  86   0   0 2026-09-21 11:06:15
 5  0       545296     80850880      1328496     39023804    0    0     0     0 9189 14474  13   1  86   0   0 2026-09-21 11:06:16
 5  0       545296     80850192      1328496     39023836    0    0     0   392 8792 14476  13   1  86   0   0 2026-09-21 11:06:17
 5  0       545296     80853264      1328496     39023856    0    0     0     0 8748 14566  13   1  86   0   0 2026-09-21 11:06:18
 1  0       545296     80855664      1328500     39023908    0    0     0 35016 8541 14691   8   1  90   0   0 2026-09-21 11:06:19
 1  0       545296     80856752      1328500     39023932    0    0     0 93184 8321 15080   3   1  96   0   0 2026-09-21 11:06:20
 1  0       545296     80856064      1328500     39023988    0    0     0 93184 7961 14640   3   1  95   0   0 2026-09-21 11:06:21
 1  0       545296     80856000      1328500     39024052    0    0     0 93436 8178 14579   3   1  96   0   0 2026-09-21 11:06:22
 1  0       545296     80854648      1328500     39024120    0    0     0 91136 8625 14943   3   1  95   0   0 2026-09-21 11:06:23
 5  0       545296     80855352      1328500     39024136    0    0     0 68880 8164 14513   2   1  96   0   0 2026-09-21 11:06:24
 1  0       545296     80855984      1328500     39024204    0    0     0 73728 8090 14924   3   1  96   0   0 2026-09-21 11:06:25
 1  0       545296     80854856      1328500     39024232    0    0     0 92160 8085 14647   3   1  96   0   0 2026-09-21 11:06:26
procs -----------------------memory---------------------- ---swap-- -----io---- -system-- --------cpu-------- -----timestamp-----
 r  b         swpd         free         buff        cache   si   so    bi    bo   in   cs  us  sy  id  wa  st                 KST
 2  0       545296     80854192      1328500     39024324    0    0     0 86332 8090 15209   3   1  96   0   0 2026-09-21 11:06:27
 4  0       545296     80851680      1328500     39024456    0    0     0 297984 9049 15138   8   1  90   1   0 2026-09-21 11:06:28
 4  0       545296     80851088      1328504     39024472    0    0     0   296 8435 14822  11   0  88   0   0 2026-09-21 11:06:29
 5  0       545296     80851408      1328504     39024488    0    0     0     0 8320 14510  11   0  88   0   0 2026-09-21 11:06:30
 4  0       545296     80850992      1328504     39024520    0    0     0   848 8368 14465  11   0  89   0   0 2026-09-21 11:06:31
 4  0       545296     80850608      1328504     39024544    0    0     0     0 8489 14035  11   0  89   0   0 2026-09-21 11:06:32
 4  0       545296     80850752      1328504     39024592    0    0     0   404 8661 14704  11   0  88   0   0 2026-09-21 11:06:33
 4  0       545296     80849584      1328512     39024608    0    0     0   108 8700 14898  11   0  88   0   0 2026-09-21 11:06:34
 5  0       545296     80848856      1328512     39024636    0    0     0     0 8754 14772  11   0  88   0   0 2026-09-21 11:06:35
 4  0       545296     80847688      1328512     39024656    0    0     0     0 8451 14342  11   0  89   0   0 2026-09-21 11:06:36
 5  0       545296     80847088      1328528     39025132    0    0     0 1024000 10896 17044   9   1  87   2   0 2026-09-21 11:06:37
 5  0       545296     80847312      1328528     39025184    0    0     0   232 8749 14400  13   1  86   0   0 2026-09-21 11:06:38
 5  0       545296     80848288      1328544     39025204    0    0     0   544 8870 14483  13   1  86   0   0 2026-09-21 11:06:39
 5  0       545296     80846624      1328544     39025236    0    0     0     0 8786 13909  13   1  86   0   0 2026-09-21 11:06:40
 6  0       545296     80845240      1328544     39025248    0    0     0     0 8940 14282  13   1  86   0   0 2026-09-21 11:06:41
 5  0       545296     80845360      1328544     39025284    0    0     0     0 8779 14246  13   1  86   0   0 2026-09-21 11:06:42
 5  0       545296     80847784      1328544     39025308    0    0     0   824 9412 14719  13   1  86   0   0 2026-09-21 11:06:43
 5  0       545296     80847688      1328548     39025336    0    0     0   140 8739 14567  13   1  86   0   0 2026-09-21 11:06:44
 5  0       545296     80850880      1328548     39025360    0    0     0     0 8625 14656  13   1  86   0   0 2026-09-21 11:06:45
 5  0       545296     80851424      1328548     39025392    0    0     0     0 8764 14720  13   1  86   0   0 2026-09-21 11:06:46
 5  0       545296     80853488      1328548     39025408    0    0     0     0 9002 14556  13   1  86   0   0 2026-09-21 11:06:47
procs -----------------------memory---------------------- ---swap-- -----io---- -system-- --------cpu-------- -----timestamp-----
 r  b         swpd         free         buff        cache   si   so    bi    bo   in   cs  us  sy  id  wa  st                 KST
 8  0       545296     80854832      1328548     39025432    4    0     4   372 9239 15952  13   1  85   0   0 2026-09-21 11:06:48
 7  0       545296     80857120      1328548     39025448    0    0     0   120 8780 14671  13   1  86   0   0 2026-09-21 11:06:49
 5  0       545296     80855360      1328548     39025488    0    0     0     0 8440 13695  13   1  86   0   0 2026-09-21 11:06:50
 5  0       545296     80853664      1328548     39025500    0    0     0     0 8576 13664  13   1  86   0   0 2026-09-21 11:06:51
 5  0       545296     80852144      1328548     39025528    0    0     0     0 8486 13603  13   1  86   0   0 2026-09-21 11:06:52
 5  0       545296     80852240      1328548     39025552    0    0     0   240 8787 14311  13   1  86   0   0 2026-09-21 11:06:53
 1  0       545296     80851056      1328560     39025576    0    0     0 37048 8835 14741  12   1  87   0   0 2026-09-21 11:06:54
 1  0       545296     80850832      1328560     39025636    0    0     0 91136 8138 14917   3   1  96   0   0 2026-09-21 11:06:55
 1  4       545296     80849424      1328560     39025668    0    0     0 64512 7702 14620   3   1  96   0   0 2026-09-21 11:06:56
 1  0       545296     80848912      1328560     39025720    0    0     0 74752 8047 14593   2   1  96   0   0 2026-09-21 11:06:57
 1  0       545296     80846960      1328560     39025796    0    0     0 93404 8437 14987   3   1  95   0   0 2026-09-21 11:06:58
 1  1       545296     80848200      1328564     39025880    0    0     0 92548 8189 14806   3   1  96   0   0 2026-09-21 11:06:59
 1  0       545296     80846616      1328564     39025928    0    0     0 94208 7980 14905   3   1  95   0   0 2026-09-21 11:07:00
 1  0       545296     80846016      1328564     39025992    0    0     0 91136 7693 14079   3   1  95   0   0 2026-09-21 11:07:01
 5  0       545296     80845080      1328564     39026072    0    0     0 64952 7951 14627   2   1  96   0   0 2026-09-21 11:07:02
 4  0       545296     80845024      1328568     39026232    0    0     0 323176 8844 15055   6   1  92   1   0 2026-09-21 11:07:03
 4  0       545296     80843424      1328568     39026256    0    0     0     0 8446 14264  11   0  88   0   0 2026-09-21 11:07:04
 4  0       545296     80843024      1328584     39026276    0    0     0   460 8453 14444  11   0  88   0   0 2026-09-21 11:07:05
 4  0       545296     80843104      1328584     39026300    0    0     0     0 8175 13848  11   0  88   0   0 2026-09-21 11:07:06
 4  0       545296     80845408      1328584     39026316    0    0     0     0 8175 14214  11   0  88   0   0 2026-09-21 11:07:07
 4  0       545296     80845216      1328584     39026360    0    0     0     0 8213 13784  11   0  88   0   0 2026-09-21 11:07:08
procs -----------------------memory---------------------- ---swap-- -----io---- -system-- --------cpu-------- -----timestamp-----
 r  b         swpd         free         buff        cache   si   so    bi    bo   in   cs  us  sy  id  wa  st                 KST
 5  0       545296     80845536      1328584     39026372    0    0     0   688 8405 13941  11   0  88   0   0 2026-09-21 11:07:09
 4  0       545296     80847920      1328592     39026408    0    0     0   108 8471 14758  11   0  88   0   0 2026-09-21 11:07:10
 4  0       545296     80849584      1328592     39026428    0    0     0     0 8519 14567  11   0  88   0   0 2026-09-21 11:07:11
 6  0       545296     80848112      1328628     39026960    0    0     0 1024000 10463 16404   9   1  88   2   0 2026-09-21 11:07:12
 5  0       545296     80847904      1328628     39027008    0    0     0     0 8882 14553  13   1  86   0   0 2026-09-21 11:07:13
 5  0       545296     80848336      1328628     39027024    0    0     0   416 8890 14356  13   1  86   0   0 2026-09-21 11:07:14
 5  0       545296     80847776      1328644     39027068    0    0     0   644 8779 14308  13   1  86   0   0 2026-09-21 11:07:15
 5  0       545296     80846912      1328644     39027096    0    0     0     0 8340 13476  13   1  86   0   0 2026-09-21 11:07:16
 5  0       545296     80847824      1328644     39027124    0    0     0     0 8468 13510  13   1  86   0   0 2026-09-21 11:07:17
 5  0       545296     80846192      1328644     39027144    0    0     0     0 8532 13776  13   1  86   0   0 2026-09-21 11:07:18
 5  0       545296     80847568      1328644     39027160    0    0     0   904 8713 13907  13   1  86   0   0 2026-09-21 11:07:19
 5  0       545296     80846224      1328660     39027192    0    0     0   152 8763 14341  13   1  85   0   0 2026-09-21 11:07:20
 5  0       545296     80845288      1328660     39027216    0    0     0     0 8329 13374  13   1  86   0   0 2026-09-21 11:07:21
 5  0       545296     80844112      1328660     39027244    0    0     0     0 8497 13672  13   1  86   0   0 2026-09-21 11:07:22
 5  0       545296     80847776      1328660     39027264    0    0     0     0 8910 14072  13   1  86   0   0 2026-09-21 11:07:23
 5  0       545296     80847696      1328660     39027288    0    0     0   416 8560 13875  13   1  86   0   0 2026-09-21 11:07:24
 5  0       545296     80846504      1328668     39027312    0    0     0   140 8560 14062  13   1  86   0   0 2026-09-21 11:07:25
 5  0       545296     80847616      1328668     39027344    0    0     0     0 8679 13905  13   1  86   0   0 2026-09-21 11:07:26
 5  0       545296     80845968      1328668     39027356    0    0     0     0 8543 13914  13   1  86   0   0 2026-09-21 11:07:27
 5  0       545296     80847776      1328668     39027384    0    0     0     0 8285 13293  13   2  86   0   0 2026-09-21 11:07:28
 5  0       545296     80847096      1328668     39027408    0    0     0   232 8657 14289  13   1  86   0   0 2026-09-21 11:07:29
procs -----------------------memory---------------------- ---swap-- -----io---- -system-- --------cpu-------- -----timestamp-----
 r  b         swpd         free         buff        cache   si   so    bi    bo   in   cs  us  sy  id  wa  st                 KST
 2  0       545296     80848288      1328672     39027444    0    0     0 84108 8078 14671   4   1  95   0   0 2026-09-21 11:07:30
 2  0       545296     80848672      1328676     39027512    0    0     0 86116 8147 14615   3   1  95   0   0 2026-09-21 11:07:31
 1  0       545296     80846032      1328684     39027596    0    0     0 98304 8100 14430   3   1  95   0   0 2026-09-21 11:07:32
 1  0       545296     80845504      1328684     39027652    0    0     0 88132 7950 14220   3   1  95   0   0 2026-09-21 11:07:33
 5  0       545296     80846696      1328704     39027684    0    0     0 55520 7999 14390   2   1  96   0   0 2026-09-21 11:07:34
 1  0       545296     80846088      1328704     39027744    0    0     0 77824 8384 15101   3   1  95   0   0 2026-09-21 11:07:35
 1  0       545296     80845200      1328716     39027772    0    0     0 92556 7983 14730   3   1  96   0   0 2026-09-21 11:07:36
 1  0       545296     80844032      1328724     39027824    0    0     0 92292 8021 14679   3   1  96   0   0 2026-09-21 11:07:37
 4  0       545296     80842752      1328744     39027952    0    0     0 351232 8442 14649   3   1  95   1   0 2026-09-21 11:07:38
 4  0       545296     80841728      1328744     39028060    0    0     0     0 8576 14667  11   0  88   0   0 2026-09-21 11:07:39
 5  0       545296     80842816      1328744     39028088    0    0     0   460 8420 14545  11   0  89   0   0 2026-09-21 11:07:40
 4  0       545296     80841912      1328744     39028112    0    0     0     0 8466 14625  11   0  88   0   0 2026-09-21 11:07:41
 4  0       545296     80843712      1328748     39028136    0    0     0   372 8475 14080  11   0  88   0   0 2026-09-21 11:07:42
 4  0       545296     80843616      1328752     39028164    0    0     0    36 8465 13884  11   0  88   0   0 2026-09-21 11:07:43
 4  0       545296     80840672      1328752     39028200    0    0     0     0 8864 14466  11   0  88   0   0 2026-09-21 11:07:44
 5  0       545296     80843008      1328752     39028208    0    0     0   484 8864 14871  11   0  88   0   0 2026-09-21 11:07:45
 5  0       545296     80844312      1328752     39028240    0    0     0     0 8454 14541  11   0  88   0   0 2026-09-21 11:07:46
 6  0       545296     80842056      1328772     39028640    0    0     0 1024000 10812 16628   8   0  89   2   0 2026-09-21 11:07:47
 7  0       545296     80840496      1328776     39028720    0    0     0   480 8412 13460  13   1  86   0   0 2026-09-21 11:07:48
 5  0       545296     80841184      1328784     39028748    0    0     0    44 9072 14833  13   1  86   0   0 2026-09-21 11:07:49
 5  0       545296     80838776      1328784     39028780    0    0     0   792 9071 14939  13   1  86   0   0 2026-09-21 11:07:50
procs -----------------------memory---------------------- ---swap-- -----io---- -system-- --------cpu-------- -----timestamp-----
 r  b         swpd         free         buff        cache   si   so    bi    bo   in   cs  us  sy  id  wa  st                 KST
 6  0       545296     80838592      1328784     39028800    0    0     0     0 8748 14454  13   1  86   0   0 2026-09-21 11:07:51
 6  0       545296     80837872      1328784     39028836    0    0     0     0 8448 13852  13   1  86   0   0 2026-09-21 11:07:52
 5  0       545296     80836968      1328784     39028860    0    0     0     0 8424 13653  13   1  86   0   0 2026-09-21 11:07:53
 5  0       545296     80835216      1328788     39028892    0    0     0   112 8667 14657  13   2  85   0   0 2026-09-21 11:07:54
 5  0       545296     80834784      1328788     39028912    0    0     0   304 8701 14132  13   1  86   0   0 2026-09-21 11:07:55
 5  0       545296     80834088      1328788     39028940    0    0     0     0 8597 14172  13   1  86   0   0 2026-09-21 11:07:56
 5  0       545296     80832944      1328788     39028956    0    0     0     0 8425 13980  13   1  86   0   0 2026-09-21 11:07:57
 5  0       545296     80830272      1328788     39028984    0    0     0     0 8689 13647  13   1  86   0   0 2026-09-21 11:07:58
 5  0       545296     80830592      1328788     39029004    0    0     0     0 8805 14758  13   1  86   0   0 2026-09-21 11:07:59
 5  0       545296     80830640      1328792     39029024    0    0     0   516 8717 14677  13   1  86   0   0 2026-09-21 11:08:00
 5  0       545296     80831440      1328800     39029060    0    0     0    52 8629 14197  13   1  86   0   0 2026-09-21 11:08:01
 5  0       545296     80830240      1328800     39029096    0    0     0     0 8611 14138  13   1  86   0   0 2026-09-21 11:08:02
 5  0       545296     80831808      1328800     39029104    0    0     0     0 8704 13645  13   1  86   0   0 2026-09-21 11:08:03
 5  0       545296     80832072      1328800     39029136    0    0     0  1152 8947 14602  13   1  86   0   0 2026-09-21 11:08:04
 1  0       545296     80833392      1328804     39029184    0    0     0 80256 8564 15199   7   1  91   0   0 2026-09-21 11:08:05
 1  0       545296     80835680      1328808     39029244    0    0     0 49416 7898 14787   2   1  96   0   0 2026-09-21 11:08:06
 1  0       545296     80836688      1328808     39029336    0    0     0 94208 8670 15536   3   1  95   0   0 2026-09-21 11:08:07
 1  0       545296     80836992      1328808     39029376    0    0     0 94208 8234 15073   3   1  95   0   0 2026-09-21 11:08:08
 1  0       545296     80839664      1328808     39029424    0    0     0 90112 8117 14989   3   1  96   0   0 2026-09-21 11:08:09
 1  0       545296     80838688      1328808     39029460    0    0     0 93488 8251 15343   3   1  95   0   0 2026-09-21 11:08:10
 2  4       545296     80838480      1328812     39029476    0    0     0 90444 8376 15449   3   1  96   0   0 2026-09-21 11:08:11
procs -----------------------memory---------------------- ---swap-- -----io---- -system-- --------cpu-------- -----timestamp-----
 r  b         swpd         free         buff        cache   si   so    bi    bo   in   cs  us  sy  id  wa  st                 KST
 2  0       545296     80838080      1328812     39029540    0    0     0 45056 8234 14859   3   1  96   0   0 2026-09-21 11:08:12
 1  0       545296     80840160      1328812     39029588    0    0     0 90112 8554 15384   3   1  95   0   0 2026-09-21 11:08:13
 4  0       545296     80838496      1328816     39029796    0    0     0 297984 9256 15092   9   0  89   1   0 2026-09-21 11:08:14
 4  0       545296     80837280      1328816     39029816    0    0     0   376 8790 15031  11   0  88   0   0 2026-09-21 11:08:15
 4  0       545296     80838824      1328820     39029840    0    0     0   272 8411 14409  11   0  88   0   0 2026-09-21 11:08:16
 4  0       545296     80841136      1328820     39029864    0    0     0     0 8371 14091  11   0  88   0   0 2026-09-21 11:08:17
 4  0       545296     80841184      1328820     39029876    0    0     0    36 8292 13664  11   0  88   0   0 2026-09-21 11:08:18
 5  0       545296     80842000      1328820     39029916    0    0     0     0 8779 14866  11   0  88   0   0 2026-09-21 11:08:19
 5  0       545296     80842048      1328820     39029936    0    0     0     0 8634 14561  11   0  88   0   0 2026-09-21 11:08:20
 4  0       545296     80840592      1328820     39029956    0    0     0   380 8292 13776  11   0  88   0   0 2026-09-21 11:08:21
 0  4       545296     80840160      1328820     39029972    0    0     0 292864 8902 14332  11   0  88   1   0 2026-09-21 11:08:22
 5  0       545296     80840688      1328832     39030376    0    0     0 731688 10180 15588  10   1  87   1   0 2026-09-21 11:08:23
 5  0       545296     80841248      1328832     39030396    0    0     0    96 8777 14349  13   1  86   0   0 2026-09-21 11:08:24
 5  0       545296     80840288      1328832     39030420    0    0     0     0 8812 14753  13   1  86   0   0 2026-09-21 11:08:25
 6  0       545296     80840048      1328832     39030440    0    0     0   672 8713 14257  13   1  86   0   0 2026-09-21 11:08:26
 5  0       545296     80841336      1328832     39030460    0    0     0     0 8678 13862  13   1  86   0   0 2026-09-21 11:08:27
 5  0       545296     80841920      1328832     39030492    0    0     0     0 8541 13404  13   1  86   0   0 2026-09-21 11:08:28
 5  0       545296     80842480      1328832     39030512    0    0     0   100 9028 14682  13   1  86   0   0 2026-09-21 11:08:29
 6  0       545296     80841280      1328840     39030544    0    0     0    36 8689 14802  13   1  86   0   0 2026-09-21 11:08:30
 5  0       545296     80841616      1328840     39030560    0    0     0   212 8686 14402  13   1  86   0   0 2026-09-21 11:08:31
 5  0       545296     80840384      1328840     39030588    0    0     0     0 8394 14008  13   1  86   0   0 2026-09-21 11:08:32
procs -----------------------memory---------------------- ---swap-- -----io---- -system-- --------cpu-------- -----timestamp-----
 r  b         swpd         free         buff        cache   si   so    bi    bo   in   cs  us  sy  id  wa  st                 KST
 6  0       545296     80839944      1328840     39030612    0    0     0     0 8567 13464  13   1  85   0   0 2026-09-21 11:08:33
 5  0       545296     80839288      1328840     39030640    0    0     0  1080 9025 14690  13   1  86   0   0 2026-09-21 11:08:34
 5  0       545296     80839584      1328844     39030660    0    0     0    92 8724 14634  13   1  86   0   0 2026-09-21 11:08:35
 5  0       545296     80839344      1328852     39030700    0    0     0   292 8674 14378  13   1  86   0   0 2026-09-21 11:08:36
 5  0       545296     80838384      1328852     39030712    0    0     0     0 8724 13795  13   1  86   0   0 2026-09-21 11:08:37
 5  0       545296     80839440      1328852     39030748    0    0     0     0 8437 13319  13   1  86   0   0 2026-09-21 11:08:38
 5  0       545296     80839712      1328852     39030768    0    0     0     0 8899 14696  13   1  86   0   0 2026-09-21 11:08:39
 1  0       545296     80839288      1328852     39030828    0    0     0 38912 8636 14577  10   1  89   0   0 2026-09-21 11:08:40
 1  0       545296     80837848      1328860     39030856    0    0     0 87476 8198 14739   3   1  95   0   0 2026-09-21 11:08:41
 1  0       545296     80836448      1328864     39030928    0    0     0 97436 7979 14706   3   1  95   0   0 2026-09-21 11:08:42
 1  4       545296     80835768      1328868     39031092    0    0     0 76800 7751 14042   3   1  95   0   0 2026-09-21 11:08:43
 1  0       545296     80836384      1328872     39031164    0    0     0 53248 7785 14716   2   1  96   0   0 2026-09-21 11:08:44
 1  0       545296     80834728      1328876     39031248    0    0     0 83968 8164 15021   3   1  96   0   0 2026-09-21 11:08:45
 1  0       545296     80836064      1328876     39031316    0    0     0 91632 8409 15247   3   1  95   0   0 2026-09-21 11:08:46
 1  0       545296     80834856      1328900     39031400    0    0     0 96580 8107 14601   3   1  96   0   0 2026-09-21 11:08:47
 1  0       545296     80835184      1328908     39031460    0    0     0 93320 8047 14317   3   1  95   0   0 2026-09-21 11:08:48
 5  0       545296     80832600      1328916     39031572    0    0     0 306176 8915 15527   7   1  92   1   0 2026-09-21 11:08:49
 4  0       545296     80833184      1328916     39031604    0    0     0     0 8436 14471  11   0  88   0   0 2026-09-21 11:08:50
 4  0       545296     80831792      1328916     39031620    0    0     0   404 8574 14589  11   0  88   0   0 2026-09-21 11:08:51
 4  0       545296     80831920      1328916     39031648    0    0     0     0 8313 13992  11   0  88   0   0 2026-09-21 11:08:52
 4  0       545296     80832800      1328916     39031672    0    0     0   268 8143 13467  11   0  88   0   0 2026-09-21 11:08:53
procs -----------------------memory---------------------- ---swap-- -----io---- -system-- --------cpu-------- -----timestamp-----
 r  b         swpd         free         buff        cache   si   so    bi    bo   in   cs  us  sy  id  wa  st                 KST
 4  0       545296     80831872      1328920     39031700    0    0     0    32 8822 14863  11   0  88   0   0 2026-09-21 11:08:54
 4  0       545296     80832272      1328920     39031716    0    0     0     0 8644 14679  11   0  88   0   0 2026-09-21 11:08:55
 5  0       545296     80832432      1328920     39031744    0    0     0     0 8370 14209  11   0  88   0   0 2026-09-21 11:08:56
 4  0       545296     80832880      1328920     39031760    0    0     0   376 8317 13510  11   0  88   0   0 2026-09-21 11:08:57
 0  0       545296     80830480      1328932     39032148    0    0     0 1024000 10089 16094   3   1  94   2   0 2026-09-21 11:08:58
 0  0       545296     80831376      1328948     39032176    0    0     0   548 7286 14174   0   0  99   0   0 2026-09-21 11:08:59
 0  0       545296     80830976      1328948     39032192    0    0     0     0 7378 14488   0   0  99   0   0 2026-09-21 11:09:00
 0  0       545296     80828640      1328948     39032228    0    0     0     0 7397 14296   0   0  99   0   0 2026-09-21 11:09:01
 0  0       545296     80833040      1328948     39032244    0    0     0   804 7533 15365   1   0  99   0   0 2026-09-21 11:09:02
 1  4       545296     80835936      1328948     39033080    0    0 1797120     0 11568 18453   1   1  95   3   0 2026-09-21 11:09:03
 1  4       545296     80838360      1328948     39033112    0    0 2449408   220 13672 20394   3   1  92   4   0 2026-09-21 11:09:04
 1  0       545296     80836608      1328952     39033152    0    0 3945472  1572 16845 23952   3   1  90   6   0 2026-09-21 11:09:05
 2  3       545296     80834408      1328952     39033184    0    0 3209216     0 15277 22504   3   1  91   6   0 2026-09-21 11:09:06
 3  3       545296     80836912      1328952     39033224    0    0 2976768  1380 14989 22118   3   1  91   5   0 2026-09-21 11:09:07
 1  0       545296     80835024      1328952     39033252    0    0 2604032     0 13723 20664   3   1  92   5   0 2026-09-21 11:09:08
 1  4       545296     80836736      1328952     39033288    0    0 1806336     0 11905 18662   2   1  93   4   0 2026-09-21 11:09:09
 2  4       545296     80837328      1328968     39033320    0    0 1864704   588 11934 18655   3   1  93   4   0 2026-09-21 11:09:10
 0  0       545296     80834952      1328968     39033352    0    0 2006016     0 12416 19132   2   0  93   4   0 2026-09-21 11:09:11
 1  3       545296     80835216      1328968     39033388    0    0 1954816   688 11961 18767   2   1  93   4   0 2026-09-21 11:09:12
 0  0       545296     80834032      1328968     39033424    0    0 347136     0 8556 15445   1   0  98   1   0 2026-09-21 11:09:13
 0  0       545296     80835056      1328968     39033440    0    0     0     0 7388 14369   0   0  99   0   0 2026-09-21 11:09:14
procs -----------------------memory---------------------- ---swap-- -----io---- -system-- --------cpu-------- -----timestamp-----
 r  b         swpd         free         buff        cache   si   so    bi    bo   in   cs  us  sy  id  wa  st                 KST
 0  0       545296     80835152      1328972     39033472    0    0     0   312 7357 14817   0   0  99   0   0 2026-09-21 11:09:15
 0  0       545296     80835432      1328972     39033484    0    0     0     0 7408 14155   0   0  99   0   0 2026-09-21 11:09:16
 0  0       545296     80834432      1328972     39033516    0    0     0     0 7216 14130   0   0  99   0   0 2026-09-21 11:09:17
 0  0       545296     80832496      1328972     39033704    0    0     0   428 7685 14741   2   0  98   0   0 2026-09-21 11:09:18
 1  0       545296     84420656      1328972     35609772    0    0     0     0 7383 12995   1   2  97   0   0 2026-09-21 11:09:19
