#Date        Time         gpu    pwr  gtemp  mtemp     sm    mem    enc    dec    jpg    ofa   mclk   pclk  pviol  tviol     fb   bar1   ccpm  sbecc  dbecc    pci  rxpci  txpci 
#YYYYMMDD    HH:MM:SS     Idx      W      C      C      %      %      %      %      %      %    MHz    MHz      %   bool     MB     MB     MB   errs   errs   errs   MB/s   MB/s 
 20260921    20:38:49       0     26     79      -      0      0      0      0      0      0    405    210      0      0      1      2      0      -      -      0      3      5 
 20260921    20:38:50       0     26     78      -      0      0      0      0      0      0    405    210      0      0      1      2      0      -      -      0      0      1 
 20260921    20:38:51       0     26     78      -      0      0      0      0      0      0    405    210      0      0      1      2      0      -      -      0      0      0 
 20260921    20:38:52       0     25     77      -      0      0      0      0      0      0    405    210      0      0      1      2      0      -      -      0      0      0 
 20260921    20:38:53       0     25     77      -      0      0      0      0      0      0    405    210      0      0      1      2      0      -      -      0      0      0 
 20260921    20:38:54       0     25     76      -      0      0      0      0      0      0    405    210      0      0      1      2      0      -      -      0      0      0 
 20260921    20:38:55       0     24     76      -      0      0      0      0      0      0    405    210      0      0      1      2      0      -      -      0      0      0 
 20260921    20:38:56       0     24     75      -      0      0      0      0      0      0    405    210      0      0      1      2      0      -      -      0      0      0 
 20260921    20:38:57       0     24     75      -      0      0      0      0      0      0    405    210      0      0      1      2      0      -      -      0      0      0 
 20260921    20:38:59       0     24     74      -      0      0      0      0      0      0    405    210      0      0      1      2      0      -      -      0      0      0 
 20260921    20:39:00       0     24     74      -      0      0      0      0      0      0    405    210      0      0      1      2      0      -      -      0      0      0 
 20260921    20:39:01       0     23     74      -      0      0      0      0      0      0    405    210      0      0      1      2      0      -      -      0      0      0 
 20260921    20:39:02       0     23     73      -      0      0      0      0      0      0    405    210      0      0      1      2      0      -      -      0      0      0 
 20260921    20:39:03       0     23     73      -      0      0      0      0      0      0    405    210      0      0      4      3      0      -      -      0      0      0 
 20260921    20:39:04       0     37     74      -      3      0      0      0      0      0   6501   1560      0      0    169      5      0      -      -      0      3      5 
 20260921    20:39:05       0     49     74      -      0      0      0      0      0      0   6501   1560      0      0   5803      5      0      -      -      0      0      0 
 20260921    20:39:06       0     49     74      -      0      0      0      0      0      0   6501   1560      0      0   5803      5      0      -      -      0   6677    734 
 20260921    20:39:07       0     65     75      -     41      3      0      0      0      0   6501   1875      0      0   7833      5      0      -      -      0      0      0 
 20260921    20:39:08       0     76     75      -      0      0      0      0      0      0   6501   1875     23      0   6901      5      0      -      -      0     21     11 
 20260921    20:39:09       0    126     79      -    100     53      0      0      0      0   6501   1230    100      0   6901      5      0      -      -      0     29     11 
 20260921    20:39:10       0    137     80      -    100     62      0      0      0      0   6501   1305    100      0   6911      5      0      -      -      0    110     18 
 20260921    20:39:11       0    106     78      -     75     43      0      0      0      0   6501   1875      0      0   6917      5      0      -      -      0      0      1 
 20260921    20:39:12       0     67     77      -      0      0      0      0      0      0   6501   1560      0      0  11627      5      0      -      -      0      0      0 
 20260921    20:39:13       0     58     77      -      0      0      0      0      0      0   6501   1560      0      0  11627      5      0      -      -      0      0      0 
 20260921    20:39:14       0     51     76      -      0      0      0      0      0      0   6501   1560      7      0  11643      5      0      -      -      0      0      0 
 20260921    20:39:15       0     59     76      -      0      0      0      0      0      0   6501   1560      0      0  11643      5      0      -      -      0      0      0 
 20260921    20:39:16       0     91     80      -    100     56      0      0      0      0   6501   1305     77      0  11643      5      0      -      -      0     15      8 
 20260921    20:39:17       0    139     81      -    100     51      0      0      0      0   6501   1110    100      0  11643      5      0      -      -      0     12      6 
 20260921    20:39:18       0    138     82      -    100     52      0      0      0      0   6501   1140    100      0  11645      5      0      -      -      0     24      5 
 20260921    20:39:20       0    138     82      -    100     51      0      0      0      0   6501   1200    100      0  11645      5      0      -      -      0     24      9 
 20260921    20:39:21       0    139     83      -    100     55      0      0      0      0   6501   1260    100      0  11647     13      0      -      -      0   2939    422 
 20260921    20:39:22       0    139     84      -    100     54      0      0      0      0   6501   1290    100      0  11647     13      0      -      -      0    408     62 
 20260921    20:39:23       0    138     85      -    100     51      0      0      0      0   6501   1245    100      0  11647     13      0      -      -      0    413     55 
 20260921    20:39:24       0    139     85      -    100     57      0      0      0      0   6501   1185    100      0  11647     13      0      -      -      0    409     59 
 20260921    20:39:25       0    137     86      -     71     73      0      0      0      0   6501   1245     90      0  11647     13      0      -      -      0    500   5165 
 20260921    20:39:26       0    137     86      -    100     48      0      0      0      0   6501   1170    100      0  11647     13      0      -      -      0    410     53 
 20260921    20:39:27       0    138     86      -    100     50      0      0      0      0   6501   1065    100      0  11647     13      0      -      -      0    416     56 
 20260921    20:39:28       0    139     87      -    100     50      0      0      0      0   6501   1215    100      0  11647     13      0      -      -      0   1493    312 
 20260921    20:39:29       0    139     88      -    100     50      0      0      0      0   6501   1245    100      0  11647     13      0      -      -      0   1808    189 
 20260921    20:39:30       0    139     88      -    100     50      0      0      0      0   6501   1215    100      0  11647     13      0      -      -      0   1326    186 
 20260921    20:39:31       0    139     88      -    100     51      0      0      0      0   6501   1155    100      0  11647     13      0      -      -      0    586    534 
 20260921    20:39:32       0    139     89      -    100     54      0      0      0      0   6501   1170    100      0  11647     13      0      -      -      0    451     62 
 20260921    20:39:33       0    138     89      -    100     50      0      0      0      0   6501   1005     96      0  11647     13      0      -      -      0    415     58 
 20260921    20:39:34       0    138     90      -    100     50      0      0      0      0   6501   1095    100      0  11647     13      0      -      -      0    426     58 
#Date        Time         gpu    pwr  gtemp  mtemp     sm    mem    enc    dec    jpg    ofa   mclk   pclk  pviol  tviol     fb   bar1   ccpm  sbecc  dbecc    pci  rxpci  txpci 
#YYYYMMDD    HH:MM:SS     Idx      W      C      C      %      %      %      %      %      %    MHz    MHz      %   bool     MB     MB     MB   errs   errs   errs   MB/s   MB/s 
 20260921    20:39:35       0    139     90      -    100     50      0      0      0      0   6501   1230    100      0  11647     13      0      -      -      0    430     59 
 20260921    20:39:36       0    139     90      -    100     54      0      0      0      0   6501   1065    100      0  11647     13      0      -      -      0   1100    427 
 20260921    20:39:37       0    139     90      -    100     54      0      0      0      0   6501    990    100      0  11647     13      0      -      -      0   1193    126 
 20260921    20:39:38       0    139     91      -    100     56      0      0      0      0   6501   1065    100      0  11647     13      0      -      -      0    938    143 
 20260921    20:39:39       0    139     91      -    100     50      0      0      0      0   6501   1200    100      0  11647     13      0      -      -      0      1   2974 
 20260921    20:39:41       0    124     91      -    100     54      0      0      0      0   6501   1080     65      0  11649     13      0      -      -      0   3694    477 
 20260921    20:39:42       0    136     91      -     74     69      0      0      0      0   6501    915     88      0  11655     21      0      -      -      0    328     50 
 20260921    20:39:43       0    139     91      -    100     48      0      0      0      0   6501   1275    100      0  11655     21      0      -      -      0    573    102 
 20260921    20:39:44       0    139     92      -    100     60      0      0      0      0   6501   1035    100      0  11655     21      0      -      -      0    407     56 
 20260921    20:39:45       0    139     92      -    100     43      0      0      0      0   6501   1080    100      0  11655     21      0      -      -      0    431     58 
 20260921    20:39:46       0    139     92      -    100     46      0      0      0      0   6501   1020    100      0  11655     21      0      -      -      0    997   5700 
 20260921    20:39:47       0    139     93      -    100     97      0      0      0      0   6501   1095    100      0  11655     21      0      -      -      0    310     50 
 20260921    20:39:48       0    139     93      -    100     53      0      0      0      0   6501   1110    100      0  11655     21      0      -      -      0    331     52 
 20260921    20:39:49       0    139     93      -    100     58      0      0      0      0   6501    870    100      0  11655     21      0      -      -      0    380     53 
 20260921    20:39:50       0    138     93      -    100     43      0      0      0      0   6501   1110    100      0  11655     21      0      -      -      0    350     54 
 20260921    20:39:51       0    138     93      -    100     44      0      0      0      0   6501   1170    100      0  11655     21      0      -      -      0    406     57 
 20260921    20:39:52       0    138     94      -    100     44      0      0      0      0   6501   1095    100      0  11655     21      0      -      -      0    463   2353 
 20260921    20:39:53       0    139     94      -    100     47      0      0      0      0   6501   1095    100      0  11655     21      0      -      -      0    429     58 
 20260921    20:39:54       0    138     94      -    100     46      0      0      0      0   6501    960    100      0  11655     21      0      -      -      0    457     64 
 20260921    20:39:55       0    138     94      -    100     45      0      0      0      0   6501   1020    100      0  11655     21      0      -      -      0    452     64 
 20260921    20:39:56       0    135     94      -    100     39      0      0      0      0   6501   1035    100      0  11655     21      0      -      -      0    733   3600 
 20260921    20:39:57       0    135     94      -    100     44      0      0      0      0   6501   1005    100      0  11655     21      0      -      -      0   1649    164 
 20260921    20:39:58       0    136     94      -    100     46      0      0      0      0   6501    975    100      0  11655     21      0      -      -      0   1662    201 
 20260921    20:39:59       0    135     94      -    100     42      0      0      0      0   6501    990    100      0  11655     21      0      -      -      0   1436    219 
 20260921    20:40:00       0    136     94      -    100     49      0      0      0      0   6501    990    100      0  11655     21      0      -      -      0    713   2181 
 20260921    20:40:02       0    132     94      -    100     58      0      0      0      0   6501   1050    100      0  11655     21      0      -      -      0   1164    167 
 20260921    20:40:03       0    135     94      -    100     46      0      0      0      0   6501    990    100      0  11655     21      0      -      -      0   1173    200 
 20260921    20:40:04       0    135     94      -    100     40      0      0      0      0   6501    990    100      0  11655     21      0      -      -      0   1121    213 
 20260921    20:40:05       0    135     94      -    100     44      0      0      0      0   6501   1020    100      0  11655     21      0      -      -      0   1420    218 
 20260921    20:40:06       0    136     94      -    100     50      0      0      0      0   6501    960    100      0  11655     21      0      -      -      0    514    614 
 20260921    20:40:07       0    136     94      -    100     51      0      0      0      0   6501    990    100      0  11655     21      0      -      -      0    512     81 
 20260921    20:40:08       0    135     94      -    100     45      0      0      0      0   6501   1050    100      0  11655     21      0      -      -      0    399     53 
 20260921    20:40:09       0    135     94      -    100     46      0      0      0      0   6501    990    100      0  11655     21      0      -      -      0    421     60 
 20260921    20:40:10       0    135     94      -    100     43      0      0      0      0   6501    990    100      0  11655     21      0      -      -      0   1932   1619 
 20260921    20:40:11       0    136     94      -    100     45      0      0      0      0   6501    975    100      0  11655     21      0      -      -      0    280     43 
 20260921    20:40:12       0    136     94      -    100     49      0      0      0      0   6501   1005    100      0  11655     21      0      -      -      0     29    487 
 20260921    20:40:13       0    135     94      -    100     41      0      0      0      0   6501   1035    100      0  11655     21      0      -      -      0    398     58 
 20260921    20:40:14       0    137     94      -    100     48      0      0      0      0   6501   1005    100      0  11655     21      0      -      -      0    411     60 
 20260921    20:40:15       0    136     94      -    100     42      0      0      0      0   6501   1020    100      0  11655     21      0      -      -      0    472   1243 
 20260921    20:40:16       0    137     94      -    100     46      0      0      0      0   6501   1020    100      0  11655     21      0      -      -      0    442     60 
 20260921    20:40:17       0    135     94      -     90     62      0      0      0      0   6501   1005    100      0  11655     21      0      -      -      0    140     29 
 20260921    20:40:18       0    136     94      -    100     47      0      0      0      0   6501   1005    100      0  11655     21      0      -      -      0   1312    174 
 20260921    20:40:19       0    138     94      -    100     47      0      0      0      0   6501   1035    100      0  11655     21      0      -      -      0   1052    176 
 20260921    20:40:20       0    138     94      -    100     49      0      0      0      0   6501   1005    100      0  11655     21      0      -      -      0   1012    151 
#Date        Time         gpu    pwr  gtemp  mtemp     sm    mem    enc    dec    jpg    ofa   mclk   pclk  pviol  tviol     fb   bar1   ccpm  sbecc  dbecc    pci  rxpci  txpci 
#YYYYMMDD    HH:MM:SS     Idx      W      C      C      %      %      %      %      %      %    MHz    MHz      %   bool     MB     MB     MB   errs   errs   errs   MB/s   MB/s 
 20260921    20:40:21       0    138     94      -    100     47      0      0      0      0   6501   1035    100      0  11655     21      0      -      -      0    592    586 
 20260921    20:40:22       0    139     94      -    100     52      0      0      0      0   6501    975    100      0  11655     21      0      -      -      0    549     93 
 20260921    20:40:24       0    138     94      -    100     51      0      0      0      0   6501   1035    100      0  11655     21      0      -      -      0    510    814 
 20260921    20:40:25       0    138     94      -    100     46      0      0      0      0   6501   1035    100      0  11655     21      0      -      -      0    407     60 
 20260921    20:40:26       0    137     94      -    100     43      0      0      0      0   6501   1035    100      0  11655     21      0      -      -      0   1216    139 
 20260921    20:40:27       0    138     94      -    100     47      0      0      0      0   6501   1005    100      0  11655     21      0      -      -      0   1025    133 
 20260921    20:40:28       0    137     94      -    100     42      0      0      0      0   6501    990    100      0  11655     21      0      -      -      0    610  14439 
 20260921    20:40:29       0    137     94      -    100     51      0      0      0      0   6501   1035    100      0  11655     21      0      -      -      0    395     53 
 20260921    20:40:30       0    137     94      -    100     42      0      0      0      0   6501    960    100      0  11655     21      0      -      -      0    395     53 
 20260921    20:40:31       0    137     94      -    100     41      0      0      0      0   6501   1050    100      0  11655     21      0      -      -      0    401     52 
 20260921    20:40:32       0    137     94      -    100     43      0      0      0      0   6501    975    100      0  11655     21      0      -      -      0   1320    662 
 20260921    20:40:33       0    138     94      -    100     47      0      0      0      0   6501   1035    100      0  11655     21      0      -      -      0   1322    787 
 20260921    20:40:34       0    138     94      -    100     48      0      0      0      0   6501   1050    100      0  11655     21      0      -      -      0   1676    616 
 20260921    20:40:35       0    138     94      -    100     44      0      0      0      0   6501    975    100      0  11655     21      0      -      -      0   1382    170 
 20260921    20:40:36       0    138     94      -    100     47      0      0      0      0   6501   1035    100      0  11655     21      0      -      -      0    396    865 
 20260921    20:40:37       0    138     94      -    100     45      0      0      0      0   6501   1005    100      0  11655     21      0      -      -      0    525    291 
 20260921    20:40:38       0    138     94      -    100     45      0      0      0      0   6501    960    100      0  11655     21      0      -      -      0    454     62 
 20260921    20:40:39       0    138     94      -    100     48      0      0      0      0   6501    960    100      0  11655     21      0      -      -      0    447   5175 
 20260921    20:40:40       0    137     94      -    100     40      0      0      0      0   6501   1020    100      0  11655     21      0      -      -      0    389     57 
 20260921    20:40:41       0    133     93      -     65     66      0      0      0      0   6501   1590     95      0  11655     21      0      -      -      0    223     38 
 20260921    20:40:42       0    136     94      -    100     41      0      0      0      0   6501   1050     99      0  11655     21      0      -      -      0    393     50 
 20260921    20:40:43       0    137     94      -    100     41      0      0      0      0   6501   1035    100      0  11655     21      0      -      -      0    420     58 
 20260921    20:40:45       0    136     94      -    100     39      0      0      0      0   6501   1020    100      0  11655     21      0      -      -      0    447  14394 
 20260921    20:40:46       0    133     94      -    100     51      0      0      0      0   6501   1080     96      0  11655     21      0      -      -      0    881    136 
 20260921    20:40:47       0    138     94      -    100     45      0      0      0      0   6501   1050    100      0  11655     21      0      -      -      0    374     54 
 20260921    20:40:48       0    138     94      -    100     44      0      0      0      0   6501   1020    100      0  11655     21      0      -      -      0    392     53 
 20260921    20:40:49       0    137     94      -    100     45      0      0      0      0   6501    960    100      0  11655     21      0      -      -      0    409     61 
 20260921    20:40:50       0    138     94      -    100     46      0      0      0      0   6501   1035    100      0  11655     21      0      -      -      0    322    515 
 20260921    20:40:51       0    138     94      -    100     49      0      0      0      0   6501   1005    100      0  11655     21      0      -      -      0    275     44 
 20260921    20:40:52       0    138     94      -    100     63      0      0      0      0   6501   1035    100      0  11655     21      0      -      -      0    422     60 
 20260921    20:40:53       0    138     94      -    100     49      0      0      0      0   6501   1080    100      0  11655     21      0      -      -      0   2342    106 
 20260921    20:40:54       0    135     94      -    100     47      0      0      0      0   6501   1170     96      0  11655     21      0      -      -      0    411     53 
 20260921    20:40:55       0    137     94      -    100     41      0      0      0      0   6501    960    100      0  11655     21      0      -      -      0    383     53 
 20260921    20:40:56       0    137     94      -    100     40      0      0      0      0   6501   1020    100      0  11655     21      0      -      -      0    428     58 
 20260921    20:40:57       0    137     94      -    100     42      0      0      0      0   6501   1065    100      0  11655     21      0      -      -      0    390     57 
 20260921    20:40:58       0    139     94      -    100     51      0      0      0      0   6501   1005     98      0  11655     21      0      -      -      0   1219     54 
 20260921    20:40:59       0    138     94      -    100     45      0      0      0      0   6501    990    100      0  11655     21      0      -      -      0    415     53 
 20260921    20:41:00       0    137     94      -    100     44      0      0      0      0   6501   1020    100      0  11655     21      0      -      -      0    442     59 
 20260921    20:41:01       0    137     94      -    100     42      0      0      0      0   6501    960    100      0  11655     21      0      -      -      0   1056    863 
 20260921    20:41:02       0    136     94      -    100     45      0      0      0      0   6501   1050    100      0  11655     21      0      -      -      0    223     39 
 20260921    20:41:03       0    136     94      -    100     54      0      0      0      0   6501   1080    100      0  11655     21      0      -      -      0    209     39 
 20260921    20:41:04       0    140     94      -    100     50      0      0      0      0   6501   1050    100      0  11655     21      0      -      -      0   4656     41 
 20260921    20:41:06       0    136     94      -     87     62      0      0      0      0   6501   1095    100      0  11655     21      0      -      -      0   1136    139 
 20260921    20:41:07       0    138     94      -    100     45      0      0      0      0   6501    960    100      0  11655     21      0      -      -      0   1133    127 
#Date        Time         gpu    pwr  gtemp  mtemp     sm    mem    enc    dec    jpg    ofa   mclk   pclk  pviol  tviol     fb   bar1   ccpm  sbecc  dbecc    pci  rxpci  txpci 
#YYYYMMDD    HH:MM:SS     Idx      W      C      C      %      %      %      %      %      %    MHz    MHz      %   bool     MB     MB     MB   errs   errs   errs   MB/s   MB/s 
 20260921    20:41:08       0    138     94      -    100     48      0      0      0      0   6501   1005    100      0  11655     21      0      -      -      0   1192    189 
 20260921    20:41:09       0    138     94      -    100     48      0      0      0      0   6501   1035    100      0  11655     21      0      -      -      0    750  14396 
 20260921    20:41:10       0    139     94      -    100     52      0      0      0      0   6501    990    100      0  11655     21      0      -      -      0    958   4983 
 20260921    20:41:11       0    135     94      -    100     56      0      0      0      0   6501   1050     99      0  11655     21      0      -      -      0    740    140 
 20260921    20:41:12       0    136     93      -    100     46      0      0      0      0   6501   1020    100      0  11655     21      0      -      -      0   1414     56 
 20260921    20:41:13       0    139     94      -    100     47      0      0      0      0   6501   1050    100      0  11655     21      0      -      -      0    422     60 
 20260921    20:41:14       0    138     94      -    100     47      0      0      0      0   6501   1005    100      0  11655     21      0      -      -      0    881    166 
 20260921    20:41:15       0    138     94      -    100     48      0      0      0      0   6501   1050    100      0  11655     21      0      -      -      0    993   5539 
 20260921    20:41:16       0    138     94      -    100     47      0      0      0      0   6501   1035    100      0  11655     21      0      -      -      0    455     63 
 20260921    20:41:17       0    137     94      -    100     45      0      0      0      0   6501   1005     96      0  11655     21      0      -      -      0    386     81 
 20260921    20:41:18       0    136     94      -    100     50      0      0      0      0   6501   1050     98      0  11655     21      0      -      -      0   1004    142 
 20260921    20:41:19       0    138     94      -    100     42      0      0      0      0   6501   1035    100      0  11655     21      0      -      -      0   1295    193 
 20260921    20:41:20       0    137     94      -    100     42      0      0      0      0   6501   1065    100      0  11655     21      0      -      -      0   1024    140 
 20260921    20:41:21       0    138     94      -    100     47      0      0      0      0   6501   1005    100      0  11655     21      0      -      -      0   1086    140 
 20260921    20:41:22       0    138     94      -    100     47      0      0      0      0   6501   1050    100      0  11655     21      0      -      -      0    589    313 
 20260921    20:41:23       0    138     94      -    100     49      0      0      0      0   6501   1050    100      0  11655     21      0      -      -      0    729    121 
 20260921    20:41:24       0    137     94      -    100     45      0      0      0      0   6501   1065    100      0  11655     21      0      -      -      0   1514    151 
 20260921    20:41:25       0    138     94      -    100     44      0      0      0      0   6501    960    100      0  11655     21      0      -      -      0   1137    158 
 20260921    20:41:27       0    138     94      -    100     44      0      0      0      0   6501   1035    100      0  11655     21      0      -      -      0   1029    146 
 20260921    20:41:28       0    138     94      -    100     51      0      0      0      0   6501   1050    100      0  11655     21      0      -      -      0   1590     49 
 20260921    20:41:29       0    139     94      -    100     48      0      0      0      0   6501   1020    100      0  11655     21      0      -      -      0   5698    128 
 20260921    20:41:30       0    136     94      -    100     51      0      0      0      0   6501   1065    100      0  11655     21      0      -      -      0     62     10 
 20260921    20:41:31       0    137     94      -    100     47      0      0      0      0   6501   1050    100      0  11655     21      0      -      -      0    390     54 
 20260921    20:41:32       0    138     94      -    100     44      0      0      0      0   6501   1020    100      0  11655     21      0      -      -      0    383     53 
 20260921    20:41:33       0    139     94      -    100     46      0      0      0      0   6501   1050    100      0  11655     21      0      -      -      0    403     58 
 20260921    20:41:34       0    139     94      -    100     48      0      0      0      0   6501   1005    100      0  11655     21      0      -      -      0   1482    678 
 20260921    20:41:35       0    139     94      -    100     46      0      0      0      0   6501   1050    100      0  11655     21      0      -      -      0   1273    408 
 20260921    20:41:36       0    138     94      -    100     45      0      0      0      0   6501   1035    100      0  11655     21      0      -      -      0   1205    152 
 20260921    20:41:37       0    139     94      -    100     49      0      0      0      0   6501   1005    100      0  11655     21      0      -      -      0    559    528 
 20260921    20:41:38       0    139     94      -    100     45      0      0      0      0   6501    945    100      0  11655     21      0      -      -      0    387     56 
 20260921    20:41:39       0    138     94      -    100     47      0      0      0      0   6501   1065    100      0  11655     21      0      -      -      0    301     50 
 20260921    20:41:40       0    137     94      -    100     49      0      0      0      0   6501   1050    100      0  11655     21      0      -      -      0    520     98 
 20260921    20:41:41       0    138     94      -    100     43      0      0      0      0   6501   1035    100      0  11655     21      0      -      -      0    653   5373 
 20260921    20:41:42       0    134     94      -     84     76      0      0      0      0   6501   1350     95      0  11655     21      0      -      -      0    403     56 
 20260921    20:41:43       0    138     94      -    100     53      0      0      0      0   6501   1035    100      0  11655     21      0      -      -      0    448     62 
 20260921    20:41:44       0    139     94      -    100     52      0      0      0      0   6501   1035    100      0  11655     21      0      -      -      0    455     65 
 20260921    20:41:45       0    137     94      -    100     44      0      0      0      0   6501   1050    100      0  11655     21      0      -      -      0   1114    147 
 20260921    20:41:46       0    138     94      -    100     45      0      0      0      0   6501   1035    100      0  11655     21      0      -      -      0   1408    152 
 20260921    20:41:48       0    138     94      -    100     44      0      0      0      0   6501    960    100      0  11655     21      0      -      -      0   1420    191 
 20260921    20:41:49       0    138     94      -    100     46      0      0      0      0   6501   1050    100      0  11655     21      0      -      -      0   1444   1288 
 20260921    20:41:50       0    139     94      -    100     49      0      0      0      0   6501   1050    100      0  11655     21      0      -      -      0    860    128 
 20260921    20:41:51       0    135     94      -    100     59      0      0      0      0   6501   1050     95      0  11655     21      0      -      -      0    280     45 
 20260921    20:41:52       0    138     94      -    100     42      0      0      0      0   6501   1050    100      0  11655     21      0      -      -      0    981   3945 
 20260921    20:41:53       0    136     94      -    100     43      0      0      0      0   6501   1050    100      0  11655     21      0      -      -      0    393     53 
#Date        Time         gpu    pwr  gtemp  mtemp     sm    mem    enc    dec    jpg    ofa   mclk   pclk  pviol  tviol     fb   bar1   ccpm  sbecc  dbecc    pci  rxpci  txpci 
#YYYYMMDD    HH:MM:SS     Idx      W      C      C      %      %      %      %      %      %    MHz    MHz      %   bool     MB     MB     MB   errs   errs   errs   MB/s   MB/s 
 20260921    20:41:54       0    137     94      -    100     42      0      0      0      0   6501   1050    100      0  11655     21      0      -      -      0    391     53 
 20260921    20:41:55       0    138     94      -    100     44      0      0      0      0   6501   1035    100      0  11655     21      0      -      -      0    415     60 
 20260921    20:41:56       0    138     94      -    100     42      0      0      0      0   6501   1005    100      0  11655     21      0      -      -      0    568     58 
 20260921    20:41:57       0    139     94      -    100     45      0      0      0      0   6501   1050    100      0  11655     21      0      -      -      0   1049    167 
 20260921    20:41:58       0    138     94      -    100     48      0      0      0      0   6501   1065    100      0  11655     21      0      -      -      0   1039    165 
 20260921    20:41:59       0    139     94      -    100     45      0      0      0      0   6501    960    100      0  11655     21      0      -      -      0    983    112 
 20260921    20:42:00       0    138     94      -    100     47      0      0      0      0   6501   1020    100      0  11655     21      0      -      -      0   1145    159 
 20260921    20:42:01       0    136     94      -    100     46      0      0      0      0   6501   1080    100      0  11655     21      0      -      -      0   1280    130 
 20260921    20:42:02       0    138     94      -    100     46      0      0      0      0   6501   1005    100      0  11655     21      0      -      -      0    398     56 
 20260921    20:42:03       0    138     94      -    100     45      0      0      0      0   6501   1050    100      0  11655     21      0      -      -      0    416     59 
 20260921    20:42:04       0    137     94      -     90     54      0      0      0      0   6501   1050    100      0  11655     21      0      -      -      0   1309    397 
 20260921    20:42:05       0    138     94      -    100     45      0      0      0      0   6501   1035    100      0  11655     21      0      -      -      0   1588    185 
 20260921    20:42:06       0    138     94      -    100     44      0      0      0      0   6501    975    100      0  11655     21      0      -      -      0   1154    170 
 20260921    20:42:08       0    138     94      -    100     46      0      0      0      0   6501    960    100      0  11655     21      0      -      -      0    449    593 
 20260921    20:42:09       0    139     94      -    100     47      0      0      0      0   6501    945    100      0  11655     21      0      -      -      0    445    298 
 20260921    20:42:10       0    138     94      -    100     46      0      0      0      0   6501   1035    100      0  11655     21      0      -      -      0    678    881 
 20260921    20:42:11       0    138     94      -    100     48      0      0      0      0   6501   1050    100      0  11655     21      0      -      -      0    403     81 
 20260921    20:42:12       0    137     94      -    100     50      0      0      0      0   6501    915    100      0  11655     21      0      -      -      0    387     55 
 20260921    20:42:13       0    139     94      -    100     46      0      0      0      0   6501   1050    100      0  11655     21      0      -      -      0    390     55 
 20260921    20:42:14       0    138     94      -    100     44      0      0      0      0   6501    945    100      0  11655     21      0      -      -      0    400     55 
 20260921    20:42:15       0    139     94      -    100     47      0      0      0      0   6501   1065    100      0  11655     21      0      -      -      0    416     60 
 20260921    20:42:16       0    139     94      -    100     51      0      0      0      0   6501    975    100      0  11655     21      0      -      -      0    575    557 
 20260921    20:42:17       0    139     94      -    100     49      0      0      0      0   6501   1050    100      0  11655     21      0      -      -      0    517     89 
 20260921    20:42:18       0    139     94      -    100     49      0      0      0      0   6501   1050    100      0  11655     21      0      -      -      0    569    385 
 20260921    20:42:19       0    136     94      -    100     65      0      0      0      0   6501   1065    100      0  11655     21      0      -      -      0   2176    296 
 20260921    20:42:20       0    138     94      -    100     45      0      0      0      0   6501   1065    100      0  11655     21      0      -      -      0   1366    144 
 20260921    20:42:21       0    138     94      -    100     44      0      0      0      0   6501   1035    100      0  11655     21      0      -      -      0   1735    223 
 20260921    20:42:22       0    139     94      -    100     50      0      0      0      0   6501   1050    100      0  11655     21      0      -      -      0   1065   2905 
 20260921    20:42:23       0    138     94      -     82     50      0      0      0      0   6501   1050    100      0  11655     21      0      -      -      0    114     27 
 20260921    20:42:24       0    137     94      -    100     44      0      0      0      0   6501   1095    100      0  11655     21      0      -      -      0    383     53 
 20260921    20:42:25       0    138     94      -    100     45      0      0      0      0   6501    945    100      0  11655     21      0      -      -      0    379     54 
 20260921    20:42:26       0    139     94      -    100     42      0      0      0      0   6501   1065    100      0  11655     21      0      -      -      0    413     59 
 20260921    20:42:27       0    138     94      -    100     48      0      0      0      0   6501   1065    100      0  11655     21      0      -      -      0    693   2232 
 20260921    20:42:29       0    139     94      -    100     46      0      0      0      0   6501   1065    100      0  11655     21      0      -      -      0    427     57 
 20260921    20:42:30       0    139     94      -    100     44      0      0      0      0   6501   1065    100      0  11655     21      0      -      -      0    429     58 
 20260921    20:42:31       0    139     94      -    100     45      0      0      0      0   6501   1065    100      0  11655     21      0      -      -      0    445     63 
 20260921    20:42:32       0    139     94      -    100     45      0      0      0      0   6501   1065    100      0  11655     21      0      -      -      0    452     88 
 20260921    20:42:33       0    138     94      -    100     59      0      0      0      0   6501   1005    100      0  11655     21      0      -      -      0    408     54 
 20260921    20:42:34       0    139     94      -    100     46      0      0      0      0   6501   1065    100      0  11655     21      0      -      -      0    712    929 
 20260921    20:42:35       0    138     94      -    100     45      0      0      0      0   6501   1095    100      0  11655     21      0      -      -      0   1206    144 
 20260921    20:42:36       0    138     94      -    100     45      0      0      0      0   6501    915    100      0  11655     21      0      -      -      0   1208    167 
 20260921    20:42:37       0    139     94      -    100     46      0      0      0      0   6501   1050    100      0  11655     21      0      -      -      0    425    978 
 20260921    20:42:38       0    139     94      -    100     46      0      0      0      0   6501   1005    100      0  11655     21      0      -      -      0    612     61 
 20260921    20:42:39       0    139     94      -    100     46      0      0      0      0   6501   1035    100      0  11655     21      0      -      -      0    599    100 
#Date        Time         gpu    pwr  gtemp  mtemp     sm    mem    enc    dec    jpg    ofa   mclk   pclk  pviol  tviol     fb   bar1   ccpm  sbecc  dbecc    pci  rxpci  txpci 
#YYYYMMDD    HH:MM:SS     Idx      W      C      C      %      %      %      %      %      %    MHz    MHz      %   bool     MB     MB     MB   errs   errs   errs   MB/s   MB/s 
 20260921    20:42:40       0    138     94      -    100     45      0      0      0      0   6501   1020    100      0  11655     21      0      -      -      0    359  15111 
 20260921    20:42:41       0    137     94      -    100     64      0      0      0      0   6501   1065    100      0  11655     21      0      -      -      0    391     54 
 20260921    20:42:42       0    138     94      -    100     41      0      0      0      0   6501   1065    100      0  11655     21      0      -      -      0    411     56 
 20260921    20:42:43       0    138     94      -    100     78      0      0      0      0   6501   1110    100      0  11655     21      0      -      -      0     70     12 
 20260921    20:42:44       0    138     94      -    100     45      0      0      0      0   6501    945    100      0  11655     21      0      -      -      0    409     55 
 20260921    20:42:45       0    139     94      -    100     47      0      0      0      0   6501   1065    100      0  11655     21      0      -      -      0    387     55 
 20260921    20:42:46       0    139     94      -    100     45      0      0      0      0   6501    915    100      0  11655     21      0      -      -      0    404     59 
 20260921    20:42:47       0    139     94      -    100     47      0      0      0      0   6501    990    100      0  11655     21      0      -      -      0    768   1292 
 20260921    20:42:48       0    138     93      -    100     67      0      0      0      0   6501   1155    100      0  11655     21      0      -      -      0    952    112 
 20260921    20:42:49       0    136     94      -    100     47      0      0      0      0   6501    960    100      0  11655     21      0      -      -      0   1266     51 
 20260921    20:42:51       0    139     94      -    100     45      0      0      0      0   6501   1065    100      0  11655     21      0      -      -      0    390     55 
 20260921    20:42:52       0    138     94      -    100     48      0      0      0      0   6501   1050    100      0  11655     21      0      -      -      0    419     65 
 20260921    20:42:53       0    139     94      -    100     47      0      0      0      0   6501   1080    100      0  11655     21      0      -      -      0   1538    141 
 20260921    20:42:54       0    139     94      -    100     48      0      0      0      0   6501    975    100      0  11655     21      0      -      -      0   1376    724 
 20260921    20:42:55       0    139     94      -    100     47      0      0      0      0   6501   1065    100      0  11655     21      0      -      -      0   1134    163 
 20260921    20:42:56       0    139     94      -    100     46      0      0      0      0   6501    975    100      0  11655     21      0      -      -      0    448    713 
 20260921    20:42:57       0    139     94      -    100     47      0      0      0      0   6501   1050    100      0  11655     21      0      -      -      0    325     50 
 20260921    20:42:58       0    137     94      -    100     50      0      0      0      0   6501    960    100      0  11655     21      0      -      -      0   2276    138 
 20260921    20:42:59       0    138     94      -    100     44      0      0      0      0   6501   1035    100      0  11655     21      0      -      -      0   2219    181 
 20260921    20:43:00       0    139     94      -    100     46      0      0      0      0   6501   1065    100      0  11655     21      0      -      -      0   1702    248 
 20260921    20:43:01       0    138     94      -    100     45      0      0      0      0   6501   1020    100      0  11655     21      0      -      -      0   1225   1622 
 20260921    20:43:02       0    139     94      -    100     48      0      0      0      0   6501   1095    100      0  11655     21      0      -      -      0   2432   2031 
 20260921    20:43:03       0    139     94      -    100     60      0      0      0      0   6501   1035    100      0  11655     21      0      -      -      0    113     27 
 20260921    20:43:04       0    136     94      -    100     54      0      0      0      0   6501   1125    100      0  11655     21      0      -      -      0    402     52 
 20260921    20:43:05       0    139     94      -    100     44      0      0      0      0   6501   1020    100      0  11655     21      0      -      -      0    427     57 
 20260921    20:43:06       0    139     94      -    100     46      0      0      0      0   6501   1110    100      0  11655     21      0      -      -      0    424     57 
 20260921    20:43:07       0    138     94      -    100     46      0      0      0      0   6501   1125    100      0  11655     21      0      -      -      0    418     58 
 20260921    20:43:08       0    139     94      -    100     46      0      0      0      0   6501    960    100      0  11655     21      0      -      -      0    432     58 
 20260921    20:43:09       0    139     94      -    100     45      0      0      0      0   6501   1125    100      0  11655     21      0      -      -      0    452     63 
 20260921    20:43:10       0    139     94      -    100     49      0      0      0      0   6501   1020    100      0  11655     21      0      -      -      0   1738    785 
 20260921    20:43:12       0    139     94      -    100     42      0      0      0      0   6501   1095    100      0  11655     21      0      -      -      0    979    175 
 20260921    20:43:13       0    138     93      -     99     72      0      0      0      0   6501   1125    100      0  11655     21      0      -      -      0    409     55 
 20260921    20:43:14       0    138     94      -    100     39      0      0      0      0   6501   1095    100      0  11655     21      0      -      -      0    416     59 
 20260921    20:43:15       0    138     93      -    100     55      0      0      0      0   6501   1230    100      0  11655     21      0      -      -      0   1249     53 
 20260921    20:43:16       0    139     94      -    100     45      0      0      0      0   6501   1110    100      0  11655     21      0      -      -      0    401     53 
 20260921    20:43:17       0    138     94      -    100     43      0      0      0      0   6501   1065    100      0  11655     21      0      -      -      0    404     58 
 20260921    20:43:18       0    139     94      -    100     45      0      0      0      0   6501   1080    100      0  11655     21      0      -      -      0    553    541 
 20260921    20:43:19       0    139     94      -    100     48      0      0      0      0   6501   1080    100      0  11655     21      0      -      -      0    365   8287 
 20260921    20:43:20       0    139     94      -    100     55      0      0      0      0   6501    960    100      0  11655     21      0      -      -      0    456     67 
 20260921    20:43:21       0    139     94      -    100     47      0      0      0      0   6501    990    100      0  11655     21      0      -      -      0    166     33 
 20260921    20:43:22       0    140     94      -    100     55      0      0      0      0   6501    945    100      0  11655     21      0      -      -      0    419     57 
 20260921    20:43:23       0    138     94      -    100     44      0      0      0      0   6501   1050    100      0  11655     21      0      -      -      0    432     56 
 20260921    20:43:24       0    139     94      -    100     44      0      0      0      0   6501   1140    100      0  11655     21      0      -      -      0    445     61 
 20260921    20:43:25       0    136     93      -    100     46      0      0      0      0   6501   1620     84      0  11655     21      0      -      -      0   1138    212 
#Date        Time         gpu    pwr  gtemp  mtemp     sm    mem    enc    dec    jpg    ofa   mclk   pclk  pviol  tviol     fb   bar1   ccpm  sbecc  dbecc    pci  rxpci  txpci 
#YYYYMMDD    HH:MM:SS     Idx      W      C      C      %      %      %      %      %      %    MHz    MHz      %   bool     MB     MB     MB   errs   errs   errs   MB/s   MB/s 
 20260921    20:43:26       0    138     94      -    100     45      0      0      0      0   6501   1110    100      0  11655     21      0      -      -      0   1470    153 
 20260921    20:43:27       0    139     94      -    100     45      0      0      0      0   6501   1095    100      0  11655     21      0      -      -      0   1138    175 
 20260921    20:43:28       0    139     94      -    100     62      0      0      0      0   6501   1035    100      0  11655     21      0      -      -      0    557   2537 
 20260921    20:43:29       0    139     94      -    100     52      0      0      0      0   6501   1035    100      0  11655     21      0      -      -      0   1579    272 
 20260921    20:43:30       0    139     94      -    100     46      0      0      0      0   6501   1035    100      0  11655     21      0      -      -      0    453     63 
 20260921    20:43:31       0    139     94      -    100     45      0      0      0      0   6501   1260    100      0  11655     21      0      -      -      0    179     35 
 20260921    20:43:32       0    138     94      -    100     49      0      0      0      0   6501   1110    100      0  11655     21      0      -      -      0   3075    101 
 20260921    20:43:34       0    138     93      -    100     68      0      0      0      0   6501   1035    100      0  11655     21      0      -      -      0    122     24 
 20260921    20:43:35       0    137     93      -    100     45      0      0      0      0   6501    960     94      0  11655     21      0      -      -      0    379     53 
 20260921    20:43:36       0    139     94      -    100     45      0      0      0      0   6501    960    100      0  11655     21      0      -      -      0    436     60 
 20260921    20:43:37       0    139     94      -    100     45      0      0      0      0   6501   1110    100      0  11655     21      0      -      -      0    407   7644 
 20260921    20:43:38       0    134     94      -     49     42      0      0      0      0   6501   1125     91      0  11655     21      0      -      -      0    352    449 
 20260921    20:43:39       0    132     93      -    100     39      0      0      0      0   6501   1860     69      0  11655     21      0      -      -      0      0      0 
 20260921    20:43:40       0     90     92      -      0      0      0      0      0      0   6501   1605      0      0  11655     21      0      -      -      0      0      0 
 20260921    20:43:41       0     81     90      -      0      0      0      0      0      0   6501   1560      0      0  11655     21      0      -      -      0      0      0 
 20260921    20:43:42       0     71     89      -      0      0      0      0      0      0   6501   1560      0      0  11655     21      0      -      -      0      0      0 
 20260921    20:43:43       0     62     89      -      0      0      0      0      0      0   6501   1560      0      0  11655     21      0      -      -      0      0      0 
 20260921    20:43:44       0     61     88      -      0      0      0      0      0      0   6501   1560      0      0  11655     21      0      -      -      0      0      0 
 20260921    20:43:45       0     60     87      -      0      0      0      0      0      0   6501   1560      0      0   5907     21      0      -      -      0      0      0 
 20260921    20:43:46       0     78     88      -      0      0      0      0      0      0   6501   1860      0      0   5907     21      0      -      -      0      0      0 
