--procs-- -----------------------memory---------------------- ---swap-- -----io---- -system-- --------cpu-------- -----timestamp-----
   r    b         swpd         free         buff        cache   si   so    bi    bo   in   cs  us  sy  id  wa  st                 KST
   5    0            0    118566528        85936      8180512    0    0  1056   278   56   89   1   0  99   0   0 2026-09-21 19:48:17
   1    0            0    118503536        85936      8180540    0    0     0    52 1981 1489   3   0  97   0   0 2026-09-21 19:48:18
   1    0            0    118503288        85936      8180544    0    0     0     0 31576 1390   4   8  88   0   0 2026-09-21 19:48:19
   1    0            0    118446392        85936      8180544    0    0     0     0 1766 1315   3   0  97   0   0 2026-09-21 19:48:20
   0    0            0    118311488        85936      8180552    0    0     0     0 2235 2152   1   1  99   0   0 2026-09-21 19:48:21
   1    0            0    118310480        85984      8181608    0    0  1084   196  963 1474   0   0  99   0   0 2026-09-21 19:48:22
   0    0            0    118310224        85984      8181608    0    0     0     0  845 1396   0   0 100   0   0 2026-09-21 19:48:23
   2    0            0    117948128        85984      8181644    0    0     0     0 2201 1534   3   1  96   0   0 2026-09-21 19:48:24
   2    0            0    117728560        85984      8181708    0    0     0     0 8932 2887  19   1  81   0   0 2026-09-21 19:48:25
   0    0            0    117978544        85984      8181768    0    0     0     0 4824 1975   3   1  97   0   0 2026-09-21 19:48:26
   0    0            0    117993728        85996      8181772    0    0    12    92  841 1426   0   0 100   0   0 2026-09-21 19:48:27
   1    0            0    118001296        85996      8181784    0    0     0    40  820 1239   0   0 100   0   0 2026-09-21 19:48:28
   1    0            0    118008448        85996      8181788    0    0     0     0 1709 1475   2   0  98   0   0 2026-09-21 19:48:29
   1    0            0    118009504        85996      8181788    0    0     0     0 1903 1489   2   0  98   0   0 2026-09-21 19:48:30
   1    0            0    117944992        85996      8181792    0    0     0     0 1796 1252   3   0  97   0   0 2026-09-21 19:48:31
   1    0            0    117939280        86004      8181800    0    0     0   132 1738 1831   2   0  98   0   0 2026-09-21 19:48:32
   1    0            0    117801408        86004      8215224    0    0     0    44 3627 3091   3   1  96   0   0 2026-09-21 19:48:33
   1    0            0    117639416        86004      8262140    0    0     0     0 3447 3138   4   1  96   0   0 2026-09-21 19:48:34
   1    0            0    117648512        86004      8262140    0    0     0   400 2648 2858   2   0  97   0   0 2026-09-21 19:48:35
   1    0            0    117588752        86004      8262140    0    0     0     0 2572 2861   2   1  97   0   0 2026-09-21 19:48:36
   1    0            0    117591272        86012      8262144    0    0     0    96 2597 2759   3   0  97   0   0 2026-09-21 19:48:37
--procs-- -----------------------memory---------------------- ---swap-- -----io---- -system-- --------cpu-------- -----timestamp-----
   r    b         swpd         free         buff        cache   si   so    bi    bo   in   cs  us  sy  id  wa  st                 KST
   2    0            0    117590520        86012      8262144    0    0     0    40 2619 3289   3   0  97   0   0 2026-09-21 19:48:38
   1    0            0    117592560        86012      8262148    0    0     0     0 2453 2538   3   0  97   0   0 2026-09-21 19:48:39
   1    0            0    117316864        86012      8262124    0    0     0     0 2509 2666   2   1  97   0   0 2026-09-21 19:48:40
   1    0            0    116203840        86012      8262548    0    0   484     0 3124 3614   2   1  97   0   0 2026-09-21 19:48:41
   1    0            0    116163168        86020      8262552    0    0    92   149 2594 2847   3   0  97   0   0 2026-09-21 19:48:42
   2    0            0    116108864        86024      8262848    0    0   200     0 3235 2693   5   0  95   0   0 2026-09-21 19:48:43
   2    0            0    116109520        86028      8262864    0    0     0    64 4281 2650   6   0  94   0   0 2026-09-21 19:48:44
   4    0            0    116107232        86028      8262888    0    0    16     0 4383 2905   6   0  94   0   0 2026-09-21 19:48:45
   2    0            0    116106512        86028      8263016    0    0   128     0 4467 2671   5   2  93   0   0 2026-09-21 19:48:46
   2    0            0    116107168        86036      8263020    0    0     0    68 3648 2824   4   2  94   0   0 2026-09-21 19:48:47
   3    0            0    116029352        86036      8263020    0    0     0     8 3897 3089   5   1  94   0   0 2026-09-21 19:48:48
   1    0            0    116038080        86036      8263028    0    0     4     0 3973 3644   1   2  97   0   0 2026-09-21 19:48:49
   3    0            0    116014720        86036      8263036    0    0     0    40 3124 2718   3   1  95   0   0 2026-09-21 19:48:50
   2    0            0    116017104        86036      8263036    0    0     0     0 4075 2685   4   2  94   0   0 2026-09-21 19:48:51
   2    0            0    116015088        86052      8263044    0    0     0   176 3868 2680   4   2  94   0   0 2026-09-21 19:48:52
   2    0            0    116014800        86052      8263044    0    0     0     0 3756 2820   5   1  94   0   0 2026-09-21 19:48:53
   1    0            0    116013792        86052      8263048    0    0     0   576 3717 2647   4   2  94   0   0 2026-09-21 19:48:54
   2    0            0    116015136        86052      8263052    0    0     0    48 4098 2786   5   1  93   0   0 2026-09-21 19:48:55
   1    0            0    116014112        86052      8263052    0    0     0     0 3157 2539   4   1  95   0   0 2026-09-21 19:48:56
   3    0            0    116014584        86060      8263056    0    0     0    56 3275 2857   4   0  95   0   0 2026-09-21 19:48:57
   2    0            0    116014088        86060      8263060    0    0     0     0 3893 2969   5   1  95   0   0 2026-09-21 19:48:58
--procs-- -----------------------memory---------------------- ---swap-- -----io---- -system-- --------cpu-------- -----timestamp-----
   r    b         swpd         free         buff        cache   si   so    bi    bo   in   cs  us  sy  id  wa  st                 KST
   2    0            0    116013840        86060      8263064    0    0     0     0 3986 2522   4   2  94   0   0 2026-09-21 19:48:59
   1    0            0    116015664        86060      8263068    0    0     0     0 4377 2631   4   2  94   0   0 2026-09-21 19:49:00
   2    0            0    116013648        86060      8263068    0    0     0    48 4421 2860   5   1  93   0   0 2026-09-21 19:49:01
   1    0            0    116015344        86068      8263072    0    0     0   120 3095 2670   3   1  96   0   0 2026-09-21 19:49:02
   1    0            0    116014592        86068      8263072    0    0     0     0 2610 2683   3   0  97   0   0 2026-09-21 19:49:03
   2    0            0    116008416        86068      8263084    0    0     0     0 4257 3002   7   1  93   0   0 2026-09-21 19:49:04
   2    0            0    116006400        86068      8263088    0    0     0   204 4879 3289   6   1  93   0   0 2026-09-21 19:49:05
   1    0            0    116006064        86068      8263092    0    0     0    56 3211 2730   3   0  96   0   0 2026-09-21 19:49:06
   2    0            0    116005312        86076      8263096    0    0     0    64 4580 3810   5   1  93   0   0 2026-09-21 19:49:07
   1    0            0    116012192        86076      8263100    0    0     0     0 3322 3658   3   1  96   0   0 2026-09-21 19:49:08
   2    0            0    116012176        86076      8263108    0    0     0     0 4223 3857   6   0  94   0   0 2026-09-21 19:49:09
   2    0            0    116011168        86076      8263108    0    0     0     0 3536 3535   5   1  95   0   0 2026-09-21 19:49:10
   4    0            0    116010416        86076      8263116    0    0     0   180 3096 3338   4   0  96   0   0 2026-09-21 19:49:11
   2    0            0    116010416        86084      8263116    0    0     0   186 4110 3540   5   2  93   0   0 2026-09-21 19:49:12
   1    0            0    116010912        86084      8263124    0    0     0     8 3174 3413   3   1  96   0   0 2026-09-21 19:49:13
   3    0            0    116012048        86084      8263132    0    0     0     0 3148 3395   4   0  96   0   0 2026-09-21 19:49:14
   2    0            0    116012072        86084      8263144    0    0     0     0 4051 3579   5   1  94   0   0 2026-09-21 19:49:15
   1    0            0    116012632        86084      8263144    0    0     0     0 4046 3511   5   1  94   0   0 2026-09-21 19:49:16
   1    0            0    116013080        86092      8263148    0    0     0   100 2648 3504   3   0  97   0   0 2026-09-21 19:49:17
   2    0            0    116013744        86092      8263148    0    0     0     8 4038 3714   6   1  94   0   0 2026-09-21 19:49:18
   4    0            0    116014912        86092      8263152    0    0     0     0 4102 3525   4   2  94   0   0 2026-09-21 19:49:19
--procs-- -----------------------memory---------------------- ---swap-- -----io---- -system-- --------cpu-------- -----timestamp-----
   r    b         swpd         free         buff        cache   si   so    bi    bo   in   cs  us  sy  id  wa  st                 KST
   1    0            0    116014912        86092      8263152    0    0     0     0 3452 3282   4   1  96   0   0 2026-09-21 19:49:20
   4    0            0    116015768        86092      8263160    0    0     0     0 3518 3665   5   0  95   0   0 2026-09-21 19:49:21
   2    0            0    116016016        86104      8263160    0    0     0   144 4580 4002   6   1  93   0   0 2026-09-21 19:49:22
   2    0            0    116016016        86104      8263172    0    0     0     0 4084 3756   5   1  94   0   0 2026-09-21 19:49:23
   2    0            0    116015264        86104      8263172    0    0     0     0 3941 3799   4   2  94   0   0 2026-09-21 19:49:24
   2    0            0    116014760        86104      8263172    0    0     0     0 3282 3458   4   1  96   0   0 2026-09-21 19:49:25
   1    0            0    116017280        86104      8263180    0    0     0     0 3798 3430   5   1  94   0   0 2026-09-21 19:49:26
   2    0            0    116017584        86112      8263180    0    0     0    56 3261 3590   4   0  95   0   0 2026-09-21 19:49:27
   1    0            0    116019856        86116      8263192    0    0     0    52 3828 3524   4   1  95   0   0 2026-09-21 19:49:28
   1    0            0    116029328        86116      8263700    0    0   504    16 5654 5237   5   1  94   0   0 2026-09-21 19:49:29
   1    0            0    116030088        86116      8263704    0    0     0     0 3468 3538   4   1  95   0   0 2026-09-21 19:49:30
   2    0            0    116031248        86116      8263704    0    0     0     0 4335 3762   6   1  93   0   0 2026-09-21 19:49:31
   1    0            0    116031888        86124      8263708    0    0     0   148 3615 3754   4   1  95   0   0 2026-09-21 19:49:32
   1    0            0    116031640        86124      8263708    0    0     0     0 3753 3780   6   0  94   0   0 2026-09-21 19:49:33
   1    0            0    116031928        86124      8263716    0    0     0   644 3892 3474   4   1  95   0   0 2026-09-21 19:49:34
   5    0            0    116031680        86124      8263716    0    0     0     0 3534 3541   5   0  95   0   0 2026-09-21 19:49:35
   2    0            0    116031680        86124      8263728    0    0     0     0 3982 3914   6   1  94   0   0 2026-09-21 19:49:36
   2    0            0    116030160        86132      8263732    0    0     0    80 4097 3494   4   2  94   0   0 2026-09-21 19:49:37
   1    0            0    116030160        86132      8263740    0    0     0     0 3965 3420   4   2  94   0   0 2026-09-21 19:49:38
   2    0            0    116031584        86132      8263740    0    0     0    52 3767 3420   5   1  94   0   0 2026-09-21 19:49:39
   1    0            0    116032072        86132      8263752    0    0     4    16 5590 5435   4   1  95   0   0 2026-09-21 19:49:40
--procs-- -----------------------memory---------------------- ---swap-- -----io---- -system-- --------cpu-------- -----timestamp-----
   r    b         swpd         free         buff        cache   si   so    bi    bo   in   cs  us  sy  id  wa  st                 KST
   2    0            0    116018408        86132      8263632    0    0     0   148 8268 6771   5   1  93   0   0 2026-09-21 19:49:41
   1    0            0    116016304        86140      8263632    0    0     0   288 3173 3375   3   1  96   0   0 2026-09-21 19:49:42
   2    0            0    116018528        86140      8263644    0    0     0     0 4076 3357   5   1  94   0   0 2026-09-21 19:49:43
   1    0            0    116017272        86140      8263644    0    0     0     0 3430 3312   3   1  96   0   0 2026-09-21 19:49:44
   2    0            0    116019184        86140      8263652    0    0     0  1144 3812 3824   5   0  94   0   0 2026-09-21 19:49:45
   2    0            0    116020992        86156      8263652    0    0     0    72 4154 3364   4   2  94   0   0 2026-09-21 19:49:46
   2    0            0    116021040        86164      8263652    0    0     0    24 3958 3541   4   2  94   0   0 2026-09-21 19:49:47
   4    0            0    116023456        86164      8263656    0    0     0     0 3525 3416   4   1  95   0   0 2026-09-21 19:49:48
   2    0            0    116025616        86164      8263660    0    0     0     0 4329 3533   5   2  93   0   0 2026-09-21 19:49:49
   3    0            0    116027496        86168      8263668    0    0     0    56 4023 3197   4   2  94   0   0 2026-09-21 19:49:50
   1    0            0    116026992        86168      8263672    0    0     0    20 3845 3286   4   2  95   0   0 2026-09-21 19:49:51
   2    0            0    116026656        86176      8263676    0    0     0    60 4566 3609   5   1  93   0   0 2026-09-21 19:49:52
   2    0            0    116027344        86176      8263676    0    0     0     0 4209 3452   4   2  94   0   0 2026-09-21 19:49:53
   2    0            0    116027088        86176      8263680    0    0     0     0 4584 3308   4   2  94   0   0 2026-09-21 19:49:54
   4    0            0    116027360        86184      8263680    0    0     0    32 3716 3662   4   1  95   0   0 2026-09-21 19:49:55
   1    0            0    116026848        86184      8263684    0    0     0   224 4221 3348   5   1  94   0   0 2026-09-21 19:49:56
   3    0            0    116026200        86192      8263688    0    0     0   120 3229 3834   4   0  96   0   0 2026-09-21 19:49:57
   2    0            0    116026144        86192      8263696    0    0     0     0 5091 3721   6   2  92   0   0 2026-09-21 19:49:58
   1    0            0    116027704        86192      8263700    0    0     0     0 3163 3531   3   1  96   0   0 2026-09-21 19:49:59
   2    0            0    116032576        86192      8263704    0    0     0    12 4702 4268   7   1  93   0   0 2026-09-21 19:50:00
   2    0            0    116032360        86192      8263712    0    0     0   292 3856 3552   4   2  94   0   0 2026-09-21 19:50:01
--procs-- -----------------------memory---------------------- ---swap-- -----io---- -system-- --------cpu-------- -----timestamp-----
   r    b         swpd         free         buff        cache   si   so    bi    bo   in   cs  us  sy  id  wa  st                 KST
   3    0            0    116035128        86200      8263708    0    0     0    84 4037 3686   4   2  94   0   0 2026-09-21 19:50:02
   4    0            0    116033440        86200      8263716    0    0     0     0 3527 3393   4   0  95   0   0 2026-09-21 19:50:03
   3    0            0    116032432        86200      8263720    0    0     0     0 4279 3526   6   1  93   0   0 2026-09-21 19:50:04
   1    0            0    116038376        86200      8263696    0    0     0     0 3793 3571   4   1  95   0   0 2026-09-21 19:50:05
   3    0            0    116037120        86200      8263700    0    0     0     8 4745 3862   6   1  93   0   0 2026-09-21 19:50:06
   1    0            0    116034624        86208      8263704    0    0     0   276 3247 3528   4   0  95   0   0 2026-09-21 19:50:07
   4    0            0    116018240        86208      8263716    0    0     0     0 4002 3921   5   0  95   0   0 2026-09-21 19:50:08
   2    0            0    116024432        86216      8263704    0    0     0    36 5915 4046   5   2  93   0   0 2026-09-21 19:50:09
   1    0            0    116024504        86216      8263724    0    0     0     0 3056 2553   3   1  96   0   0 2026-09-21 19:50:10
   3    0            0    116033272        86216      8263728    0    0     0     0 4321 2977   6   1  93   0   0 2026-09-21 19:50:11
   2    0            0    116032768        86228      8263724    0    0     0   156 3745 3143   5   1  94   0   0 2026-09-21 19:50:12
   2    0            0    116031760        86228      8263736    0    0     0   664 4137 2757   4   2  94   0   0 2026-09-21 19:50:13
   1    0            0    116031008        86228      8263740    0    0     0     0 3844 2726   5   1  94   0   0 2026-09-21 19:50:14
   3    0            0    116030512        86228      8263740    0    0     0    68 3429 2814   5   0  95   0   0 2026-09-21 19:50:15
   1    0            0    116030008        86228      8263748    0    0     0     0 3348 2763   4   1  95   0   0 2026-09-21 19:50:16
   1    0            0    116029512        86236      8263748    0    0     0    88 3317 3090   5   0  95   0   0 2026-09-21 19:50:17
   4    0            0    116029760        86236      8263756    0    0     0     0 3322 2997   5   0  95   0   0 2026-09-21 19:50:18
   2    0            0    116029288        86236      8263764    0    0     0     0 4965 3401   8   1  92   0   0 2026-09-21 19:50:19
   2    0            0    116029040        86236      8263764    0    0     0     0 3751 2541   4   2  94   0   0 2026-09-21 19:50:20
   1    0            0    116028288        86236      8263768    0    0     0     0 3056 2624   3   1  96   0   0 2026-09-21 19:50:21
   4    0            0    116028272        86252      8263776    0    0     0   180 3293 2843   5   0  95   0   0 2026-09-21 19:50:22
--procs-- -----------------------memory---------------------- ---swap-- -----io---- -system-- --------cpu-------- -----timestamp-----
   r    b         swpd         free         buff        cache   si   so    bi    bo   in   cs  us  sy  id  wa  st                 KST
   3    0            0    116027264        86252      8263780    0    0     0     0 3684 3327   6   0  94   0   0 2026-09-21 19:50:23
   1    0            0    116031520        86252      8263784    0    0     0     0 3712 2736   5   1  94   0   0 2026-09-21 19:50:24
   1    0            0    116031520        86252      8263784    0    0     0     0 3757 2787   5   1  94   0   0 2026-09-21 19:50:25
   4    0            0    116030256        86252      8263788    0    0     0     0 3344 2730   5   0  95   0   0 2026-09-21 19:50:26
   2    0            0    116029008        86260      8263788    0    0     0   100 4006 2901   5   1  94   0   0 2026-09-21 19:50:27
   1    0            0    116030192        86260      8263796    0    0     0     0 3686 2830   5   1  94   0   0 2026-09-21 19:50:28
   1    0            0    116030440        86260      8263800    0    0     0     0 3294 2878   4   0  95   0   0 2026-09-21 19:50:29
   1    0            0    116031200        86260      8263804    0    0     0     0 4541 3175   7   0  92   0   0 2026-09-21 19:50:30
   2    0            0    116030440        86260      8263816    0    0     0     0 3833 3018   4   1  95   0   0 2026-09-21 19:50:31
   1    0            0    116030440        86268      8263820    0    0     0    88 3995 2655   4   1  95   0   0 2026-09-21 19:50:32
   4    0            0    116030944        86268      8263820    0    0     0    56 3164 2829   4   0  96   0   0 2026-09-21 19:50:33
   1    0            0    116029824        86268      8263828    0    0     0     0 4065 2846   6   0  93   0   0 2026-09-21 19:50:34
   2    0            0    116029576        86268      8263832    0    0     0     0 4304 2803   5   1  93   0   0 2026-09-21 19:50:35
   1    0            0    116028576        86268      8263836    0    0     0     0 2468 2567   3   0  97   0   0 2026-09-21 19:50:36
   2    0            0    116027816        86276      8263848    0    0     0    52 4806 3137   6   1  93   0   0 2026-09-21 19:50:37
   2    0            0    116027312        86276      8263848    0    0     0     0 5071 3298   4   2  94   0   0 2026-09-21 19:50:38
   1    0            0    116027312        86276      8263848    0    0     0    60 3464 2668   3   1  96   0   0 2026-09-21 19:50:39
   1    0            0    116027072        86276      8263856    0    0     0     0 4861 2770   7   1  93   0   0 2026-09-21 19:50:40
   2    0            0    116027072        86276      8263856    0    0     0     0 4362 3208   6   1  93   0   0 2026-09-21 19:50:41
   2    0            0    116027072        86284      8263852    0    0     0   108 3929 2913   4   2  94   0   0 2026-09-21 19:50:42
   1    0            0    116027072        86284      8263864    0    0     0     0 3503 2788   4   1  95   0   0 2026-09-21 19:50:43
--procs-- -----------------------memory---------------------- ---swap-- -----io---- -system-- --------cpu-------- -----timestamp-----
   r    b         swpd         free         buff        cache   si   so    bi    bo   in   cs  us  sy  id  wa  st                 KST
   4    0            0    116026560        86284      8263864    0    0     0    52 3516 2811   5   1  95   0   0 2026-09-21 19:50:44
   3    0            0    116026064        86284      8263868    0    0     0     0 2783 2701   3   0  96   0   0 2026-09-21 19:50:45
   2    0            0    116024800        86284      8263872    0    0     0     0 5314 2636   5   2  93   0   0 2026-09-21 19:50:46
   2    0            0    116023792        86292      8263864    0    0     0    48 5004 2669   4   2  94   0   0 2026-09-21 19:50:47
   1    0            0    116023040        86292      8263876    0    0     0     0 3191 2691   3   1  96   0   0 2026-09-21 19:50:48
   1    0            0    116028112        86292      8263872    0    0     0    44 5435 4008   6   1  93   0   0 2026-09-21 19:50:49
   5    0            0    116027856        86292      8264012    0    0     0     0 3864 2915   6   0  93   0   0 2026-09-21 19:50:50
   2    0            0    116026600        86292      8264020    0    0     0     0 3838 2911   6   1  94   0   0 2026-09-21 19:50:51
   3    0            0    116027104        86300      8264012    0    0     0   100 3106 2725   4   0  95   0   0 2026-09-21 19:50:52
   3    0            0    116026104        86300      8264024    0    0     0     0 4546 3176   7   0  93   0   0 2026-09-21 19:50:53
   2    0            0    116026640        86300      8264024    0    0     0   588 4005 2758   5   1  94   0   0 2026-09-21 19:50:54
   1    0            0    116026640        86304      8264028    0    0     4    52 2904 2610   3   1  96   0   0 2026-09-21 19:50:55
   2    0            0    116026392        86304      8264032    0    0     0     0 3311 2922   5   0  95   0   0 2026-09-21 19:50:56
   2    0            0    116026640        86312      8264036    0    0     0    64 3686 2882   4   2  94   0   0 2026-09-21 19:50:57
   1    0            0    116026648        86312      8264048    0    0     0     0 3480 2676   4   1  95   0   0 2026-09-21 19:50:58
   1    0            0    116026400        86312      8264048    0    0     0     0 2508 2630   3   0  97   0   0 2026-09-21 19:50:59
   2    0            0    116026400        86312      8264056    0    0     0     0 4457 3014   7   1  92   0   0 2026-09-21 19:51:00
   4    0            0    116025136        86312      8264056    0    0     0    68 3322 2892   4   1  95   0   0 2026-09-21 19:51:01
   1    0            0    116024160        86320      8264060    0    0     0   120 3274 2911   4   1  95   0   0 2026-09-21 19:51:02
   2    0            0    116023424        86320      8264060    0    0     0     0 4414 3440   7   0  93   0   0 2026-09-21 19:51:03
   2    0            0    116022920        86320      8264064    0    0     0     0 3629 2767   4   2  94   0   0 2026-09-21 19:51:04
--procs-- -----------------------memory---------------------- ---swap-- -----io---- -system-- --------cpu-------- -----timestamp-----
   r    b         swpd         free         buff        cache   si   so    bi    bo   in   cs  us  sy  id  wa  st                 KST
   1    0            0    116022176        86320      8264080    0    0     0     0 3926 3045   4   2  94   0   0 2026-09-21 19:51:05
   1    0            0    116026480        86320      8264080    0    0     0    56 2597 2717   3   0  97   0   0 2026-09-21 19:51:06
   3    0            0    116024712        86328      8264076    0    0     0    52 3185 2837   5   0  95   0   0 2026-09-21 19:51:07
   2    0            0    116024712        86328      8264088    0    0     0     0 4391 3592   5   1  94   0   0 2026-09-21 19:51:08
   2    0            0    116029504        86328      8264092    0    0     0     0 3465 2635   4   2  94   0   0 2026-09-21 19:51:09
   2    0            0    116029000        86328      8264092    0    0     0     0 4454 2534   4   2  94   0   0 2026-09-21 19:51:10
   2    0            0    116027744        86328      8264096    0    0     0    48 3669 2709   5   1  94   0   0 2026-09-21 19:51:11
   2    0            0    116027496        86336      8264092    0    0     0    92 3515 2702   4   2  94   0   0 2026-09-21 19:51:12
   1    0            0    116028000        86336      8264104    0    0     0     0 2990 2667   3   1  96   0   0 2026-09-21 19:51:13
   3    0            0    116030800        86336      8264104    0    0     0     0 3357 2794   5   0  95   0   0 2026-09-21 19:51:14
   2    0            0    116029040        86336      8264112    0    0     0     0 4088 3034   6   1  93   0   0 2026-09-21 19:51:15
   1    0            0    116028784        86336      8264112    0    0     0    44 3533 2786   4   1  95   0   0 2026-09-21 19:51:16
   1    0            0    116028528        86344      8264112    0    0     0    36 2598 2769   3   0  97   0   0 2026-09-21 19:51:17
   2    0            0    116027528        86344      8264120    0    0     0     0 4206 3105   6   1  93   0   0 2026-09-21 19:51:18
   2    0            0    116026816        86344      8264120    0    0     0     0 3582 2706   4   2  94   0   0 2026-09-21 19:51:19
   1    0            0    116026016        86344      8264128    0    0     0     0 3037 2653   3   1  96   0   0 2026-09-21 19:51:20
   1    0            0    116026016        86344      8264128    0    0     0     0 3729 2989   5   1  94   0   0 2026-09-21 19:51:21
   2    0            0    116025264        86352      8264132    0    0     0    88 3130 2958   4   0  95   0   0 2026-09-21 19:51:22
   2    0            0    116025264        86352      8264132    0    0     0    24 3715 2729   4   2  94   0   0 2026-09-21 19:51:23
   2    0            0    116025760        86352      8264148    0    0     0     0 3658 2759   4   2  94   0   0 2026-09-21 19:51:24
   1    0            0    116026016        86352      8264148    0    0     0     0 3345 2749   4   1  95   0   0 2026-09-21 19:51:25
--procs-- -----------------------memory---------------------- ---swap-- -----io---- -system-- --------cpu-------- -----timestamp-----
   r    b         swpd         free         buff        cache   si   so    bi    bo   in   cs  us  sy  id  wa  st                 KST
   3    0            0    116025256        86352      8264152    0    0     0     0 4311 2844   6   2  93   0   0 2026-09-21 19:51:26
   1    0            0    116025008        86364      8264144    0    0     4    80 2963 2777   3   1  96   0   0 2026-09-21 19:51:27
   5    0            0    116024048        86364      8264156    0    0     0     0 2947 2774   4   0  96   0   0 2026-09-21 19:51:28
   3    0            0    116021048        86364      8264160    0    0     0     0 4532 3582   5   2  93   0   0 2026-09-21 19:51:29
   3    0            0    116029576        86364      8264160    0    0     0     0 4584 3372   4   2  94   0   0 2026-09-21 19:51:30
   1    0            0    116028272        86364      8264168    0    0     0     0 2981 2674   3   1  96   0   0 2026-09-21 19:51:31
   1    0            0    116028272        86372      8264160    0    0     0   124 4122 3049   5   1  93   0   0 2026-09-21 19:51:32
   4    0            0    116028272        86372      8264176    0    0     0    52 2805 2771   4   0  96   0   0 2026-09-21 19:51:33
   2    0            0    116027296        86372      8264184    0    0     0     0 4382 3057   6   1  93   0   0 2026-09-21 19:51:34
   2    0            0    116027296        86372      8264184    0    0     0   564 3802 2921   4   2  94   0   0 2026-09-21 19:51:35
   1    0            0    116026320        86372      8264188    0    0     0     0 2474 2616   3   0  97   0   0 2026-09-21 19:51:36
   1    0            0    116025560        86380      8264188    0    0     0    56 3596 3005   5   0  95   0   0 2026-09-21 19:51:37
   2    0            0    116025312        86380      8264192    0    0     0    52 3991 3968   5   1  94   0   0 2026-09-21 19:51:38
   2    0            0    116024304        86380      8264196    0    0     0     0 3680 2779   4   2  94   0   0 2026-09-21 19:51:39
   1    0            0    116023552        86380      8264196    0    0     0     0 3015 2626   3   1  96   0   0 2026-09-21 19:51:40
   3    0            0    116022544        86380      8264200    0    0     0     0 3156 2790   4   0  95   0   0 2026-09-21 19:51:41
   2    0            0    116022792        86388      8264192    0    0     0    44 3836 2986   5   1  94   0   0 2026-09-21 19:51:42
   1    0            0    116021344        86388      8264208    0    0     0    48 3102 2693   4   1  96   0   0 2026-09-21 19:51:43
   2    0            0    116021600        86388      8264220    0    0     0    52 3954 2924   6   1  93   0   0 2026-09-21 19:51:44
   4    0            0    116022096        86388      8264220    0    0     0     0 2730 2827   3   0  97   0   0 2026-09-21 19:51:45
   2    0            0    116022096        86388      8264228    0    0     0     0 4205 3010   5   1  93   0   0 2026-09-21 19:51:46
--procs-- -----------------------memory---------------------- ---swap-- -----io---- -system-- --------cpu-------- -----timestamp-----
   r    b         swpd         free         buff        cache   si   so    bi    bo   in   cs  us  sy  id  wa  st                 KST
   2    0            0    116022880        86396      8264220    0    0     0    48 3729 2892   4   2  94   0   0 2026-09-21 19:51:47
   1    0            0    116022880        86396      8264232    0    0     0     0 3716 2799   4   2  94   0   0 2026-09-21 19:51:48
   3    0            0    116022880        86396      8264236    0    0     0    56 3962 2943   5   1  94   0   0 2026-09-21 19:51:49
   2    0            0    116023384        86396      8264236    0    0     0     0 3724 2784   4   2  94   0   0 2026-09-21 19:51:50
   1    0            0    116023384        86396      8264240    0    0     0     0 2633 2600   3   0  97   0   0 2026-09-21 19:51:51
   4    0            0    116022656        86404      8264240    0    0     0   100 3536 3019   5   0  95   0   0 2026-09-21 19:51:52
   2    0            0    116021904        86404      8264240    0    0     0     0 3935 3294   5   1  94   0   0 2026-09-21 19:51:53
   2    0            0    116021904        86404      8264252    0    0     0    52 3797 2814   4   2  94   0   0 2026-09-21 19:51:54
   1    0            0    116022408        86404      8264252    0    0     0     0 3241 2739   4   1  95   0   0 2026-09-21 19:51:55
   4    0            0    116022656        86404      8264256    0    0     0     0 3421 2769   5   0  95   0   0 2026-09-21 19:51:56
   1    0            0    116021400        86412      8264248    0    0     0    48 3310 2986   4   0  95   0   0 2026-09-21 19:51:57
   2    0            0    116021400        86412      8264268    0    0     0     0 4386 2858   7   1  93   0   0 2026-09-21 19:51:58
   2    0            0    116020392        86412      8264272    0    0     0    48 4117 2594   4   2  94   0   0 2026-09-21 19:51:59
   2    0            0    116020640        86412      8264276    0    0     0     0 4245 2562   4   2  94   0   0 2026-09-21 19:52:00
   2    0            0    116019648        86412      8264280    0    0     0     0 3735 2811   5   1  94   0   0 2026-09-21 19:52:01
   2    0            0    116023680        86420      8264276    0    0     0    40 4537 2659   4   2  94   0   0 2026-09-21 19:52:02
   2    0            0    116023128        86420      8264288    0    0     0    32 4940 2583   4   2  94   0   0 2026-09-21 19:52:03
   1    0            0    116022624        86420      8264292    0    0     0     0 3675 2639   3   1  96   0   0 2026-09-21 19:52:04
   2    0            0    116021112        86424      8264292    0    0     0    52 5014 2980   5   1  93   0   0 2026-09-21 19:52:05
   1    0            0    116020608        86424      8264296    0    0     0     0 3161 2654   3   0  97   0   0 2026-09-21 19:52:06
   2    0            0    116020104        86432      8264300    0    0     0    60 3933 4008   5   1  94   0   0 2026-09-21 19:52:07
--procs-- -----------------------memory---------------------- ---swap-- -----io---- -system-- --------cpu-------- -----timestamp-----
   r    b         swpd         free         buff        cache   si   so    bi    bo   in   cs  us  sy  id  wa  st                 KST
   2    0            0    116019376        86432      8264308    0    0     0     0 3936 2640   4   2  94   0   0 2026-09-21 19:52:08
   1    0            0    116018376        86432      8264308    0    0     0     0 3991 2825   5   1  94   0   0 2026-09-21 19:52:09
   1    0            0    116024296        86432      8264316    0    0     0    52 4802 4114   5   1  94   0   0 2026-09-21 19:52:10
   5    0            0    116024048        86432      8264320    0    0     0     0 3597 3060   5   0  95   0   0 2026-09-21 19:52:11
   4    0            0    116023536        86440      8264328    0    0     0   156 3576 2913   5   1  95   0   0 2026-09-21 19:52:12
   3    0            0    116024048        86440      8264332    0    0     0     0 4091 3111   5   1  94   0   0 2026-09-21 19:52:13
   2    0            0    116024048        86440      8264332    0    0     0     0 3742 2809   4   2  94   0   0 2026-09-21 19:52:14
   1    0            0    116023544        86440      8264336    0    0     0   588 2580 2642   3   0  97   0   0 2026-09-21 19:52:15
   2    0            0    116022792        86440      8264336    0    0     0    56 3914 2946   5   1  94   0   0 2026-09-21 19:52:16
   2    0            0    116032624        86448      8264344    0    0     0    72 4142 3125   4   2  94   0   0 2026-09-21 19:52:17
   2    0            0    116031776        86448      8264344    0    0     0     0 3860 2857   4   2  94   0   0 2026-09-21 19:52:18
   2    0            0    116030016        86448      8264344    0    0     0     0 3514 2733   5   1  94   0   0 2026-09-21 19:52:19
   1    0            0    116029264        86448      8264348    0    0     0     0 3414 2799   4   1  95   0   0 2026-09-21 19:52:20
   1    0            0    116028512        86448      8264348    0    0     0    44 3313 2896   5   0  95   0   0 2026-09-21 19:52:21
   1    0            0    116028256        86456      8264360    0    0     0    96 4293 2790   4   1  94   0   0 2026-09-21 19:52:22
   4    0            0    116026992        86456      8264360    0    0     0     0 3611 3105   5   0  95   0   0 2026-09-21 19:52:23
   2    0            0    116026752        86456      8264364    0    0     0     0 4482 2576   4   2  94   0   0 2026-09-21 19:52:24
   2    0            0    116025992        86456      8264368    0    0     0     0 4268 2710   4   2  94   0   0 2026-09-21 19:52:25
   1    0            0    116025744        86456      8264368    0    0     0    56 3157 2619   4   0  95   0   0 2026-09-21 19:52:26
   1    0            0    116031120        86464      8264368    0    0     0    48 4144 2824   5   1  94   0   0 2026-09-21 19:52:27
   2    0            0    116030112        86464      8264376    0    0     0     0 3971 2875   5   1  94   0   0 2026-09-21 19:52:28
--procs-- -----------------------memory---------------------- ---swap-- -----io---- -system-- --------cpu-------- -----timestamp-----
   r    b         swpd         free         buff        cache   si   so    bi    bo   in   cs  us  sy  id  wa  st                 KST
   1    0            0    116029616        86464      8264380    0    0     0     0 3118 2669   3   1  96   0   0 2026-09-21 19:52:29
   1    0            0    116028856        86464      8264384    0    0     0     0 4270 3001   6   0  93   0   0 2026-09-21 19:52:30
   2    0            0    116027848        86464      8264400    0    0     0    72 3503 2823   4   1  95   0   0 2026-09-21 19:52:31
   1    0            0    116027344        86472      8264404    0    0     0    64 3871 2727   4   1  95   0   0 2026-09-21 19:52:32
   4    0            0    116026592        86472      8264408    0    0     0    48 2817 2751   3   0  97   0   0 2026-09-21 19:52:33
   2    0            0    116026088        86472      8264408    0    0     0     0 5475 2724   6   2  93   0   0 2026-09-21 19:52:34
   1    0            0    116025080        86472      8264412    0    0     0     0 4297 2668   4   1  95   0   0 2026-09-21 19:52:35
   1    0            0    116024576        86472      8264412    0    0     0     0 2493 2583   3   0  97   0   0 2026-09-21 19:52:36
   4    0            0    116024328        86480      8264412    0    0     0    96 4592 3807   7   0  93   0   0 2026-09-21 19:52:37
   1    0            0    116023856        86480      8264420    0    0     0     0 4254 2937   6   1  93   0   0 2026-09-21 19:52:38
   1    0            0    116024352        86480      8264424    0    0     0     0 3833 2684   4   1  95   0   0 2026-09-21 19:52:39
   1    0            0    116024608        86480      8264432    0    0     0     0 3371 2730   5   0  95   0   0 2026-09-21 19:52:40
   1    0            0    116024608        86480      8264432    0    0     0     0 4119 2861   6   1  94   0   0 2026-09-21 19:52:41
   4    0            0    116024608        86488      8264440    0    0     0   148 4244 3119   7   0  93   0   0 2026-09-21 19:52:42
   2    0            0    116024104        86488      8264448    0    0     0     0 3875 2753   5   2  94   0   0 2026-09-21 19:52:43
   1    0            0    116021440        86488      8264452    0    0     0     0 3362 2840   4   1  96   0   0 2026-09-21 19:52:44
   3    0            0    116023720        86488      8264452    0    0     0     0 3298 2961   5   0  95   0   0 2026-09-21 19:52:45
   1    0            0    116022464        86488      8264456    0    0     0     0 3304 2880   4   0  95   0   0 2026-09-21 19:52:46
   1    0            0    116025728        86496      8264452    0    0     0   120 4015 3043   6   0  94   0   0 2026-09-21 19:52:47
   1    0            0    116024976        86496      8264472    0    0     0     0 2155 2833   2   0  98   0   0 2026-09-21 19:52:48
   0    0            0    116024480        86496      8264472    0    0     0     0 1559 2754   0   0 100   0   0 2026-09-21 19:52:49
--procs-- -----------------------memory---------------------- ---swap-- -----io---- -system-- --------cpu-------- -----timestamp-----
   r    b         swpd         free         buff        cache   si   so    bi    bo   in   cs  us  sy  id  wa  st                 KST
   0    0            0    116023944        86496      8264476    0    0     0   212 2805 3974   0   0  99   0   0 2026-09-21 19:52:50
   0    0            0    116022944        86496      8264480    0    0     0     0 1387 2551   0   0 100   0   0 2026-09-21 19:52:51
   0    0            0    116021936        86504      8264476    0    0     0   120 1514 2729   0   0 100   0   0 2026-09-21 19:52:52
   0    0            0    116026880        86504      8264508    0    0     0    56 2045 3235   0   0 100   0   0 2026-09-21 19:52:53
   1    0            0    117080416        86504      8264512    0    0     0     0 2438 2566   2   0  98   0   0 2026-09-21 19:52:54
