--procs-- -----------------------memory---------------------- ---swap-- -----io---- -system-- --------cpu-------- -----timestamp-----
   r    b         swpd         free         buff        cache   si   so    bi    bo   in   cs  us  sy  id  wa  st                 KST
   5    0            0    118211696       104788      8296784    0    0  1033   418   62    7   1   0  98   0   0 2026-09-21 20:22:23
   2    0            0    118177456       104788      8296816    0    0     0     0 2205 2451   3   0  97   0   0 2026-09-21 20:22:24
   1    0            0    118174736       104932      8296820    0    0   128   210 31881 2359   4   8  88   0   0 2026-09-21 20:22:25
   2    0            0    118159400       104932      8296820    0    0     0     0 1975 2100   3   0  97   0   0 2026-09-21 20:22:26
   0    0            0    118160984       104932      8296720    0    0     0     0 1228 2122   1   0  99   0   0 2026-09-21 20:22:27
   0    0            0    118162112       104932      8296724    0    0     0    48  927 2180   0   0 100   0   0 2026-09-21 20:22:28
  37    0            0    117847808       104932      8296724    0    0     0   164 7067 3569  13   1  86   0   0 2026-09-21 20:22:29
   2    0            0    117652128       104940      8296764    0    0     0   240 4400 2731   7   1  92   0   0 2026-09-21 20:22:30
   1    0            0    118048976       104940      8296728    0    0     0     0 4894 3038   2   0  97   0   0 2026-09-21 20:22:31
   0    0            0    118060400       104940      8296732    0    0     0   108 1206 2153   1   0  99   0   0 2026-09-21 20:22:32
   0    0            0    118073392       104940      8296732    0    0     0     0 1069 1429   0   0 100   0   0 2026-09-21 20:22:33
   1    0            0    117929024       104940      8296736    0    0     0    40 1347 1356   1   0  98   0   0 2026-09-21 20:22:34
   1    0            0    117808312       104952      8296740    0    0     0   356 1706 1513   2   0  98   0   0 2026-09-21 20:22:35
   1    0            0    117753632       104952      8296236    0    0     0     0 1831 1333   3   0  97   0   0 2026-09-21 20:22:36
   1    0            0    117703864       104952      8295828    0    0     0     0 1758 1788   2   1  98   0   0 2026-09-21 20:22:37
   1    0            0    117582096       104952      8304024    0    0     0     0 3559 2917   2   0  97   0   0 2026-09-21 20:22:38
   1    0            0    117463296       104952      8375976    0    0     0    44 3884 3412   4   1  95   0   0 2026-09-21 20:22:39
   1    0            0    117463072       104960      8375964    0    0     0   112 2605 2982   2   0  97   0   0 2026-09-21 20:22:40
   1    0            0    117463088       104960      8375968    0    0     0     0 2622 3060   2   1  97   0   0 2026-09-21 20:22:41
   1    0            0    117420672       104960      8375968    0    0     0   124 2652 2771   3   0  97   0   0 2026-09-21 20:22:42
   2    0            0    117419552       104960      8375972    0    0     0     0 2618 2669   3   0  97   0   0 2026-09-21 20:22:43
--procs-- -----------------------memory---------------------- ---swap-- -----io---- -system-- --------cpu-------- -----timestamp-----
   r    b         swpd         free         buff        cache   si   so    bi    bo   in   cs  us  sy  id  wa  st                 KST
   1    0            0    117419584       104960      8375972    0    0     0     0 2473 2654   3   0  97   0   0 2026-09-21 20:22:44
   1    0            0    117150672       104972      8375976    0    0     0   116 2650 3018   2   1  97   0   0 2026-09-21 20:22:45
   1    0            0    115944000       104972      9565992    0    0     0     0 2509 2743   2   1  97   0   0 2026-09-21 20:22:46
   2    0            0    111620184       104972     13874964    0    0     0     0 2473 2634   0   3  97   0   0 2026-09-21 20:22:47
  18    0            0    108620960       104972     16782640    0    0     0     0 5884 2690  10   2  88   0   0 2026-09-21 20:22:48
   1    0            0    108563928       104972     16783440    0    0     0     0 7937 9291   6   1  94   0   0 2026-09-21 20:22:49
   1    0            0    108531976       104980     16783484    0    0     0   948 6775 11086   3   0  97   0   0 2026-09-21 20:22:50
   5    0            0    108507032       104980     16783500    0    0     0    68 10512 10755  11   1  88   0   0 2026-09-21 20:22:51
   5    0            0    108506784       104980     16783500    0    0     0     0 11367 10607  12   2  86   0   0 2026-09-21 20:22:52
   1    0            0    108506784       104980     16783508    0    0     0     0 10233 10742  10   1  89   0   0 2026-09-21 20:22:53
   1    0            0    108506544       104980     16783508    0    0     0     0 6887 10638   3   0  97   0   0 2026-09-21 20:22:54
   1    0            0    108506288       104988     16783492    0    0     0    84 7007 10736   3   0  97   0   0 2026-09-21 20:22:55
   5    0            0    108455776       104988     16783500    0    0     0 166102 7662 11315   3   0  96   1   0 2026-09-21 20:22:56
   5    0            0    108455776       104988     16783500    0    0     0  4136 10690 10887  13   1  86   0   0 2026-09-21 20:22:57
   5    0            0    108455776       104988     16783504    0    0     0     0 10621 10782  13   1  86   0   0 2026-09-21 20:22:58
   4    0            0    108462000       104988     16783512    0    0     4     0 11745 12213  13   1  86   0   0 2026-09-21 20:22:59
   2    0            0    108458192       104996     16783508    0    0     0  4232 7179 10812   4   0  95   0   0 2026-09-21 20:23:00
   1    0            0    108457568       104996     16783520    0    0     0     0 6811 10723   3   0  97   0   0 2026-09-21 20:23:01
   1    0            0    108391304       104996     16783796    0    0     0 1728644 12234 15409   4   1  92   3   0 2026-09-21 20:23:02
   1    0            0    108389368       104996     16783908    0    0     0     0 6971 10654   3   0  97   0   0 2026-09-21 20:23:03
   1    0            0    108401680       104996     16783908    0    0     0   568 6850 10678   3   0  97   0   0 2026-09-21 20:23:04
--procs-- -----------------------memory---------------------- ---swap-- -----io---- -system-- --------cpu-------- -----timestamp-----
   r    b         swpd         free         buff        cache   si   so    bi    bo   in   cs  us  sy  id  wa  st                 KST
   0    4            0    108387000       105004     16784032    0    0     0 760264 9644 13810   3   1  95   1   0 2026-09-21 20:23:05
   1    0            0    108313664       105012     16784656    0    0     0 1459200 12373 16294   3   2  93   2   0 2026-09-21 20:23:06
   1    0            0    108312600       105016     16784744    0    0     4    36 6721 10764   2   2  97   0   0 2026-09-21 20:23:07
   3    2            0    108309408       105020     16784764    0    0     0 304168 7330 11320   2   2  96   1   0 2026-09-21 20:23:08
   5    0            0    108306272       105028     16785484    0    0 409600 1300480 16191 17259  12   2  83   3   0 2026-09-21 20:23:09
   5    0            0    108305888       105036     16785548    0    0 335872   944 12609 12522  15   2  83   1   0 2026-09-21 20:23:10
   4    0            0    108305504       105036     16785548    0    0     0     0 10251 10778  12   1  87   0   0 2026-09-21 20:23:11
   4    0            0    108305840       105036     16785560    0    0     0 77824 10247 10991  12   1  87   0   0 2026-09-21 20:23:12
   3    2            0    108305048       105044     16785824    0    0     0 1119460 12473 13566   9   1  88   2   0 2026-09-21 20:23:13
   5    0            0    108300496       105044     16786204    0    0 194560 285696 12704 12443  12   1  86   1   0 2026-09-21 20:23:14
   5    0            0    108305232       105052     16786232    0    0     0   428 10916 10988  13   1  86   0   0 2026-09-21 20:23:15
   4    0            0    108311152       105052     16786236    0    0     0     0 10288 10729  12   1  87   0   0 2026-09-21 20:23:16
   5    0            0    108324176       105056     16769844    0    0   252 615424 11413 15251   6   2  91   2   0 2026-09-21 20:23:17
   4    0            0    108336944       105060     16770024    0    0     0 424960 10262 11719  10   0  89   1   0 2026-09-21 20:23:18
   8    1            0    108335248       105064     16770596    0    0 464896 581792 12321 13888  10   1  87   2   0 2026-09-21 20:23:19
   4    0            0    108340624       105076     16771832    0    0 1018964 279084 14044 13656  13   1  84   2   0 2026-09-21 20:23:20
   5    0            0    108339616       105076     16771992    0    0     0 155648 10746 11238  11   1  88   0   0 2026-09-21 20:23:21
   5    0            0    108343960       105076     16772036    0    0     0     0 12242 10617  13   1  86   0   0 2026-09-21 20:23:22
   4    0            0    108343456       105076     16772032    0    0     0     0 10745 10605  12   1  88   0   0 2026-09-21 20:23:23
   4    0            0    108347480       105076     16772044    0    0     0 213524 10766 11642  10   1  89   1   0 2026-09-21 20:23:24
   2    6            0    108345944       105088     16772456    0    0 427176 745668 13303 14464  10   1  86   3   0 2026-09-21 20:23:25
--procs-- -----------------------memory---------------------- ---swap-- -----io---- -system-- --------cpu-------- -----timestamp-----
   r    b         swpd         free         buff        cache   si   so    bi    bo   in   cs  us  sy  id  wa  st                 KST
   2    0            0    108347472       105092     16772636    0    0 1133400 584539 14558 14451  11   1  85   3   0 2026-09-21 20:23:26
   5    0            0    108349456       105092     16772728    0    0 565248     0 10794 12252   9   1  89   1   0 2026-09-21 20:23:27
   5    0            0    108348704       105092     16772736    0    0     0     0 10879 10519  13   1  86   0   0 2026-09-21 20:23:28
   5    0            0    108351104       105096     16772744    0    0     0    96 11574 10608  13   1  86   0   0 2026-09-21 20:23:29
   5    0            0    108352944       105104     16772776    0    0 75776 159144 12082 11612  12   1  87   1   0 2026-09-21 20:23:30
   1    0            0    108353440       105108     16773176    0    0 446464 500736 12540 15031   9   2  86   2   0 2026-09-21 20:23:31
   5    0            0    108353976       105108     16773260    0    0     0 389544 10490 12836   7   2  90   1   0 2026-09-21 20:23:32
   4    0            0    108353728       105108     16773340    0    0     0     0 9766 10795  11   0  89   0   0 2026-09-21 20:23:33
   5    0            0    108352704       105112     16773404    0    0     0 377068 10834 12376   9   1  90   1   0 2026-09-21 20:23:34
   6    0            0    108353408       105124     16774040    0    0     0 928128 13608 12880  11   1  87   2   0 2026-09-21 20:23:35
   3    1            0    108351648       105128     16774244    0    0 577536 251904 11585 13096   9   1  89   1   0 2026-09-21 20:23:36
   0    0            0    108352912       105128     16774264    0    0 2019328 40960 12823 15568   6   1  90   3   0 2026-09-21 20:23:37
   0    0            0    108352224       105128     16774348    0    0     0     0 5472 10646   0   0 100   0   0 2026-09-21 20:23:38
   1    0            0    108356032       105128     16774352    0    0     0     0 5493 10662   0   0 100   0   0 2026-09-21 20:23:39
   0    0            0    108356624       105140     16774348    0    0     0   696 5464 10733   0   0 100   0   0 2026-09-21 20:23:40
   2    0            0    108356384       105140     16774356    0    0     0   208 5506 10732   0   0 100   0   0 2026-09-21 20:23:41
   1    4            0    108356432       105140     16774360    0    0  8192     0 5427 10615   0   0 100   0   0 2026-09-21 20:23:42
   6    0            0    108355928       105140     16774364    0    0 49152     0 10462 10814  12   1  87   0   0 2026-09-21 20:23:43
   5    0            0    108350704       105140     16774376    0    0     0     0 12003 11974  12   1  86   0   0 2026-09-21 20:23:44
   4    0            0    108358656       105148     16774384    0    0     0   148 10313 11273  11   0  89   0   0 2026-09-21 20:23:45
   7    0            0    108327080       105156     16774496    0    0 1452032 1196100 16027 17366   9   2  84   6   0 2026-09-21 20:23:46
--procs-- -----------------------memory---------------------- ---swap-- -----io---- -system-- --------cpu-------- -----timestamp-----
   r    b         swpd         free         buff        cache   si   so    bi    bo   in   cs  us  sy  id  wa  st                 KST
   5    0            0    108325312       105156     16774720    0    0  6144     0 11056 11373  14   1  85   0   0 2026-09-21 20:23:47
   4    0            0    108325072       105156     16774728    0    0     0     0 10172 10549  12   1  87   0   0 2026-09-21 20:23:48
   3    0            0    108324064       105156     16774736    0    0     0 52452 9627 10880  11   0  89   0   0 2026-09-21 20:23:49
   5    0            0    108326032       105172     16774876    0    0     0 1193820 11315 14751   6   1  91   3   0 2026-09-21 20:23:50
   5    0            0    108325040       105172     16774872    0    0     0     0 11281 10954  14   1  85   0   0 2026-09-21 20:23:51
   5    0            0    108324544       105172     16774880    0    0     0     0 10752 10756  13   1  86   0   0 2026-09-21 20:23:52
   4    0            0    108323280       105172     16774892    0    0     0     0 10510 10809  12   1  87   0   0 2026-09-21 20:23:53
   1    0            0    108322800       105176     16774916    0    0     0 517163 9766 13612   5   2  92   1   0 2026-09-21 20:23:54
   4    0            0    108323048       105188     16774940    0    0     0 539796 9772 13105   6   1  91   1   0 2026-09-21 20:23:55
   1    0            0    108322288       105192     16774964    0    0     4 288155 10039 11858  10   1  89   1   0 2026-09-21 20:23:56
   5    1            0    108321808       105200     16775104    0    0 210952 753718 11740 13932   9   1  88   2   0 2026-09-21 20:23:57
   3    0            0    108320800       105200     16775132    0    0 358400 385062 13083 13151  13   1  85   2   0 2026-09-21 20:23:58
   2    3            0    108320552       105212     16775220    0    0 202764 1311764 13157 15290   8   1  88   3   0 2026-09-21 20:23:59
   5    0            0    108319344       105228     16775400    0    0     4 326968 10884 12757   9   2  88   1   0 2026-09-21 20:24:00
   4    0            0    108319152       105228     16775412    0    0     0  1068 10331 10978  12   0  88   0   0 2026-09-21 20:24:01
   2    4            0    108318928       105240     16775404    0    0 10252 1621732 13653 15338   8   1  88   3   0 2026-09-21 20:24:02
   5    0            0    108322720       105244     16775548    0    0 239620 795668 11167 13655   6   1  91   2   0 2026-09-21 20:24:03
   0    0            0    108322664       105244     16775568    0    0     0 376905 10890 11723  10   0  89   1   0 2026-09-21 20:24:04
   1    4            0    108323192       105252     16775596    0    0     0 114972 7353 11364   4   0  96   0   0 2026-09-21 20:24:05
   0    0            0    108322272       105252     16775624    0    0     0 24784 6092 10948   0   0  99   0   0 2026-09-21 20:24:06
   1    0            0    108321264       105252     16775624    0    0     0     0 6213 13590   1   0  99   0   0 2026-09-21 20:24:07
--procs-- -----------------------memory---------------------- ---swap-- -----io---- -system-- --------cpu-------- -----timestamp-----
   r    b         swpd         free         buff        cache   si   so    bi    bo   in   cs  us  sy  id  wa  st                 KST
   6    0            0    108321344       105252     16775756    0    0   124 40977 6781 11743   2   0  97   0   0 2026-09-21 20:24:08
   5    0            0    108320848       105252     16775756    0    0     0     0 10958 11448  13   2  86   0   0 2026-09-21 20:24:09
   4    0            0    108320336       105260     16775748    0    0     0   128 10481 11405  12   1  87   0   0 2026-09-21 20:24:10
   4    0            0    108319080       105260     16775764    0    0     0     0 9948 11511  11   0  89   0   0 2026-09-21 20:24:11
   4    1            0    108318576       105260     16775768    0    0 1124352 1059849 15627 19830   9   2  84   5   0 2026-09-21 20:24:12
   4    0            0    108317568       105260     16775884    0    0     0 87040 10229 12070  11   1  88   0   0 2026-09-21 20:24:13
   7    0            0    108319312       105264     16775888    0    0 1679364 688166 15012 17580   8   2  87   4   0 2026-09-21 20:24:14
   6    0            0    108319568       105276     16776004    0    0     0   360 11247 11832  13   1  85   0   0 2026-09-21 20:24:15
   4    0            0    108318560       105276     16776004    0    0     0     0 11405 12106  12   0  88   0   0 2026-09-21 20:24:16
   0    4            0    108318560       105276     16776020    0    0     0 1169424 12643 15281   7   1  89   3   0 2026-09-21 20:24:17
   5    0            0    108319400       105280     16776264    0    0     4 1296384 13131 14655  10   1  86   3   0 2026-09-21 20:24:18
   1    0            0    108323504       105280     16776308    0    0 745472 417887 12027 14547   9   1  88   2   0 2026-09-21 20:24:19
   5    0            0    108323000       105288     16776312    0    0     0   132 9931 11536  11   1  88   0   0 2026-09-21 20:24:20
   4    0            0    108323008       105288     16776320    0    0     0   148 10082 11563  12   1  88   0   0 2026-09-21 20:24:21
   2    3            0    108322000       105292     16776324    0    0 487428 607232 12880 15424  11   1  86   3   0 2026-09-21 20:24:22
   4    0            0    108320992       105292     16776420    0    0     0 203776 10415 12254  10   1  89   1   0 2026-09-21 20:24:23
   4    0            0    108320736       105292     16776424    0    0 438272 712704 11830 15222   8   1  89   3   0 2026-09-21 20:24:24
   5    0            0    108318720       105300     16776428    0    0 73728 82106 11370 12493  12   1  86   0   0 2026-09-21 20:24:25
   5    0            0    108318224       105300     16776428    0    0     0   187 10868 11369  13   2  86   0   0 2026-09-21 20:24:26
   4    0            0    108318240       105300     16776432    0    0     0     0 10764 11310  13   1  86   0   0 2026-09-21 20:24:27
   3    0            0    108317736       105300     16776432    0    0     0 200680 10137 12394  10   1  89   1   0 2026-09-21 20:24:28
--procs-- -----------------------memory---------------------- ---swap-- -----io---- -system-- --------cpu-------- -----timestamp-----
   r    b         swpd         free         buff        cache   si   so    bi    bo   in   cs  us  sy  id  wa  st                 KST
   4    0            0    108316480       105300     16776440    0    0     0 835616 11905 13938   8   1  89   2   0 2026-09-21 20:24:29
   6    0            0    108326440       105312     16776500    0    0     4 446627 13443 14738  12   1  86   1   0 2026-09-21 20:24:30
   4    0            0    108325688       105312     16776500    0    0     0     0 11852 11843  12   1  88   0   0 2026-09-21 20:24:31
   2    4            0    108325192       105324     16776652    0    0    12 1682580 13919 16240   8   1  87   4   0 2026-09-21 20:24:32
   4    0            0    108324440       105328     16776668    0    0     0 553984 11169 14423   8   2  89   2   0 2026-09-21 20:24:33
   3    2            0    108323464       105328     16776676    0    0     0 66560 9809 11591  11   0  89   0   0 2026-09-21 20:24:34
   6    4            0    108328928       105340     16776900    0    0 1071104 786076 15596 17335  13   2  82   4   0 2026-09-21 20:24:35
   5    0            0    108327168       105340     16776904    0    0 509952   252 13700 13877  17   2  81   1   0 2026-09-21 20:24:36
   6    0            0    108325656       105340     16776904    0    0     0   228 11574 11566  13   1  86   0   0 2026-09-21 20:24:37
   1    0            0    108325280       105340     16776920    0    0     0 225344 10856 12416  10   1  88   1   0 2026-09-21 20:24:38
   2    3            0    108325032       105340     16776932    0    0     0 447488 9559 13790   5   2  92   1   0 2026-09-21 20:24:39
   4    0            0    108324528       105360     16776948    0    0     0 375944 10415 13220   8   1  90   1   0 2026-09-21 20:24:40
   6    0            0    108323528       105360     16776916    0    0     0     0 9934 11546  11   0  89   0   0 2026-09-21 20:24:41
   4    0            0    108322768       105364     16776920    0    0     0 884736 11560 13996   8   1  89   2   0 2026-09-21 20:24:42
   6    0            0    108322304       105364     16777088    0    0 904192 204872 14819 15426  15   1  82   2   0 2026-09-21 20:24:43
   4    0            0    108321792       105364     16777088    0    0 611328     0 13315 13850  16   1  82   1   0 2026-09-21 20:24:44
   1    4            0    108320288       105372     16777080    0    0 14336 404655 10949 12940  10   0  88   1   0 2026-09-21 20:24:45
   4    0            0    108319024       105376     16777160    0    0     0 480256 10819 13089  10   1  89   1   0 2026-09-21 20:24:46
   5    0            0    108323992       105376     16777164    0    0 30720 270371 11153 12332  12   1  86   1   0 2026-09-21 20:24:47
   7    0            0    108324120       105376     16777160    0    0     0   164 11620 11361  13   1  86   0   0 2026-09-21 20:24:48
   4    0            0    108323360       105376     16777160    0    0     0     0 11620 11437  12   1  87   0   0 2026-09-21 20:24:49
--procs-- -----------------------memory---------------------- ---swap-- -----io---- -system-- --------cpu-------- -----timestamp-----
   r    b         swpd         free         buff        cache   si   so    bi    bo   in   cs  us  sy  id  wa  st                 KST
   1    0            0    108323360       105384     16777156    0    0     0 326784 10621 13092   8   1  90   1   0 2026-09-21 20:24:50
   4    0            0    108323360       105388     16777196    0    0     0 721920 10670 13500   8   1  90   2   0 2026-09-21 20:24:51
   4    0            0    108323112       105388     16777200    0    0     0 450560 10830 12339  10   1  88   1   0 2026-09-21 20:24:52
   9    0            0    108322384       105392     16777332    0    0 1095680 434176 14657 14754  12   1  84   3   0 2026-09-21 20:24:53
   5    0            0    108321888       105392     16777344    0    0 393216 221400 12831 12422  13   1  85   1   0 2026-09-21 20:24:54
   4    0            0    108321632       105400     16777344    0    0     0   136 10867 10843  12   1  87   0   0 2026-09-21 20:24:55
   3    3            0    108321128       105400     16777356    0    0     0 596028 11026 12292   9   1  89   2   0 2026-09-21 20:24:56
   4    0            0    108320624       105404     16777368    0    0     0 264192 11066 11553  11   1  88   1   0 2026-09-21 20:24:57
   7    1            0    108320376       105404     16777368    0    0 956416 303143 14714 14695  14   1  81   3   0 2026-09-21 20:24:58
   9    0            0    108320880       105404     16777452    0    0 621568     0 14264 13807  18   2  80   1   0 2026-09-21 20:24:59
   6    0            0    108321640       105412     16777444    0    0 564224    76 12706 12326  15   1  84   1   0 2026-09-21 20:25:00
   4    0            0    108320912       105412     16777464    0    0     0 583703 11275 12686   8   1  89   1   0 2026-09-21 20:25:01
   4    0            0    108321424       105416     16777544    0    0     0 718864 11716 12781  10   1  88   2   0 2026-09-21 20:25:02
   6    0            0    108321936       105416     16777548    0    0 227332 393273 11403 12435  10   1  88   2   0 2026-09-21 20:25:03
   2    7            0    108320176       105420     16777708    0    0 2120700 330788 16151 17439  10   1  84   4   0 2026-09-21 20:25:04
   4    0            0    108319664       105432     16777880    0    0 2208768 1447040 20567 21541  12   2  78   7   0 2026-09-21 20:25:05
   9    1            0    108318096       105436     16777928    0    0 204800 352295 12345 13054  11   1  87   1   0 2026-09-21 20:25:06
   4    0            0    108322128       105436     16777940    0    0 73728     0 12129 11438  13   1  86   0   0 2026-09-21 20:25:07
   5    0            0    108324624       105440     16777976    0    0     0 598036 11790 12473  10   1  88   1   0 2026-09-21 20:25:08
   4    0            0    108322864       105440     16777976    0    0     0 229624 11478 11962  12   1  86   1   0 2026-09-21 20:25:09
   4    0            0    108322336       105452     16778004    0    0     0 319612 10479 12299  10   1  89   1   0 2026-09-21 20:25:10
--procs-- -----------------------memory---------------------- ---swap-- -----io---- -system-- --------cpu-------- -----timestamp-----
   r    b         swpd         free         buff        cache   si   so    bi    bo   in   cs  us  sy  id  wa  st                 KST
   5    0            0    108321824       105452     16778016    0    0     0 467242 10654 12428  10   0  88   1   0 2026-09-21 20:25:11
   1    0            0    108321088       105460     16778180    0    0 1431552 1736737 16434 18851   6   2  87   6   0 2026-09-21 20:25:12
   0    0            0    108321336       105460     16778180    0    0     0     0 5659 10665   1   0  99   0   0 2026-09-21 20:25:13
   4    0            0    108320576       105460     16778184    0    0     0     0 5820 10663   1   0  99   0   0 2026-09-21 20:25:14
   6    0            0    108324960       105476     16778212    0    0     0 1515683 15066 16010   9   2  87   3   0 2026-09-21 20:25:15
   4    0            0    108324976       105476     16778216    0    0     0     0 11139 11112  12   1  87   0   0 2026-09-21 20:25:16
   1    6            0    108324752       105480     16778220    0    0 860160 809984 14328 16149  10   1  86   4   0 2026-09-21 20:25:17
   0    0            0    108326608       105480     16778320    0    0 540672 83004 9467 12302   5   0  93   1   0 2026-09-21 20:25:18
   0    0            0    108325856       105480     16778320    0    0 34816     0 5807 10856   1   0  99   0   0 2026-09-21 20:25:19
   0    0            0    108324600       105488     16778332    0    0     0   644 5543 10848   0   0 100   0   0 2026-09-21 20:25:20
   5    0            0    108323616       105488     16778336    0    0     0     0 7583 11816   5   1  95   0   0 2026-09-21 20:25:21
   4    0            0    108323120       105488     16778336    0    0     0 458770 11072 12109  10   0  88   1   0 2026-09-21 20:25:22
   0    0            0    108323120       105488     16778348    0    0     0     0 5516 10576   0   0 100   0   0 2026-09-21 20:25:23
   0    0            0    108323376       105488     16778352    0    0     0   316 5440 10642   0   0 100   0   0 2026-09-21 20:25:24
   4    0            0    108323120       105496     16778344    0    0 512000   100 8359 11842   4   1  94   1   0 2026-09-21 20:25:25
   4    0            0    108322384       105496     16778364    0    0     0 335897 10258 12047   9   1  89   1   0 2026-09-21 20:25:26
   0    0            0    108327504       105496     16778380    0    0     0 245796 7856 11664   4   0  95   1   0 2026-09-21 20:25:27
   5    0            0    108327248       105496     16778384    0    0     0     0 7154 10639   4   1  95   0   0 2026-09-21 20:25:28
   5    0            0    108326312       105496     16778388    0    0     0     0 10510 10667  13   1  86   0   0 2026-09-21 20:25:29
   4    0            0    108326752       105508     16778392    0    0     4   440 9629 10740  11   0  88   0   0 2026-09-21 20:25:30
   1    7            0    108326752       105508     16778520    0    0 746496 693278 13375 15376  10   1  84   4   0 2026-09-21 20:25:31
--procs-- -----------------------memory---------------------- ---swap-- -----io---- -system-- --------cpu-------- -----timestamp-----
   r    b         swpd         free         buff        cache   si   so    bi    bo   in   cs  us  sy  id  wa  st                 KST
   6    0            0    108326760       105512     16778564    0    0 1369088 650290 15437 15583  12   1  83   4   0 2026-09-21 20:25:32
   0    0            0    108327008       105512     16778564    0    0     0 229444 9679 11439   7   0  92   1   0 2026-09-21 20:25:33
   5    0            0    108326016       105512     16778596    0    0     0     0 5619 10682   0   0  99   0   0 2026-09-21 20:25:34
   5    0            0    108330800       105520     16778612    0    0     0    84 10855 10770  13   1  86   0   0 2026-09-21 20:25:35
   5    0            0    108329800       105520     16778612    0    0     0     0 10587 10549  13   1  86   0   0 2026-09-21 20:25:36
   5    0            0    108330992       105520     16778612    0    0     0     0 9480 10634  11   0  89   0   0 2026-09-21 20:25:37
   1    3            0    108329480       105524     16778628    0    0     0 769045 9915 14232   4   2  92   2   0 2026-09-21 20:25:38
   5    0            0    108329232       105528     16778716    0    0 517120 590848 13595 15133  13   2  83   2   0 2026-09-21 20:25:39
   5    0            0    108328480       105536     16778724    0    0 228352    76 12133 11754  14   1  84   0   0 2026-09-21 20:25:40
   4    0            0    108327968       105536     16778728    0    0     0     0 10694 10750  12   1  87   0   0 2026-09-21 20:25:41
   4    0            0    108327728       105536     16778760    0    0     0 537600 10220 13087   7   1  90   2   0 2026-09-21 20:25:42
   2    0            0    108327008       105544     16778864    0    0     0 986112 11192 13325   8   1  89   2   0 2026-09-21 20:25:43
   4    0            0    108330304       105548     16778924    0    0 120832 609361 11516 13526  10   1  88   2   0 2026-09-21 20:25:44
   1    0            0    108328576       105560     16779076    0    0 1392640 1406052 14726 17783   5   2  88   5   0 2026-09-21 20:25:45
   0    0            0    108329072       105560     16779080    0    0     0   152 6042 10748   2   0  98   0   0 2026-09-21 20:25:46
   2    0            0    108334592       105560     16779172    0    0 1392640 32812 9830 13770   3   1  95   2   0 2026-09-21 20:25:47
   1    0            0    108334080       105560     16779192    0    0     0 106528 7299 11162   4   0  96   0   0 2026-09-21 20:25:48
   5    0            0    108337368       105576     16779180    0    0     4 1515530 11093 14834   3   1  93   3   0 2026-09-21 20:25:49
   5    0            0    108336896       105584     16779220    0    0     0   116 10641 10886  13   1  86   0   0 2026-09-21 20:25:50
   4    0            0    108343632       105584     16779232    0    0     0     0 10272 11381  12   1  87   0   0 2026-09-21 20:25:51
   3    3            0    108342368       105584     16779232    0    0     0 11264 9825 11679  11   0  89   0   0 2026-09-21 20:25:52
--procs-- -----------------------memory---------------------- ---swap-- -----io---- -system-- --------cpu-------- -----timestamp-----
   r    b         swpd         free         buff        cache   si   so    bi    bo   in   cs  us  sy  id  wa  st                 KST
  10    0            0    108340640       105588     16779328    0    0 736256 1143875 15399 18281  10   2  84   4   0 2026-09-21 20:25:53
   5    0            0    108340640       105588     16779340    0    0 836608 442368 13475 14645  13   1  84   3   0 2026-09-21 20:25:54
   0    0            0    108343824       105596     16779356    0    0 26624 278817 9024 12823   6   0  93   1   0 2026-09-21 20:25:55
   0    0            0    108343576       105596     16779360    0    0     0     0 5562 11416   0   0 100   0   0 2026-09-21 20:25:56
   1    4            0    108343576       105596     16779360    0    0 16384    40 5659 11463   0   0 100   0   0 2026-09-21 20:25:57
   6    0            0    108343072       105596     16779420    0    0 501760 57352 9993 12868   8   1  90   1   0 2026-09-21 20:25:58
   5    0            0    108342568       105596     16779420    0    0     0     0 10587 11368  13   1  86   0   0 2026-09-21 20:25:59
   5    0            0    108345784       105604     16779528    0    0    80   592 11706 13068  12   1  87   0   0 2026-09-21 20:26:00
   4    0            0    108344800       105604     16779532    0    0     0     0 10300 12149  11   0  89   0   0 2026-09-21 20:26:01
   3    0            0    108348000       105604     16779572    0    0 16384 820233 11248 15180   7   1  90   2   0 2026-09-21 20:26:02
   5    0            0    108345984       105604     16779592    0    0     0 285756 10959 12930  10   2  88   1   0 2026-09-21 20:26:03
   4    0            0    108345488       105604     16779596    0    0     0     0 11327 11381  12   1  87   0   0 2026-09-21 20:26:04
   5    0            0    108344976       105612     16779600    0    0     0 356004 10909 13360   9   1  89   1   0 2026-09-21 20:26:05
   2    0            0    108348552       105616     16779664    0    0     0 1012736 11683 14197   7   1  89   2   0 2026-09-21 20:26:06
   5    0            0    108348048       105616     16779664    0    0     0     0 12191 11466  14   1  84   0   0 2026-09-21 20:26:07
   5    0            0    108347296       105616     16779668    0    0     0     0 11283 11283  13   1  86   0   0 2026-09-21 20:26:08
   4    0            0    108345792       105616     16779676    0    0     0     0 11763 11364  12   1  87   0   0 2026-09-21 20:26:09
   5    0            0    108345040       105624     16779716    0    0     0 575663 10771 14653   7   2  90   2   0 2026-09-21 20:26:10
   5    0            0    108343808       105628     16779792    0    0     0 481280 10434 13878   7   2  90   1   0 2026-09-21 20:26:11
   1    0            0    108342560       105628     16779788    0    0     0 345088 9974 13102   8   1  90   1   0 2026-09-21 20:26:12
   5    0            0    108342560       105632     16779808    0    0     0 392192 10256 13240   8   2  89   1   0 2026-09-21 20:26:13
--procs-- -----------------------memory---------------------- ---swap-- -----io---- -system-- --------cpu-------- -----timestamp-----
   r    b         swpd         free         buff        cache   si   so    bi    bo   in   cs  us  sy  id  wa  st                 KST
   6    0            0    108342808       105632     16779816    0    0     0     0 10185 11340  12   1  87   0   0 2026-09-21 20:26:14
   2    3            0    108342336       105640     16779824    0    0  8192 406612 10306 13208   9   1  89   1   0 2026-09-21 20:26:15
   5    4            0    108342336       105652     16779992    0    0 590848 953546 13167 15409   9   1  87   3   0 2026-09-21 20:26:16
   4    0            0    108342592       105652     16780020    0    0 1113088 131142 13667 14473  13   1  84   2   0 2026-09-21 20:26:17
   5    0            0    108342592       105652     16780020    0    0     0 303113 10644 12496  10   1  88   1   0 2026-09-21 20:26:18
   6    0            0    108342088       105652     16780908    0    0   888     0 10591 11327  13   2  86   0   0 2026-09-21 20:26:19
   5    0            0    108342088       105660     16780920    0    0     0   184 10678 11475  11   0  88   0   0 2026-09-21 20:26:20
   4    0            0    108342088       105664     16780916    0    0     0 1048968 11574 14503   7   1  89   3   0 2026-09-21 20:26:21
  10    0            0    108341080       105664     16781052    0    0 533504 180224 13673 14540  16   1  81   1   0 2026-09-21 20:26:22
   5    0            0    108340072       105664     16781060    0    0 617472     0 14322 14393  18   2  79   1   0 2026-09-21 20:26:23
   4    0            0    108339312       105664     16781064    0    0 200704     0 13060 12750  13   0  86   0   0 2026-09-21 20:26:24
   4    0            0    108342928       105676     16781120    0    0     0 719009 12213 14320   9   1  89   1   0 2026-09-21 20:26:25
   6    0            0    108339928       105680     16781172    0    0 14336 600208 12087 13394  11   1  86   1   0 2026-09-21 20:26:26
   5    0            0    108339680       105680     16781176    0    0     0    51 11122 11608  13   1  86   0   0 2026-09-21 20:26:27
   4    0            0    108338416       105680     16781180    0    0     0     0 10620 11562  12   1  87   0   0 2026-09-21 20:26:28
   3    0            0    108338672       105680     16781180    0    0     0 184320 10396 12601  10   0  89   1   0 2026-09-21 20:26:29
   6    0            0    108336672       105692     16781256    0    0 38912 1140958 12952 15046   9   1  88   3   0 2026-09-21 20:26:30
   4    0            0    108344128       105692     16781264    0    0     0  2048 11013 11913  12   1  87   0   0 2026-09-21 20:26:31
   5    0            0    108343376       105696     16781260    0    0     0 491584 11060 13820   8   1  89   2   0 2026-09-21 20:26:32
   2    3            0    108343632       105696     16781264    0    0     0  3328 10320 11790  11   0  88   0   0 2026-09-21 20:26:33
   5    0            0    108344136       105700     16781296    0    0     0 554005 11276 14266   8   2  89   2   0 2026-09-21 20:26:34
--procs-- -----------------------memory---------------------- ---swap-- -----io---- -system-- --------cpu-------- -----timestamp-----
   r    b         swpd         free         buff        cache   si   so    bi    bo   in   cs  us  sy  id  wa  st                 KST
   5    0            0    108342880       105708     16781300    0    0     0   136 10991 11600  13   1  86   0   0 2026-09-21 20:26:35
   4    0            0    108341872       105708     16781308    0    0     0     0 10397 11347  12   0  88   0   0 2026-09-21 20:26:36
   4    0            0    108340864       105708     16781336    0    0     0 779332 10906 14193   6   1  90   2   0 2026-09-21 20:26:37
   7    0            0    108345696       105712     16781384    0    0     0 687100 11811 13598  10   1  88   1   0 2026-09-21 20:26:38
   4    0            0    108344432       105712     16781384    0    0     0     0 11469 11721  14   1  85   0   0 2026-09-21 20:26:39
   3    2            0    108344432       105720     16781388    0    0     0 49256 10045 11696  11   0  89   0   0 2026-09-21 20:26:40
   5    0            0    108343424       105724     16781388    0    0  8192 835604 12096 14315  10   1  87   2   0 2026-09-21 20:26:41
   5    0            0    108342424       105724     16781424    0    0     0    72 10780 11526  13   1  86   0   0 2026-09-21 20:26:42
   4    0            0    108341928       105724     16781428    0    0     0     0 10938 11604  12   1  86   0   0 2026-09-21 20:26:43
   5    0            0    108340696       105724     16781428    0    0     0 97338 10177 11962  11   0  89   0   0 2026-09-21 20:26:44
   4    0            0    108348048       105736     16781548    0    0     0 959608 13425 15777   8   1  89   2   0 2026-09-21 20:26:45
   5    0            0    108347872       105736     16781684    0    0 526336 286720 12227 13856  11   1  86   1   0 2026-09-21 20:26:46
   5    0            0    108347360       105736     16781812    0    0     0     0 10911 11678  13   2  86   0   0 2026-09-21 20:26:47
   4    0            0    108350688       105736     16781820    0    0     0   180 10925 11872  12   0  88   0   0 2026-09-21 20:26:48
   1    0            0    108355904       105736     16781836    0    0     0 341042 10232 13314   8   1  90   1   0 2026-09-21 20:26:49
   7    0            0    108354400       105752     16781896    0    0 300032 934708 12405 16217   7   2  88   3   0 2026-09-21 20:26:50
   9    0            0    108353152       105752     16781904    0    0 559104 27648 14203 13515  17   2  80   1   0 2026-09-21 20:26:51
   4    0            0    108352720       105752     16781908    0    0 402432     0 13550 12552  16   1  82   1   0 2026-09-21 20:26:52
   4    0            0    108351968       105752     16781912    0    0     0     0 10836 10660  11   0  89   0   0 2026-09-21 20:26:53
   4    1            0    108349952       105756     16781936    0    0     0 1184768 12366 14006   7   1  89   3   0 2026-09-21 20:26:54
   8    0            0    108349200       105764     16782032    0    0 865280 44120 14635 14535  17   1  81   2   0 2026-09-21 20:26:55
--procs-- -----------------------memory---------------------- ---swap-- -----io---- -system-- --------cpu-------- -----timestamp-----
   r    b         swpd         free         buff        cache   si   so    bi    bo   in   cs  us  sy  id  wa  st                 KST
   4    0            0    108348536       105764     16782040    0    0 748544   184 14601 14012  18   2  79   1   0 2026-09-21 20:26:56
   4    0            0    108350744       105772     16782044    0    0     0    97 10915 10748  11   0  89   0   0 2026-09-21 20:26:57
   4    0            0    108351488       105776     16782088    0    0     0 1122324 12050 13650   8   1  89   3   0 2026-09-21 20:26:58
   4    0            0    108349480       105776     16782188    0    0 755712 253952 12350 13608  11   1  87   2   0 2026-09-21 20:26:59
   6    0            0    108348720       105784     16782196    0    0     0 352383 11349 11971  10   0  88   1   0 2026-09-21 20:27:00
   6    0            0    108348728       105784     16782200    0    0     0     0 10913 10903  13   1  86   0   0 2026-09-21 20:27:01
   5    0            0    108353360       105784     16782204    0    0     0     0 10759 10748  12   1  87   0   0 2026-09-21 20:27:02
   3    0            0    108353120       105784     16782212    0    0     0 275517 11381 11712  11   0  88   1   0 2026-09-21 20:27:03
   5    0            0    108352016       105788     16782248    0    0     0 723968 11365 13132   9   2  88   2   0 2026-09-21 20:27:04
   5    0            0    108352016       105796     16782260    0    0     0    92 10566 10849  13   1  86   0   0 2026-09-21 20:27:05
   5    0            0    108349760       105796     16782276    0    0     0     0 11382 10862  13   1  86   0   0 2026-09-21 20:27:06
   5    0            0    108348280       105800     16782308    0    0     0 258048 11035 12087  10   1  89   1   0 2026-09-21 20:27:07
   4    0            0    108348304       105800     16782312    0    0     0 237568 10857 11835  10   1  89   1   0 2026-09-21 20:27:08
   6    0            0    108353128       105804     16782344    0    0     0 858168 11710 13713   9   1  88   2   0 2026-09-21 20:27:09
   4    0            0    108351872       105816     16782392    0    0     0 366684 10914 12847  10   1  88   1   0 2026-09-21 20:27:10
   6    0            0    108350904       105816     16782420    0    0 583680 598076 13755 14126  11   1  86   2   0 2026-09-21 20:27:11
   7    0            0    108349896       105816     16782424    0    0     0     0 11744 10683  14   1  85   0   0 2026-09-21 20:27:12
   4    0            0    108349392       105816     16782424    0    0     0     0 10881 10982  13   1  86   0   0 2026-09-21 20:27:13
   4    0            0    108348384       105816     16782428    0    0     0     0 10174 10723  11   0  89   0   0 2026-09-21 20:27:14
   4    0            0    108350336       105832     16782488    0    0 350208 1048697 12945 15603   8   1  87   3   0 2026-09-21 20:27:15
   7    0            0    108350848       105832     16782520    0    0     0 376832 11345 11988  12   1  87   1   0 2026-09-21 20:27:16
--procs-- -----------------------memory---------------------- ---swap-- -----io---- -system-- --------cpu-------- -----timestamp-----
   r    b         swpd         free         buff        cache   si   so    bi    bo   in   cs  us  sy  id  wa  st                 KST
   4    0            0    108350592       105832     16782524    0    0     0     0 9784 10833  12   0  88   0   0 2026-09-21 20:27:17
   4    0            0    108349840       105832     16782628    0    0 215040 622651 12080 13233  11   1  87   2   0 2026-09-21 20:27:18
   7    0            0    108348336       105832     16782640    0    0 18432 213131 11119 11674  12   1  87   1   0 2026-09-21 20:27:19
   4    0            0    108347328       105840     16782644    0    0     0   108 10130 11739  12   0  88   0   0 2026-09-21 20:27:20
   1    0            0    108346576       105840     16782688    0    0 12288 588821 11034 12606  10   0  88   1   0 2026-09-21 20:27:21
   5    0            0    108348952       105844     16782728    0    0     0 369664 10587 12499  10   2  88   1   0 2026-09-21 20:27:22
   4    0            0    108348704       105844     16782732    0    0     0     0 10399 10528  13   1  86   0   0 2026-09-21 20:27:23
   4    0            0    108348448       105844     16782736    0    0     0   136 10535 10630  11   0  89   0   0 2026-09-21 20:27:24
   5    0            0    108347456       105856     16782812    0    0     0 1056884 12603 14148   9   1  88   2   0 2026-09-21 20:27:25
   4    0            0    108346704       105860     16782832    0    0     0 180268 10603 11443  11   1  88   1   0 2026-09-21 20:27:26
   1    0            0    108347016       105860     16782928    0    0 1613824 344214 13026 15233   8   1  88   3   0 2026-09-21 20:27:27
   4    0            0    108349968       105860     16782936    0    0     0     0 8609 10663   8   1  91   0   0 2026-09-21 20:27:28
   2    3            0    108349720       105864     16782980    0    0 1282048 557361 14328 15245  11   1  84   4   0 2026-09-21 20:27:29
   5    0            0    108346216       105872     16782996    0    0 421888 82041 11456 12450  11   1  87   1   0 2026-09-21 20:27:30
   1    0            0    108354000       105888     16783036    0    0     0 368704 10631 13263   7   0  92   1   0 2026-09-21 20:27:31
   2    0            0    108353504       105888     16783104    0    0 1310720  8206 8777 13297   1   1  96   2   0 2026-09-21 20:27:32
   0    0            0    108352752       105888     16783108    0    0     0    48 5718 10721   0   0  99   0   0 2026-09-21 20:27:34
   0    0            0    108352248       105888     16783116    0    0     0     0 5489 10622   0   0 100   0   0 2026-09-21 20:27:35
   0    0            0    108350736       105896     16783120    0    0     0    72 5600 10791   0   0 100   0   0 2026-09-21 20:27:36
   0    0            0    108350240       105896     16783120    0    0     0   540 5440 10580   0   0 100   0   0 2026-09-21 20:27:37
   5    0            0    108349984       105896     16783124    0    0     0     0 7203 10774   4   1  95   0   0 2026-09-21 20:27:38
--procs-- -----------------------memory---------------------- ---swap-- -----io---- -system-- --------cpu-------- -----timestamp-----
   r    b         swpd         free         buff        cache   si   so    bi    bo   in   cs  us  sy  id  wa  st                 KST
   5    0            0    108349256       105896     16783128    0    0     0     0 10735 10819  13   1  86   0   0 2026-09-21 20:27:39
   4    0            0    108349968       105896     16783128    0    0     0     0 9981 10791  11   0  89   0   0 2026-09-21 20:27:40
   5    0            0    108348208       105908     16783216    0    0 1355776 966797 15315 17082   9   1  85   5   0 2026-09-21 20:27:41
   0    0            0    108347504       105908     16783264    0    0     0 344080 10211 12010  10   0  89   1   0 2026-09-21 20:27:42
   1    0            0    108346752       105908     16783264    0    0     0     0 5508 10623   0   0  99   0   0 2026-09-21 20:27:43
   0    0            0    108346240       105908     16783264    0    0     0     0 5412 10545   0   0 100   0   0 2026-09-21 20:27:44
   0    0            0    108345488       105908     16783268    0    0     0     0 5506 10665   0   0 100   0   0 2026-09-21 20:27:45
   1    0            0    108344984       105916     16783260    0    0     0    60 5537 10803   0   0 100   0   0 2026-09-21 20:27:46
   1    0            0    108344480       105916     16783300    0    0     0     0 5467 10600   0   0 100   0   0 2026-09-21 20:27:47
   1    0            0    108375728       105916     16783332    0    0     0     0 6745 10417   2   0  97   0   0 2026-09-21 20:27:48
   0    0            0    116873864       105916      8376008    0    0     0     0 5716 9844   0   2  98   0   0 2026-09-21 20:27:49
