#Date        Time         gpu    pwr  gtemp  mtemp     sm    mem    enc    dec    jpg    ofa   mclk   pclk  pviol  tviol     fb   bar1   ccpm  sbecc  dbecc    pci  rxpci  txpci 
#YYYYMMDD    HH:MM:SS     Idx      W      C      C      %      %      %      %      %      %    MHz    MHz      %   bool     MB     MB     MB   errs   errs   errs   MB/s   MB/s 
 20260916    22:14:20       0      7     57      -      0      0      0      0      0      0    405    300      0      0     15      5      0      -      -      0      0      0 
 20260916    22:14:21       0      8     56      -      0      0      0      0      0      0    405    300      0      0     15      5      0      -      -      0      0      0 
 20260916    22:14:22       0      8     56      -      0      0      0      0      0      0    405    300      0      0     15      5      0      -      -      0      0      0 
 20260916    22:14:23       0      7     56      -      0      0      0      0      0      0    405    300      0      0     15      5      0      -      -      0      0      0 
 20260916    22:14:24       0      8     56      -      0      0      0      0      0      0    405    300      0      0     15      5      0      -      -      0      0      0 
 20260916    22:14:26       0      8     55      -      0      0      0      0      0      0    405    300      0      0     15      5      0      -      -      0      0      0 
 20260916    22:14:27       0      7     55      -      0      0      0      0      0      0    405    300      0      0     15      5      0      -      -      0      0      0 
 20260916    22:14:28       0      8     55      -      0      0      0      0      0      0    405    300      0      0     15      5      0      -      -      0      0      0 
 20260916    22:14:29       0      7     55      -      0      0      0      0      0      0    405    300      0      0     15      5      0      -      -      0      0      0 
 20260916    22:14:30       0      7     54      -      1      0      0      0      0      0    405    300      0      0     15      5      0      -      -      0      0      0 
 20260916    22:14:31       0      8     54      -      0      0      0      0      0      0    405    300      0      0     18      5      0      -      -      0      0      0 
 20260916    22:14:32       0     45     56      -      0      0      0      0      0      0   6500   1620      0      0    134      7      0      -      -      0      0      0 
 20260916    22:14:33       0     46     56      -      3      0      0      0      0      0   6500   1620      0      0    996      7      0      -      -      0     20   7270 
 20260916    22:14:34       0     46     56      -      0      0      0      0      0      0   6500   1620      0      0   1000      7      0      -      -      0      3      0 
 20260916    22:14:35       0     46     56      -      0      0      0      0      0      0   6500   1620      0      0   1000      7      0      -      -      0      0      0 
 20260916    22:14:36       0     46     56      -      0      0      0      0      0      0   6500   1620      0      0   1000      7      0      -      -      0      0      0 
 20260916    22:14:37       0     59     57      -     98      4      0      0      0      0   6500   1905      0      0   1000      7      0      -      -      0   4013   5393 
 20260916    22:14:38       0     58     57      -      0      0      0      0      0      0   6500   1905      0      0    824      7      0      -      -      0      0      0 
 20260916    22:14:39       0     57     57      -      0      0      0      0      0      0   6500   1905      0      0    964      7      0      -      -      0      0      0 
 20260916    22:14:40       0     46     56      -      0      0      0      0      0      0   6500   1620      0      0    964      7      0      -      -      0      0      0 
 20260916    22:14:41       0     45     56      -      0      0      0      0      0      0   6500   1620      0      0    964      7      0      -      -      0      0      0 
 20260916    22:14:43       0    101     59      -     91     37      0      0      0      0   6500   1905      0      0   1680    154      0      -      -      0   1574      2 
 20260916    22:14:44       0    100     61      -     20     13      0      0      0      0   6500   1905      0      0   1680    154      0      -      -      0   3280      0 
 20260916    22:14:45       0     46     57      -      0      0      0      0      0      0   6500   1620      0      0   1682    154      0      -      -      0      0      6 
 20260916    22:14:46       0     54     57      -     37      3      0      0      0      0   6500   1620      0      0   1846    154      0      -      -      0  11208      0 
 20260916    22:14:47       0     60     58      -      2      2      0      0      0      0   6500   1905      0      0   1846    154      0      -      -      0   2845      0 
 20260916    22:14:48       0     46     57      -      0      0      0      0      0      0   6500   1620      0      0   2146    154      0      -      -      0      5      0 
 20260916    22:14:49       0    139     61      -    100     13      0      0      0      0   6500   1905      0      0   2490    154      0      -      -      0   8053      0 
 20260916    22:14:50       0    142     62      -    100     12      0      0      0      0   6500   1905      0      0   2490    154      0      -      -      0   4453      0 
 20260916    22:14:51       0    110     61      -     58      6      0      0      0      0   6500   1815      0      0   2490    154      0      -      -      0   2044      0 
 20260916    22:14:52       0    120     61      -     58      6      0      0      0      0   6500   1905      0      0   2490    154      0      -      -      0      0      1 
 20260916    22:14:53       0    121     61      -     58      7      0      0      0      0   6500   1905      0      0   2490    154      0      -      -      0      0      0 
 20260916    22:14:54       0    108     61      -    100      6      0      0      0      0   6500   1905      0      0   2494    158      0      -      -      0   1069      0 
 20260916    22:14:55       0     85     60      -     24      2      0      0      0      0   6500   1905      0      0   2494    158      0      -      -      0   3294      0 
 20260916    22:14:56       0     64     60      -     82      7      0      0      0      0   6500   1905      0      0   2494    158      0      -      -      0   2214      0 
 20260916    22:14:57       0     59     59      -      1      1      0      0      0      0   6500   1905      0      0   2494    158      0      -      -      0   1628      0 
 20260916    22:14:58       0     61     59      -      1      1      0      0      0      0   6500   1905      0      0   2494    158      0      -      -      0   1950      0 
 20260916    22:14:59       0     59     59      -     90      7      0      0      0      0   6500   1905      0      0   2494    158      0      -      -      0   3373      0 
 20260916    22:15:00       0     60     59      -      1      1      0      0      0      0   6500   1905      0      0   2494    158      0      -      -      0   3200      0 
 20260916    22:15:01       0     59     59      -      1      1      0      0      0      0   6500   1905      0      0   2494    158      0      -      -      0   2424      0 
 20260916    22:15:03       0     61     59      -     30      3      0      0      0      0   6500   1905      0      0   2494    158      0      -      -      0   1411      0 
 20260916    22:15:04       0     59     59      -      1      1      0      0      0      0   6500   1905      0      0   2494    158      0      -      -      0   2141      0 
 20260916    22:15:05       0     60     59      -      1      1      0      0      0      0   6500   1905      0      0   2494    158      0      -      -      0   4098      0 
 20260916    22:15:06       0     59     59      -     30      3      0      0      0      0   6500   1905      0      0   2494    158      0      -      -      0   3159      0 
#Date        Time         gpu    pwr  gtemp  mtemp     sm    mem    enc    dec    jpg    ofa   mclk   pclk  pviol  tviol     fb   bar1   ccpm  sbecc  dbecc    pci  rxpci  txpci 
#YYYYMMDD    HH:MM:SS     Idx      W      C      C      %      %      %      %      %      %    MHz    MHz      %   bool     MB     MB     MB   errs   errs   errs   MB/s   MB/s 
 20260916    22:15:07       0     60     59      -      1      1      0      0      0      0   6500   1905      0      0   2494    158      0      -      -      0   3183      0 
 20260916    22:15:08       0    130     62      -    100     10      0      0      0      0   6500   1905      0      0   2494    158      0      -      -      0      0      0 
 20260916    22:15:09       0    117     61      -     41      6      0      0      0      0   6500   1905      0      0   2494    158      0      -      -      0      7      0 
 20260916    22:15:10       0    114     61      -     57      6      0      0      0      0   6500   1890      0      0   2494    158      0      -      -      0      0      3 
 20260916    22:15:11       0    129     62      -     82      9      0      0      0      0   6500   1890      0      0   2494    158      0      -      -      0      3    936 
 20260916    22:15:12       0    129     63      -    100     10      0      0      0      0   6500   1890      0      0   2494    158      0      -      -      0      0      1 
 20260916    22:15:13       0     94     62      -     36      4      0      0      0      0   6500   1890      0      0   2494    158      0      -      -      0      0      0 
 20260916    22:15:14       0    120     62      -     61      4      0      0      0      0   6500   1890      0      0   2494    158      0      -      -      0   2640      0 
 20260916    22:15:15       0     61     61      -     68      5      0      0      0      0   6500   1890      0      0   2494    158      0      -      -      0   2350    334 
 20260916    22:15:16       0     60     61      -      1      1      0      0      0      0   6500   1890      0      0   2494    158      0      -      -      0   2438      0 
 20260916    22:15:17       0     60     61      -      1      1      0      0      0      0   6500   1890      0      0   2494    158      0      -      -      0   1610      0 
 20260916    22:15:18       0     67     61      -     85      7      0      0      0      0   6500   1890      0      0   2494    158      0      -      -      0   2599      0 
 20260916    22:15:19       0     60     61      -      1      1      0      0      0      0   6500   1890      0      0   2494    158      0      -      -      0   2266      3 
 20260916    22:15:20       0     60     61      -      1      1      0      0      0      0   6500   1890      0      0   2494    158      0      -      -      0   1767      0 
 20260916    22:15:22       0     66     61      -     95      7      0      0      0      0   6500   1890      0      0   2494    158      0      -      -      0   1377      0 
 20260916    22:15:23       0     60     60      -      1      1      0      0      0      0   6500   1890      0      0   2494    158      0      -      -      0   1908      0 
 20260916    22:15:24       0     60     60      -      1      1      0      0      0      0   6500   1890      0      0   2494    158      0      -      -      0   3166      0 
 20260916    22:15:25       0     65     61      -     10      3      0      0      0      0   6500   1890      0      0   2494    158      0      -      -      0  12185   1457 
 20260916    22:15:26       0     61     60      -      1      1      0      0      0      0   6500   1890      0      0   2494    158      0      -      -      0   1970      0 
 20260916    22:15:27       0     78     61      -     27      4      0      0      0      0   6500   1890      0      0   2494    158      0      -      -      0    888      1 
 20260916    22:15:28       0     78     61      -     16      3      0      0      0      0   6500   1890      0      0   2494    158      0      -      -      0    568      0 
 20260916    22:15:29       0    136     63      -    100      9      0      0      0      0   6500   1890      0      0   2494    158      0      -      -      0      0      0 
 20260916    22:15:30       0    131     63      -    100      8      0      0      0      0   6500   1890      0      0   2494    158      0      -      -      0      0      0 
 20260916    22:15:31       0    134     63      -     73      4      0      0      0      0   6500   1890      0      0   2494    158      0      -      -      0   2942      0 
 20260916    22:15:32       0     80     63      -     44      5      0      0      0      0   6500   1890      0      0   2494    158      0      -      -      0   2829      0 
 20260916    22:15:33       0     61     62      -    100      8      0      0      0      0   6500   1890      0      0   2494    158      0      -      -      0   1068     59 
 20260916    22:15:34       0     60     62      -      1      1      0      0      0      0   6500   1890      0      0   2494    158      0      -      -      0   3808      0 
 20260916    22:15:35       0     61     61      -      1      1      0      0      0      0   6500   1890      0      0   2494    158      0      -      -      0   2679      0 
 20260916    22:15:36       0     61     62      -      1      1      0      0      0      0   6500   1890      0      0   2494    158      0      -      -      0  12146   1450 
 20260916    22:15:37       0     61     61      -      1      1      0      0      0      0   6500   1890      0      0   2494    158      0      -      -      0   1319      0 
 20260916    22:15:38       0     61     61      -      1      2      0      0      0      0   6500   1890      0      0   2494    158      0      -      -      0   1774      0 
 20260916    22:15:39       0     60     61      -      1      1      0      0      0      0   6500   1890      0      0   2494    158      0      -      -      0   1992      0 
 20260916    22:15:40       0     61     61      -      1      1      0      0      0      0   6500   1890      0      0   2494    158      0      -      -      0   2485      0 
 20260916    22:15:42       0     61     61      -     88      7      0      0      0      0   6500   1890      0      0   2494    158      0      -      -      0   2022      0 
 20260916    22:15:43       0     60     61      -      1      1      0      0      0      0   6500   1890      0      0   2494    158      0      -      -      0   2501      0 
 20260916    22:15:44       0     60     61      -      1      1      0      0      0      0   6500   1890      0      0   2494    158      0      -      -      0   3600      0 
 20260916    22:15:45       0    128     64      -    100     11      0      0      0      0   6500   1890      0      0   2494    158      0      -      -      0      0    906 
 20260916    22:15:46       0     94     62      -     34      5      0      0      0      0   6500   1890      0      0   2494    158      0      -      -      0   3275      0 
 20260916    22:15:47       0     94     63      -     41      7      0      0      0      0   6500   1890      0      0   2494    158      0      -      -      0   2993      0 
 20260916    22:15:48       0    132     64      -    100      8      0      0      0      0   6500   1890      0      0   2494    158      0      -      -      0     10    933 
 20260916    22:15:49       0     79     63      -     38      5      0      0      0      0   6500   1890      0      0   2494    158      0      -      -      0   2933      0 
 20260916    22:15:50       0     86     64      -     61      5      0      0      0      0   6500   1890      0      0   2494    158      0      -      -      0   1388      0 
 20260916    22:15:51       0    128     63      -     77      8      0      0      0      0   6500   1890      0      0   2494    158      0      -      -      0  12393   1809 
 20260916    22:15:52       0     62     62      -      1      1      0      0      0      0   6500   1890      0      0   2494    158      0      -      -      0   1991      0 
#Date        Time         gpu    pwr  gtemp  mtemp     sm    mem    enc    dec    jpg    ofa   mclk   pclk  pviol  tviol     fb   bar1   ccpm  sbecc  dbecc    pci  rxpci  txpci 
#YYYYMMDD    HH:MM:SS     Idx      W      C      C      %      %      %      %      %      %    MHz    MHz      %   bool     MB     MB     MB   errs   errs   errs   MB/s   MB/s 
 20260916    22:15:53       0     67     62      -     82      7      0      0      0      0   6500   1890      0      0   2494    158      0      -      -      0   2672      0 
 20260916    22:15:54       0     61     62      -      1      1      0      0      0      0   6500   1890      0      0   2494    158      0      -      -      0   3204      0 
 20260916    22:15:55       0     61     62      -      1      1      0      0      0      0   6500   1890      0      0   2494    158      0      -      -      0   2910      0 
 20260916    22:15:56       0     62     62      -     75      6      0      0      0      0   6500   1890      0      0   2494    158      0      -      -      0   2921      0 
 20260916    22:15:57       0     61     62      -      1      1      0      0      0      0   6500   1890      0      0   2494    158      0      -      -      0   3388      0 
 20260916    22:15:58       0     61     62      -      1      1      0      0      0      0   6500   1890      0      0   2494    158      0      -      -      0   2973      0 
 20260916    22:15:59       0     60     62      -     27      3      0      0      0      0   6500   1890      0      0   2494    158      0      -      -      0   3107      0 
 20260916    22:16:01       0     61     62      -      1      1      0      0      0      0   6500   1890      0      0   2494    158      0      -      -      0   2537      3 
 20260916    22:16:02       0     60     62      -      1      1      0      0      0      0   6500   1890      0      0   2494    158      0      -      -      0   1928      0 
 20260916    22:16:03       0    136     64      -     99      7      0      0      0      0   6500   1890      0      0   2494    158      0      -      -      0   8057      0 
 20260916    22:16:04       0    101     64      -     81      7      0      0      0      0   6500   1890      0      0   2494    158      0      -      -      0      0      0 
 20260916    22:16:05       0    112     64      -     65      6      0      0      0      0   6500   1890      0      0   2494    158      0      -      -      0      0      3 
 20260916    22:16:06       0     93     64      -     46      4      0      0      0      0   6500   1890      0      0   2494    158      0      -      -      0      7      0 
 20260916    22:16:07       0    136     65      -    100     11      0      0      0      0   6500   1890      0      0   2494    158      0      -      -      0    720      0 
 20260916    22:16:08       0     95     65      -     26      5      0      0      0      0   6500   1890      0      0   2494    158      0      -      -      0   1384      0 
 20260916    22:16:09       0     90     63      -     63      9      0      0      0      0   6500   1890      0      0   2494    158      0      -      -      0  11944   2178 
 20260916    22:16:10       0     61     63      -      1      1      0      0      0      0   6500   1890      0      0   2494    158      0      -      -      0   3200      0 
 20260916    22:16:11       0     61     63      -     27      3      0      0      0      0   6500   1890      0      0   2494    158      0      -      -      0   1651      0 
 20260916    22:16:12       0     61     63      -      1      1      0      0      0      0   6500   1890      0      0   2494    158      0      -      -      0   3053    941 
 20260916    22:16:13       0     60     63      -      1      1      0      0      0      0   6500   1890      0      0   2494    158      0      -      -      0   1375      0 
 20260916    22:16:14       0     61     63      -     25      3      0      0      0      0   6500   1890      0      0   2494    158      0      -      -      0   2165      0 
 20260916    22:16:15       0     61     62      -      1      1      0      0      0      0   6500   1890      0      0   2494    158      0      -      -      0   2135      0 
 20260916    22:16:16       0     61     62      -      1      1      0      0      0      0   6500   1890      0      0   2494    158      0      -      -      0   3327      0 
 20260916    22:16:17       0     60     62      -     35      3      0      0      0      0   6500   1890      0      0   2494    158      0      -      -      0   2142      0 
 20260916    22:16:18       0     61     62      -      1      1      0      0      0      0   6500   1890      0      0   2494    158      0      -      -      0   3147      0 
 20260916    22:16:19       0     60     62      -      1      1      0      0      0      0   6500   1890      0      0   2494    158      0      -      -      0   3417      0 
 20260916    22:16:21       0    131     65      -    100      8      0      0      0      0   6500   1890      0      0   2494    158      0      -      -      0   5075      0 
 20260916    22:16:22       0    119     64      -    100      8      0      0      0      0   6500   1890      0      0   2494    158      0      -      -      0    782      0 
 20260916    22:16:23       0    110     64      -     62      8      0      0      0      0   6500   1890      0      0   2494    158      0      -      -      0   3525      0 
 20260916    22:16:24       0     86     65      -     54      4      0      0      0      0   6500   1890      0      0   2494    158      0      -      -      0   3736      0 
 20260916    22:16:25       0     62     63      -      1      1      0      0      0      0   6500   1890      0      0   2494    158      0      -      -      0   1924      0 
 20260916    22:16:26       0     60     63      -      1      1      0      0      0      0   6500   1890      0      0   2494    158      0      -      -      0   1732    254 
 20260916    22:16:27       0     61     63      -      1      1      0      0      0      0   6500   1890      0      0   2494    158      0      -      -      0   2227      0 
 20260916    22:16:28       0     60     63      -     78      6      0      0      0      0   6500   1890      0      0   2494    158      0      -      -      0   1913      0 
 20260916    22:16:29       0     62     63      -      1      1      0      0      0      0   6500   1890      0      0   2494    158      0      -      -      0   3193      0 
 20260916    22:16:30       0     60     63      -      1      1      0      0      0      0   6500   1890      0      0   2494    158      0      -      -      0   2055      0 
 20260916    22:16:31       0     61     63      -     61      5      0      0      0      0   6500   1890      0      0   2494    158      0      -      -      0   2130      0 
 20260916    22:16:32       0     60     63      -      1      1      0      0      0      0   6500   1890      0      0   2494    158      0      -      -      0   2349      0 
 20260916    22:16:33       0     61     62      -      1      1      0      0      0      0   6500   1890      0      0   2494    158      0      -      -      0   2052      0 
 20260916    22:16:34       0     60     62      -     33      3      0      0      0      0   6500   1890      0      0   2494    158      0      -      -      0   2149      0 
 20260916    22:16:35       0     61     62      -      1      1      0      0      0      0   6500   1890      0      0   2494    158      0      -      -      0   2980     90 
 20260916    22:16:36       0     48     61      -      0      0      0      0      0      0   6500   1620      0      0   2494    158      0      -      -      0      0      0 
 20260916    22:16:37       0     48     61      -      0      0      0      0      0      0   6500   1620      0      0   2494    158      0      -      -      0      0      0 
 20260916    22:16:38       0     49     61      -      0      0      0      0      0      0   6500   1620      0      0   2494    158      0      -      -      0  11876   1304 
#Date        Time         gpu    pwr  gtemp  mtemp     sm    mem    enc    dec    jpg    ofa   mclk   pclk  pviol  tviol     fb   bar1   ccpm  sbecc  dbecc    pci  rxpci  txpci 
#YYYYMMDD    HH:MM:SS     Idx      W      C      C      %      %      %      %      %      %    MHz    MHz      %   bool     MB     MB     MB   errs   errs   errs   MB/s   MB/s 
 20260916    22:16:39       0     61     62      -      2      1      0      0      0      0   6500   1890      0      0   2494    158      0      -      -      0   3196      0 
 20260916    22:16:41       0     60     62      -      5      1      0      0      0      0   6500   1890      0      0   2494    158      0      -      -      0   2192      0 
 20260916    22:16:42       0     61     62      -     29      4      0      0      0      0   6500   1890      0      0   2494    158      0      -      -      0  11052   1260 
 20260916    22:16:43       0     66     62      -      3      1      0      0      0      0   6500   1890      0      0   2494    158      0      -      -      0   1920      3 
 20260916    22:16:44       0     61     62      -     17      2      0      0      0      0   6500   1890      0      0   2494    158      0      -      -      0   1380      0 
 20260916    22:16:45       0     59     62      -      1      1      0      0      0      0   6500   1890      0      0   2494    158      0      -      -      0  12147   1447 
 20260916    22:16:46       0     61     62      -      1      1      0      0      0      0   6500   1890      0      0   2494    158      0      -      -      0   2281      0 
 20260916    22:16:47       0     59     62      -      1      1      0      0      0      0   6500   1890      0      0   2494    158      0      -      -      0   2246      0 
 20260916    22:16:48       0     61     62      -      1      1      0      0      0      0   6500   1890      0      0   2494    158      0      -      -      0  12204   1401 
 20260916    22:16:49       0     60     62      -      1      1      0      0      0      0   6500   1890      0      0   2494    158      0      -      -      0   2947      0 
 20260916    22:16:50       0     60     62      -      1      1      0      0      0      0   6500   1890      0      0   2494    158      0      -      -      0   3051      0 
 20260916    22:16:51       0     59     62      -      1      1      0      0      0      0   6500   1890      0      0   2494    158      0      -      -      0   3987   1460 
 20260916    22:16:52       0     61     61      -      1      1      0      0      0      0   6500   1890      0      0   2494    158      0      -      -      0   1362      0 
 20260916    22:16:53       0     64     62      -     65      8      0      0      0      0   6500   1890      0      0   2494    158      0      -      -      0   2064      0 
 20260916    22:16:54       0     62     62      -      2      2      0      0      0      0   6500   1890      0      0   2494    158      0      -      -      0   1918      0 
 20260916    22:16:55       0     59     61      -      1      1      0      0      0      0   6500   1890      0      0   2494    158      0      -      -      0   1961      0 
 20260916    22:16:56       0    137     64      -    100      9      0      0      0      0   6500   1890      0      0   2494    158      0      -      -      0      0      0 
 20260916    22:16:57       0    138     64      -    100      5      0      0      0      0   6500   1890      0      0   2494    158      0      -      -      0   8053      0 
 20260916    22:16:58       0    103     64      -     61      5      0      0      0      0   6500   1890      0      0   2494    158      0      -      -      0   3285      0 
 20260916    22:16:59       0     80     64      -     59      4      0      0      0      0   6500   1890      0      0   2494    158      0      -      -      0      0      1 
 20260916    22:17:01       0    100     64      -     63      4      0      0      0      0   6500   1890      0      0   2494    158      0      -      -      0   1638      0 
 20260916    22:17:02       0    127     64      -     61      4      0      0      0      0   6500   1890      0      0   2494    158      0      -      -      0   3195     37 
 20260916    22:17:03       0     61     63      -      1      1      0      0      0      0   6500   1890      0      0   2494    158      0      -      -      0   2403      0 
 20260916    22:17:04       0     62     63      -     78      6      0      0      0      0   6500   1890      0      0   2494    158      0      -      -      0   1565      3 
 20260916    22:17:05       0     61     62      -      1      1      0      0      0      0   6500   1890      0      0   2494    158      0      -      -      0   2014      0 
 20260916    22:17:06       0     60     62      -      1      1      0      0      0      0   6500   1890      0      0   2494    158      0      -      -      0   1388      0 
 20260916    22:17:07       0     64     62      -     42      4      0      0      0      0   6500   1890      0      0   2494    158      0      -      -      0   2107      0 
 20260916    22:17:08       0     60     62      -      1      1      0      0      0      0   6500   1890      0      0   2494    158      0      -      -      0   3540      0 
 20260916    22:17:09       0     60     62      -      1      1      0      0      0      0   6500   1890      0      0   2494    158      0      -      -      0   3493      0 
 20260916    22:17:10       0     64     62      -     64      6      0      0      0      0   6500   1890      0      0   2494    158      0      -      -      0   4127      0 
 20260916    22:17:11       0     60     62      -      1      1      0      0      0      0   6500   1890      0      0   2494    158      0      -      -      0   2363      0 
 20260916    22:17:12       0     60     62      -      1      1      0      0      0      0   6500   1890      0      0   2494    158      0      -      -      0   3447      0 
 20260916    22:17:13       0    103     63      -     90      9      0      0      0      0   6500   1890      0      0   2494    158      0      -      -      0   1382      0 
 20260916    22:17:14       0     66     62      -      6      2      0      0      0      0   6500   1890      0      0   2494    158      0      -      -      0   2284      0 
 20260916    22:17:15       0     60     62      -      1      1      0      0      0      0   6500   1890      0      0   2494    158      0      -      -      0   4150      0 
 20260916    22:17:16       0     96     64      -     14      3      0      0      0      0   6500   1890      0      0   2494    158      0      -      -      0      0      0 
 20260916    22:17:17       0    138     64      -    100      9      0      0      0      0   6500   1890      0      0   2494    158      0      -      -      0      1    639 
 20260916    22:17:18       0     80     65      -     61      6      0      0      0      0   6500   1890      0      0   2494    158      0      -      -      0   2422      0 
 20260916    22:17:20       0    134     64      -     74      4      0      0      0      0   6500   1890      0      0   2494    158      0      -      -      0   1384      0 
 20260916    22:17:21       0    131     64      -     75      5      0      0      0      0   6500   1890      0      0   2494    158      0      -      -      0      3      0 
 20260916    22:17:22       0     63     63      -    100     11      0      0      0      0   6500   1890      0      0   2494    158      0      -      -      0   2740      0 
 20260916    22:17:23       0     61     63      -      1      1      0      0      0      0   6500   1890      0      0   2494    158      0      -      -      0   1756      0 
 20260916    22:17:24       0     61     63      -      1      1      0      0      0      0   6500   1890      0      0   2494    158      0      -      -      0   2130      0 
 20260916    22:17:25       0     66     63      -     73      6      0      0      0      0   6500   1890      0      0   2494    158      0      -      -      0   2393      0 
#Date        Time         gpu    pwr  gtemp  mtemp     sm    mem    enc    dec    jpg    ofa   mclk   pclk  pviol  tviol     fb   bar1   ccpm  sbecc  dbecc    pci  rxpci  txpci 
#YYYYMMDD    HH:MM:SS     Idx      W      C      C      %      %      %      %      %      %    MHz    MHz      %   bool     MB     MB     MB   errs   errs   errs   MB/s   MB/s 
 20260916    22:17:26       0     62     63      -      1      1      0      0      0      0   6500   1890      0      0   2494    158      0      -      -      0   1893      0 
 20260916    22:17:27       0     60     63      -      1      1      0      0      0      0   6500   1890      0      0   2494    158      0      -      -      0   1925      0 
 20260916    22:17:28       0     66     63      -     85      7      0      0      0      0   6500   1890      0      0   2494    158      0      -      -      0   3062      0 
 20260916    22:17:29       0     60     62      -      1      1      0      0      0      0   6500   1890      0      0   2494    158      0      -      -      0   1622      0 
 20260916    22:17:30       0     60     62      -      1      1      0      0      0      0   6500   1890      0      0   2494    158      0      -      -      0   3173      0 
 20260916    22:17:31       0     65     62      -     28      4      0      0      0      0   6500   1890      0      0   2494    158      0      -      -      0   1393      0 
 20260916    22:17:32       0     62     62      -      1      1      0      0      0      0   6500   1890      0      0   2494    158      0      -      -      0   3158      0 
 20260916    22:17:33       0     62     62      -      1      1      0      0      0      0   6500   1890      0      0   2494    158      0      -      -      0   3249      0 
 20260916    22:17:34       0     67     62      -     42      5      0      0      0      0   6500   1890      0      0   2494    158      0      -      -      0   3721      0 
 20260916    22:17:35       0     60     62      -      1      1      0      0      0      0   6500   1890      0      0   2494    158      0      -      -      0   2942      0 
 20260916    22:17:36       0    132     64      -    100      8      0      0      0      0   6500   1890      0      0   2494    158      0      -      -      0   1373    766 
 20260916    22:17:37       0     86     65      -     38      4      0      0      0      0   6500   1890      0      0   2494    158      0      -      -      0   2162      0 
 20260916    22:17:38       0    113     64      -     39      4      0      0      0      0   6500   1890      0      0   2494    158      0      -      -      0      0      0 
 20260916    22:17:40       0    111     64      -     53      4      0      0      0      0   6500   1890      0      0   2494    158      0      -      -      0      0      2 
 20260916    22:17:41       0     60     63      -      1      1      0      0      0      0   6500   1890      0      0   2494    158      0      -      -      0   1958      0 
 20260916    22:17:42       0     65     63      -     96      8      0      0      0      0   6500   1890      0      0   2494    158      0      -      -      0   1918      0 
 20260916    22:17:43       0     60     63      -      1      1      0      0      0      0   6500   1890      0      0   2494    158      0      -      -      0   1395      0 
 20260916    22:17:44       0     60     63      -      1      1      0      0      0      0   6500   1890      0      0   2494    158      0      -      -      0   3212      0 
 20260916    22:17:45       0     59     63      -     57      5      0      0      0      0   6500   1890      0      0   2494    158      0      -      -      0   3144      0 
 20260916    22:17:46       0     59     63      -      1      1      0      0      0      0   6500   1890      0      0   2494    158      0      -      -      0   1388      0 
 20260916    22:17:47       0     60     62      -      1      1      0      0      0      0   6500   1890      0      0   2494    158      0      -      -      0   2554      0 
 20260916    22:17:48       0     63     62      -     66      6      0      0      0      0   6500   1890      0      0   2494    158      0      -      -      0   3344      0 
 20260916    22:17:49       0     60     62      -      1      1      0      0      0      0   6500   1890      0      0   2494    158      0      -      -      0   2876      0 
 20260916    22:17:50       0     60     62      -      1      1      0      0      0      0   6500   1890      0      0   2494    158      0      -      -      0   2201      0 
 20260916    22:17:51       0    133     64      -    100      7      0      0      0      0   6500   1890      0      0   2494    158      0      -      -      0      0    494 
 20260916    22:17:52       0    110     63      -    100      6      0      0      0      0   6500   1890      0      0   2494    158      0      -      -      0      0      0 
 20260916    22:17:53       0    111     64      -     38      4      0      0      0      0   6500   1890      0      0   2494    158      0      -      -      0   2334      0 
 20260916    22:17:54       0     86     64      -     32      3      0      0      0      0   6500   1890      0      0   2494    158      0      -      -      0   3780     11 
 20260916    22:17:55       0     61     63      -      1      1      0      0      0      0   6500   1890      0      0   2494    158      0      -      -      0   3527      0 
 20260916    22:17:56       0    122     66      -    100      7      0      0      0      0   6500   1890      0      0   2494    158      0      -      -      0    689      0 
 20260916    22:17:57       0    112     65      -     33      4      0      0      0      0   6500   1890      0      0   2494    158      0      -      -      0     21      0 
 20260916    22:17:59       0     90     65      -     37      4      0      0      0      0   6500   1890      0      0   2494    158      0      -      -      0   1390      0 
 20260916    22:18:00       0    100     64      -     62      4      0      0      0      0   6500   1890      0      0   2494    158      0      -      -      0   2522     11 
 20260916    22:18:01       0     60     63      -      1      1      0      0      0      0   6500   1890      0      0   2494    158      0      -      -      0   1878      0 
 20260916    22:18:02       0     63     63      -     35      4      0      0      0      0   6500   1890      0      0   2494    158      0      -      -      0   2593      0 
 20260916    22:18:03       0     60     63      -      1      1      0      0      0      0   6500   1890      0      0   2494    158      0      -      -      0   3151      0 
 20260916    22:18:04       0     62     63      -      1      1      0      0      0      0   6500   1890      0      0   2494    158      0      -      -      0   1624      0 
 20260916    22:18:05       0     60     63      -     87      7      0      0      0      0   6500   1890      0      0   2494    158      0      -      -      0   1674      0 
 20260916    22:18:06       0     62     63      -      1      1      0      0      0      0   6500   1890      0      0   2494    158      0      -      -      0   2245    512 
 20260916    22:18:07       0     60     63      -      1      1      0      0      0      0   6500   1890      0      0   2494    158      0      -      -      0   3194      0 
 20260916    22:18:08       0     60     63      -     70      5      0      0      0      0   6500   1890      0      0   2494    158      0      -      -      0   2344      0 
 20260916    22:18:09       0     60     63      -      1      1      0      0      0      0   6500   1890      0      0   2494    158      0      -      -      0   2428      0 
 20260916    22:18:10       0    125     65      -    100      6      0      0      0      0   6500   1890      0      0   2494    158      0      -      -      0   5619    275 
 20260916    22:18:11       0    110     64      -     45      3      0      0      0      0   6500   1890      0      0   2494    158      0      -      -      0      0      0 
#Date        Time         gpu    pwr  gtemp  mtemp     sm    mem    enc    dec    jpg    ofa   mclk   pclk  pviol  tviol     fb   bar1   ccpm  sbecc  dbecc    pci  rxpci  txpci 
#YYYYMMDD    HH:MM:SS     Idx      W      C      C      %      %      %      %      %      %    MHz    MHz      %   bool     MB     MB     MB   errs   errs   errs   MB/s   MB/s 
 20260916    22:18:12       0     84     65      -     38      3      0      0      0      0   6500   1890      0      0   2494    158      0      -      -      0   2650      0 
 20260916    22:18:13       0     60     63      -      6      1      0      0      0      0   6500   1890      0      0   2494    158      0      -      -      0   3235      0 
 20260916    22:18:14       0     60     63      -      1      1      0      0      0      0   6500   1890      0      0   2494    158      0      -      -      0   1937      0 
 20260916    22:18:15       0     68     63      -      8      2      0      0      0      0   6500   1890      0      0   2494    158      0      -      -      0   2880      0 
 20260916    22:18:16       0     66     63      -      6      2      0      0      0      0   6500   1890      0      0   2494    158      0      -      -      0  12152   1454 
 20260916    22:18:17       0     60     63      -      1      1      0      0      0      0   6500   1890      0      0   2494    158      0      -      -      0   2492      0 
 20260916    22:18:19       0     61     63      -      1      1      0      0      0      0   6500   1890      0      0   2494    158      0      -      -      0   1969      0 
 20260916    22:18:20       0     65     63      -     40      5      0      0      0      0   6500   1890      0      0   2494    158      0      -      -      0  12545   1105 
 20260916    22:18:21       0     60     63      -      1      1      0      0      0      0   6500   1890      0      0   2494    158      0      -      -      0   2608      0 
 20260916    22:18:22       0     59     63      -      1      1      0      0      0      0   6500   1890      0      0   2494    158      0      -      -      0   2039      0 
 20260916    22:18:23       0     66     63      -     88      8      0      0      0      0   6500   1890      0      0   2494    158      0      -      -      0   2921      5 
 20260916    22:18:24       0     59     63      -      1      1      0      0      0      0   6500   1890      0      0   2494    158      0      -      -      0   1982      0 
 20260916    22:18:25       0     61     63      -      1      1      0      0      0      0   6500   1890      0      0   2494    158      0      -      -      0   3146      0 
 20260916    22:18:26       0     67     63      -    100      7      0      0      0      0   6500   1890      0      0   2494    158      0      -      -      0   3852      0 
 20260916    22:18:27       0     61     62      -      0      1      0      0      0      0   6500   1890      0      0   2494    158      0      -      -      0   3089      0 
 20260916    22:18:28       0     48     62      -      0      0      0      0      0      0   6500   1620      0      0   2494    158      0      -      -      0      0      0 
 20260916    22:18:29       0     48     61      -      0      0      0      0      0      0   6500   1620      0      0   2494    158      0      -      -      0      0      0 
 20260916    22:18:30       0     48     61      -      0      0      0      0      0      0   6500   1620      0      0   2494    158      0      -      -      0      0      0 
 20260916    22:18:31       0     47     61      -      0      0      0      0      0      0   6500   1620      0      0   1044    158      0      -      -      0      7      0 
 20260916    22:18:32       0     47     61      -      0      0      0      0      0      0   6500   1620      0      0   1044    158      0      -      -      0      0      0 
