#Date        Time         gpu    pwr  gtemp  mtemp     sm    mem    enc    dec    jpg    ofa   mclk   pclk  pviol  tviol     fb   bar1   ccpm  sbecc  dbecc    pci  rxpci  txpci 
#YYYYMMDD    HH:MM:SS     Idx      W      C      C      %      %      %      %      %      %    MHz    MHz      %   bool     MB     MB     MB   errs   errs   errs   MB/s   MB/s 
 20260916    15:28:52       0      7     58      -      0      0      0      0      0      0    405    300      0      0     15      5      0      -      -      0     12      1 
 20260916    15:28:54       0      8     57      -      0      0      0      0      0      0    405    300      0      0     15      5      0      -      -      0      7      1 
 20260916    15:28:55       0      7     57      -      0      0      0      0      0      0    405    300      0      0     15      5      0      -      -      0      8      1 
 20260916    15:28:56       0      7     57      -      0      0      0      0      0      0    405    300      0      0     15      5      0      -      -      0      1      1 
 20260916    15:28:57       0      7     56      -      0      0      0      0      0      0    405    300      0      0     15      5      0      -      -      0      0      0 
 20260916    15:28:58       0      7     56      -      0      0      0      0      0      0    405    300      0      0     15      5      0      -      -      0      0      0 
 20260916    15:28:59       0      7     56      -      0      0      0      0      0      0    405    300      0      0     15      5      0      -      -      0      0      0 
 20260916    15:29:00       0      8     55      -      0      0      0      0      0      0    405    300      0      0     15      5      0      -      -      0      0      0 
 20260916    15:29:01       0      7     55      -      0      0      0      0      0      0    405    300      0      0     15      5      0      -      -      0      0      0 
 20260916    15:29:02       0      7     55      -      0      0      0      0      0      0    405    300      0      0     15      5      0      -      -      0      5      0 
 20260916    15:29:03       0     45     56      -      2      0      0      0      0      0   6500   1620      0      0    134      7      0      -      -      0      0      0 
 20260916    15:29:04       0     48     57      -      4      0      0      0      0      0   6500   1620      0      0    206      7      0      -      -      0      0      0 
 20260916    15:29:06       0     46     57      -     28      1      0      0      0      0   6500   1620      0      0   1000      7      0      -      -      0     25   5942 
 20260916    15:29:07       0     45     57      -      0      0      0      0      0      0   6500   1620      0      0   1000      7      0      -      -      0      0      0 
 20260916    15:29:08       0     46     57      -      0      0      0      0      0      0   6500   1620      0      0   1000      7      0      -      -      0      0      0 
 20260916    15:29:09       0     45     57      -      0      0      0      0      0      0   6500   1620      0      0   1000      7      0      -      -      0   5072   7987 
 20260916    15:29:10       0     59     58      -     70      3      0      0      0      0   6500   1905      0      0   1000      7      0      -      -      0   5523   5857 
 20260916    15:29:11       0     57     57      -      0      0      0      0      0      0   6500   1905      0      0    964      7      0      -      -      0      0      0 
 20260916    15:29:12       0     45     57      -      0      0      0      0      0      0   6500   1620      0      0    964      7      0      -      -      0      0      0 
 20260916    15:29:13       0     45     57      -      0      0      0      0      0      0   6500   1620      0      0    964      7      0      -      -      0      0      0 
 20260916    15:29:14       0     45     57      -      0      0      0      0      0      0   6500   1620      0      0    964      7      0      -      -      0      0      0 
 20260916    15:29:15       0    131     60      -     20     13      0      0      0      0   6500   1905      0      0   1680    154      0      -      -      0   2148      3 
 20260916    15:29:16       0     96     61      -     28     19      0      0      0      0   6500   1905      0      0   1680    154      0      -      -      0   3490     17 
 20260916    15:29:17       0     45     58      -      0      0      0      0      0      0   6500   1620      0      0   1842    154      0      -      -      0      1      0 
 20260916    15:29:18       0     59     58      -      1      2      0      0      0      0   6500   1905      0      0   1844    154      0      -      -      0   1971      0 
 20260916    15:29:19       0     57     58      -      5      5      0      0      0      0   6500   1905      0      0   1994    154      0      -      -      0      0      0 
 20260916    15:29:20       0    112     60      -    100     12      0      0      0      0   6500   1905      0      0   2166    154      0      -      -      0      0      0 
 20260916    15:29:21       0    142     61      -    100     13      0      0      0      0   6500   1905      0      0   2166    154      0      -      -      0      0      5 
 20260916    15:29:23       0    138     61      -     59      6      0      0      0      0   6500   1905      0      0   2166    154      0      -      -      0      1      7 
 20260916    15:29:24       0    138     61      -     70      7      0      0      0      0   6500   1890      0      0   2166    154      0      -      -      0      1      0 
 20260916    15:29:25       0    131     61      -     69      7      0      0      0      0   6500   1905      0      0   2166    154      0      -      -      0      0      0 
 20260916    15:29:26       0    115     61      -    100      7      0      0      0      0   6500   1905      0      0   2166    154      0      -      -      0   7706     31 
 20260916    15:29:27       0     86     61      -     29      2      0      0      0      0   6500   1905      0      0   2166    154      0      -      -      0   1941      0 
 20260916    15:29:28       0     87     60      -     36      3      0      0      0      0   6500   1905      0      0   2166    154      0      -      -      0  12547   1409 
 20260916    15:29:29       0     61     60      -      1      1      0      0      0      0   6500   1905      0      0   2166    154      0      -      -      0   3475      0 
 20260916    15:29:30       0     60     60      -      1      1      0      0      0      0   6500   1905      0      0   2166    154      0      -      -      0   3288      0 
 20260916    15:29:31       0     67     60      -     38      4      0      0      0      0   6500   1905      0      0   2166    154      0      -      -      0   6034      0 
 20260916    15:29:32       0     61     60      -      1      1      0      0      0      0   6500   1905      0      0   2166    154      0      -      -      0   2604      1 
 20260916    15:29:33       0     60     60      -      1      1      0      0      0      0   6500   1905      0      0   2166    154      0      -      -      0   3287      0 
 20260916    15:29:34       0     60     60      -     78      6      0      0      0      0   6500   1905      0      0   2166    154      0      -      -      0   2709      0 
 20260916    15:29:35       0     61     60      -      1      1      0      0      0      0   6500   1905      0      0   2166    154      0      -      -      0   1761      1 
 20260916    15:29:36       0     61     60      -      1      1      0      0      0      0   6500   1905      0      0   2166    154      0      -      -      0   2623      0 
 20260916    15:29:37       0     60     60      -      1      1      0      0      0      0   6500   1905      0      0   2166    154      0      -      -      0   2339      1 
 20260916    15:29:38       0     61     61      -      1      1      0      0      0      0   6500   1905      0      0   2166    154      0      -      -      0   6118    218 
#Date        Time         gpu    pwr  gtemp  mtemp     sm    mem    enc    dec    jpg    ofa   mclk   pclk  pviol  tviol     fb   bar1   ccpm  sbecc  dbecc    pci  rxpci  txpci 
#YYYYMMDD    HH:MM:SS     Idx      W      C      C      %      %      %      %      %      %    MHz    MHz      %   bool     MB     MB     MB   errs   errs   errs   MB/s   MB/s 
 20260916    15:29:40       0    135     62      -    100      8      0      0      0      0   6500   1905      0      0   2166    154      0      -      -      0   1476      0 
 20260916    15:29:41       0    104     62      -     46      4      0      0      0      0   6500   1905      0      0   2166    154      0      -      -      0   3396      5 
 20260916    15:29:42       0    122     62      -     40      6      0      0      0      0   6500   1905      0      0   2166    154      0      -      -      0   2225      0 
 20260916    15:29:43       0    137     64      -    100      7      0      0      0      0   6500   1905      0      0   2166    154      0      -      -      0      1      1 
 20260916    15:29:44       0     80     65      -     57      4      0      0      0      0   6500   1905      0      0   2166    154      0      -      -      0   1480      1 
 20260916    15:29:45       0    125     63      -     49      6      0      0      0      0   6500   1905      0      0   2166    154      0      -      -      0   3552      1 
 20260916    15:29:46       0    111     63      -     66      5      0      0      0      0   6500   1905      0      0   2166    154      0      -      -      0   1972      0 
 20260916    15:29:47       0     62     62      -      1      1      0      0      0      0   6500   1905      0      0   2166    154      0      -      -      0   3262      0 
 20260916    15:29:48       0     64     61      -     65      5      0      0      0      0   6500   1905      0      0   2166    154      0      -      -      0   3437      0 
 20260916    15:29:49       0     62     61      -      1      1      0      0      0      0   6500   1905      0      0   2166    154      0      -      -      0   2864      0 
 20260916    15:29:50       0     62     61      -      1      1      0      0      0      0   6500   1905      0      0   2166    154      0      -      -      0   3278      0 
 20260916    15:29:51       0     61     61      -      1      1      0      0      0      0   6500   1905      0      0   2166    154      0      -      -      0   2901      0 
 20260916    15:29:52       0     65     61      -      1      1      0      0      0      0   6500   1905      0      0   2166    154      0      -      -      0  12326   1429 
 20260916    15:29:53       0     62     61      -      1      1      0      0      0      0   6500   1905      0      0   2166    154      0      -      -      0   2182      0 
 20260916    15:29:54       0     62     61      -      1      1      0      0      0      0   6500   1905      0      0   2166    154      0      -      -      0   1952      1 
 20260916    15:29:55       0     68     61      -     43      5      0      0      0      0   6500   1905      0      0   2166    154      0      -      -      0  12531    962 
 20260916    15:29:57       0     61     61      -      1      1      0      0      0      0   6500   1905      0      0   2166    154      0      -      -      0   2836      0 
 20260916    15:29:58       0     81     62      -     21      5      0      0      0      0   6500   1905      0      0   2166    154      0      -      -      0    347      0 
 20260916    15:29:59       0     86     63      -     24      5      0      0      0      0   6500   1905      0      0   2166    154      0      -      -      0   1962      0 
 20260916    15:30:00       0    144     64      -    100      9      0      0      0      0   6500   1890      0      0   2166    154      0      -      -      0      2      0 
 20260916    15:30:01       0    125     64      -     57      4      0      0      0      0   6500   1905      0      0   2166    154      0      -      -      0   2413      0 
 20260916    15:30:02       0    107     65      -     60      5      0      0      0      0   6500   1890      0      0   2166    154      0      -      -      0   4147      1 
 20260916    15:30:03       0    141     64      -     46      5      0      0      0      0   6500   1905      0      0   2166    154      0      -      -      0   1857      0 
 20260916    15:30:04       0     62     62      -      1      1      0      0      0      0   6500   1905      0      0   2166    154      0      -      -      0   3383      0 
 20260916    15:30:05       0     69     63      -     45      5      0      0      0      0   6500   1905      0      0   2166    154      0      -      -      0  12144   1450 
 20260916    15:30:06       0     63     62      -      1      2      0      0      0      0   6500   1905      0      0   2166    154      0      -      -      0   3196      0 
 20260916    15:30:07       0     62     62      -      1      1      0      0      0      0   6500   1905      0      0   2166    154      0      -      -      0   2325      0 
 20260916    15:30:08       0     65     62      -     72      5      0      0      0      0   6500   1905      0      0   2166    154      0      -      -      0   1965      0 
 20260916    15:30:09       0     62     62      -      1      1      0      0      0      0   6500   1905      0      0   2166    154      0      -      -      0   2839      1 
 20260916    15:30:10       0     62     62      -      1      1      0      0      0      0   6500   1905      0      0   2166    154      0      -      -      0   1961      0 
 20260916    15:30:11       0     62     62      -     97      8      0      0      0      0   6500   1905      0      0   2166    154      0      -      -      0   1325      0 
 20260916    15:30:13       0     62     62      -      1      1      0      0      0      0   6500   1905      0      0   2166    154      0      -      -      0   1330      0 
 20260916    15:30:14       0     62     62      -      1      1      0      0      0      0   6500   1905      0      0   2166    154      0      -      -      0   3358      0 
 20260916    15:30:15       0    141     65      -    100     13      0      0      0      0   6500   1905      0      0   2166    154      0      -      -      0      4    934 
 20260916    15:30:16       0     97     64      -     34      5      0      0      0      0   6500   1905      0      0   2166    154      0      -      -      0   2072      4 
 20260916    15:30:17       0    100     64      -     32      5      0      0      0      0   6500   1905      0      0   2166    154      0      -      -      0      1      0 
 20260916    15:30:18       0    139     66      -    100     10      0      0      0      0   6500   1905      0      0   2166    154      0      -      -      0      0      0 
 20260916    15:30:19       0    113     64      -     43      6      0      0      0      0   6500   1905      0      0   2166    154      0      -      -      0      0      0 
 20260916    15:30:20       0     93     64      -     61      4      0      0      0      0   6500   1905      0      0   2166    154      0      -      -      0      0      0 
 20260916    15:30:21       0     66     63      -    100     11      0      0      0      0   6500   1905      0      0   2166    154      0      -      -      0   2891      1 
 20260916    15:30:22       0     63     63      -      1      1      0      0      0      0   6500   1905      0      0   2166    154      0      -      -      0   2257      0 
 20260916    15:30:23       0     62     63      -      1      1      0      0      0      0   6500   1905      0      0   2166    154      0      -      -      0   3283      0 
 20260916    15:30:24       0     62     63      -     64      5      0      0      0      0   6500   1905      0      0   2166    154      0      -      -      0   3242      0 
 20260916    15:30:25       0     62     63      -      1      1      0      0      0      0   6500   1905      0      0   2166    154      0      -      -      0   3078      0 
#Date        Time         gpu    pwr  gtemp  mtemp     sm    mem    enc    dec    jpg    ofa   mclk   pclk  pviol  tviol     fb   bar1   ccpm  sbecc  dbecc    pci  rxpci  txpci 
#YYYYMMDD    HH:MM:SS     Idx      W      C      C      %      %      %      %      %      %    MHz    MHz      %   bool     MB     MB     MB   errs   errs   errs   MB/s   MB/s 
 20260916    15:30:26       0     62     63      -      1      1      0      0      0      0   6500   1905      0      0   2166    154      0      -      -      0   3886      1 
 20260916    15:30:27       0     63     63      -     30      3      0      0      0      0   6500   1905      0      0   2166    154      0      -      -      0   3262      0 
 20260916    15:30:28       0     63     63      -      1      2      0      0      0      0   6500   1905      0      0   2166    154      0      -      -      0  12452   1385 
 20260916    15:30:30       0     62     63      -      1      1      0      0      0      0   6500   1905      0      0   2166    154      0      -      -      0   2188      0 
 20260916    15:30:31       0     63     63      -      1      1      0      0      0      0   6500   1905      0      0   2166    154      0      -      -      0   1958      3 
 20260916    15:30:32       0     82     65      -      1      1      0      0      0      0   6500   1905      0      0   2166    154      0      -      -      0      1      0 
 20260916    15:30:33       0    139     65      -    100      7      0      0      0      0   6500   1905      0      0   2166    154      0      -      -      0   2930      0 
 20260916    15:30:34       0    109     64      -     62      4      0      0      0      0   6500   1905      0      0   2166    154      0      -      -      0    275      0 
 20260916    15:30:35       0    120     64      -     42      4      0      0      0      0   6500   1905      0      0   2166    154      0      -      -      0      0      0 
 20260916    15:30:36       0    141     66      -    100     11      0      0      0      0   6500   1905      0      0   2166    154      0      -      -      0   8055      0 
 20260916    15:30:37       0     99     66      -     32      5      0      0      0      0   6500   1905      0      0   2166    154      0      -      -      0   1398      0 
 20260916    15:30:38       0    100     65      -     33      5      0      0      0      0   6500   1905      0      0   2166    154      0      -      -      0    593      2 
 20260916    15:30:39       0     63     64      -      1      1      0      0      0      0   6500   1905      0      0   2166    154      0      -      -      0   3048      0 
 20260916    15:30:40       0     63     64      -     28      3      0      0      0      0   6500   1905      0      0   2166    154      0      -      -      0   3606      0 
 20260916    15:30:41       0     63     64      -      1      1      0      0      0      0   6500   1905      0      0   2166    154      0      -      -      0   2285      0 
 20260916    15:30:42       0     63     63      -      1      1      0      0      0      0   6500   1905      0      0   2166    154      0      -      -      0   3295      1 
 20260916    15:30:43       0     63     63      -     83      6      0      0      0      0   6500   1905      0      0   2166    154      0      -      -      0   2464      1 
 20260916    15:30:44       0     62     63      -      1      1      0      0      0      0   6500   1905      0      0   2166    154      0      -      -      0   1678    147 
 20260916    15:30:45       0     63     63      -      1      1      0      0      0      0   6500   1905      0      0   2166    154      0      -      -      0   3323      1 
 20260916    15:30:47       0     63     63      -     32      3      0      0      0      0   6500   1905      0      0   2166    154      0      -      -      0   3244      0 
 20260916    15:30:48       0     66     63      -     10      3      0      0      0      0   6500   1905      0      0   2166    154      0      -      -      0  12225   1450 
 20260916    15:30:49       0     63     63      -      1      1      0      0      0      0   6500   1905      0      0   2166    154      0      -      -      0   2100      0 
 20260916    15:30:50       0    137     66      -    100     12      0      0      0      0   6500   1905      0      0   2166    154      0      -      -      0      0      1 
 20260916    15:30:51       0    107     65      -     39      7      0      0      0      0   6500   1905      0      0   2166    154      0      -      -      0      0      2 
 20260916    15:30:52       0    126     65      -     63      7      0      0      0      0   6500   1905      0      0   2166    154      0      -      -      0      0      2 
 20260916    15:30:53       0    117     65      -     41      5      0      0      0      0   6500   1905      0      0   2166    154      0      -      -      0    285     61 
 20260916    15:30:54       0     63     64      -      1      1      0      0      0      0   6500   1905      0      0   2166    154      0      -      -      0   2324      0 
 20260916    15:30:55       0     63     64      -      1      1      0      0      0      0   6500   1905      0      0   2166    154      0      -      -      0   3377      1 
 20260916    15:30:56       0     67     64      -      1      1      0      0      0      0   6500   1905      0      0   2166    154      0      -      -      0  12645   1418 
 20260916    15:30:57       0     63     63      -      1      1      0      0      0      0   6500   1905      0      0   2166    154      0      -      -      0   3222      0 
 20260916    15:30:58       0     64     63      -      1      1      0      0      0      0   6500   1905      0      0   2166    154      0      -      -      0   2603      0 
 20260916    15:30:59       0     63     64      -      1      1      0      0      0      0   6500   1905      0      0   2166    154      0      -      -      0  12370   1453 
 20260916    15:31:00       0     63     63      -      1      1      0      0      0      0   6500   1905      0      0   2166    154      0      -      -      0   2283      0 
 20260916    15:31:01       0     63     63      -      1      1      0      0      0      0   6500   1905      0      0   2166    154      0      -      -      0   1506      0 
 20260916    15:31:03       0     70     63      -     99      7      0      0      0      0   6500   1905      0      0   2166    154      0      -      -      0   2964      0 
 20260916    15:31:04       0     63     63      -      1      1      0      0      0      0   6500   1905      0      0   2166    154      0      -      -      0   2492      0 
 20260916    15:31:05       0     48     62      -      0      0      0      0      0      0   6500   1620      0      0   2166    154      0      -      -      0      0      0 
 20260916    15:31:06       0     48     62      -      0      0      0      0      0      0   6500   1620      0      0   2166    154      0      -      -      0      0      4 
 20260916    15:31:07       0     48     62      -      0      0      0      0      0      0   6500   1620      0      0   2166    154      0      -      -      0   3005   1343 
 20260916    15:31:08       0     63     63      -      3      1      0      0      0      0   6500   1905      0      0   2166    154      0      -      -      0   1958      0 
 20260916    15:31:09       0     63     63      -      1      1      0      0      0      0   6500   1905      0      0   2166    154      0      -      -      0   3331      1 
 20260916    15:31:10       0     66     63      -      1      1      0      0      0      0   6500   1905      0      0   2166    154      0      -      -      0  12525   1416 
 20260916    15:31:11       0     63     62      -      1      1      0      0      0      0   6500   1905      0      0   2166    154      0      -      -      0   3257      0 
 20260916    15:31:12       0     62     62      -      1      1      0      0      0      0   6500   1905      0      0   2166    154      0      -      -      0   2699      1 
#Date        Time         gpu    pwr  gtemp  mtemp     sm    mem    enc    dec    jpg    ofa   mclk   pclk  pviol  tviol     fb   bar1   ccpm  sbecc  dbecc    pci  rxpci  txpci 
#YYYYMMDD    HH:MM:SS     Idx      W      C      C      %      %      %      %      %      %    MHz    MHz      %   bool     MB     MB     MB   errs   errs   errs   MB/s   MB/s 
 20260916    15:31:13       0     63     62      -      1      1      0      0      0      0   6500   1905      0      0   2166    154      0      -      -      0  12114   1452 
 20260916    15:31:14       0     63     62      -      1      1      0      0      0      0   6500   1905      0      0   2166    154      0      -      -      0   1430      0 
 20260916    15:31:15       0     63     62      -      1      1      0      0      0      0   6500   1905      0      0   2166    154      0      -      -      0   3120      0 
 20260916    15:31:16       0     62     62      -      1      1      0      0      0      0   6500   1905      0      0   2166    154      0      -      -      0  12505   1402 
 20260916    15:31:17       0     62     62      -      1      1      0      0      0      0   6500   1905      0      0   2166    154      0      -      -      0   1418      0 
 20260916    15:31:18       0     62     62      -      3      1      0      0      0      0   6500   1905      0      0   2166    154      0      -      -      0   3297      0 
 20260916    15:31:20       0     83     63      -     19      3      0      0      0      0   6500   1905      0      0   2166    154      0      -      -      0      6      0 
 20260916    15:31:21       0    144     65      -    100      8      0      0      0      0   6500   1905      0      0   2166    154      0      -      -      0   1312      0 
 20260916    15:31:22       0    146     65      -    100      6      0      0      0      0   6500   1905      0      0   2166    154      0      -      -      0      1      3 
 20260916    15:31:23       0    116     64      -     64      6      0      0      0      0   6500   1905      0      0   2166    154      0      -      -      0     81      0 
 20260916    15:31:24       0    128     65      -     64      6      0      0      0      0   6500   1905      0      0   2166    154      0      -      -      0      0      4 
 20260916    15:31:25       0    152     66      -     71      6      0      0      0      0   6500   1905      0      0   2166    154      0      -      -      0   2403      1 
 20260916    15:31:26       0     69     64      -    100     11      0      0      0      0   6500   1905      0      0   2166    154      0      -      -      0   1933      0 
 20260916    15:31:27       0     63     63      -      1      1      0      0      0      0   6500   1905      0      0   2166    154      0      -      -      0   2199      0 
 20260916    15:31:28       0     63     63      -      1      1      0      0      0      0   6500   1905      0      0   2166    154      0      -      -      0   2208      0 
 20260916    15:31:29       0     64     63      -    100      7      0      0      0      0   6500   1905      0      0   2166    154      0      -      -      0   1662      0 
 20260916    15:31:30       0     63     63      -      1      1      0      0      0      0   6500   1905      0      0   2166    154      0      -      -      0   3315      1 
 20260916    15:31:31       0     64     63      -      1      1      0      0      0      0   6500   1905      0      0   2166    154      0      -      -      0   1276      1 
 20260916    15:31:32       0     63     63      -     62      5      0      0      0      0   6500   1905      0      0   2166    154      0      -      -      0   1731      1 
 20260916    15:31:33       0     63     63      -      1      1      0      0      0      0   6500   1905      0      0   2166    154      0      -      -      0   1380      0 
 20260916    15:31:34       0     63     63      -      1      1      0      0      0      0   6500   1905      0      0   2166    154      0      -      -      0   2085      0 
 20260916    15:31:35       0     63     63      -     27      3      0      0      0      0   6500   1905      0      0   2166    154      0      -      -      0   2235      0 
 20260916    15:31:37       0     63     63      -      1      1      0      0      0      0   6500   1905      0      0   2166    154      0      -      -      0      0      0 
 20260916    15:31:38       0    129     66      -    100      8      0      0      0      0   6500   1890      0      0   2166    154      0      -      -      0      0      0 
 20260916    15:31:39       0    118     67      -     49      7      0      0      0      0   6500   1815      0      0   2166    154      0      -      -      0   4144      1 
 20260916    15:31:40       0    118     65      -     60      6      0      0      0      0   6500   1905      0      0   2166    154      0      -      -      0      2      6 
 20260916    15:31:41       0    136     65      -     55     11      0      0      0      0   6500   1890      0      0   2166    154      0      -      -      0      1      1 
 20260916    15:31:42       0    114     66      -    100      5      0      0      0      0   6500   1905      0      0   2166    154      0      -      -      0   7769     25 
 20260916    15:31:43       0     90     65      -     22      2      0      0      0      0   6500   1905      0      0   2166    154      0      -      -      0   3038      1 
 20260916    15:31:44       0     64     64      -    100      7      0      0      0      0   6500   1905      0      0   2166    154      0      -      -      0   1901      4 
 20260916    15:31:45       0     63     64      -      1      1      0      0      0      0   6500   1905      0      0   2166    154      0      -      -      0   3185      0 
 20260916    15:31:46       0     63     64      -      1      1      0      0      0      0   6500   1905      0      0   2166    154      0      -      -      0   3467      1 
 20260916    15:31:47       0     63     64      -     47      4      0      0      0      0   6500   1905      0      0   2166    154      0      -      -      0   1943      0 
 20260916    15:31:48       0     63     63      -      1      1      0      0      0      0   6500   1905      0      0   2166    154      0      -      -      0  12544   1405 
 20260916    15:31:49       0     63     63      -      1      1      0      0      0      0   6500   1905      0      0   2166    154      0      -      -      0   3296      0 
 20260916    15:31:50       0     63     63      -      1      1      0      0      0      0   6500   1905      0      0   2166    154      0      -      -      0   3042      0 
 20260916    15:31:51       0     63     63      -      1      1      0      0      0      0   6500   1905      0      0   2166    154      0      -      -      0  12052   1445 
 20260916    15:31:52       0     63     63      -      1      1      0      0      0      0   6500   1905      0      0   2166    154      0      -      -      0   2608      1 
 20260916    15:31:54       0     63     63      -      1      1      0      0      0      0   6500   1905      0      0   2166    154      0      -      -      0   3435      1 
 20260916    15:31:55       0    131     65      -      1      1      0      0      0      0   6500   1905      0      0   2166    154      0      -      -      0   3955    469 
 20260916    15:31:56       0     85     65      -     18      4      0      0      0      0   6500   1905      0      0   2166    154      0      -      -      0   2159      0 
 20260916    15:31:57       0    115     65      -     43      6      0      0      0      0   6500   1905      0      0   2166    154      0      -      -      0   2752    607 
 20260916    15:31:58       0    136     66      -    100     10      0      0      0      0   6500   1905      0      0   2166    154      0      -      -      0   5008    346 
 20260916    15:31:59       0    125     65      -     47      4      0      0      0      0   6500   1905      0      0   2166    154      0      -      -      0   3503      0 
#Date        Time         gpu    pwr  gtemp  mtemp     sm    mem    enc    dec    jpg    ofa   mclk   pclk  pviol  tviol     fb   bar1   ccpm  sbecc  dbecc    pci  rxpci  txpci 
#YYYYMMDD    HH:MM:SS     Idx      W      C      C      %      %      %      %      %      %    MHz    MHz      %   bool     MB     MB     MB   errs   errs   errs   MB/s   MB/s 
 20260916    15:32:00       0    111     67      -     44      8      0      0      0      0   6500   1905      0      0   2166    154      0      -      -      0   1400      0 
 20260916    15:32:01       0     63     64      -     16      2      0      0      0      0   6500   1905      0      0   2166    154      0      -      -      0   1841      0 
 20260916    15:32:02       0     63     64      -      1      1      0      0      0      0   6500   1905      0      0   2166    154      0      -      -      0  12481   1402 
 20260916    15:32:03       0     64     64      -      1      1      0      0      0      0   6500   1905      0      0   2166    154      0      -      -      0   2945      0 
 20260916    15:32:04       0     63     64      -      1      1      0      0      0      0   6500   1905      0      0   2166    154      0      -      -      0   2421      0 
 20260916    15:32:05       0     68     64      -      1      1      0      0      0      0   6500   1905      0      0   2166    154      0      -      -      0  12052   1450 
 20260916    15:32:06       0     63     64      -      1      1      0      0      0      0   6500   1905      0      0   2166    154      0      -      -      0   1977      0 
 20260916    15:32:07       0     63     64      -      1      1      0      0      0      0   6500   1905      0      0   2166    154      0      -      -      0   1970      0 
 20260916    15:32:08       0     69     64      -     35      4      0      0      0      0   6500   1905      0      0   2166    154      0      -      -      0   3162      0 
 20260916    15:32:09       0     64     63      -      1      1      0      0      0      0   6500   1905      0      0   2166    154      0      -      -      0   3224      0 
 20260916    15:32:11       0     63     63      -      1      1      0      0      0      0   6500   1905      0      0   2166    154      0      -      -      0   3329      0 
 20260916    15:32:12       0    153     65      -     76      5      0      0      0      0   6500   1905      0      0   2166    154      0      -      -      0     10      0 
 20260916    15:32:13       0    137     66      -    100     10      0      0      0      0   6500   1905      0      0   2166    154      0      -      -      0     12      1 
 20260916    15:32:14       0     89     65      -     40      6      0      0      0      0   6500   1905      0      0   2166    154      0      -      -      0      2      0 
 20260916    15:32:15       0    125     66      -     68      7      0      0      0      0   6500   1905      0      0   2166    154      0      -      -      0      5      1 
 20260916    15:32:16       0    138     66      -    100      8      0      0      0      0   6500   1905      0      0   2166    154      0      -      -      0      0    596 
 20260916    15:32:17       0    109     67      -     65      8      0      0      0      0   6500   1905      0      0   2166    154      0      -      -      0   1807      0 
 20260916    15:32:18       0    125     65      -     69      8      0      0      0      0   6500   1905      0      0   2166    154      0      -      -      0      4      0 
 20260916    15:32:19       0    113     67      -     50      6      0      0      0      0   6500   1905      0      0   2166    154      0      -      -      0   2582      1 
 20260916    15:32:20       0     65     65      -      1      1      0      0      0      0   6500   1905      0      0   2166    154      0      -      -      0   1621      5 
 20260916    15:32:21       0     64     64      -     41      4      0      0      0      0   6500   1905      0      0   2166    154      0      -      -      0   1930      0 
 20260916    15:32:22       0     64     64      -      1      1      0      0      0      0   6500   1905      0      0   2166    154      0      -      -      0   2190      0 
 20260916    15:32:23       0     64     64      -      1      1      0      0      0      0   6500   1905      0      0   2166    154      0      -      -      0   3510      1 
 20260916    15:32:24       0     65     64      -     24      2      0      0      0      0   6500   1905      0      0   2166    154      0      -      -      0   3140      0 
 20260916    15:32:25       0     63     64      -      1      1      0      0      0      0   6500   1905      0      0   2166    154      0      -      -      0   3009      0 
 20260916    15:32:26       0     64     64      -      1      1      0      0      0      0   6500   1905      0      0   2166    154      0      -      -      0   1376      0 
 20260916    15:32:28       0     63     64      -     50      4      0      0      0      0   6500   1905      0      0   2166    154      0      -      -      0   2091      0 
 20260916    15:32:29       0     63     64      -      1      1      0      0      0      0   6500   1905      0      0   2166    154      0      -      -      0  12268   1458 
 20260916    15:32:30       0     64     64      -      1      1      0      0      0      0   6500   1905      0      0   2166    154      0      -      -      0   3366      0 
 20260916    15:32:31       0    142     68      -    100     11      0      0      0      0   6500   1905      0      0   2166    154      0      -      -      0      0      0 
 20260916    15:32:32       0    124     65      -     51      7      0      0      0      0   6500   1905      0      0   2166    154      0      -      -      0    906      0 
 20260916    15:32:33       0    116     67      -     50      7      0      0      0      0   6500   1905      0      0   2166    154      0      -      -      0   2123      0 
 20260916    15:32:34       0    130     66      -     40      6      0      0      0      0   6500   1905      0      0   2166    154      0      -      -      0      1      0 
 20260916    15:32:35       0     63     65      -      1      1      0      0      0      0   6500   1905      0      0   2166    154      0      -      -      0   1879      0 
 20260916    15:32:36       0     69     64      -     85      7      0      0      0      0   6500   1905      0      0   2166    154      0      -      -      0   1861      0 
 20260916    15:32:37       0     64     64      -      1      1      0      0      0      0   6500   1905      0      0   2166    154      0      -      -      0   3294      0 
 20260916    15:32:38       0     64     64      -      1      1      0      0      0      0   6500   1905      0      0   2166    154      0      -      -      0   2510      0 
 20260916    15:32:39       0     66     64      -     83      6      0      0      0      0   6500   1905      0      0   2166    154      0      -      -      0   1377      1 
 20260916    15:32:40       0     64     64      -      1      1      0      0      0      0   6500   1905      0      0   2166    154      0      -      -      0   3142      0 
 20260916    15:32:41       0     63     64      -      1      1      0      0      0      0   6500   1905      0      0   2166    154      0      -      -      0   1962      0 
 20260916    15:32:42       0     63     64      -     34      3      0      0      0      0   6500   1905      0      0   2166    154      0      -      -      0   2628      0 
 20260916    15:32:43       0     63     64      -      1      1      0      0      0      0   6500   1905      0      0   2166    154      0      -      -      0   3267      0 
 20260916    15:32:45       0     63     64      -      1      1      0      0      0      0   6500   1905      0      0   2166    154      0      -      -      0   2720      0 
 20260916    15:32:46       0     60     63      -      0      0      0      0      0      0   6500   1620      0      0   2166    154      0      -      -      0      0      0 
#Date        Time         gpu    pwr  gtemp  mtemp     sm    mem    enc    dec    jpg    ofa   mclk   pclk  pviol  tviol     fb   bar1   ccpm  sbecc  dbecc    pci  rxpci  txpci 
#YYYYMMDD    HH:MM:SS     Idx      W      C      C      %      %      %      %      %      %    MHz    MHz      %   bool     MB     MB     MB   errs   errs   errs   MB/s   MB/s 
 20260916    15:32:47       0     48     62      -      0      0      0      0      0      0   6500   1620      0      0   2166    154      0      -      -      0      0      0 
 20260916    15:32:48       0     48     62      -      0      0      0      0      0      0   6500   1620      0      0   2166    154      0      -      -      0      0      0 
 20260916    15:32:49       0     48     62      -     11      0      0      0      0      0   6500   1620      0      0   1210    154      0      -      -      0      1      0 
