#Date        Time         gpu    pwr  gtemp  mtemp     sm    mem    enc    dec    jpg    ofa   mclk   pclk  pviol  tviol     fb   bar1   ccpm  sbecc  dbecc    pci  rxpci  txpci 
#YYYYMMDD    HH:MM:SS     Idx      W      C      C      %      %      %      %      %      %    MHz    MHz      %   bool     MB     MB     MB   errs   errs   errs   MB/s   MB/s 
 20260916    15:53:39       0      7     56      -      0      0      0      0      0      0    405    300      0      0     15      5      0      -      -      0      0      0 
 20260916    15:53:40       0      8     56      -      0      0      0      0      0      0    405    300      0      0     15      5      0      -      -      0      0      0 
 20260916    15:53:41       0      9     55      -      0      0      0      0      0      0    405    300      0      0     15      5      0      -      -      0      0      0 
 20260916    15:53:42       0      7     55      -      0      0      0      0      0      0    405    300      0      0     15      5      0      -      -      0      0      0 
 20260916    15:53:43       0      7     55      -      0      0      0      0      0      0    405    300      0      0     15      5      0      -      -      0      0      0 
 20260916    15:53:44       0      9     55      -      0      0      0      0      0      0    405    300      0      0     15      5      0      -      -      0      0      0 
 20260916    15:53:45       0      7     55      -      1      0      0      0      0      0    405    300      0      0     15      5      0      -      -      0      0      0 
 20260916    15:53:46       0      7     54      -      0      0      0      0      0      0    405    300      0      0     15      5      0      -      -      0      1      0 
 20260916    15:53:47       0      8     54      -      0      0      0      0      0      0    405    300      0      0     15      5      0      -      -      0      0      1 
 20260916    15:53:49       0      7     54      -      0      0      0      0      0      0    405    300      0      0     15      5      0      -      -      0      0      1 
 20260916    15:53:50       0     32     55      -      0      0      0      0      0      0   6500   1620      0      0    134      7      0      -      -      0      0      1 
 20260916    15:53:51       0     49     56      -      3      0      0      0      0      0   6500   1620      0      0    214      7      0      -      -      0      4      0 
 20260916    15:53:52       0     45     56      -     28      1      0      0      0      0   6500   1620      0      0    998      7      0      -      -      0      7   1230 
 20260916    15:53:53       0     45     56      -      0      0      0      0      0      0   6500   1620      0      0   1000      7      0      -      -      0      1      0 
 20260916    15:53:54       0     45     56      -      3      0      0      0      0      0   6500   1620      0      0   1000      7      0      -      -      0      0      0 
 20260916    15:53:55       0     45     56      -      0      0      0      0      0      0   6500   1620      0      0   1000      7      0      -      -      0      4      0 
 20260916    15:53:56       0     60     57      -     72      3      0      0      0      0   6500   1920      0      0   1000      7      0      -      -      0   5507   7620 
 20260916    15:53:57       0     58     57      -      0      0      0      0      0      0   6500   1920      0      0    964      7      0      -      -      0      0      0 
 20260916    15:53:58       0     45     56      -      0      0      0      0      0      0   6500   1620      0      0    964      7      0      -      -      0      0      0 
 20260916    15:53:59       0     53     57      -      0      0      0      0      0      0   6500   1620      0      0   1680    154      0      -      -      0   2016    936 
 20260916    15:54:00       0    109     59      -     22     15      0      0      0      0   6500   1860      0      0   1680    154      0      -      -      0   2928      5 
 20260916    15:54:01       0     57     58      -     12      5      0      0      0      0   6500   1905      0      0   1682    154      0      -      -      0      0      0 
 20260916    15:54:02       0     46     57      -      0      0      0      0      0      0   6500   1620      0      0   1842    154      0      -      -      0      1      0 
 20260916    15:54:03       0     46     56      -      0      0      0      0      0      0   6500   1620      0      0   1842    154      0      -      -      0      1      0 
 20260916    15:54:05       0     46     56      -      6      0      0      0      0      0   6500   1620      0      0   1858    154      0      -      -      0      2      0 
 20260916    15:54:06       0     61     57      -      1      1      0      0      0      0   6500   1905      0      0   1860    154      0      -      -      0   2200      0 
 20260916    15:54:07       0    102     58      -      1      1      0      0      0      0   6500   1905      0      0   2160    154      0      -      -      0      0      0 
 20260916    15:54:08       0    149     59      -     52      1      0      0      0      0   6500   1890      0      0   2504    154      0      -      -      0      1      0 
 20260916    15:54:09       0    144     60      -    100     13      0      0      0      0   6500   1905      0      0   2504    154      0      -      -      0      1      5 
 20260916    15:54:10       0    142     61      -     54      6      0      0      0      0   6500   1845      0      0   2504    154      0      -      -      0   1392      1 
 20260916    15:54:11       0    110     60      -     64      7      0      0      0      0   6500   1905      0      0   2504    154      0      -      -      0     13      1 
 20260916    15:54:12       0    125     60      -     58      6      0      0      0      0   6500   1890      0      0   2504    154      0      -      -      0      1      1 
 20260916    15:54:13       0    100     60      -     72      7      0      0      0      0   6500   1890      0      0   2504    154      0      -      -      0      0      1 
 20260916    15:54:14       0     85     60      -     44      3      0      0      0      0   6500   1905      0      0   2504    154      0      -      -      0      2      1 
 20260916    15:54:15       0     78     60      -     24      2      0      0      0      0   6500   1905      0      0   2504    154      0      -      -      0   2351      0 
 20260916    15:54:16       0     60     59      -      1      1      0      0      0      0   6500   1905      0      0   2504    154      0      -      -      0   3502      0 
 20260916    15:54:17       0     66     59      -     40      5      0      0      0      0   6500   1905      0      0   2504    154      0      -      -      0   1921      0 
 20260916    15:54:18       0     60     59      -      1      1      0      0      0      0   6500   1905      0      0   2504    154      0      -      -      0   3131      0 
 20260916    15:54:19       0     59     59      -      1      1      0      0      0      0   6500   1905      0      0   2504    154      0      -      -      0   2252      0 
 20260916    15:54:21       0     66     59      -     53      5      0      0      0      0   6500   1905      0      0   2504    154      0      -      -      0   3080      1 
 20260916    15:54:22       0     59     59      -      1      1      0      0      0      0   6500   1905      0      0   2504    154      0      -      -      0   1874      0 
 20260916    15:54:23       0     60     59      -      1      1      0      0      0      0   6500   1905      0      0   2504    154      0      -      -      0   3097      0 
 20260916    15:54:24       0     66     59      -     62      6      0      0      0      0   6500   1905      0      0   2504    154      0      -      -      0   2259      0 
 20260916    15:54:25       0     60     59      -      1      1      0      0      0      0   6500   1905      0      0   2504    154      0      -      -      0   3065      0 
#Date        Time         gpu    pwr  gtemp  mtemp     sm    mem    enc    dec    jpg    ofa   mclk   pclk  pviol  tviol     fb   bar1   ccpm  sbecc  dbecc    pci  rxpci  txpci 
#YYYYMMDD    HH:MM:SS     Idx      W      C      C      %      %      %      %      %      %    MHz    MHz      %   bool     MB     MB     MB   errs   errs   errs   MB/s   MB/s 
 20260916    15:54:26       0     59     59      -      1      1      0      0      0      0   6500   1905      0      0   2504    154      0      -      -      0   2288      0 
 20260916    15:54:27       0    132     61      -     65      6      0      0      0      0   6500   1905      0      0   2504    154      0      -      -      0   4839    365 
 20260916    15:54:28       0    132     62      -    100     10      0      0      0      0   6500   1905      0      0   2504    154      0      -      -      0    495      0 
 20260916    15:54:29       0     98     61      -     53      6      0      0      0      0   6500   1905      0      0   2504    154      0      -      -      0   3016      5 
 20260916    15:54:30       0    120     61      -     64      5      0      0      0      0   6500   1905      0      0   2504    154      0      -      -      0      2      0 
 20260916    15:54:31       0    149     63      -    100      7      0      0      0      0   6500   1905      0      0   2504    154      0      -      -      0      1      0 
 20260916    15:54:32       0    119     62      -     63      6      0      0      0      0   6500   1905      0      0   2504    154      0      -      -      0   2774      0 
 20260916    15:54:33       0     96     62      -     57      4      0      0      0      0   6500   1905      0      0   2504    154      0      -      -      0   3284      0 
 20260916    15:54:34       0    105     62      -     38      4      0      0      0      0   6500   1905      0      0   2504    154      0      -      -      0   1715     89 
 20260916    15:54:35       0     61     61      -      1      1      0      0      0      0   6500   1905      0      0   2504    154      0      -      -      0   3068      0 
 20260916    15:54:36       0     60     61      -     10      2      0      0      0      0   6500   1905      0      0   2504    154      0      -      -      0   3484      0 
 20260916    15:54:38       0     60     61      -      1      1      0      0      0      0   6500   1905      0      0   2504    154      0      -      -      0   3364      1 
 20260916    15:54:39       0     60     61      -      1      1      0      0      0      0   6500   1905      0      0   2504    154      0      -      -      0   1958      0 
 20260916    15:54:40       0     61     61      -    100      7      0      0      0      0   6500   1905      0      0   2504    154      0      -      -      0   3336      1 
 20260916    15:54:41       0     61     61      -      1      1      0      0      0      0   6500   1905      0      0   2504    154      0      -      -      0   1524      0 
 20260916    15:54:42       0     60     61      -      1      1      0      0      0      0   6500   1905      0      0   2504    154      0      -      -      0   1378      0 
 20260916    15:54:43       0     67     61      -     19      3      0      0      0      0   6500   1905      0      0   2504    154      0      -      -      0   2100      0 
 20260916    15:54:44       0     61     61      -      1      1      0      0      0      0   6500   1905      0      0   2504    154      0      -      -      0   3251      0 
 20260916    15:54:45       0     60     61      -      1      1      0      0      0      0   6500   1905      0      0   2504    154      0      -      -      0   2220      0 
 20260916    15:54:46       0    123     62      -      1      1      0      0      0      0   6500   1905      0      0   2504    154      0      -      -      0   8056    609 
 20260916    15:54:47       0     80     61      -     16      3      0      0      0      0   6500   1905      0      0   2504    154      0      -      -      0   2579      0 
 20260916    15:54:48       0    141     63      -     83      8      0      0      0      0   6500   1905      0      0   2504    154      0      -      -      0      1      2 
 20260916    15:54:49       0    138     64      -    100     11      0      0      0      0   6500   1905      0      0   2504    154      0      -      -      0      1      0 
 20260916    15:54:50       0    118     63      -     50      5      0      0      0      0   6500   1905      0      0   2504    154      0      -      -      0   3106      0 
 20260916    15:54:51       0    137     63      -     72      7      0      0      0      0   6500   1905      0      0   2504    154      0      -      -      0      1      0 
 20260916    15:54:52       0    140     63      -     74      8      0      0      0      0   6500   1905      0      0   2504    154      0      -      -      0  12184   1450 
 20260916    15:54:53       0     61     62      -      1      1      0      0      0      0   6500   1905      0      0   2504    154      0      -      -      0   1399      1 
 20260916    15:54:55       0     61     62      -      1      1      0      0      0      0   6500   1905      0      0   2504    154      0      -      -      0   2046      0 
 20260916    15:54:56       0     68     62      -     34      4      0      0      0      0   6500   1905      0      0   2504    154      0      -      -      0  12518   1410 
 20260916    15:54:57       0     61     62      -      1      1      0      0      0      0   6500   1905      0      0   2504    154      0      -      -      0   2960      4 
 20260916    15:54:58       0     61     62      -      1      1      0      0      0      0   6500   1905      0      0   2504    154      0      -      -      0   2572      0 
 20260916    15:54:59       0     67     62      -     45      5      0      0      0      0   6500   1905      0      0   2504    154      0      -      -      0  12099   1456 
 20260916    15:55:00       0     61     62      -      1      1      0      0      0      0   6500   1905      0      0   2504    154      0      -      -      0   3210      0 
 20260916    15:55:01       0     61     62      -      1      1      0      0      0      0   6500   1905      0      0   2504    154      0      -      -      0   1971      0 
 20260916    15:55:02       0     67     62      -     50      5      0      0      0      0   6500   1905      0      0   2504    154      0      -      -      0  12502   1412 
 20260916    15:55:03       0     60     62      -      1      1      0      0      0      0   6500   1905      0      0   2504    154      0      -      -      0   1752      0 
 20260916    15:55:04       0    150     64      -    100     12      0      0      0      0   6500   1905      0      0   2504    154      0      -      -      0      6      5 
 20260916    15:55:05       0     96     63      -     32      5      0      0      0      0   6500   1905      0      0   2504    154      0      -      -      0   1663      0 
 20260916    15:55:06       0    104     66      -    100     10      0      0      0      0   6500   1905      0      0   2504    154      0      -      -      0      0      1 
 20260916    15:55:07       0    137     65      -    100      8      0      0      0      0   6500   1905      0      0   2504    154      0      -      -      0    404    880 
 20260916    15:55:08       0    129     64      -     59      5      0      0      0      0   6500   1905      0      0   2504    154      0      -      -      0   3121      0 
 20260916    15:55:09       0    105     64      -     38      6      0      0      0      0   6500   1905      0      0   2504    154      0      -      -      0   2158      0 
 20260916    15:55:11       0     63     63      -     49      4      0      0      0      0   6500   1905      0      0   2504    154      0      -      -      0   3220      0 
 20260916    15:55:12       0     62     63      -      1      1      0      0      0      0   6500   1905      0      0   2504    154      0      -      -      0   3089    934 
#Date        Time         gpu    pwr  gtemp  mtemp     sm    mem    enc    dec    jpg    ofa   mclk   pclk  pviol  tviol     fb   bar1   ccpm  sbecc  dbecc    pci  rxpci  txpci 
#YYYYMMDD    HH:MM:SS     Idx      W      C      C      %      %      %      %      %      %    MHz    MHz      %   bool     MB     MB     MB   errs   errs   errs   MB/s   MB/s 
 20260916    15:55:13       0     62     63      -      1      1      0      0      0      0   6500   1905      0      0   2504    154      0      -      -      0   2318      0 
 20260916    15:55:14       0    142     65      -    100      6      0      0      0      0   6500   1905      0      0   2504    154      0      -      -      0      0      1 
 20260916    15:55:15       0    121     64      -     87      9      0      0      0      0   6500   1905      0      0   2504    154      0      -      -      0      0      0 
 20260916    15:55:16       0    120     65      -     66      6      0      0      0      0   6500   1905      0      0   2504    154      0      -      -      0   3376      1 
 20260916    15:55:17       0    104     64      -     43      4      0      0      0      0   6500   1890      0      0   2504    154      0      -      -      0    715      0 
 20260916    15:55:18       0     61     63      -      1      1      0      0      0      0   6500   1890      0      0   2504    154      0      -      -      0   2038      0 
 20260916    15:55:19       0     64     63      -     33      3      0      0      0      0   6500   1890      0      0   2504    154      0      -      -      0   2227      0 
 20260916    15:55:20       0     62     63      -      1      1      0      0      0      0   6500   1890      0      0   2504    154      0      -      -      0   1543      0 
 20260916    15:55:21       0     61     63      -      1      1      0      0      0      0   6500   1890      0      0   2504    154      0      -      -      0   2178      1 
 20260916    15:55:22       0     64     63      -     78      7      0      0      0      0   6500   1890      0      0   2504    154      0      -      -      0   2747      0 
 20260916    15:55:23       0     61     63      -      1      1      0      0      0      0   6500   1890      0      0   2504    154      0      -      -      0   2016      1 
 20260916    15:55:24       0     82     64      -     22      3      0      0      0      0   6500   1890      0      0   2504    154      0      -      -      0   3103      0 
 20260916    15:55:25       0     82     64      -     22      2      0      0      0      0   6500   1890      0      0   2504    154      0      -      -      0   2882      1 
 20260916    15:55:26       0     61     63      -      1      1      0      0      0      0   6500   1890      0      0   2504    154      0      -      -      0   2166      0 
 20260916    15:55:28       0     77     63      -     68      6      0      0      0      0   6500   1890      0      0   2504    154      0      -      -      0   8439      0 
 20260916    15:55:29       0     63     63      -      4      1      0      0      0      0   6500   1890      0      0   2504    154      0      -      -      0   3064      1 
 20260916    15:55:30       0     60     63      -      1      1      0      0      0      0   6500   1890      0      0   2504    154      0      -      -      0   2325      1 
 20260916    15:55:31       0    147     65      -     59      8      0      0      0      0   6500   1890      0      0   2504    154      0      -      -      0      6    935 
 20260916    15:55:32       0     97     64      -     33      5      0      0      0      0   6500   1890      0      0   2504    154      0      -      -      0   1681      5 
 20260916    15:55:33       0     98     65      -     41      5      0      0      0      0   6500   1890      0      0   2504    154      0      -      -      0   2927      1 
 20260916    15:55:34       0     61     63      -      1      1      0      0      0      0   6500   1890      0      0   2504    154      0      -      -      0   3324      0 
 20260916    15:55:35       0     68     63      -     57      5      0      0      0      0   6500   1890      0      0   2504    154      0      -      -      0   2408      0 
 20260916    15:55:36       0     61     63      -      1      1      0      0      0      0   6500   1890      0      0   2504    154      0      -      -      0   3212      0 
 20260916    15:55:37       0     62     63      -      1      1      0      0      0      0   6500   1890      0      0   2504    154      0      -      -      0   1677      0 
 20260916    15:55:38       0     67     63      -     63      6      0      0      0      0   6500   1890      0      0   2504    154      0      -      -      0   3285      0 
 20260916    15:55:39       0     61     63      -      1      1      0      0      0      0   6500   1890      0      0   2504    154      0      -      -      0   2575      0 
 20260916    15:55:40       0    146     65      -    100     10      0      0      0      0   6500   1890      0      0   2504    154      0      -      -      0      3      1 
 20260916    15:55:41       0    106     65      -     55      4      0      0      0      0   6500   1890      0      0   2504    154      0      -      -      0      1      0 
 20260916    15:55:42       0    121     65      -     47      8      0      0      0      0   6500   1890      0      0   2504    154      0      -      -      0   1392      1 
 20260916    15:55:43       0     87     65      -     57      5      0      0      0      0   6500   1890      0      0   2504    154      0      -      -      0  12176   1458 
 20260916    15:55:45       0     61     63      -      1      1      0      0      0      0   6500   1890      0      0   2504    154      0      -      -      0   1440      0 
 20260916    15:55:46       0     61     63      -      2      1      0      0      0      0   6500   1890      0      0   2504    154      0      -      -      0   1371      0 
 20260916    15:55:47       0     61     63      -      1      1      0      0      0      0   6500   1890      0      0   2504    154      0      -      -      0   3235   1447 
 20260916    15:55:48       0     62     63      -      1      1      0      0      0      0   6500   1890      0      0   2504    154      0      -      -      0   2204      0 
 20260916    15:55:49       0     61     63      -     15      2      0      0      0      0   6500   1890      0      0   2504    154      0      -      -      0   3090      1 
 20260916    15:55:50       0     60     63      -      1      1      0      0      0      0   6500   1890      0      0   2504    154      0      -      -      0   1330      0 
 20260916    15:55:51       0     62     63      -      1      1      0      0      0      0   6500   1890      0      0   2504    154      0      -      -      0   2085      0 
 20260916    15:55:52       0     61     63      -     35      3      0      0      0      0   6500   1890      0      0   2504    154      0      -      -      0   1393      0 
 20260916    15:55:53       0     61     63      -      1      1      0      0      0      0   6500   1890      0      0   2504    154      0      -      -      0   1390      0 
 20260916    15:55:54       0     60     63      -      1      1      0      0      0      0   6500   1890      0      0   2504    154      0      -      -      0   3016      0 
 20260916    15:55:55       0     59     63      -      0      0      0      0      0      0   6500   1890      0      0   2504    154      0      -      -      0      0      0 
 20260916    15:55:56       0     48     62      -      0      0      0      0      0      0   6500   1620      0      0   2504    154      0      -      -      0      0      0 
 20260916    15:55:57       0     48     62      -      0      0      0      0      0      0   6500   1620      0      0   2504    154      0      -      -      0      0      5 
 20260916    15:55:58       0     61     62      -      3      1      0      0      0      0   6500   1890      0      0   2504    154      0      -      -      0   2018      0 
#Date        Time         gpu    pwr  gtemp  mtemp     sm    mem    enc    dec    jpg    ofa   mclk   pclk  pviol  tviol     fb   bar1   ccpm  sbecc  dbecc    pci  rxpci  txpci 
#YYYYMMDD    HH:MM:SS     Idx      W      C      C      %      %      %      %      %      %    MHz    MHz      %   bool     MB     MB     MB   errs   errs   errs   MB/s   MB/s 
 20260916    15:55:59       0     62     62      -      3      1      0      0      0      0   6500   1890      0      0   2504    154      0      -      -      0   2150      0 
 20260916    15:56:01       0     60     62      -      1      1      0      0      0      0   6500   1890      0      0   2504    154      0      -      -      0   1913      1 
 20260916    15:56:02       0     61     62      -      1      1      0      0      0      0   6500   1890      0      0   2504    154      0      -      -      0   3121      0 
 20260916    15:56:03       0     61     62      -      1      1      0      0      0      0   6500   1890      0      0   2504    154      0      -      -      0  12551   1406 
 20260916    15:56:04       0     60     62      -      1      1      0      0      0      0   6500   1890      0      0   2504    154      0      -      -      0   2748      1 
 20260916    15:56:05       0     60     62      -      1      1      0      0      0      0   6500   1890      0      0   2504    154      0      -      -      0   3299      0 
 20260916    15:56:06       0     61     62      -      1      1      0      0      0      0   6500   1890      0      0   2504    154      0      -      -      0   2084      0 
 20260916    15:56:07       0     60     62      -      1      1      0      0      0      0   6500   1890      0      0   2504    154      0      -      -      0   2105      4 
 20260916    15:56:08       0     60     62      -     63      5      0      0      0      0   6500   1890      0      0   2504    154      0      -      -      0   2731      0 
 20260916    15:56:09       0     61     62      -      1      1      0      0      0      0   6500   1890      0      0   2504    154      0      -      -      0  12558   1402 
 20260916    15:56:10       0     61     62      -      1      1      0      0      0      0   6500   1890      0      0   2504    154      0      -      -      0   2064      0 
 20260916    15:56:11       0    140     65      -    100     10      0      0      0      0   6500   1890      0      0   2504    154      0      -      -      0      0    719 
 20260916    15:56:12       0    102     64      -     40      5      0      0      0      0   6500   1890      0      0   2504    154      0      -      -      0   2619      0 
 20260916    15:56:13       0     98     64      -     42      5      0      0      0      0   6500   1890      0      0   2504    154      0      -      -      0   1372      0 
 20260916    15:56:14       0     60     62      -      0      1      0      0      0      0   6500   1890      0      0   2504    154      0      -      -      0   3253      0 
 20260916    15:56:15       0     82     63      -    100      7      0      0      0      0   6500   1890      0      0   2506    154      0      -      -      0   3709      0 
 20260916    15:56:16       0     67     62      -      5      1      0      0      0      0   6500   1890      0      0   2506    154      0      -      -      0   2554      0 
 20260916    15:56:18       0     60     62      -      1      1      0      0      0      0   6500   1890      0      0   2506    154      0      -      -      0   1980      0 
 20260916    15:56:19       0     68     62      -      1      1      0      0      0      0   6500   1890      0      0   2506    154      0      -      -      0  11987   1447 
 20260916    15:56:20       0     60     62      -      1      1      0      0      0      0   6500   1890      0      0   2506    154      0      -      -      0   2541      0 
 20260916    15:56:21       0     60     62      -      1      1      0      0      0      0   6500   1890      0      0   2506    154      0      -      -      0   1995      0 
 20260916    15:56:22       0     67     62      -      1      1      0      0      0      0   6500   1890      0      0   2506    154      0      -      -      0  12441   1389 
 20260916    15:56:23       0     61     62      -      1      1      0      0      0      0   6500   1890      0      0   2506    154      0      -      -      0   1889      0 
 20260916    15:56:24       0     60     62      -      1      1      0      0      0      0   6500   1890      0      0   2506    154      0      -      -      0   2853      0 
 20260916    15:56:25       0     66     62      -     29      4      0      0      0      0   6500   1890      0      0   2506    154      0      -      -      0   5656      0 
 20260916    15:56:26       0     60     62      -      1      1      0      0      0      0   6500   1890      0      0   2506    154      0      -      -      0   2004      0 
 20260916    15:56:27       0     61     62      -      1      1      0      0      0      0   6500   1890      0      0   2506    154      0      -      -      0   3264      0 
 20260916    15:56:28       0    119     64      -     30      6      0      0      0      0   6500   1890      0      0   2506    154      0      -      -      0   1298    335 
 20260916    15:56:29       0    107     63      -     34      7      0      0      0      0   6500   1890      0      0   2506    154      0      -      -      0   1752      3 
 20260916    15:56:30       0    101     63      -     35      7      0      0      0      0   6500   1890      0      0   2506    154      0      -      -      0   1960      0 
 20260916    15:56:31       0     63     62      -      4      1      0      0      0      0   6500   1890      0      0   2506    154      0      -      -      0   3820      0 
 20260916    15:56:32       0     70     62      -      6      1      0      0      0      0   6500   1890      0      0   2506    154      0      -      -      0  12593   1416 
 20260916    15:56:33       0     61     62      -      1      1      0      0      0      0   6500   1890      0      0   2506    154      0      -      -      0   2248      0 
 20260916    15:56:35       0     61     62      -      1      1      0      0      0      0   6500   1890      0      0   2506    154      0      -      -      0   2082      0 
 20260916    15:56:36       0     67     62      -      1      1      0      0      0      0   6500   1890      0      0   2506    154      0      -      -      0  12143   1456 
 20260916    15:56:37       0     60     62      -      1      1      0      0      0      0   6500   1890      0      0   2506    154      0      -      -      0   2025      0 
 20260916    15:56:38       0     60     62      -      1      1      0      0      0      0   6500   1890      0      0   2506    154      0      -      -      0   1230      1 
 20260916    15:56:39       0     60     62      -      1      1      0      0      0      0   6500   1890      0      0   2506    154      0      -      -      0  12051   1453 
 20260916    15:56:40       0     60     62      -      1      1      0      0      0      0   6500   1890      0      0   2506    154      0      -      -      0   3204      1 
 20260916    15:56:41       0     60     62      -      1      1      0      0      0      0   6500   1890      0      0   2506    154      0      -      -      0   1174      0 
 20260916    15:56:42       0     61     62      -      1      1      0      0      0      0   6500   1890      0      0   2506    154      0      -      -      0  12558   1402 
 20260916    15:56:43       0     60     62      -      1      1      0      0      0      0   6500   1890      0      0   2506    154      0      -      -      0   1364      0 
 20260916    15:56:44       0    142     65      -    100     13      0      0      0      0   6500   1890      0      0   2506    154      0      -      -      0     69    918 
 20260916    15:56:45       0     89     64      -     30      5      0      0      0      0   6500   1890      0      0   2506    154      0      -      -      0   1532      0 
#Date        Time         gpu    pwr  gtemp  mtemp     sm    mem    enc    dec    jpg    ofa   mclk   pclk  pviol  tviol     fb   bar1   ccpm  sbecc  dbecc    pci  rxpci  txpci 
#YYYYMMDD    HH:MM:SS     Idx      W      C      C      %      %      %      %      %      %    MHz    MHz      %   bool     MB     MB     MB   errs   errs   errs   MB/s   MB/s 
 20260916    15:56:46       0     69     62      -    100      7      0      0      0      0   6500   1890      0      0   2506    154      0      -      -      0   2000      0 
 20260916    15:56:47       0     62     62      -      5      1      0      0      0      0   6500   1890      0      0   2506    154      0      -      -      0   2126      0 
 20260916    15:56:48       0     61     62      -      1      1      0      0      0      0   6500   1890      0      0   2506    154      0      -      -      0   3266      0 
 20260916    15:56:49       0     66     62      -     95      8      0      0      0      0   6500   1890      0      0   2506    154      0      -      -      0   1971      0 
 20260916    15:56:50       0     60     62      -      1      1      0      0      0      0   6500   1890      0      0   2506    154      0      -      -      0   2362      0 
 20260916    15:56:52       0     61     62      -      1      1      0      0      0      0   6500   1890      0      0   2506    154      0      -      -      0   3233      0 
 20260916    15:56:53       0     66     62      -     70      6      0      0      0      0   6500   1890      0      0   2506    154      0      -      -      0   3739      0 
 20260916    15:56:54       0     60     62      -      1      1      0      0      0      0   6500   1890      0      0   2506    154      0      -      -      0   3223      0 
 20260916    15:56:55       0     60     62      -      1      1      0      0      0      0   6500   1890      0      0   2506    154      0      -      -      0   3274      0 
 20260916    15:56:56       0     62     62      -     84      6      0      0      0      0   6500   1890      0      0   2506    154      0      -      -      0   3325      0 
 20260916    15:56:57       0     60     62      -      1      1      0      0      0      0   6500   1890      0      0   2506    154      0      -      -      0   1383      0 
 20260916    15:56:58       0     60     61      -      1      1      0      0      0      0   6500   1890      0      0   2506    154      0      -      -      0   2009      0 
 20260916    15:56:59       0    141     64      -    100     12      0      0      0      0   6500   1890      0      0   2506    154      0      -      -      0      4    936 
 20260916    15:57:00       0    101     64      -     44      7      0      0      0      0   6500   1890      0      0   2506    154      0      -      -      0   2097      4 
 20260916    15:57:01       0    109     63      -     33      6      0      0      0      0   6500   1890      0      0   2506    154      0      -      -      0    962      0 
 20260916    15:57:02       0     63     62      -      7      1      0      0      0      0   6500   1890      0      0   2506    154      0      -      -      0   2024      0 
 20260916    15:57:03       0     68     62      -     22      3      0      0      0      0   6500   1890      0      0   2506    154      0      -      -      0  12565   1410 
 20260916    15:57:04       0     60     62      -      1      1      0      0      0      0   6500   1890      0      0   2506    154      0      -      -      0   3386      1 
 20260916    15:57:05       0     60     62      -      1      1      0      0      0      0   6500   1890      0      0   2506    154      0      -      -      0   4137      1 
 20260916    15:57:06       0     66     62      -     47      5      0      0      0      0   6500   1890      0      0   2506    154      0      -      -      0  12562    366 
 20260916    15:57:08       0     60     62      -      1      1      0      0      0      0   6500   1890      0      0   2506    154      0      -      -      0   3259      4 
 20260916    15:57:09       0     61     62      -      1      1      0      0      0      0   6500   1890      0      0   2506    154      0      -      -      0   1082      0 
 20260916    15:57:10       0     66     62      -     55      6      0      0      0      0   6500   1890      0      0   2506    154      0      -      -      0  12112    483 
 20260916    15:57:11       0     61     62      -      1      1      0      0      0      0   6500   1890      0      0   2506    154      0      -      -      0   2200      0 
 20260916    15:57:12       0     60     62      -      1      1      0      0      0      0   6500   1890      0      0   2506    154      0      -      -      0   1785      0 
 20260916    15:57:13       0     66     62      -    100      8      0      0      0      0   6500   1890      0      0   2506    154      0      -      -      0   3392      0 
 20260916    15:57:14       0     61     61      -      1      1      0      0      0      0   6500   1890      0      0   2506    154      0      -      -      0   1373      0 
 20260916    15:57:15       0     87     62      -     72     11      0      0      0      0   6500   1890      0      0   2506    154      0      -      -      0   3326      2 
 20260916    15:57:16       0     84     62      -     21      4      0      0      0      0   6500   1890      0      0   2506    154      0      -      -      0   2689      2 
 20260916    15:57:17       0     64     62      -      5      1      0      0      0      0   6500   1890      0      0   2506    154      0      -      -      0   1276      1 
 20260916    15:57:18       0     64     62      -      3      1      0      0      0      0   6500   1890      0      0   2506    154      0      -      -      0   1663    179 
 20260916    15:57:19       0     61     62      -      1      1      0      0      0      0   6500   1890      0      0   2506    154      0      -      -      0   2845      0 
 20260916    15:57:20       0     61     62      -      1      1      0      0      0      0   6500   1890      0      0   2506    154      0      -      -      0   3102      0 
 20260916    15:57:21       0     60     62      -      1      1      0      0      0      0   6500   1890      0      0   2506    154      0      -      -      0  12141   1454 
 20260916    15:57:22       0     60     62      -      1      1      0      0      0      0   6500   1890      0      0   2506    154      0      -      -      0   1395      0 
 20260916    15:57:23       0     61     61      -     55      5      0      0      0      0   6500   1890      0      0   2506    154      0      -      -      0   2845      0 
 20260916    15:57:24       0     60     61      -      1      1      0      0      0      0   6500   1890      0      0   2506    154      0      -      -      0   2814    935 
 20260916    15:57:25       0     60     61      -      1      1      0      0      0      0   6500   1890      0      0   2506    154      0      -      -      0   3111      0 
 20260916    15:57:27       0     60     61      -     24      3      0      0      0      0   6500   1905      0      0   2506    154      0      -      -      0   3243      0 
 20260916    15:57:28       0     60     61      -      1      1      0      0      0      0   6500   1905      0      0   2506    154      0      -      -      0   3480      0 
 20260916    15:57:29       0     61     61      -      1      1      0      0      0      0   6500   1905      0      0   2506    154      0      -      -      0   2086      0 
 20260916    15:57:30       0     55     61      -      0      0      0      0      0      0   6500   1620      0      0   2506    154      0      -      -      0      0      0 
 20260916    15:57:31       0     47     60      -      0      0      0      0      0      0   6500   1620      0      0   2506    154      0      -      -      0      0      0 
 20260916    15:57:32       0     47     60      -      0      0      0      0      0      0   6500   1620      0      0   2506    154      0      -      -      0      0      0 
#Date        Time         gpu    pwr  gtemp  mtemp     sm    mem    enc    dec    jpg    ofa   mclk   pclk  pviol  tviol     fb   bar1   ccpm  sbecc  dbecc    pci  rxpci  txpci 
#YYYYMMDD    HH:MM:SS     Idx      W      C      C      %      %      %      %      %      %    MHz    MHz      %   bool     MB     MB     MB   errs   errs   errs   MB/s   MB/s 
 20260916    15:57:33       0     48     60      -     13      2      0      0      0      0   6500   1620      0      0   1398    154      0      -      -      0      0      0 
 20260916    15:57:34       0     47     60      -      0      0      0      0      0      0   6500   1620      0      0   1038    154      0      -      -      0      0      0 
