#Date        Time         gpu    pwr  gtemp  mtemp     sm    mem    enc    dec    jpg    ofa   mclk   pclk  pviol  tviol     fb   bar1   ccpm  sbecc  dbecc    pci  rxpci  txpci 
#YYYYMMDD    HH:MM:SS     Idx      W      C      C      %      %      %      %      %      %    MHz    MHz      %   bool     MB     MB     MB   errs   errs   errs   MB/s   MB/s 
 20260919    02:59:34       0      8     63      -      0      0      0      0      0      0    405    300      0      0     15      5      0      -      -      0      1      1 
 20260919    02:59:35       0      8     62      -      0      0      0      0      0      0    405    300      0      0     15      5      0      -      -      0      1      1 
 20260919    02:59:36       0      8     62      -      0      0      0      0      0      0    405    300      0      0     15      5      0      -      -      0      0      0 
 20260919    02:59:38       0      7     61      -      0      0      0      0      0      0    405    300      0      0     15      5      0      -      -      0      0      0 
 20260919    02:59:39       0      8     61      -      1      0      0      0      0      0    405    300      0      0     15      5      0      -      -      0      0      0 
 20260919    02:59:40       0      7     61      -      0      0      0      0      0      0    405    300      0      0     15      5      0      -      -      0      0      0 
 20260919    02:59:41       0      7     60      -      0      0      0      0      0      0    405    300      0      0     15      5      0      -      -      0      0     12 
 20260919    02:59:42       0      8     60      -      0      0      0      0      0      0    405    300      0      0     15      5      0      -      -      0      0      0 
 20260919    02:59:43       0      8     60      -      0      0      0      0      0      0    405    300      0      0     15      5      0      -      -      0      0      0 
 20260919    02:59:44       0      8     59      -      0      0      0      0      0      0    405    300      0      0     15      5      0      -      -      0      0      0 
 20260919    02:59:45       0      8     59      -      0      0      0      0      0      0    405    300      0      0     15      5      0      -      -      0      0      0 
 20260919    02:59:46       0      7     59      -      0      0      0      0      0      0    405    300      0      0     15      5      0      -      -      0      0      0 
 20260919    02:59:47       0     11     58      -      0      0      0      0      0      0    405    300      0      0     18      5      0      -      -      0      0      0 
 20260919    02:59:49       0      7     58      -      0      0      0      0      0      0    405    300      0      0     18      5      0      -      -      0      0      0 
 20260919    02:59:50       0     47     59      -      0      0      0      0      0      0   6500   1620      0      0    134      7      0      -      -      0      0      0 
 20260919    02:59:51       0     47     59      -      0      0      0      0      0      0   6500   1620      0      0   5760      7      0      -      -      0      0      0 
 20260919    02:59:52       0     48     59      -     22      1      0      0      0      0   6500   1620      0      0   5760      7      0      -      -      0   6892    796 
 20260919    02:59:53       0     62     61      -     25      2      0      0      0      0   6500   1905      0      0   7790      7      0      -      -      0     29      8 
 20260919    02:59:54       0    218     65      -     71     42      0      0      0      0   6500   1875      0      0   6858      7      0      -      -      0     28      8 
 20260919    02:59:55       0    227     67      -    100     58      0      0      0      0   6500   1845      0      0   6858      7      0      -      -      0     25     12 
 20260919    02:59:56       0    226     67      -    100     54      0      0      0      0   6500   1860      0      0   6858      7      0      -      -      0     39      7 
 20260919    02:59:57       0     60     62      -      0      0      0      0      0      0   6500   1890      0      0   6870      7      0      -      -      0      0      0 
 20260919    02:59:58       0     60     61      -      0      0      0      0      0      0   6500   1620      0      0   9224      7      0      -      -      0      0      0 
 20260919    02:59:59       0     48     61      -      0      0      0      0      0      0   6500   1620      0      0   9224      7      0      -      -      0      0      0 
 20260919    03:00:00       0     48     61      -      0      0      0      0      0      0   6500   1620      0      0   9250      9      0      -      -      0     30     24 
 20260919    03:00:01       0     59     61      -      0      0      0      0      0      0   6500   1905      0      0   9240      7      0      -      -      0      0      0 
 20260919    03:00:02       0     59     61      -      0      0      0      0      0      0   6500   1905      0      0   9240      7      0      -      -      0      0      0 
 20260919    03:00:03       0     47     60      -      0      0      0      0      0      0   6500   1620      0      0   9240      7      0      -      -      0      0      0 
 20260919    03:00:04       0    118     63      -    100      0      0      0      0      0   6500   1905      0      0   9240      7      0      -      -      0      0      0 
 20260919    03:00:06       0    120     64      -    100      0      0      0      0      0   6500   1890      0      0   9240      7      0      -      -      0      4      0 
 20260919    03:00:07       0    120     64      -    100      0      0      0      0      0   6500   1890      0      0   9240      7      0      -      -      0      1      0 
 20260919    03:00:08       0    120     64      -    100      0      0      0      0      0   6500   1890      0      0   9240      7      0      -      -      0      0      0 
 20260919    03:00:09       0    120     65      -    100     13      0      0      0      0   6500   1890      0      0   9240      7      0      -      -      0      0      0 
 20260919    03:00:10       0    120     65      -    100      0      0      0      0      0   6500   1890      0      0   9240      7      0      -      -      0      0      0 
 20260919    03:00:11       0    119     65      -    100      0      0      0      0      0   6500   1890      0      0   9240      7      0      -      -      0      0      0 
 20260919    03:00:12       0    120     65      -    100     18      0      0      0      0   6500   1890      0      0   9240      7      0      -      -      0      0      0 
 20260919    03:00:13       0    117     66      -    100     22      0      0      0      0   6500   1890      0      0   9240      7      0      -      -      0      0      0 
 20260919    03:00:14       0    119     66      -    100      2      0      0      0      0   6500   1890      0      0   9240      7      0      -      -      0      0      0 
 20260919    03:00:15       0    115     66      -    100     22      0      0      0      0   6500   1890      0      0   9240      7      0      -      -      0      0      7 
 20260919    03:00:16       0    118     66      -    100     22      0      0      0      0   6500   1890      0      0   9240      7      0      -      -      0      0      0 
 20260919    03:00:17       0    131     67      -    100     18      0      0      0      0   6500   1890      0      0   9240      7      0      -      -      0      0      0 
 20260919    03:00:18       0    114     67      -    100     22      0      0      0      0   6500   1875      0      0   9240      7      0      -      -      0      1      0 
 20260919    03:00:19       0    188     67      -    100     22      0      0      0      0   6500   1875      0      0   9240      7      0      -      -      0      1      0 
 20260919    03:00:20       0    144     68      -    100     13      0      0      0      0   6500   1875      0      0   9240      7      0      -      -      0      0      0 
#Date        Time         gpu    pwr  gtemp  mtemp     sm    mem    enc    dec    jpg    ofa   mclk   pclk  pviol  tviol     fb   bar1   ccpm  sbecc  dbecc    pci  rxpci  txpci 
#YYYYMMDD    HH:MM:SS     Idx      W      C      C      %      %      %      %      %      %    MHz    MHz      %   bool     MB     MB     MB   errs   errs   errs   MB/s   MB/s 
 20260919    03:00:21       0    204     68      -    100      0      0      0      0      0   6500   1875      0      0   9240      7      0      -      -      0      0      0 
 20260919    03:00:22       0    202     70      -    100     19      0      0      0      0   6500   1830      0      0   9244     11      0      -      -      0    181     24 
 20260919    03:00:23       0    127     70      -    100      0      0      0      0      0   6500   1800      0      0   9244     11      0      -      -      0    178     25 
 20260919    03:00:25       0    124     71      -    100      0      0      0      0      0   6500   1800      0      0   9244     11      0      -      -      0    179     25 
 20260919    03:00:26       0    124     71      -    100      0      0      0      0      0   6500   1890      0      0   9244     11      0      -      -      0    165     33 
 20260919    03:00:27       0    124     69      -    100      0      0      0      0      0   6500   1890      0      0   9244     11      0      -      -      0    180     30 
 20260919    03:00:28       0    122     69      -    100      0      0      0      0      0   6500   1875      0      0   9244     11      0      -      -      0    173     30 
 20260919    03:00:29       0    121     69      -    100      0      0      0      0      0   6500   1875      0      0   9244     11      0      -      -      0    180     27 
 20260919    03:00:30       0    122     69      -    100      0      0      0      0      0   6500   1875      0      0   9244     11      0      -      -      0    180     24 
 20260919    03:00:31       0    121     69      -    100      0      0      0      0      0   6500   1875      0      0   9244     11      0      -      -      0    180     24 
 20260919    03:00:32       0    122     69      -    100      0      0      0      0      0   6500   1875      0      0   9244     11      0      -      -      0    181     24 
 20260919    03:00:33       0    120     70      -    100      0      0      0      0      0   6500   1875      0      0   9244     11      0      -      -      0    181     24 
 20260919    03:00:34       0    121     70      -    100     12      0      0      0      0   6500   1875      0      0   9244     11      0      -      -      0    181     24 
 20260919    03:00:35       0    120     70      -    100     21      0      0      0      0   6500   1875      0      0   9244     11      0      -      -      0    181     24 
 20260919    03:00:36       0    120     70      -    100      0      0      0      0      0   6500   1875      0      0   9244     11      0      -      -      0    189     24 
 20260919    03:00:37       0    117     70      -    100     18      0      0      0      0   6500   1875      0      0   9244     11      0      -      -      0    181     25 
 20260919    03:00:38       0    119     70      -    100     22      0      0      0      0   6500   1875      0      0   9244     11      0      -      -      0    181     25 
 20260919    03:00:39       0    124     71      -     95     16      0      0      0      0   6500   1875      0      0   9246     11      0      -      -      0    183     27 
 20260919    03:00:40       0    122     71      -    100      0      0      0      0      0   6500   1875      0      0   9246     11      0      -      -      0    183     27 
 20260919    03:00:41       0    120     71      -    100      1      0      0      0      0   6500   1875      0      0   9246     11      0      -      -      0    192     27 
 20260919    03:00:42       0    122     71      -    100     22      0      0      0      0   6500   1875      0      0   9246     11      0      -      -      0    196     27 
 20260919    03:00:43       0    119     71      -    100     22      0      0      0      0   6500   1875      0      0   9246     11      0      -      -      0    190     32 
 20260919    03:00:45       0    137     71      -    100     14      0      0      0      0   6500   1875      0      0   9246     11      0      -      -      0    182     44 
 20260919    03:00:46       0    117     71      -    100     22      0      0      0      0   6500   1875      0      0   9246     11      0      -      -      0    181     43 
 20260919    03:00:47       0    206     72      -    100     22      0      0      0      0   6500   1860      0      0   9246     11      0      -      -      0    182     35 
 20260919    03:00:48       0    174     72      -    100      3      0      0      0      0   6500   1860      0      0   9246     11      0      -      -      0    181     26 
 20260919    03:00:49       0    185     72      -    100      0      0      0      0      0   6500   1860      0      0   9246     11      0      -      -      0    182     26 
 20260919    03:00:50       0    205     74      -    100     18      0      0      0      0   6500   1815      0      0   9246     11      0      -      -      0    182     27 
 20260919    03:00:51       0    125     74      -    100      0      0      0      0      0   6500   1785      0      0   9246     11      0      -      -      0    179     26 
 20260919    03:00:52       0    144     74      -    100      0      0      0      0      0   6500   1830      0      0   9246     11      0      -      -      0    166     30 
 20260919    03:00:53       0    125     72      -    100      0      0      0      0      0   6500   1875      0      0   9246     11      0      -      -      0    174     33 
 20260919    03:00:54       0    125     72      -    100      0      0      0      0      0   6500   1875      0      0   9246     11      0      -      -      0    181     28 
 20260919    03:00:55       0    125     72      -    100      0      0      0      0      0   6500   1875      0      0   9246     11      0      -      -      0    183     26 
 20260919    03:00:56       0    124     72      -    100      0      0      0      0      0   6500   1875      0      0   9246     11      0      -      -      0    182     26 
 20260919    03:00:57       0    123     72      -    100     14      0      0      0      0   6500   1875      0      0   9246     11      0      -      -      0    182     30 
 20260919    03:00:58       0    120     72      -    100     22      0      0      0      0   6500   1875      0      0   9246     11      0      -      -      0    182     26 
 20260919    03:00:59       0    121     72      -    100      3      0      0      0      0   6500   1875      0      0   9246     11      0      -      -      0    182     26 
 20260919    03:01:00       0    117     73      -    100     22      0      0      0      0   6500   1875      0      0   9246     11      0      -      -      0    181     26 
 20260919    03:01:01       0    119     73      -    100     22      0      0      0      0   6500   1875      0      0   9246     11      0      -      -      0    182     26 
 20260919    03:01:02       0    146     73      -    100     10      0      0      0      0   6500   1860      0      0   9246     11      0      -      -      0    181     26 
 20260919    03:01:03       0    131     73      -    100     22      0      0      0      0   6500   1860      0      0   9246     11      0      -      -      0    182     26 
 20260919    03:01:05       0    213     73      -    100     21      0      0      0      0   6500   1860      0      0   9246     11      0      -      -      0    182     27 
 20260919    03:01:06       0    208     73      -    100      0      0      0      0      0   6500   1860      0      0   9246     11      0      -      -      0    208     32 
 20260919    03:01:07       0    163     74      -    100      0      0      0      0      0   6500   1815      0      0   9246     11      0      -      -      0    209     32 
#Date        Time         gpu    pwr  gtemp  mtemp     sm    mem    enc    dec    jpg    ofa   mclk   pclk  pviol  tviol     fb   bar1   ccpm  sbecc  dbecc    pci  rxpci  txpci 
#YYYYMMDD    HH:MM:SS     Idx      W      C      C      %      %      %      %      %      %    MHz    MHz      %   bool     MB     MB     MB   errs   errs   errs   MB/s   MB/s 
 20260919    03:01:08       0    188     76      -    100     12      0      0      0      0   6500   1800      0      0   9246     11      0      -      -      0    208     39 
 20260919    03:01:09       0    126     76      -    100      0      0      0      0      0   6500   1800      0      0   9246     11      0      -      -      0    194     36 
 20260919    03:01:10       0    126     73      -    100      0      0      0      0      0   6500   1875      0      0   9246     11      0      -      -      0    213     38 
 20260919    03:01:11       0    125     73      -    100      0      0      0      0      0   6500   1875      0      0   9246     11      0      -      -      0    207     38 
 20260919    03:01:12       0    126     73      -    100      0      0      0      0      0   6500   1875      0      0   9246     11      0      -      -      0    208     32 
 20260919    03:01:13       0    125     73      -    100      0      0      0      0      0   6500   1875      0      0   9246     11      0      -      -      0    209     32 
 20260919    03:01:14       0    149     74      -    100     47      0      0      0      0   6500   1875      0      0   9246     11      0      -      -      0    189     26 
 20260919    03:01:15       0    153     76      -    100      0      0      0      0      0   6500   1785      0      0   9246     11      0      -      -      0    190     26 
 20260919    03:01:16       0    127     76      -    100      9      0      0      0      0   6500   1785      0      0   9246     11      0      -      -      0    190     28 
 20260919    03:01:17       0    127     75      -    100      0      0      0      0      0   6500   1875      0      0   9246     11      0      -      -      0    197     31 
 20260919    03:01:18       0    125     73      -    100      0      0      0      0      0   6500   1875      0      0   9246     11      0      -      -      0    189     33 
 20260919    03:01:19       0    126     74      -    100      0      0      0      0      0   6500   1875      0      0   9246     11      0      -      -      0    189     26 
 20260919    03:01:20       0    125     74      -    100      0      0      0      0      0   6500   1875      0      0   9246     11      0      -      -      0    188     26 
 20260919    03:01:21       0    125     74      -    100      0      0      0      0      0   6500   1875      0      0   9246     11      0      -      -      0    189     26 
 20260919    03:01:22       0    122     74      -    100      0      0      0      0      0   6500   1860      0      0   9246     11      0      -      -      0    190     26 
 20260919    03:01:24       0    122     74      -    100     17      0      0      0      0   6500   1860      0      0   9246     11      0      -      -      0    189     26 
 20260919    03:01:25       0    120     74      -    100      0      0      0      0      0   6500   1860      0      0   9246     11      0      -      -      0    189     26 
 20260919    03:01:26       0    120     74      -    100      5      0      0      0      0   6500   1860      0      0   9246     11      0      -      -      0    189     26 
 20260919    03:01:27       0    115     74      -    100     22      0      0      0      0   6500   1860      0      0   9246     11      0      -      -      0    189     26 
 20260919    03:01:28       0    117     74      -    100     22      0      0      0      0   6500   1860      0      0   9246     11      0      -      -      0    189     26 
 20260919    03:01:29       0    194     74      -    100      0      0      0      0      0   6500   1845      0      0   9246     11      0      -      -      0    196     26 
 20260919    03:01:30       0    167     74      -    100     22      0      0      0      0   6500   1845      0      0   9246     11      0      -      -      0    189     26 
 20260919    03:01:31       0    184     75      -    100      9      0      0      0      0   6500   1830      0      0   9246     11      0      -      -      0    189     26 
 20260919    03:01:32       0    191     76      -    100      0      0      0      0      0   6500   1800      0      0   9246     11      0      -      -      0    189     26 
 20260919    03:01:33       0    125     76      -    100      0      0      0      0      0   6500   1785      0      0   9246     11      0      -      -      0    221   1158 
 20260919    03:01:34       0    125     74      -    100      0      0      0      0      0   6500   1860      0      0   9246     11      0      -      -      0    266    685 
 20260919    03:01:35       0    124     74      -    100      0      0      0      0      0   6500   1860      0      0   9246     11      0      -      -      0    189    562 
 20260919    03:01:36       0    124     74      -    100      0      0      0      0      0   6500   1860      0      0   9246     11      0      -      -      0    190     26 
 20260919    03:01:37       0    123     74      -    100      5      0      0      0      0   6500   1860      0      0   9246     11      0      -      -      0    189     26 
 20260919    03:01:38       0    122     74      -    100      0      0      0      0      0   6500   1860      0      0   9246     11      0      -      -      0    189     31 
 20260919    03:01:39       0    122     74      -    100      0      0      0      0      0   6500   1860      0      0   9246     11      0      -      -      0    193     26 
 20260919    03:01:40       0    121     74      -    100     24      0      0      0      0   6500   1860      0      0   9246     11      0      -      -      0    216     32 
 20260919    03:01:41       0    119     74      -    100     22      0      0      0      0   6500   1860      0      0   9246     11      0      -      -      0    216     32 
 20260919    03:01:42       0    151     74      -    100      6      0      0      0      0   6500   1860      0      0   9246     11      0      -      -      0    216     32 
 20260919    03:01:44       0    140     74      -    100     22      0      0      0      0   6500   1845      0      0   9246     11      0      -      -      0    216     32 
 20260919    03:01:45       0    199     74      -    100     17      0      0      0      0   6500   1845      0      0   9246     11      0      -      -      0    216     32 
 20260919    03:01:46       0    209     75      -    100      0      0      0      0      0   6500   1830      0      0   9246     11      0      -      -      0    216     32 
 20260919    03:01:47       0    125     77      -    100      0      0      0      0      0   6500   1800      0      0   9246     11      0      -      -      0    216     32 
 20260919    03:01:48       0    132     77      -    100      0      0      0      0      0   6500   1770      0      0   9246     11      0      -      -      0    215     34 
 20260919    03:01:49       0    125     75      -    100      0      0      0      0      0   6500   1860      0      0   9246     11      0      -      -      0    216     42 
 20260919    03:01:50       0    137     74      -    100     12      0      0      0      0   6500   1860      0      0   9246     11      0      -      -      0    184     24 
 20260919    03:01:51       0    206     74      -    100     22      0      0      0      0   6500   1845      0      0   9246     11      0      -      -      0    184     25 
 20260919    03:01:52       0    209     75      -    100     19      0      0      0      0   6500   1845      0      0   9246     11      0      -      -      0    184     24 
 20260919    03:01:53       0    125     76      -    100      0      0      0      0      0   6500   1830      0      0   9246     11      0      -      -      0    184     24 
#Date        Time         gpu    pwr  gtemp  mtemp     sm    mem    enc    dec    jpg    ofa   mclk   pclk  pviol  tviol     fb   bar1   ccpm  sbecc  dbecc    pci  rxpci  txpci 
#YYYYMMDD    HH:MM:SS     Idx      W      C      C      %      %      %      %      %      %    MHz    MHz      %   bool     MB     MB     MB   errs   errs   errs   MB/s   MB/s 
 20260919    03:01:54       0    144     77      -    100      0      0      0      0      0   6500   1800      0      0   9246     11      0      -      -      0    183     25 
 20260919    03:01:55       0    168     77      -    100      3      0      0      0      0   6500   1770      0      0   9246     11      0      -      -      0    184     29 
 20260919    03:01:56       0    125     75      -    100      0      0      0      0      0   6500   1860      0      0   9246     11      0      -      -      0    180     29 
 20260919    03:01:57       0    126     74      -    100      0      0      0      0      0   6500   1860      0      0   9246     11      0      -      -      0    183     30 
 20260919    03:01:58       0    124     74      -    100      0      0      0      0      0   6500   1860      0      0   9246     11      0      -      -      0    187     29 
 20260919    03:01:59       0    124     74      -    100      0      0      0      0      0   6500   1860      0      0   9246     11      0      -      -      0    184     24 
 20260919    03:02:00       0    123     74      -    100      0      0      0      0      0   6500   1860      0      0   9246     11      0      -      -      0    183     24 
 20260919    03:02:02       0    123     74      -    100      8      0      0      0      0   6500   1860      0      0   9246     11      0      -      -      0    183     24 
 20260919    03:02:03       0    122     74      -    100     22      0      0      0      0   6500   1860      0      0   9246     11      0      -      -      0    183     24 
 20260919    03:02:04       0    122     74      -    100      1      0      0      0      0   6500   1860      0      0   9246     11      0      -      -      0    184     24 
 20260919    03:02:05       0    118     74      -    100     22      0      0      0      0   6500   1860      0      0   9246     11      0      -      -      0    184     25 
 20260919    03:02:06       0    175     74      -    100     22      0      0      0      0   6500   1860      0      0   9246     11      0      -      -      0    183     24 
 20260919    03:02:07       0    155     74      -    100      5      0      0      0      0   6500   1845      0      0   9246     11      0      -      -      0    184     25 
 20260919    03:02:08       0    189     75      -    100     22      0      0      0      0   6500   1845      0      0   9246     11      0      -      -      0    183     24 
 20260919    03:02:09       0    196     75      -    100     13      0      0      0      0   6500   1830      0      0   9246     11      0      -      -      0    184     29 
 20260919    03:02:10       0    125     77      -    100      0      0      0      0      0   6500   1770      0      0   9246     11      0      -      -      0    365     25 
 20260919    03:02:11       0    126     77      -    100      0      0      0      0      0   6500   1860      0      0   9246     11      0      -      -      0    250    503 
 20260919    03:02:12       0    125     74      -    100      0      0      0      0      0   6500   1860      0      0   9246     11      0      -      -      0    257    566 
 20260919    03:02:13       0    125     74      -    100      0      0      0      0      0   6500   1860      0      0   9246     11      0      -      -      0    184     24 
 20260919    03:02:14       0    124     74      -    100      0      0      0      0      0   6500   1860      0      0   9246     11      0      -      -      0    183     24 
 20260919    03:02:15       0    124     74      -    100      3      0      0      0      0   6500   1860      0      0   9246     11      0      -      -      0    184     24 
 20260919    03:02:16       0    122     74      -    100      0      0      0      0      0   6500   1860      0      0   9246     11      0      -      -      0    216     32 
 20260919    03:02:17       0    123     74      -    100      0      0      0      0      0   6500   1860      0      0   9246     11      0      -      -      0    216     32 
 20260919    03:02:18       0    119     74      -    100     21      0      0      0      0   6500   1860      0      0   9246     11      0      -      -      0    220     38 
 20260919    03:02:19       0    119     74      -    100     22      0      0      0      0   6500   1860      0      0   9246     11      0      -      -      0    216     34 
 20260919    03:02:20       0    137     74      -    100     11      0      0      0      0   6500   1860      0      0   9246     11      0      -      -      0    216     32 
 20260919    03:02:22       0    125     75      -    100     22      0      0      0      0   6500   1860      0      0   9246     11      0      -      -      0    216     32 
 20260919    03:02:23       0    214     75      -    100     18      0      0      0      0   6500   1845      0      0   9246     11      0      -      -      0    216     32 
 20260919    03:02:24       0    210     75      -    100      0      0      0      0      0   6500   1845      0      0   9246     11      0      -      -      0    216     32 
 20260919    03:02:25       0    126     75      -    100      0      0      0      0      0   6500   1860      0      0   9246     11      0      -      -      0    183     24 
 20260919    03:02:26       0    120     74      -    100     15      0      0      0      0   6500   1860      0      0   9246     11      0      -      -      0    183     24 
 20260919    03:02:27       0    130     75      -    100     22      0      0      0      0   6500   1860      0      0   9246     11      0      -      -      0    184     24 
 20260919    03:02:28       0    116     75      -    100     18      0      0      0      0   6500   1860      0      0   9246     11      0      -      -      0    183     24 
 20260919    03:02:29       0    207     75      -    100     22      0      0      0      0   6500   1860      0      0   9246     11      0      -      -      0    188     24 
 20260919    03:02:30       0    198     75      -    100     22      0      0      0      0   6500   1845      0      0   9246     11      0      -      -      0    184     25 
 20260919    03:02:31       0    180     75      -    100      0      0      0      0      0   6500   1845      0      0   9246     11      0      -      -      0    184     24 
 20260919    03:02:32       0    179     75      -    100      0      0      0      0      0   6500   1830      0      0   9246     11      0      -      -      0    184     24 
 20260919    03:02:33       0    187     77      -    100      8      0      0      0      0   6500   1785      0      0   9246     11      0      -      -      0    184     25 
 20260919    03:02:34       0    125     77      -    100      0      0      0      0      0   6500   1800      0      0   9246     11      0      -      -      0    171     29 
 20260919    03:02:35       0    125     75      -    100      0      0      0      0      0   6500   1860      0      0   9246     11      0      -      -      0    185     31 
 20260919    03:02:36       0    124     75      -    100      0      0      0      0      0   6500   1860      0      0   9246     11      0      -      -      0    184     25 
 20260919    03:02:37       0    125     75      -    100      0      0      0      0      0   6500   1860      0      0   9246     11      0      -      -      0    184     29 
 20260919    03:02:38       0    124     75      -    100      0      0      0      0      0   6500   1860      0      0   9246     11      0      -      -      0    185     24 
 20260919    03:02:40       0    124     75      -    100      4      0      0      0      0   6500   1860      0      0   9246     11      0      -      -      0    184     24 
#Date        Time         gpu    pwr  gtemp  mtemp     sm    mem    enc    dec    jpg    ofa   mclk   pclk  pviol  tviol     fb   bar1   ccpm  sbecc  dbecc    pci  rxpci  txpci 
#YYYYMMDD    HH:MM:SS     Idx      W      C      C      %      %      %      %      %      %    MHz    MHz      %   bool     MB     MB     MB   errs   errs   errs   MB/s   MB/s 
 20260919    03:02:41       0    122     75      -    100     22      0      0      0      0   6500   1860      0      0   9246     11      0      -      -      0    183     24 
 20260919    03:02:42       0    119     75      -    100      0      0      0      0      0   6500   1860      0      0   9246     11      0      -      -      0    184     24 
 20260919    03:02:43       0    120     74      -    100     22      0      0      0      0   6500   1860      0      0   9246     11      0      -      -      0    188     24 
 20260919    03:02:44       0    152     75      -    100     22      0      0      0      0   6500   1860      0      0   9246     11      0      -      -      0    188     24 
 20260919    03:02:45       0    138     75      -    100      9      0      0      0      0   6500   1845      0      0   9246     11      0      -      -      0    188     24 
 20260919    03:02:46       0    200     75      -    100      0      0      0      0      0   6500   1845      0      0   9246     11      0      -      -      0    188     24 
 20260919    03:02:47       0    212     76      -    100     18      0      0      0      0   6500   1815      0      0   9246     11      0      -      -      0    187     24 
 20260919    03:02:48       0    126     77      -    100      0      0      0      0      0   6500   1785      0      0   9246     11      0      -      -      0    335     25 
 20260919    03:02:49       0    138     77      -    100      0      0      0      0      0   6500   1860      0      0   9246     11      0      -      -      0    260    329 
 20260919    03:02:50       0    125     75      -    100      0      0      0      0      0   6500   1860      0      0   9246     11      0      -      -      0    258    506 
 20260919    03:02:51       0    125     75      -    100      0      0      0      0      0   6500   1860      0      0   9246     11      0      -      -      0    214     30 
 20260919    03:02:52       0    124     75      -    100      0      0      0      0      0   6500   1860      0      0   9246     11      0      -      -      0    214     30 
 20260919    03:02:53       0    122     75      -    100      0      0      0      0      0   6500   1860      0      0   9246     11      0      -      -      0    215     30 
 20260919    03:02:54       0    123     75      -    100     22      0      0      0      0   6500   1860      0      0   9246     11      0      -      -      0    214     30 
 20260919    03:02:55       0    120     75      -    100      0      0      0      0      0   6500   1860      0      0   9246     11      0      -      -      0    214     30 
 20260919    03:02:56       0    120     75      -    100     15      0      0      0      0   6500   1860      0      0   9246     11      0      -      -      0    215     30 
 20260919    03:02:57       0    130     75      -    100     22      0      0      0      0   6500   1860      0      0   9246     11      0      -      -      0    214     30 
 20260919    03:02:58       0    117     75      -    100     17      0      0      0      0   6500   1860      0      0   9246     11      0      -      -      0    214     30 
 20260919    03:03:00       0    210     75      -    100      0      0      0      0      0   6500   1845      0      0   9246     11      0      -      -      0    914   5403 
 20260919    03:03:01       0    123     75      -    100      0      0      0      0      0   6500   1860      0      0   9246     11      0      -      -      0    189     26 
 20260919    03:03:02       0    120     75      -    100     22      0      0      0      0   6500   1860      0      0   9246     11      0      -      -      0    189     26 
 20260919    03:03:03       0    121     75      -    100     22      0      0      0      0   6500   1860      0      0   9246     11      0      -      -      0    189     26 
 20260919    03:03:04       0    137     75      -    100      8      0      0      0      0   6500   1860      0      0   9246     11      0      -      -      0    189     26 
 20260919    03:03:05       0    208     75      -    100     22      0      0      0      0   6500   1845      0      0   9246     11      0      -      -      0    190     27 
 20260919    03:03:06       0    210     75      -    100     18      0      0      0      0   6500   1845      0      0   9246     11      0      -      -      0    189     26 
 20260919    03:03:07       0    126     76      -    100      0      0      0      0      0   6500   1830      0      0   9246     11      0      -      -      0    189     26 
 20260919    03:03:08       0    142     77      -    100      0      0      0      0      0   6500   1770      0      0   9246     11      0      -      -      0    187     27 
 20260919    03:03:09       0    125     76      -    100      0      0      0      0      0   6500   1860      0      0   9246     11      0      -      -      0    188     30 
 20260919    03:03:10       0    126     75      -    100      0      0      0      0      0   6500   1860      0      0   9246     11      0      -      -      0    189     31 
 20260919    03:03:11       0    125     75      -    100      0      0      0      0      0   6500   1860      0      0   9246     11      0      -      -      0    194     26 
 20260919    03:03:12       0    124     75      -    100      0      0      0      0      0   6500   1860      0      0   9246     11      0      -      -      0    188     26 
 20260919    03:03:13       0    123     75      -    100     22      0      0      0      0   6500   1860      0      0   9246     11      0      -      -      0    189     26 
 20260919    03:03:14       0    123     75      -    100      0      0      0      0      0   6500   1860      0      0   9246     11      0      -      -      0    189     26 
 20260919    03:03:15       0    120     75      -    100     13      0      0      0      0   6500   1860      0      0   9246     11      0      -      -      0    189     26 
 20260919    03:03:16       0    122     75      -    100     22      0      0      0      0   6500   1860      0      0   9246     11      0      -      -      0    188     26 
 20260919    03:03:17       0    118     75      -    100     18      0      0      0      0   6500   1860      0      0   9246     11      0      -      -      0    182     26 
 20260919    03:03:18       0    208     75      -    100     22      0      0      0      0   6500   1860      0      0   9246     11      0      -      -      0    181     26 
 20260919    03:03:19       0    190     75      -    100     22      0      0      0      0   6500   1845      0      0   9246     11      0      -      -      0    182     26 
 20260919    03:03:21       0    162     75      -    100      0      0      0      0      0   6500   1830      0      0   9246     11      0      -      -      0    182     35 
 20260919    03:03:22       0    180     77      -    100      0      0      0      0      0   6500   1800      0      0   9246     11      0      -      -      0    183     26 
 20260919    03:03:23       0    126     77      -    100      7      0      0      0      0   6500   1800      0      0   9246     11      0      -      -      0    228   1278 
 20260919    03:03:24       0    126     75      -    100      0      0      0      0      0   6500   1860      0      0   9246     11      0      -      -      0    275    522 
 20260919    03:03:25       0    125     75      -    100      0      0      0      0      0   6500   1860      0      0   9246     11      0      -      -      0    181    264 
 20260919    03:03:26       0    125     75      -    100      0      0      0      0      0   6500   1860      0      0   9246     11      0      -      -      0    181     26 
#Date        Time         gpu    pwr  gtemp  mtemp     sm    mem    enc    dec    jpg    ofa   mclk   pclk  pviol  tviol     fb   bar1   ccpm  sbecc  dbecc    pci  rxpci  txpci 
#YYYYMMDD    HH:MM:SS     Idx      W      C      C      %      %      %      %      %      %    MHz    MHz      %   bool     MB     MB     MB   errs   errs   errs   MB/s   MB/s 
 20260919    03:03:27       0    124     75      -    100     16      0      0      0      0   6500   1860      0      0   9246     11      0      -      -      0    208     32 
 20260919    03:03:28       0    124     75      -    100      0      0      0      0      0   6500   1860      0      0   9246     11      0      -      -      0    208     33 
 20260919    03:03:29       0    122     75      -    100      7      0      0      0      0   6500   1860      0      0   9246     11      0      -      -      0    208     32 
 20260919    03:03:30       0    123     75      -    100     22      0      0      0      0   6500   1860      0      0   9246     11      0      -      -      0    210     32 
 20260919    03:03:31       0    118     75      -    100     21      0      0      0      0   6500   1860      0      0   9246     11      0      -      -      0    208     32 
 20260919    03:03:32       0    181     75      -    100     22      0      0      0      0   6500   1860      0      0   9246     11      0      -      -      0    212     32 
 20260919    03:03:33       0    158     75      -    100     22      0      0      0      0   6500   1845      0      0   9246     11      0      -      -      0    209     32 
 20260919    03:03:34       0    185     75      -    100      4      0      0      0      0   6500   1845      0      0   9246     11      0      -      -      0    207     32 
 20260919    03:03:35       0    126     75      -    100     32      0      0      0      0   6500   1860      0      0   9246     11      0      -      -      0    181     26 
 20260919    03:03:36       0    118     75      -    100      3      0      0      0      0   6500   1860      0      0   9246     11      0      -      -      0    181     26 
 20260919    03:03:37       0    119     75      -    100     22      0      0      0      0   6500   1860      0      0   9246     11      0      -      -      0    181     26 
 20260919    03:03:38       0    166     75      -    100     22      0      0      0      0   6500   1860      0      0   9246     11      0      -      -      0    181     26 
 20260919    03:03:39       0    148     75      -    100      2      0      0      0      0   6500   1845      0      0   9246     11      0      -      -      0    181     27 
 20260919    03:03:41       0    195     75      -    100     22      0      0      0      0   6500   1845      0      0   9246     11      0      -      -      0    181     26 
 20260919    03:03:42       0    203     76      -    100     12      0      0      0      0   6500   1815      0      0   9246     11      0      -      -      0    182     38 
 20260919    03:03:43       0    126     77      -    100      0      0      0      0      0   6500   1770      0      0   9246     11      0      -      -      0    181     27 
 20260919    03:03:44       0    126     77      -    100      0      0      0      0      0   6500   1860      0      0   9246     11      0      -      -      0    171     30 
 20260919    03:03:45       0    125     75      -    100      0      0      0      0      0   6500   1860      0      0   9246     11      0      -      -      0    184     34 
 20260919    03:03:46       0    126     75      -    100      0      0      0      0      0   6500   1860      0      0   9246     11      0      -      -      0    181     27 
 20260919    03:03:47       0    124     75      -    100      0      0      0      0      0   6500   1860      0      0   9246     11      0      -      -      0    181     26 
 20260919    03:03:48       0    124     75      -    100      2      0      0      0      0   6500   1860      0      0   9246     11      0      -      -      0    181     26 
 20260919    03:03:49       0    123     75      -    100      0      0      0      0      0   6500   1860      0      0   9246     11      0      -      -      0    181     26 
 20260919    03:03:50       0    124     75      -    100      0      0      0      0      0   6500   1860      0      0   9246     11      0      -      -      0    181     26 
 20260919    03:03:51       0    121     75      -    100     18      0      0      0      0   6500   1860      0      0   9246     11      0      -      -      0    181     26 
 20260919    03:03:52       0    122     75      -    100     22      0      0      0      0   6500   1860      0      0   9246     11      0      -      -      0    183     31 
 20260919    03:03:53       0    116     75      -    100     10      0      0      0      0   6500   1860      0      0   9246     11      0      -      -      0    178     26 
 20260919    03:03:54       0    117     75      -    100     22      0      0      0      0   6500   1860      0      0   9246     11      0      -      -      0    178     26 
 20260919    03:03:55       0    203     75      -    100     19      0      0      0      0   6500   1845      0      0   9246     11      0      -      -      0    178     26 
 20260919    03:03:56       0    186     75      -    100      0      0      0      0      0   6500   1845      0      0   9246     11      0      -      -      0    178     26 
 20260919    03:03:57       0    169     77      -    100      0      0      0      0      0   6500   1785      0      0   9246     11      0      -      -      0    178     26 
 20260919    03:03:58       0    126     77      -    100      1      0      0      0      0   6500   1770      0      0   9246     11      0      -      -      0    280    384 
 20260919    03:04:00       0    126     76      -    100      0      0      0      0      0   6500   1860      0      0   9246     11      0      -      -      0    254    506 
 20260919    03:04:01       0    125     75      -    100      0      0      0      0      0   6500   1860      0      0   9246     11      0      -      -      0    178    505 
 20260919    03:04:02       0    125     75      -    100      1      0      0      0      0   6500   1860      0      0   9246     11      0      -      -      0    204     37 
 20260919    03:04:03       0    124     75      -    100      0      0      0      0      0   6500   1860      0      0   9246     11      0      -      -      0    208     32 
 20260919    03:04:04       0    123     75      -    100      0      0      0      0      0   6500   1860      0      0   9246     11      0      -      -      0    204     32 
 20260919    03:04:05       0    121     75      -    100     13      0      0      0      0   6500   1860      0      0   9246     11      0      -      -      0    205     32 
 20260919    03:04:06       0    122     75      -    100     22      0      0      0      0   6500   1860      0      0   9246     11      0      -      -      0    205     32 
 20260919    03:04:07       0    117     75      -    100     18      0      0      0      0   6500   1860      0      0   9246     11      0      -      -      0    205     32 
 20260919    03:04:08       0    119     75      -    100     22      0      0      0      0   6500   1860      0      0   9246     11      0      -      -      0    204     32 
 20260919    03:04:09       0    172     75      -    100     22      0      0      0      0   6500   1845      0      0   9246     11      0      -      -      0    205     32 
 20260919    03:04:10       0    176     76      -    100      0      0      0      0      0   6500   1845      0      0   9246     11      0      -      -      0    962   4466 
 20260919    03:04:11       0    122     75      -    100     22      0      0      0      0   6500   1860      0      0   9246     11      0      -      -      0    181     26 
 20260919    03:04:12       0    117     75      -    100      6      0      0      0      0   6500   1860      0      0   9246     11      0      -      -      0    181     26 
#Date        Time         gpu    pwr  gtemp  mtemp     sm    mem    enc    dec    jpg    ofa   mclk   pclk  pviol  tviol     fb   bar1   ccpm  sbecc  dbecc    pci  rxpci  txpci 
#YYYYMMDD    HH:MM:SS     Idx      W      C      C      %      %      %      %      %      %    MHz    MHz      %   bool     MB     MB     MB   errs   errs   errs   MB/s   MB/s 
 20260919    03:04:13       0    119     75      -    100     22      0      0      0      0   6500   1860      0      0   9246     11      0      -      -      0    182     26 
 20260919    03:04:14       0    185     75      -    100     21      0      0      0      0   6500   1860      0      0   9246     11      0      -      -      0    185     26 
 20260919    03:04:15       0    166     75      -    100      0      0      0      0      0   6500   1845      0      0   9246     11      0      -      -      0    181     27 
 20260919    03:04:16       0    186     75      -    100     22      0      0      0      0   6500   1845      0      0   9246     11      0      -      -      0    181     26 
 20260919    03:04:17       0    195     76      -    100      6      0      0      0      0   6500   1830      0      0   9246     11      0      -      -      0    182     26 
 20260919    03:04:18       0    126     77      -    100      0      0      0      0      0   6500   1770      0      0   9246     11      0      -      -      0    179     27 
 20260919    03:04:20       0    126     76      -    100      0      0      0      0      0   6500   1860      0      0   9246     11      0      -      -      0    183     29 
 20260919    03:04:21       0    125     75      -    100      0      0      0      0      0   6500   1860      0      0   9246     11      0      -      -      0    180     31 
 20260919    03:04:22       0    125     75      -    100      0      0      0      0      0   6500   1860      0      0   9246     11      0      -      -      0    182     26 
 20260919    03:04:23       0    124     75      -    100      0      0      0      0      0   6500   1860      0      0   9246     11      0      -      -      0    181     26 
 20260919    03:04:24       0    124     75      -    100      5      0      0      0      0   6500   1860      0      0   9246     11      0      -      -      0    185     31 
 20260919    03:04:25       0    123     75      -    100     22      0      0      0      0   6500   1860      0      0   9246     11      0      -      -      0    182     26 
 20260919    03:04:26       0    120     75      -    100      0      0      0      0      0   6500   1860      0      0   9246     11      0      -      -      0    181     26 
 20260919    03:04:27       0    121     75      -    100     22      0      0      0      0   6500   1860      0      0   9246     11      0      -      -      0    181     26 
 20260919    03:04:28       0    145     75      -    100     25      0      0      0      0   6500   1860      0      0   9246     11      0      -      -      0    177     24 
 20260919    03:04:29       0    132     75      -    100      6      0      0      0      0   6500   1860      0      0   9246     11      0      -      -      0    176     24 
 20260919    03:04:30       0    207     75      -    100     22      0      0      0      0   6500   1845      0      0   9246     11      0      -      -      0    176     25 
 20260919    03:04:31       0    210     75      -    100     16      0      0      0      0   6500   1845      0      0   9246     11      0      -      -      0    176     24 
 20260919    03:04:32       0    129     77      -    100      0      0      0      0      0   6500   1800      0      0   9246     11      0      -      -      0    186     25 
 20260919    03:04:33       0    149     77      -    100      0      0      0      0      0   6500   1770      0      0   9246     11      0      -      -      0    292    433 
 20260919    03:04:34       0    126     76      -    100      0      0      0      0      0   6500   1860      0      0   9246     11      0      -      -      0    269    625 
 20260919    03:04:35       0    126     75      -    100      0      0      0      0      0   6500   1860      0      0   9246     11      0      -      -      0    176    509 
 20260919    03:04:36       0    125     75      -    100      0      0      0      0      0   6500   1860      0      0   9246     11      0      -      -      0    175     24 
 20260919    03:04:37       0    125     75      -    100      1      0      0      0      0   6500   1860      0      0   9246     11      0      -      -      0    198     28 
 20260919    03:04:38       0    124     75      -    100      0      0      0      0      0   6500   1860      0      0   9246     11      0      -      -      0    198     28 
 20260919    03:04:40       0    124     75      -    100      0      0      0      0      0   6500   1860      0      0   9246     11      0      -      -      0    198     28 
 20260919    03:04:41       0    121     75      -    100     17      0      0      0      0   6500   1860      0      0   9246     11      0      -      -      0    199     29 
 20260919    03:04:42       0    122     75      -    100     22      0      0      0      0   6500   1860      0      0   9246     11      0      -      -      0    198     28 
 20260919    03:04:43       0    116     75      -    100      8      0      0      0      0   6500   1860      0      0   9246     11      0      -      -      0    198     28 
 20260919    03:04:44       0    118     75      -    100     22      0      0      0      0   6500   1860      0      0   9246     11      0      -      -      0    207     32 
 20260919    03:04:45       0    186     75      -    100     21      0      0      0      0   6500   1860      0      0   9246     11      0      -      -      0    197     28 
 20260919    03:04:46       0    126     75      -    100     19      0      0      0      0   6500   1860      0      0   9246     11      0      -      -      0    189     26 
 20260919    03:04:47       0    121     75      -    100      0      0      0      0      0   6500   1860      0      0   9246     11      0      -      -      0    189     26 
 20260919    03:04:48       0    122     75      -    100     10      0      0      0      0   6500   1860      0      0   9246     11      0      -      -      0    189     26 
 20260919    03:04:49       0    118     75      -    100     22      0      0      0      0   6500   1860      0      0   9246     11      0      -      -      0    190     26 
 20260919    03:04:50       0    120     75      -    100     19      0      0      0      0   6500   1860      0      0   9246     11      0      -      -      0    189     26 
 20260919    03:04:51       0    169     75      -    100     22      0      0      0      0   6500   1860      0      0   9246     11      0      -      -      0    190     26 
 20260919    03:04:52       0    150     75      -    100     22      0      0      0      0   6500   1845      0      0   9246     11      0      -      -      0    190     26 
 20260919    03:04:53       0    196     75      -    100      3      0      0      0      0   6500   1845      0      0   9246     11      0      -      -      0    188     26 
 20260919    03:04:54       0    205     75      -    100      0      0      0      0      0   6500   1845      0      0   9246     11      0      -      -      0    188     31 
 20260919    03:04:55       0    208     76      -    100     13      0      0      0      0   6500   1830      0      0   9246     11      0      -      -      0    189     26 
 20260919    03:04:56       0    126     77      -    100      0      0      0      0      0   6500   1800      0      0   9246     11      0      -      -      0    193     26 
 20260919    03:04:58       0    148     78      -    100      0      0      0      0      0   6500   1770      0      0   9246     11      0      -      -      0    203     31 
 20260919    03:04:59       0    126     75      -    100      0      0      0      0      0   6500   1860      0      0   9246     11      0      -      -      0    218     36 
#Date        Time         gpu    pwr  gtemp  mtemp     sm    mem    enc    dec    jpg    ofa   mclk   pclk  pviol  tviol     fb   bar1   ccpm  sbecc  dbecc    pci  rxpci  txpci 
#YYYYMMDD    HH:MM:SS     Idx      W      C      C      %      %      %      %      %      %    MHz    MHz      %   bool     MB     MB     MB   errs   errs   errs   MB/s   MB/s 
 20260919    03:05:00       0    126     75      -    100      0      0      0      0      0   6500   1860      0      0   9246     11      0      -      -      0    189     35 
 20260919    03:05:01       0    125     75      -    100      0      0      0      0      0   6500   1860      0      0   9246     11      0      -      -      0    189     26 
 20260919    03:05:02       0    125     75      -    100      1      0      0      0      0   6500   1860      0      0   9246     11      0      -      -      0    189     26 
 20260919    03:05:03       0    124     75      -    100      0      0      0      0      0   6500   1860      0      0   9246     11      0      -      -      0    189     38 
 20260919    03:05:04       0    121     75      -    100      0      0      0      0      0   6500   1860      0      0   9246     11      0      -      -      0    181     26 
 20260919    03:05:05       0    121     75      -    100     18      0      0      0      0   6500   1860      0      0   9246     11      0      -      -      0    181     26 
 20260919    03:05:06       0    120     75      -    100     22      0      0      0      0   6500   1860      0      0   9246     11      0      -      -      0    182     26 
 20260919    03:05:07       0    117     75      -    100      9      0      0      0      0   6500   1860      0      0   9246     11      0      -      -      0    181     26 
 20260919    03:05:08       0    207     75      -    100     22      0      0      0      0   6500   1860      0      0   9246     11      0      -      -      0    181     26 
 20260919    03:05:09       0    192     75      -    100     19      0      0      0      0   6500   1845      0      0   9246     11      0      -      -      0    182     26 
 20260919    03:05:10       0    167     76      -    100      0      0      0      0      0   6500   1845      0      0   9246     11      0      -      -      0    182     26 
 20260919    03:05:11       0    180     77      -    100      0      0      0      0      0   6500   1830      0      0   9246     11      0      -      -      0    182     26 
 20260919    03:05:12       0    126     77      -    100      2      0      0      0      0   6500   1785      0      0   9246     11      0      -      -      0    210     32 
 20260919    03:05:13       0    126     76      -    100      0      0      0      0      0   6500   1860      0      0   9246     11      0      -      -      0    212     36 
 20260919    03:05:14       0    125     75      -    100      0      0      0      0      0   6500   1860      0      0   9246     11      0      -      -      0    210     43 
 20260919    03:05:15       0    125     75      -    100      0      0      0      0      0   6500   1860      0      0   9246     11      0      -      -      0    214     32 
 20260919    03:05:17       0    124     75      -    100      0      0      0      0      0   6500   1860      0      0   9246     11      0      -      -      0    212     32 
 20260919    03:05:18       0    124     75      -    100      0      0      0      0      0   6500   1860      0      0   9246     11      0      -      -      0    212     32 
 20260919    03:05:19       0    122     75      -    100     12      0      0      0      0   6500   1860      0      0   9246     11      0      -      -      0    212     32 
 20260919    03:05:20       0    123     75      -    100     22      0      0      0      0   6500   1860      0      0   9246     11      0      -      -      0    211     32 
 20260919    03:05:21       0    142     76      -    100     46      0      0      0      0   6500   1860      0      0   9246     11      0      -      -      0    901   4764 
 20260919    03:05:22       0    125     75      -    100      0      0      0      0      0   6500   1860      0      0   9246     11      0      -      -      0    167     23 
 20260919    03:05:23       0    124     75      -    100      0      0      0      0      0   6500   1860      0      0   9246     11      0      -      -      0    168     24 
 20260919    03:05:24       0    124     75      -    100     15      0      0      0      0   6500   1860      0      0   9246     11      0      -      -      0    169     27 
 20260919    03:05:25       0    123     75      -    100     22      0      0      0      0   6500   1860      0      0   9246     11      0      -      -      0    167     22 
 20260919    03:05:26       0    119     75      -    100      5      0      0      0      0   6500   1860      0      0   9246     11      0      -      -      0    168     22 
 20260919    03:05:27       0    120     75      -    100     22      0      0      0      0   6500   1860      0      0   9246     11      0      -      -      0    167     22 
 20260919    03:05:28       0    158     75      -    100     22      0      0      0      0   6500   1860      0      0   9246     11      0      -      -      0    167     22 
 20260919    03:05:29       0    143     75      -    100      0      0      0      0      0   6500   1845      0      0   9246     11      0      -      -      0    167     23 
 20260919    03:05:30       0    201     75      -    100     22      0      0      0      0   6500   1845      0      0   9246     11      0      -      -      0    168     23 
 20260919    03:05:31       0    208     76      -    100      8      0      0      0      0   6500   1830      0      0   9246     11      0      -      -      0    168     22 
 20260919    03:05:32       0    126     77      -    100      0      0      0      0      0   6500   1800      0      0   9246     11      0      -      -      0    168     23 
 20260919    03:05:33       0    132     78      -    100      0      0      0      0      0   6500   1860      0      0   9246     11      0      -      -      0    161     27 
 20260919    03:05:34       0    125     75      -    100      0      0      0      0      0   6500   1860      0      0   9246     11      0      -      -      0    166     30 
 20260919    03:05:35       0    126     75      -    100      0      0      0      0      0   6500   1860      0      0   9246     11      0      -      -      0    168     27 
 20260919    03:05:36       0    125     75      -    100      0      0      0      0      0   6500   1860      0      0   9246     11      0      -      -      0    167     22 
 20260919    03:05:38       0    125     75      -    100      5      0      0      0      0   6500   1860      0      0   9246     11      0      -      -      0    167     22 
 20260919    03:05:39       0    124     75      -    100      0      0      0      0      0   6500   1860      0      0   9246     11      0      -      -      0    176     24 
 20260919    03:05:40       0    121     75      -    100      0      0      0      0      0   6500   1860      0      0   9246     11      0      -      -      0    176     24 
 20260919    03:05:41       0    121     75      -    100     22      0      0      0      0   6500   1860      0      0   9246     11      0      -      -      0    176     24 
 20260919    03:05:42       0    134     75      -    100     22      0      0      0      0   6500   1860      0      0   9246     11      0      -      -      0    176     24 
 20260919    03:05:43       0    125     75      -    100      6      0      0      0      0   6500   1860      0      0   9246     11      0      -      -      0    176     24 
 20260919    03:05:44       0    214     75      -    100     22      0      0      0      0   6500   1845      0      0   9246     11      0      -      -      0    176     25 
 20260919    03:05:45       0    211     76      -    100     16      0      0      0      0   6500   1845      0      0   9246     11      0      -      -      0    176     29 
#Date        Time         gpu    pwr  gtemp  mtemp     sm    mem    enc    dec    jpg    ofa   mclk   pclk  pviol  tviol     fb   bar1   ccpm  sbecc  dbecc    pci  rxpci  txpci 
#YYYYMMDD    HH:MM:SS     Idx      W      C      C      %      %      %      %      %      %    MHz    MHz      %   bool     MB     MB     MB   errs   errs   errs   MB/s   MB/s 
 20260919    03:05:46       0    141     77      -    100      0      0      0      0      0   6500   1830      0      0   9246     11      0      -      -      0    177     24 
 20260919    03:05:47       0    164     77      -    100      0      0      0      0      0   6500   1770      0      0   9246     11      0      -      -      0    424   5319 
 20260919    03:05:48       0    126     77      -    100      0      0      0      0      0   6500   1860      0      0   9246     11      0      -      -      0    216     36 
 20260919    03:05:49       0    126     75      -    100      0      0      0      0      0   6500   1860      0      0   9246     11      0      -      -      0    199     38 
 20260919    03:05:50       0    125     75      -    100      0      0      0      0      0   6500   1860      0      0   9246     11      0      -      -      0    202     30 
 20260919    03:05:51       0    125     75      -    100      1      0      0      0      0   6500   1860      0      0   9246     11      0      -      -      0    203     30 
 20260919    03:05:52       0    123     75      -    100      0      0      0      0      0   6500   1860      0      0   9246     11      0      -      -      0    203     30 
 20260919    03:05:53       0    123     75      -    100      0      0      0      0      0   6500   1860      0      0   9246     11      0      -      -      0    203     30 
 20260919    03:05:54       0    122     75      -    100     18      0      0      0      0   6500   1860      0      0   9246     11      0      -      -      0    203     30 
 20260919    03:05:55       0    116     75      -    100     22      0      0      0      0   6500   1860      0      0   9246     11      0      -      -      0    203     30 
 20260919    03:05:56       0    126     75      -    100      5      0      0      0      0   6500   1860      0      0   9246     11      0      -      -      0    180     24 
 20260919    03:05:58       0    124     75      -    100      0      0      0      0      0   6500   1860      0      0   9246     11      0      -      -      0    180     24 
 20260919    03:05:59       0    123     75      -    100      0      0      0      0      0   6500   1860      0      0   9246     11      0      -      -      0    181     24 
 20260919    03:06:00       0    121     75      -    100     20      0      0      0      0   6500   1860      0      0   9246     11      0      -      -      0    181     24 
 20260919    03:06:01       0    122     75      -    100     22      0      0      0      0   6500   1860      0      0   9246     11      0      -      -      0    180     24 
 20260919    03:06:02       0    118     75      -    100     10      0      0      0      0   6500   1860      0      0   9246     11      0      -      -      0    180     24 
 20260919    03:06:03       0    119     75      -    100     22      0      0      0      0   6500   1860      0      0   9246     11      0      -      -      0    180     24 
 20260919    03:06:04       0    172     75      -    100     19      0      0      0      0   6500   1845      0      0   9246     11      0      -      -      0    181     24 
 20260919    03:06:05       0    151     75      -    100      0      0      0      0      0   6500   1845      0      0   9246     11      0      -      -      0    180     24 
 20260919    03:06:06       0    193     76      -    100     22      0      0      0      0   6500   1830      0      0   9246     11      0      -      -      0    181     29 
 20260919    03:06:07       0    126     77      -    100      3      0      0      0      0   6500   1770      0      0   9246     11      0      -      -      0    180     25 
 20260919    03:06:08       0    126     78      -    100      0      0      0      0      0   6500   1800      0      0   9246     11      0      -      -      0    168     29 
 20260919    03:06:09       0    125     75      -    100      0      0      0      0      0   6500   1860      0      0   9246     11      0      -      -      0    181     31 
 20260919    03:06:10       0    125     75      -    100      0      0      0      0      0   6500   1860      0      0   9246     11      0      -      -      0    180     24 
 20260919    03:06:11       0    125     75      -    100      0      0      0      0      0   6500   1860      0      0   9246     11      0      -      -      0    181     24 
 20260919    03:06:12       0    124     75      -    100      0      0      0      0      0   6500   1860      0      0   9246     11      0      -      -      0    180     24 
 20260919    03:06:13       0    124     75      -    100      8      0      0      0      0   6500   1860      0      0   9246     11      0      -      -      0    180     24 
 20260919    03:06:14       0    124     75      -    100     22      0      0      0      0   6500   1860      0      0   9246     11      0      -      -      0    184     24 
 20260919    03:06:15       0    120     75      -    100      3      0      0      0      0   6500   1860      0      0   9246     11      0      -      -      0    184     24 
 20260919    03:06:16       0    120     75      -    100     22      0      0      0      0   6500   1860      0      0   9246     11      0      -      -      0    184     24 
 20260919    03:06:18       0    140     75      -    100     22      0      0      0      0   6500   1860      0      0   9246     11      0      -      -      0    184     24 
 20260919    03:06:19       0    202     75      -    100      2      0      0      0      0   6500   1845      0      0   9246     11      0      -      -      0    188     25 
 20260919    03:06:20       0    211     76      -    100      0      0      0      0      0   6500   1830      0      0   9246     11      0      -      -      0    184     24 
 20260919    03:06:21       0    126     77      -    100     11      0      0      0      0   6500   1785      0      0   9246     11      0      -      -      0    184     25 
 20260919    03:06:22       0    132     78      -    100      0      0      0      0      0   6500   1770      0      0   9246     11      0      -      -      0    277    746 
 20260919    03:06:23       0    126     76      -    100      0      0      0      0      0   6500   1860      0      0   9246     11      0      -      -      0    212     35 
 20260919    03:06:24       0    126     75      -    100      0      0      0      0      0   6500   1860      0      0   9246     11      0      -      -      0    211     32 
 20260919    03:06:25       0    125     75      -    100      0      0      0      0      0   6500   1860      0      0   9246     11      0      -      -      0    210     30 
 20260919    03:06:26       0    125     75      -    100      0      0      0      0      0   6500   1860      0      0   9246     11      0      -      -      0    211     30 
 20260919    03:06:27       0    123     75      -    100      4      0      0      0      0   6500   1860      0      0   9246     11      0      -      -      0    211     30 
 20260919    03:06:28       0    123     75      -    100     22      0      0      0      0   6500   1860      0      0   9246     11      0      -      -      0    221     33 
 20260919    03:06:29       0    121     75      -    100      0      0      0      0      0   6500   1860      0      0   9246     11      0      -      -      0    210     30 
 20260919    03:06:30       0    139     75      -    100     22      0      0      0      0   6500   1860      0      0   9246     11      0      -      -      0    211     30 
 20260919    03:06:31       0    140     76      -    100     30      0      0      0      0   6500   1860      0      0   9246     11      0      -      -      0    863   5397 
#Date        Time         gpu    pwr  gtemp  mtemp     sm    mem    enc    dec    jpg    ofa   mclk   pclk  pviol  tviol     fb   bar1   ccpm  sbecc  dbecc    pci  rxpci  txpci 
#YYYYMMDD    HH:MM:SS     Idx      W      C      C      %      %      %      %      %      %    MHz    MHz      %   bool     MB     MB     MB   errs   errs   errs   MB/s   MB/s 
 20260919    03:06:32       0    125     75      -    100      8      0      0      0      0   6500   1860      0      0   9246     11      0      -      -      0    185     26 
 20260919    03:06:33       0    123     75      -    100      0      0      0      0      0   6500   1860      0      0   9246     11      0      -      -      0    185     26 
 20260919    03:06:34       0    120     75      -    100      2      0      0      0      0   6500   1860      0      0   9246     11      0      -      -      0    185     28 
 20260919    03:06:35       0    121     75      -    100     22      0      0      0      0   6500   1860      0      0   9246     11      0      -      -      0    185     26 
 20260919    03:06:36       0    132     75      -    100     22      0      0      0      0   6500   1860      0      0   9246     11      0      -      -      0    185     26 
 20260919    03:06:38       0    119     75      -    100     18      0      0      0      0   6500   1860      0      0   9246     11      0      -      -      0    185     26 
 20260919    03:06:39       0    210     75      -    100     22      0      0      0      0   6500   1845      0      0   9246     11      0      -      -      0    186     26 
 20260919    03:06:40       0    204     75      -    100     15      0      0      0      0   6500   1845      0      0   9246     11      0      -      -      0    189     26 
 20260919    03:06:41       0    155     76      -    100      0      0      0      0      0   6500   1845      0      0   9246     11      0      -      -      0    185     26 
 20260919    03:06:42       0    176     77      -    100     21      0      0      0      0   6500   1785      0      0   9246     11      0      -      -      0    185     26 
 20260919    03:06:43       0    126     78      -    100      0      0      0      0      0   6500   1770      0      0   9246     11      0      -      -      0    186     28 
 20260919    03:06:44       0    126     76      -    100      0      0      0      0      0   6500   1860      0      0   9246     11      0      -      -      0    185     31 
 20260919    03:06:45       0    125     75      -    100      0      0      0      0      0   6500   1860      0      0   9246     11      0      -      -      0    185     29 
 20260919    03:06:46       0    125     75      -    100      1      0      0      0      0   6500   1860      0      0   9246     11      0      -      -      0    185     26 
 20260919    03:06:47       0    124     75      -    100      0      0      0      0      0   6500   1860      0      0   9246     11      0      -      -      0    185     26 
 20260919    03:06:48       0    124     75      -    100      0      0      0      0      0   6500   1860      0      0   9246     11      0      -      -      0    184     36 
 20260919    03:06:49       0    123     75      -    100     19      0      0      0      0   6500   1860      0      0   9246     11      0      -      -      0    171     22 
 20260919    03:06:50       0    123     75      -    100     22      0      0      0      0   6500   1860      0      0   9246     11      0      -      -      0    170     22 
 20260919    03:06:51       0    119     75      -    100      8      0      0      0      0   6500   1860      0      0   9246     11      0      -      -      0    171     22 
 20260919    03:06:52       0    120     75      -    100     22      0      0      0      0   6500   1860      0      0   9246     11      0      -      -      0    171     22 
 20260919    03:06:53       0    155     75      -    100     20      0      0      0      0   6500   1860      0      0   9246     11      0      -      -      0    171     22 
 20260919    03:06:54       0    145     75      -    100      0      0      0      0      0   6500   1845      0      0   9246     11      0      -      -      0    171     22 
 20260919    03:06:55       0    200     76      -    100     22      0      0      0      0   6500   1845      0      0   9246     11      0      -      -      0    171     22 
 20260919    03:06:57       0    208     76      -    100      3      0      0      0      0   6500   1830      0      0   9246     11      0      -      -      0    172     22 
 20260919    03:06:58       0    126     77      -    100      0      0      0      0      0   6500   1800      0      0   9246     11      0      -      -      0   1073   4917 
 20260919    03:06:59       0    127     78      -    100      0      0      0      0      0   6500   1860      0      0   9246     11      0      -      -      0    197     44 
 20260919    03:07:00       0    126     75      -    100      0      0      0      0      0   6500   1860      0      0   9246     11      0      -      -      0    205     36 
 20260919    03:07:01       0    126     75      -    100      0      0      0      0      0   6500   1860      0      0   9246     11      0      -      -      0    202     28 
 20260919    03:07:02       0    125     75      -    100      0      0      0      0      0   6500   1860      0      0   9246     11      0      -      -      0    202     28 
 20260919    03:07:03       0    125     75      -    100     10      0      0      0      0   6500   1860      0      0   9246     11      0      -      -      0    202     28 
 20260919    03:07:04       0    123     75      -    100      0      0      0      0      0   6500   1860      0      0   9246     11      0      -      -      0    202     28 
 20260919    03:07:05       0    123     75      -    100      3      0      0      0      0   6500   1860      0      0   9246     11      0      -      -      0    202     28 
 20260919    03:07:06       0    121     75      -    100     22      0      0      0      0   6500   1860      0      0   9246     11      0      -      -      0    202     28 
 20260919    03:07:07       0    126     75      -    100      0      0      0      0      0   6500   1860      0      0   9246     11      0      -      -      0    178     26 
 20260919    03:07:08       0    124     75      -    100      0      0      0      0      0   6500   1860      0      0   9246     11      0      -      -      0    178     26 
 20260919    03:07:09       0    123     75      -    100      0      0      0      0      0   6500   1860      0      0   9246     11      0      -      -      0    185     26 
 20260919    03:07:10       0    124     75      -    100      4      0      0      0      0   6500   1860      0      0   9246     11      0      -      -      0    178     26 
 20260919    03:07:11       0    121     75      -    100     22      0      0      0      0   6500   1860      0      0   9246     11      0      -      -      0    178     26 
 20260919    03:07:12       0    122     75      -    100     22      0      0      0      0   6500   1860      0      0   9246     11      0      -      -      0    177     26 
 20260919    03:07:13       0    128     75      -    100     22      0      0      0      0   6500   1860      0      0   9246     11      0      -      -      0    178     26 
 20260919    03:07:14       0    116     75      -    100     22      0      0      0      0   6500   1860      0      0   9246     11      0      -      -      0    178     26 
 20260919    03:07:16       0    211     75      -    100      9      0      0      0      0   6500   1845      0      0   9246     11      0      -      -      0    177     26 
 20260919    03:07:17       0    198     75      -    100     22      0      0      0      0   6500   1845      0      0   9246     11      0      -      -      0    178     26 
 20260919    03:07:18       0    161     76      -    100     18      0      0      0      0   6500   1845      0      0   9246     11      0      -      -      0    178     26 
#Date        Time         gpu    pwr  gtemp  mtemp     sm    mem    enc    dec    jpg    ofa   mclk   pclk  pviol  tviol     fb   bar1   ccpm  sbecc  dbecc    pci  rxpci  txpci 
#YYYYMMDD    HH:MM:SS     Idx      W      C      C      %      %      %      %      %      %    MHz    MHz      %   bool     MB     MB     MB   errs   errs   errs   MB/s   MB/s 
 20260919    03:07:19       0    179     77      -    100      0      0      0      0      0   6500   1800      0      0   9246     11      0      -      -      0    178     26 
 20260919    03:07:20       0    127     77      -    100      0      0      0      0      0   6500   1770      0      0   9246     11      0      -      -      0    177     26 
 20260919    03:07:21       0    127     78      -    100      0      0      0      0      0   6500   1770      0      0   9246     11      0      -      -      0    168     30 
 20260919    03:07:22       0    126     75      -    100      0      0      0      0      0   6500   1860      0      0   9246     11      0      -      -      0    182     34 
 20260919    03:07:23       0    125     75      -    100      0      0      0      0      0   6500   1860      0      0   9246     11      0      -      -      0    177     27 
 20260919    03:07:24       0    126     75      -    100      0      0      0      0      0   6500   1860      0      0   9246     11      0      -      -      0    178     26 
 20260919    03:07:25       0    124     75      -    100      0      0      0      0      0   6500   1860      0      0   9246     11      0      -      -      0    182     26 
 20260919    03:07:26       0    124     75      -    100      0      0      0      0      0   6500   1860      0      0   9246     11      0      -      -      0    181     26 
 20260919    03:07:27       0    123     75      -    100     15      0      0      0      0   6500   1860      0      0   9246     11      0      -      -      0    182     26 
 20260919    03:07:28       0    119     75      -    100     22      0      0      0      0   6500   1860      0      0   9246     11      0      -      -      0    182     35 
 20260919    03:07:29       0    120     75      -    100      5      0      0      0      0   6500   1860      0      0   9246     11      0      -      -      0    181     26 
 20260919    03:07:30       0    163     75      -    100     22      0      0      0      0   6500   1860      0      0   9246     11      0      -      -      0    181     26 
 20260919    03:07:31       0    145     75      -    100     22      0      0      0      0   6500   1860      0      0   9246     11      0      -      -      0    181     26 
 20260919    03:07:32       0    194     75      -    100      0      0      0      0      0   6500   1845      0      0   9246     11      0      -      -      0    182     26 
 20260919    03:07:33       0    211     76      -    100     22      0      0      0      0   6500   1830      0      0   9246     11      0      -      -      0    209     32 
 20260919    03:07:35       0    126     78      -    100      6      0      0      0      0   6500   1800      0      0   9246     11      0      -      -      0    209     32 
 20260919    03:07:36       0    126     78      -    100      0      0      0      0      0   6500   1785      0      0   9246     11      0      -      -      0    213     35 
 20260919    03:07:37       0    126     75      -    100      0      0      0      0      0   6500   1860      0      0   9246     11      0      -      -      0    215     38 
 20260919    03:07:38       0    126     75      -    100      0      0      0      0      0   6500   1860      0      0   9246     11      0      -      -      0    208     33 
 20260919    03:07:39       0    125     75      -    100      0      0      0      0      0   6500   1860      0      0   9246     11      0      -      -      0    208     32 
 20260919    03:07:40       0    125     75      -    100      0      0      0      0      0   6500   1860      0      0   9246     11      0      -      -      0    213     35 
 20260919    03:07:41       0    123     75      -    100      8      0      0      0      0   6500   1860      0      0   9246     11      0      -      -      0    208     32 
 20260919    03:07:42       0    146     76      -    100     40      0      0      0      0   6500   1860      0      0   9246     11      0      -      -      0     75    339 
 20260919    03:07:43       0    126     75      -    100      1      0      0      0      0   6500   1860      0      0   9246     11      0      -      -      0    183     33 
 20260919    03:07:44       0    126     75      -    100      0      0      0      0      0   6500   1860      0      0   9246     11      0      -      -      0    185     26 
 20260919    03:07:45       0    125     75      -    100      0      0      0      0      0   6500   1860      0      0   9246     11      0      -      -      0    185     26 
 20260919    03:07:46       0    125     75      -    100     11      0      0      0      0   6500   1860      0      0   9246     11      0      -      -      0    185     26 
 20260919    03:07:47       0    123     75      -    100      0      0      0      0      0   6500   1860      0      0   9246     11      0      -      -      0    185     26 
 20260919    03:07:48       0    124     75      -    100      3      0      0      0      0   6500   1860      0      0   9246     11      0      -      -      0    185     26 
 20260919    03:07:49       0    121     75      -    100     22      0      0      0      0   6500   1860      0      0   9246     11      0      -      -      0    185     26 
 20260919    03:07:50       0    121     75      -    100     22      0      0      0      0   6500   1860      0      0   9246     11      0      -      -      0    186     26 
 20260919    03:07:51       0    116     75      -    100     19      0      0      0      0   6500   1860      0      0   9246     11      0      -      -      0    185     26 
 20260919    03:07:52       0    118     75      -    100     22      0      0      0      0   6500   1860      0      0   9246     11      0      -      -      0    185     26 
 20260919    03:07:54       0    193     75      -    100     13      0      0      0      0   6500   1845      0      0   9246     11      0      -      -      0    185     26 
 20260919    03:07:55       0    171     75      -    100      0      0      0      0      0   6500   1845      0      0   9246     11      0      -      -      0    185     26 
 20260919    03:07:56       0    186     76      -    100     20      0      0      0      0   6500   1830      0      0   9246     11      0      -      -      0    186     26 
 20260919    03:07:57       0    194     78      -    100      0      0      0      0      0   6500   1770      0      0   9246     11      0      -      -      0    185     26 
 20260919    03:07:58       0    126     78      -    100      0      0      0      0      0   6500   1785      0      0   9246     11      0      -      -      0    169     30 
 20260919    03:07:59       0    126     75      -    100      0      0      0      0      0   6500   1860      0      0   9246     11      0      -      -      0    182     33 
 20260919    03:08:00       0    125     75      -    100      0      0      0      0      0   6500   1860      0      0   9246     11      0      -      -      0    185    264 
 20260919    03:08:01       0    125     75      -    100      0      0      0      0      0   6500   1860      0      0   9246     11      0      -      -      0    182     26 
 20260919    03:08:02       0    124     75      -    100      0      0      0      0      0   6500   1860      0      0   9246     11      0      -      -      0    182     26 
 20260919    03:08:03       0    122     75      -    100     21      0      0      0      0   6500   1860      0      0   9246     11      0      -      -      0    181     26 
 20260919    03:08:04       0    123     75      -    100      0      0      0      0      0   6500   1860      0      0   9246     11      0      -      -      0    182     26 
#Date        Time         gpu    pwr  gtemp  mtemp     sm    mem    enc    dec    jpg    ofa   mclk   pclk  pviol  tviol     fb   bar1   ccpm  sbecc  dbecc    pci  rxpci  txpci 
#YYYYMMDD    HH:MM:SS     Idx      W      C      C      %      %      %      %      %      %    MHz    MHz      %   bool     MB     MB     MB   errs   errs   errs   MB/s   MB/s 
 20260919    03:08:05       0    118     75      -    100     12      0      0      0      0   6500   1860      0      0   9246     11      0      -      -      0    181     26 
 20260919    03:08:06       0    120     75      -    100     22      0      0      0      0   6500   1860      0      0   9246     11      0      -      -      0    181     26 
 20260919    03:08:07       0    154     75      -    100     19      0      0      0      0   6500   1860      0      0   9246     11      0      -      -      0    182     26 
 20260919    03:08:08       0    146     75      -    100      0      0      0      0      0   6500   1845      0      0   9246     11      0      -      -      0    449    781 
 20260919    03:08:09       0    201     76      -    100     22      0      0      0      0   6500   1845      0      0   9246     11      0      -      -      0    208     40 
 20260919    03:08:10       0    213     77      -    100      1      0      0      0      0   6500   1800      0      0   9246     11      0      -      -      0    209     33 
 20260919    03:08:11       0    126     77      -    100      0      0      0      0      0   6500   1770      0      0   9246     11      0      -      -      0    206     32 
 20260919    03:08:12       0    131     77      -    100      0      0      0      0      0   6500   1860      0      0   9246     11      0      -      -      0    215     36 
 20260919    03:08:14       0    125     75      -    100      0      0      0      0      0   6500   1860      0      0   9246     11      0      -      -      0    207     37 
 20260919    03:08:15       0    124     75      -    100      0      0      0      0      0   6500   1860      0      0   9246     11      0      -      -      0    209     32 
 20260919    03:08:16       0    124     75      -    100      0      0      0      0      0   6500   1860      0      0   9246     11      0      -      -      0    208     32 
 20260919    03:08:17       0    123     75      -    100     13      0      0      0      0   6500   1860      0      0   9246     11      0      -      -      0    209     32 
 20260919    03:08:18       0     66     73      -      0      0      0      0      0      0   6500   1860      0      0   9246     11      0      -      -      0    435   4305 
 20260919    03:08:19       0     66     72      -      0      0      0      0      0      0   6500   1860      0      0   9246     11      0      -      -      0      0      0 
 20260919    03:08:20       0     51     71      -      0      0      0      0      0      0   6500   1620      0      0   9246     11      0      -      -      0      0      0 
 20260919    03:08:21       0     51     71      -      0      0      0      0      0      0   6500   1620      0      0   9246     11      0      -      -      0      3      0 
 20260919    03:08:22       0     50     70      -      0      0      0      0      0      0   6500   1620      0      0   9246     11      0      -      -      0      0      0 
 20260919    03:08:23       0     51     71      -      5      1      0      0      0      0   6500   1620      0      0   9246     11      0      -      -      0      8      2 
 20260919    03:08:24       0    152     73      -    100     32      0      0      0      0   6500   1875      0      0   9246     11      0      -      -      0   6658     16 
 20260919    03:08:25       0    141     74      -     96     43      0      0      0      0   6500   1875      0      0   9246     11      0      -      -      0     27      8 
 20260919    03:08:26       0    158     74      -     95     45      0      0      0      0   6500   1875      0      0   9246     11      0      -      -      0     13      4 
 20260919    03:08:27       0    151     74      -    100     48      0      0      0      0   6500   1875      0      0   9246     11      0      -      -      0   8099     15 
 20260919    03:08:28       0    162     75      -    100     38      0      0      0      0   6500   1875      0      0   9246     11      0      -      -      0   7155     13 
 20260919    03:08:29       0    155     74      -    100     49      0      0      0      0   6500   1875      0      0   9246     11      0      -      -      0   6435     16 
 20260919    03:08:30       0    162     75      -    100     49      0      0      0      0   6500   1875      0      0   9246     11      0      -      -      0     29      4 
 20260919    03:08:31       0     69     72      -     88     50      0      0      0      0   6500   1875      0      0   9246     11      0      -      -      0      0      0 
 20260919    03:08:32       0     66     71      -      0      0      0      0      0      0   6500   1875      0      0   9246     11      0      -      -      0      0      0 
 20260919    03:08:34       0     51     70      -      0      0      0      0      0      0   6500   1620      0      0   9246     11      0      -      -      0      0      0 
 20260919    03:08:35       0     51     70      -      0      0      0      0      0      0   6500   1620      0      0   9246     11      0      -      -      0      0      0 
 20260919    03:08:36       0     50     69      -      0      0      0      0      0      0   6500   1620      0      0   9246     11      0      -      -      0      0      0 
 20260919    03:08:37       0     50     69      -      0      0      0      0      0      0   6500   1620      0      0   9246     11      0      -      -      0      0      0 
 20260919    03:08:38       0     50     69      -      0      0      0      0      0      0   6500   1620      0      0   5854     11      0      -      -      0      0      0 
 20260919    03:08:39       0     50     68      -      0      0      0      0      0      0   6500   1620      0      0   5854     11      0      -      -      0      0      0 
