procs -----------------------memory---------------------- ---swap-- -----io---- -system-- --------cpu-------- -----timestamp-----
 r  b         swpd         free         buff        cache   si   so    bi    bo   in   cs  us  sy  id  wa  st                 KST
 6  0       555280     95642576      1054404     25340872    2    3 15662   568    1    1   1   1  96   3   0 2026-09-19 02:59:34
 2  0       555280     95601344      1054404     25341132    0    0     0  3436 3236 4264   4   1  95   0   0 2026-09-19 02:59:35
 2  0       555280     95547488      1054404     25341152    0    0     0     0 4656 4079   5   7  88   0   0 2026-09-19 02:59:36
 2  0       555280     95496768      1054404     25341176    0    0     0     0 2686 4157   3   1  97   0   0 2026-09-19 02:59:37
 1  0       555280     95489056      1054412     25341200    0    0     0    72 2767 4316   1   1  98   0   0 2026-09-19 02:59:38
 2  0       555280     95594256      1054412     25341220    0    0     0     0 2186 3855   1   1  99   0   0 2026-09-19 02:59:39
 9  0       555280     95079824      1054412     25341236    0    0     0  1160 5523 5573  16   1  83   0   0 2026-09-19 02:59:40
 4  0       555280     94966368      1054412     25340844    0    0     0     0 3886 4524   5   1  94   0   0 2026-09-19 02:59:41
 1  0       555280     95576872      1054412     25340872    0    0     0     0 3062 3808   0   1  99   0   0 2026-09-19 02:59:42
 1  0       555280     95574928      1054428     25340800    0    0     0   252 2343 3653   0   1  99   0   0 2026-09-19 02:59:43
 1  0       555280     95523072      1054428     25340832    0    0     0     0 2125 3648   1   0  99   0   0 2026-09-19 02:59:44
 1  0       555280     95341696      1054428     25340856    0    0     0   752 2369 3609   2   0  97   0   0 2026-09-19 02:59:45
 1  0       555280     95251496      1054428     25340872    0    0     0     0 2241 3479   3   0  97   0   0 2026-09-19 02:59:46
 1  0       555280     95185072      1054428     25340904    0    0     0     0 2309 3448   2   0  97   0   0 2026-09-19 02:59:47
 0  0       555280     95160000      1054436     25340924    0    0     0   148 3254 3693   0   1  99   0   0 2026-09-19 02:59:48
 1  0       555280     95080752      1054436     25351024    0    0     0     0 3300 4321   1   1  98   0   0 2026-09-19 02:59:49
 1  0       555280     94950336      1054436     25420840    0    0     0   420 3406 5505   3   1  96   0   0 2026-09-19 02:59:50
 1  0       555280     94837408      1054436     25420876    0    0     0     0 3219 4965   3   1  96   0   0 2026-09-19 02:59:51
 1  0       555280     94842624      1054436     25420892    0    0     0     4 3222 5068   2   1  97   0   0 2026-09-19 02:59:52
 1  0       555280     94785160      1054444     25420912    0    0     0   152 3147 4868   2   1  97   0   0 2026-09-19 02:59:53
 1  0       555280     94767656      1054444     25420944    0    0     0     0 3572 4825   3   0  97   0   0 2026-09-19 02:59:54
procs -----------------------memory---------------------- ---swap-- -----io---- -system-- --------cpu-------- -----timestamp-----
 r  b         swpd         free         buff        cache   si   so    bi    bo   in   cs  us  sy  id  wa  st                 KST
 1  0       555280     94764672      1054444     25420952    0    0     0   432 3722 4719   3   0  97   0   0 2026-09-19 02:59:55
 1  0       555280     94763208      1054444     25420996    0    0     0     0 3860 4934   3   0  97   0   0 2026-09-19 02:59:56
 1  0       555280     94621304      1054444     25421104    0    0     0     0 3416 4940   3   0  97   0   0 2026-09-19 02:59:57
 1  0       555280     91492016      1054452     28529640    0    0     0   104 4386 5000   1   2  97   0   0 2026-09-19 02:59:58
 1  0       555280     86778912      1054452     33233240    0    0     0     0 5677 4817   0   3  97   0   0 2026-09-19 02:59:59
 1  0       555280     86015408      1054452     33809768    0    0     0     0 6915 5432  26   2  73   0   0 2026-09-19 03:00:00
 0  0       555280     86047568      1054452     33809812    0    0     0   420 8601 12003   2   1  97   0   0 2026-09-19 03:00:01
 2  0       555280     85965792      1054452     33809832    0    0     0     0 7280 12749   1   0  99   0   0 2026-09-19 03:00:02
 1  0       555280     85815136      1054460     33809864    0    0     0   192 7679 12935   2   0  97   0   0 2026-09-19 03:00:03
 1  0       555280     85804592      1054460     33809876    0    0     0     0 7171 12719   3   0  97   0   0 2026-09-19 03:00:04
 1  0       555280     85801664      1054460     33809908    0    0     0     0 7744 12726   3   0  97   0   0 2026-09-19 03:00:05
 1  0       555280     85798704      1054460     33809928    0    0     0   496 7429 12588   3   0  97   0   0 2026-09-19 03:00:06
 1  0       555280     85794952      1054460     33809964    0    0     0     4 7323 12577   3   0  97   0   0 2026-09-19 03:00:07
 1  0       555280     85792472      1054468     33809984    0    0     0   128 7579 12814   3   0  97   0   0 2026-09-19 03:00:08
 1  0       555280     85792224      1054468     33810028    0    0     0     0 7181 12471   3   0  97   0   0 2026-09-19 03:00:09
 1  0       555280     85790864      1054468     33810048    0    0     0     0 7063 12726   3   0  97   0   0 2026-09-19 03:00:10
 1  0       555280     85789632      1054468     33810076    0    0     0   392 7257 12330   3   0  97   0   0 2026-09-19 03:00:11
 1  0       555280     85789232      1054468     33810088    0    0     0     0 7444 12499   3   0  97   0   0 2026-09-19 03:00:12
 1  0       555280     85791848      1054484     33810112    0    0     0   136 7491 12674   3   0  97   0   0 2026-09-19 03:00:13
 1  0       555280     85792008      1054484     33810140    0    0     0     0 7090 12817   3   0  97   0   0 2026-09-19 03:00:14
 1  0       555280     85795616      1054484     33810168    0    0     0     0 7101 12447   3   0  97   0   0 2026-09-19 03:00:15
procs -----------------------memory---------------------- ---swap-- -----io---- -system-- --------cpu-------- -----timestamp-----
 r  b         swpd         free         buff        cache   si   so    bi    bo   in   cs  us  sy  id  wa  st                 KST
 1  0       555280     85794728      1054484     33810172    0    0     0   336 7156 12571   3   0  97   0   0 2026-09-19 03:00:16
 1  0       555280     85791776      1054484     33810212    0    0     0     0 7543 12483   3   0  97   0   0 2026-09-19 03:00:17
 1  0       555280     85793600      1054496     33810216    0    0     0    92 7746 12795   3   0  97   0   0 2026-09-19 03:00:18
 1  0       555280     85793152      1054496     33810260    0    0     0     0 7166 12376   3   0  97   0   0 2026-09-19 03:00:19
 1  0       555280     85792096      1054496     33810272    0    0     0     0 7095 12416   3   0  97   0   0 2026-09-19 03:00:20
 1  0       555280     85790080      1054496     33810308    0    0     0   448 7176 12496   3   0  97   0   0 2026-09-19 03:00:21
 1  0       555280     85783792      1054496     33810336    0    0     0 160768 7919 13256   3   1  96   1   0 2026-09-19 03:00:22
 1  0       555280     85785168      1054516     33810360    0    0     0   240 7543 12646   2   1  97   0   0 2026-09-19 03:00:23
 1  0       555280     85784360      1054516     33810404    0    0     0     0 7081 12376   2   1  97   0   0 2026-09-19 03:00:24
 1  0       555280     85782368      1054516     33810404    0    0     0     0 7176 12824   2   1  97   0   0 2026-09-19 03:00:25
 1  0       555280     85782176      1054516     33810440    0    0     0   440 7374 12563   2   1  97   0   0 2026-09-19 03:00:26
 1  0       555280     85781072      1054516     33810460    0    0     0     0 7303 12508   2   1  97   0   0 2026-09-19 03:00:27
 1  0       555280     85779696      1054528     33810476    0    0     0   100 7721 12719   2   1  97   0   0 2026-09-19 03:00:28
 1  0       555280     85781040      1054528     33810500    0    0     0     0 7101 12588   2   1  97   0   0 2026-09-19 03:00:29
 1  0       555280     85778560      1054528     33810540    0    0     0     0 7040 12483   2   1  97   0   0 2026-09-19 03:00:30
 4  0       555280     85779568      1054528     33810568    0    0     0   372 7238 12592   2   1  97   0   0 2026-09-19 03:00:31
 1  0       555280     85781720      1054528     33810596    0    0     0     0 7377 12440   2   1  97   0   0 2026-09-19 03:00:32
 1  0       555280     85781504      1054548     33810620    0    0     0   164 7361 12766   2   1  97   0   0 2026-09-19 03:00:33
 1  0       555280     85780816      1054548     33810632    0    0     0     0 7088 12568   2   1  97   0   0 2026-09-19 03:00:34
 1  0       555280     85779888      1054548     33810664    0    0     0     0 6994 12600   2   1  97   0   0 2026-09-19 03:00:35
 1  1       555280     85778728      1054548     33810688    0    0     0    76 7267 12618   2   1  97   0   0 2026-09-19 03:00:36
procs -----------------------memory---------------------- ---swap-- -----io---- -system-- --------cpu-------- -----timestamp-----
 r  b         swpd         free         buff        cache   si   so    bi    bo   in   cs  us  sy  id  wa  st                 KST
 1  0       555280     85777712      1054548     33810712    0    0     0   296 7516 12688   2   1  97   0   0 2026-09-19 03:00:37
 1  0       555280     85778304      1054560     33810732    0    0     0    96 7467 12899   2   1  97   0   0 2026-09-19 03:00:38
 6  0       555280     85778048      1054580     33810960    0    0     0 1887232 11947 17549   5   1  90   4   0 2026-09-19 03:00:39
 5  0       555280     85780656      1054580     33811068    0    0     0     0 8691 12633  13   1  86   0   0 2026-09-19 03:00:40
 5  0       555280     85779088      1054580     33811088    0    0     0     0 8800 12706  13   1  86   0   0 2026-09-19 03:00:41
 5  0       555280     85778464      1054580     33811120    0    0     0   388 8846 12800  13   1  86   0   0 2026-09-19 03:00:42
 5  0       555280     85780608      1054592     33811128    0    0     0   872 8673 13022  13   2  85   0   0 2026-09-19 03:00:43
 5  0       555280     85782016      1054592     33811192    0    0     0     0 8184 12529  13   1  86   0   0 2026-09-19 03:00:44
 5  0       555280     85780400      1054592     33811212    0    0     0     0 8727 12824  13   1  86   0   0 2026-09-19 03:00:45
 5  0       555280     85779264      1054592     33811236    0    0     0     0 8823 12649  13   1  86   0   0 2026-09-19 03:00:46
 5  0       555280     85781680      1054592     33811264    0    0     0  1072 8911 12683  13   1  86   0   0 2026-09-19 03:00:47
 5  0       555280     85780392      1054612     33811256    0    0     0   136 8651 13077  13   1  85   0   0 2026-09-19 03:00:48
 5  0       555280     85779024      1054612     33811308    0    0     0     0 8417 12522  13   1  86   0   0 2026-09-19 03:00:49
 5  0       555280     85779920      1054612     33811328    0    0     0     0 8509 12822  13   1  86   0   0 2026-09-19 03:00:50
 5  0       555280     85780336      1054612     33811356    0    0     0     0 8621 12749  13   1  86   0   0 2026-09-19 03:00:51
 5  0       555280     85778168      1054612     33811356    0    0     0   660 8791 12772  13   1  86   0   0 2026-09-19 03:00:52
 5  0       555280     85777592      1054624     33811408    0    0     0   108 8776 12796  13   1  86   0   0 2026-09-19 03:00:53
 5  0       555280     85777424      1054624     33811432    0    0     0     0 8490 12537  13   1  86   0   0 2026-09-19 03:00:54
 5  0       555280     85779256      1054624     33811464    0    0     0     0 8244 12718  13   1  86   0   0 2026-09-19 03:00:55
 5  0       555280     85779376      1054624     33811488    0    0     0     0 8320 12768  13   1  86   0   0 2026-09-19 03:00:56
 1  0       555280     85779720      1054624     33811516    0    0     0 87376 7728 13089   3   1  96   0   0 2026-09-19 03:00:57
procs -----------------------memory---------------------- ---swap-- -----io---- -system-- --------cpu-------- -----timestamp-----
 r  b         swpd         free         buff        cache   si   so    bi    bo   in   cs  us  sy  id  wa  st                 KST
 1  0       555280     85778880      1054636     33811600    0    0     0 89340 7916 13379   3   1  96   0   0 2026-09-19 03:00:58
 1  0       555280     85779232      1054636     33811656    0    0     0 87040 7569 13053   3   1  96   0   0 2026-09-19 03:00:59
 1  0       555280     85779744      1054640     33811720    0    0     0 92160 7757 13126   3   1  96   0   0 2026-09-19 03:01:00
 1  0       555280     85778800      1054640     33811752    0    0     0 93184 7888 13240   3   1  96   0   0 2026-09-19 03:01:01
 1  4       555280     85779616      1054640     33811780    0    0     0 76100 7862 13146   3   1  96   0   0 2026-09-19 03:01:02
 1  0       555280     85779920      1054660     33811816    0    0     0 66836 8000 13198   2   1  96   0   0 2026-09-19 03:01:03
 1  0       555280     85779552      1054660     33811868    0    0     0 93184 7585 12996   3   1  96   0   0 2026-09-19 03:01:04
 4  0       555280     85777680      1054668     33811928    0    0     0 339968 8635 13838   5   1  93   1   0 2026-09-19 03:01:05
 4  0       555280     85780112      1054668     33812028    4    0     4     0 8489 12552  11   0  89   0   0 2026-09-19 03:01:06
 4  0       555280     85782224      1054668     33812048    0    0     0   472 8483 12576  11   0  88   0   0 2026-09-19 03:01:07
 4  0       555280     85781680      1054684     33812060    0    0     0   376 8867 12713  11   0  88   0   0 2026-09-19 03:01:08
 4  0       555280     85783552      1054684     33812096    0    0     0     0 8270 12338  11   0  89   0   0 2026-09-19 03:01:09
 4  0       555280     85782584      1054684     33812108    0    0     0     0 8271 12725  11   0  89   0   0 2026-09-19 03:01:10
 4  0       555280     85782704      1054684     33812144    0    0     0     0 8073 12519  11   0  89   0   0 2026-09-19 03:01:11
 4  0       555280     85781544      1054688     33812172    0    0     0   568 8469 12663  11   0  88   0   0 2026-09-19 03:01:12
 4  0       555280     85780760      1054696     33812196    0    0     0   112 8081 12779  11   0  88   0   0 2026-09-19 03:01:13
 6  0       555280     85780912      1054712     33812292    0    0     0 1024000 10005 15169   9   1  89   2   0 2026-09-19 03:01:14
 5  0       555280     85781328      1054712     33812552    0    0     0     0 8466 12510  13   1  86   0   0 2026-09-19 03:01:15
 5  0       555280     85780752      1054712     33812584    0    0     0     0 8270 12539  13   1  86   0   0 2026-09-19 03:01:16
 5  0       555280     85778832      1054712     33812608    0    0     0   432 8793 12632  13   2  86   0   0 2026-09-19 03:01:17
 5  0       555280     85777904      1054720     33812628    0    0     0   416 8550 12954  13   1  86   0   0 2026-09-19 03:01:18
procs -----------------------memory---------------------- ---swap-- -----io---- -system-- --------cpu-------- -----timestamp-----
 r  b         swpd         free         buff        cache   si   so    bi    bo   in   cs  us  sy  id  wa  st                 KST
 5  0       555280     85778968      1054720     33812656    0    0     0     0 8725 12488  13   1  86   0   0 2026-09-19 03:01:19
 5  0       555280     85778576      1054720     33812676    0    0     0     0 8398 12449  13   1  86   0   0 2026-09-19 03:01:20
 5  0       555280     85778376      1054720     33812692    0    0     0     0 8221 12504  13   1  86   0   0 2026-09-19 03:01:21
 5  0       555280     85777976      1054720     33812720    0    0     0     0 8438 12627  13   1  86   0   0 2026-09-19 03:01:22
 5  0       555280     85776992      1054728     33812744    0    0     0  1308 8657 12882  13   1  86   0   0 2026-09-19 03:01:23
 5  0       555280     85777744      1054728     33812772    0    0     0     0 8428 12545  13   1  86   0   0 2026-09-19 03:01:24
 7  0       555280     85777032      1054728     33812796    0    0     0     0 8609 12745  13   1  86   0   0 2026-09-19 03:01:25
 5  0       555280     85775664      1054728     33812948    0    0     0     0 8780 12558  13   1  86   0   0 2026-09-19 03:01:26
 5  0       555280     85775648      1054728     33812968    0    0     0     0 8547 12540  13   1  86   0   0 2026-09-19 03:01:27
 5  0       555280     85775512      1054736     33812992    0    0     0   496 8569 12744  13   1  86   0   0 2026-09-19 03:01:28
 5  0       555280     85775888      1054736     33813028    0    0     0     0 8245 12355  13   1  86   0   0 2026-09-19 03:01:29
 5  0       555280     85773512      1054736     33813048    0    0     0     0 8542 12595  13   1  86   0   0 2026-09-19 03:01:30
 5  0       555280     85777632      1054736     33813068    0    0     0     0 8472 12540  13   1  86   0   0 2026-09-19 03:01:31
 1  0       555280     85775568      1054736     33813140    0    0     0 72704 7627 12880   4   1  95   0   0 2026-09-19 03:01:32
 2  0       555280     85775256      1054760     33813148    0    0     0 91804 7910 13339   3   1  96   0   0 2026-09-19 03:01:33
 1  0       555280     85774952      1054764     33813220    0    0     0 90112 7640 13011   3   1  96   0   0 2026-09-19 03:01:34
 1  0       555280     85773296      1054764     33813288    0    0     0 97280 7718 13173   3   1  96   0   0 2026-09-19 03:01:35
 5  0       555280     85774112      1054764     33813348    0    0     0 68608 7344 12979   3   1  96   0   0 2026-09-19 03:01:36
 1  0       555280     85771024      1054764     33813380    0    0     0 72704 7562 13072   3   1  96   0   0 2026-09-19 03:01:37
 1  0       555280     85770256      1054784     33813424    0    0     0 98184 7959 13414   3   1  96   0   0 2026-09-19 03:01:38
 1  0       555280     85770336      1054792     33813456    0    0     0 97280 7717 13028   3   1  96   0   0 2026-09-19 03:01:39
procs -----------------------memory---------------------- ---swap-- -----io---- -system-- --------cpu-------- -----timestamp-----
 r  b         swpd         free         buff        cache   si   so    bi    bo   in   cs  us  sy  id  wa  st                 KST
 4  0       555280     85769936      1054804     33813528    0    0     0 336896 8275 13585   3   1  94   1   0 2026-09-19 03:01:40
 4  0       555280     85769632      1054804     33813644    0    0     0     0 8058 12458  11   0  89   0   0 2026-09-19 03:01:41
 4  0       555280     85768440      1054804     33813668    0    0     0     0 8392 12657  11   0  88   0   0 2026-09-19 03:01:42
 4  0       555280     85767808      1054812     33813688    0    0     0   956 8370 12923  11   0  88   0   0 2026-09-19 03:01:43
 4  0       555280     85771856      1054812     33813708    0    0     0     0 8067 12459  11   0  88   0   0 2026-09-19 03:01:44
 4  0       555280     85771248      1054812     33813728    0    0     0     0 8255 12843  11   0  89   0   0 2026-09-19 03:01:45
 4  0       555280     85769776      1054812     33813752    0    0     0     0 8473 12880  11   0  89   0   0 2026-09-19 03:01:46
 4  0       555280     85770400      1054812     33813744    0    0     0     0 8248 12740  11   0  88   0   0 2026-09-19 03:01:47
 4  0       555280     85768704      1054820     33813756    0    0     0   760 8113 12804  11   0  88   0   0 2026-09-19 03:01:48
 5  0       555280     85768080      1054856     33813784    0    0     0 1024000 10374 15150   8   1  89   3   0 2026-09-19 03:01:49
 5  0       555280     85766704      1054856     33814032    0    0     0     0 8239 12619  13   1  86   0   0 2026-09-19 03:01:50
 5  0       555280     85769568      1054856     33814028    0    0     0     0 8374 12503  13   1  86   0   0 2026-09-19 03:01:51
 5  0       555280     85767760      1054856     33814064    0    0     0     0 8669 12694  13   1  86   0   0 2026-09-19 03:01:52
 5  0       555280     85765648      1054864     33814068    0    0     0  1088 8698 12879  13   1  86   0   0 2026-09-19 03:01:53
 5  0       555280     85767016      1054864     33814120    0    0     0   884 8760 12640  13   1  86   0   0 2026-09-19 03:01:54
 5  0       555280     85766624      1054864     33814128    0    0     0     0 8358 12540  13   2  86   0   0 2026-09-19 03:01:55
 5  0       555280     85765536      1054864     33814152    0    0     0     0 8523 12707  13   1  86   0   0 2026-09-19 03:01:56
 6  0       555280     85761648      1054864     33814184    0    0     0     0 8642 12756  13   1  86   0   0 2026-09-19 03:01:57
 5  0       555280     85763536      1054872     33814204    0    0     0   144 8654 12931  13   1  86   0   0 2026-09-19 03:01:58
 5  0       555280     85762880      1054876     33814224    0    0     0   432 8618 12544  13   1  86   0   0 2026-09-19 03:01:59
 5  0       555280     85765296      1054876     33814256    0    0     0     0 8574 13064  13   1  86   0   0 2026-09-19 03:02:00
procs -----------------------memory---------------------- ---swap-- -----io---- -system-- --------cpu-------- -----timestamp-----
 r  b         swpd         free         buff        cache   si   so    bi    bo   in   cs  us  sy  id  wa  st                 KST
 5  0       555280     85765624      1054876     33814268    0    0     0     0 8413 12634  13   1  86   0   0 2026-09-19 03:02:01
 5  0       555280     85768256      1054876     33814304    0    0     0     0 8605 12825  13   1  86   0   0 2026-09-19 03:02:02
 5  0       555280     85767888      1054892     33814308    0    0     0   148 8630 12833  13   1  86   0   0 2026-09-19 03:02:03
 5  0       555280     85767280      1054892     33814360    0    0     0   396 8577 12541  13   1  86   0   0 2026-09-19 03:02:04
 5  0       555280     85764960      1054892     33814384    0    0     0     0 8549 12864  13   1  86   0   0 2026-09-19 03:02:05
 5  0       555280     85766888      1054892     33814404    0    0     0     0 8582 12562  13   1  86   0   0 2026-09-19 03:02:06
 1  0       555280     85766528      1054892     33814428    0    0     0 82944 8444 13033   7   1  92   0   0 2026-09-19 03:02:07
 5  0       555280     85764888      1054904     33814516    0    0     0 69864 7704 13223   3   1  96   0   0 2026-09-19 03:02:08
 1  0       555280     85766544      1054916     33814552    0    0     0 67884 7693 12976   2   1  96   0   0 2026-09-19 03:02:09
 1  0       555280     85765696      1054920     33814560    0    0     0 90112 7613 13326   3   1  96   0   0 2026-09-19 03:02:10
 1  0       555280     85764976      1054924     33814596    0    0     0 86016 7554 13037   3   1  96   0   0 2026-09-19 03:02:11
 1  0       555280     85767952      1054928     33814660    0    0     0 93184 7699 13112   3   1  95   0   0 2026-09-19 03:02:12
 1  0       555280     85768904      1054928     33814716    0    0     0 94208 7710 13257   3   1  96   0   0 2026-09-19 03:02:13
 5  0       555280     85768736      1054944     33814772    0    0     0 69672 7852 13136   3   1  96   0   0 2026-09-19 03:02:14
 1  0       555280     85769760      1054944     33814792    0    0     0 62464 7684 12988   3   1  96   0   0 2026-09-19 03:02:15
 4  0       555280     85768144      1054948     33814836    0    0     0 309248 8728 13303  10   0  89   1   0 2026-09-19 03:02:16
 4  0       555280     85767344      1054948     33814872    0    0     0     0 8508 12676  11   0  88   0   0 2026-09-19 03:02:17
 4  0       555280     85765624      1054948     33814896    0    0     0     0 8954 12941  11   0  88   0   0 2026-09-19 03:02:18
 4  0       555280     85764768      1054956     33814928    0    0     0   784 8599 12722  11   0  88   0   0 2026-09-19 03:02:19
 4  0       555280     85763872      1054956     33814940    0    0     0     0 8173 12739  11   0  89   0   0 2026-09-19 03:02:20
 4  0       555280     85765296      1054956     33814964    0    0     0     0 8372 12707  11   0  89   0   0 2026-09-19 03:02:21
procs -----------------------memory---------------------- ---swap-- -----io---- -system-- --------cpu-------- -----timestamp-----
 r  b         swpd         free         buff        cache   si   so    bi    bo   in   cs  us  sy  id  wa  st                 KST
 4  0       555280     85765632      1054956     33814988    0    0     0     0 8530 12687  11   0  88   0   0 2026-09-19 03:02:22
 4  0       555280     85764048      1054956     33815008    0    0     0     0 8412 12753  11   0  89   0   0 2026-09-19 03:02:23
 1  4       555280     85764928      1054976     33815064    0    0     0 627808 9684 14268  10   0  88   2   0 2026-09-19 03:02:24
 5  0       555280     85764336      1054984     33815336    0    0     0 397312 9155 13759  11   1  87   1   0 2026-09-19 03:02:25
 5  0       555280     85764152      1054984     33815368    0    0     0     0 8842 12536  13   1  86   0   0 2026-09-19 03:02:26
 5  0       555280     85763696      1054984     33815404    0    0     0     0 8658 12633  13   1  86   0   0 2026-09-19 03:02:27
 6  0       555280     85761584      1054984     33815416    0    0     0     0 8624 12725  13   1  86   0   0 2026-09-19 03:02:28
 5  0       555280     85763552      1054992     33815444    0    0     0  1248 8368 12551  13   1  86   0   0 2026-09-19 03:02:29
 5  0       555280     85763120      1054992     33815460    0    0     0     0 8686 12596  13   1  86   0   0 2026-09-19 03:02:30
 5  0       555280     85763744      1054992     33815484    0    0     0     0 8657 12561  13   1  86   0   0 2026-09-19 03:02:31
 5  0       555280     85762640      1054992     33815520    0    0     0     0 8417 12574  13   1  86   0   0 2026-09-19 03:02:32
 5  0       555280     85762768      1054992     33815544    0    0     0     0 8474 12709  13   1  86   0   0 2026-09-19 03:02:33
 5  0       555280     85762368      1055000     33815560    0    0     0   528 8776 12595  13   1  86   0   0 2026-09-19 03:02:34
 5  0       555280     85760400      1055000     33815580    0    0     0     0 8554 12483  13   1  86   0   0 2026-09-19 03:02:35
 5  0       555280     85762000      1055000     33815612    0    0     0     0 8555 12441  13   1  86   0   0 2026-09-19 03:02:36
 5  0       555280     85759168      1055000     33815632    0    0     0     0 8581 12539  13   1  86   0   0 2026-09-19 03:02:37
 5  0       555280     85757536      1055000     33815656    0    0     0     0 8762 12751  13   1  86   0   0 2026-09-19 03:02:38
 5  0       555280     85760496      1055008     33815680    0    0     0   136 8561 12533  13   1  86   0   0 2026-09-19 03:02:39
 5  0       555280     85759792      1055008     33815712    0    0     0   392 8864 12475  13   1  86   0   0 2026-09-19 03:02:40
 5  0       555280     85759944      1055008     33815728    0    0     0     0 8417 12498  13   1  86   0   0 2026-09-19 03:02:41
 1  0       555280     85758752      1055008     33815760    0    0     0 35840 8309 12871   9   1  90   0   0 2026-09-19 03:02:42
procs -----------------------memory---------------------- ---swap-- -----io---- -system-- --------cpu-------- -----timestamp-----
 r  b         swpd         free         buff        cache   si   so    bi    bo   in   cs  us  sy  id  wa  st                 KST
 1  0       555280     85758960      1055016     33815884    0    0     0 88064 7958 13197   3   1  95   0   0 2026-09-19 03:02:43
 1  0       555280     85758856      1055032     33815948    0    0     0 89276 7646 13022   3   1  96   0   0 2026-09-19 03:02:44
 1  0       555280     85760720      1055032     33815988    0    0     0 86456 7840 13216   3   1  96   0   0 2026-09-19 03:02:45
 2  3       555280     85762688      1055032     33816028    0    0     0 72704 7642 13196   3   1  96   0   0 2026-09-19 03:02:46
 1  0       555280     85763816      1055036     33816056    0    0     0 62464 7483 12976   2   1  96   0   0 2026-09-19 03:02:47
 1  0       555280     85763520      1055036     33816084    0    0     0 91136 7894 13199   3   1  96   0   0 2026-09-19 03:02:48
 1  0       555280     85762640      1055052     33816144    0    0     0 88448 7527 12969   3   1  96   0   0 2026-09-19 03:02:49
 1  0       555280     85760240      1055056     33816284    0    0     0 87656 7477 13081   3   1  96   0   0 2026-09-19 03:02:50
 4  0       555280     85759584      1055076     33816292    0    0     0 323584 8480 13268   7   1  91   1   0 2026-09-19 03:02:51
 5  0       555280     85756768      1055076     33816368    0    0     0     0 8219 12616  11   0  88   0   0 2026-09-19 03:02:52
 4  0       555280     85758848      1055076     33816396    0    0     0     0 8226 12724  11   0  89   0   0 2026-09-19 03:02:53
 4  0       555280     85757696      1055084     33816408    0    0     0   396 8273 12768  11   0  88   0   0 2026-09-19 03:02:54
 4  0       555280     85757792      1055084     33816444    0    0     0  1172 8497 12626  11   0  88   0   0 2026-09-19 03:02:55
 4  0       555280     85758688      1055084     33816464    0    0     0     0 8172 12801  11   0  89   0   0 2026-09-19 03:02:56
 4  0       555280     85757072      1055084     33816484    0    0     0     0 8296 12731  11   0  88   0   0 2026-09-19 03:02:57
 4  0       555280     85756896      1055084     33816500    0    0     0     0 8282 12820  11   0  88   0   0 2026-09-19 03:02:58
 4  0       555280     85759216      1055100     33816524    0    0     0   132 8322 12857  11   0  88   0   0 2026-09-19 03:02:59
 5  0       555280     85760288      1055116     33816552    0    0     0 1024348 10391 15057   9   1  87   3   0 2026-09-19 03:03:00
 7  0       555280     85758864      1055116     33816852    0    0     0     0 8288 12739  13   1  86   0   0 2026-09-19 03:03:01
 5  0       555280     85759232      1055116     33816872    0    0     0     0 8488 12710  13   1  86   0   0 2026-09-19 03:03:02
 5  0       555280     85759888      1055116     33816904    0    0     0     0 8713 12858  13   1  86   0   0 2026-09-19 03:03:03
procs -----------------------memory---------------------- ---swap-- -----io---- -system-- --------cpu-------- -----timestamp-----
 r  b         swpd         free         buff        cache   si   so    bi    bo   in   cs  us  sy  id  wa  st                 KST
 5  0       555280     85758776      1055132     33816920    0    0     0   484 8645 12601  13   1  86   0   0 2026-09-19 03:03:04
 5  0       555280     85757680      1055132     33816948    0    0     0     0 8549 12850  13   1  86   0   0 2026-09-19 03:03:05
 5  0       555280     85756976      1055132     33816964    0    0     0   732 8476 12869  13   1  86   0   0 2026-09-19 03:03:06
 5  0       555280     85757416      1055132     33816996    0    0     0     0 8431 12726  13   1  86   0   0 2026-09-19 03:03:07
 5  0       555280     85756208      1055148     33817016    0    0     0   264 8990 12984  13   1  86   0   0 2026-09-19 03:03:08
 5  0       555280     85758600      1055164     33817048    0    0     0    88 8637 12643  13   1  86   0   0 2026-09-19 03:03:09
 5  0       555280     85759232      1055164     33817068    0    0     0     0 8515 12694  13   1  86   0   0 2026-09-19 03:03:10
 5  0       555280     85757648      1055164     33817100    0    0     0   356 8548 12679  13   1  86   0   0 2026-09-19 03:03:11
 5  0       555280     85757536      1055164     33817108    0    0     0     0 8578 12606  13   1  86   0   0 2026-09-19 03:03:12
 5  0       555280     85758272      1055164     33817140    0    0     0     0 8566 12669  13   1  86   0   0 2026-09-19 03:03:13
 5  0       555280     85757904      1055172     33817156    0    0     0   108 8506 12685  13   1  86   0   0 2026-09-19 03:03:14
 5  0       555280     85757000      1055172     33817184    0    0     0     0 8346 12643  13   1  86   0   0 2026-09-19 03:03:15
 5  0       555280     85758120      1055172     33817196    0    0     0   216 8405 12645  13   1  86   0   0 2026-09-19 03:03:16
 1  0       555280     85757712      1055172     33817228    0    0     0 35840 8846 12972  12   1  86   0   0 2026-09-19 03:03:17
 2  3       555280     85758272      1055172     33817284    0    0     0 68608 7837 13193   3   1  96   0   0 2026-09-19 03:03:18
 1  0       555280     85760856      1055180     33817304    0    0     0 57500 7402 12955   2   1  96   0   0 2026-09-19 03:03:19
 1  0       555280     85759208      1055184     33817364    0    0     0 90112 7743 13060   3   1  95   0   0 2026-09-19 03:03:20
 1  0       555280     85759808      1055184     33817436    0    0     0 90340 7723 13168   3   1  96   0   0 2026-09-19 03:03:21
 1  0       555280     85760448      1055184     33817480    0    0     0 86016 7901 13175   3   1  96   0   0 2026-09-19 03:03:22
 1  0       555280     85758384      1055188     33817512    0    0     0 97280 7680 13179   3   1  95   0   0 2026-09-19 03:03:23
 5  0       555280     85758272      1055204     33817540    0    0     0 69996 7660 13069   3   1  96   0   0 2026-09-19 03:03:24
procs -----------------------memory---------------------- ---swap-- -----io---- -system-- --------cpu-------- -----timestamp-----
 r  b         swpd         free         buff        cache   si   so    bi    bo   in   cs  us  sy  id  wa  st                 KST
 1  0       555280     85759392      1055204     33817576    0    0     0 71436 7752 13295   2   1  96   0   0 2026-09-19 03:03:25
 4  0       555280     85759424      1055220     33817616    0    0     0 358804 8411 13522   5   1  93   1   0 2026-09-19 03:03:26
 4  0       555280     85758040      1055220     33817784    0    0     0     0 8469 12520  11   0  88   0   0 2026-09-19 03:03:27
 4  0       555280     85757360      1055220     33817808    0    0     0     0 8441 12643  11   0  89   0   0 2026-09-19 03:03:28
 4  0       555280     85757200      1055228     33817844    0    0     0   332 8119 12498  11   0  88   0   0 2026-09-19 03:03:29
 4  0       555280     85758128      1055228     33817852    0    0     0     0 8265 12556  11   0  89   0   0 2026-09-19 03:03:30
 4  0       555280     85757488      1055228     33817888    0    0     0   444 8233 12777  11   0  89   0   0 2026-09-19 03:03:31
 4  0       555280     85758128      1055228     33817900    0    0     0     0 8277 12540  11   0  89   0   0 2026-09-19 03:03:32
 4  0       555280     85758528      1055228     33817932    0    0     0     0 8347 12650  11   0  89   0   0 2026-09-19 03:03:33
 4  0       555280     85759184      1055236     33817956    0    0     0   128 8191 12647  11   0  88   0   0 2026-09-19 03:03:34
 5  0       555280     85758304      1055264     33818036    0    0     0 1024000 10267 14980   9   1  88   2   0 2026-09-19 03:03:35
 5  0       555280     85758776      1055264     33818504    0    0     0   232 8467 12405  13   1  86   0   0 2026-09-19 03:03:36
 5  0       555280     85757568      1055264     33818544    0    0     0     0 8370 12497  13   1  86   0   0 2026-09-19 03:03:37
 5  0       555280     85758688      1055264     33818552    0    0     0     0 8459 12700  13   1  86   0   0 2026-09-19 03:03:38
 5  0       555280     85761688      1055272     33818584    0    0     0   612 8347 12504  13   1  86   0   0 2026-09-19 03:03:39
 5  0       555280     85761216      1055272     33818604    0    0     0     0 8245 12486  13   1  86   0   0 2026-09-19 03:03:40
 5  0       555280     85759856      1055272     33818636    0    0     0     0 8223 12474  13   1  86   0   0 2026-09-19 03:03:41
 6  0       555280     85759120      1055272     33818660    0    0     0   724 8545 12569  13   1  86   0   0 2026-09-19 03:03:42
 5  0       555280     85760464      1055272     33818684    0    0     0     0 8659 12590  13   1  86   0   0 2026-09-19 03:03:43
 6  0       555280     85759072      1055288     33818596    0    0     0   104 8459 12512  13   1  86   0   0 2026-09-19 03:03:44
 5  0       555280     85759328      1055288     33818616    0    0     0     0 8291 12658  13   1  86   0   0 2026-09-19 03:03:45
procs -----------------------memory---------------------- ---swap-- -----io---- -system-- --------cpu-------- -----timestamp-----
 r  b         swpd         free         buff        cache   si   so    bi    bo   in   cs  us  sy  id  wa  st                 KST
 5  0       555280     85758936      1055288     33818632    0    0     0     0 8487 12585  13   1  86   0   0 2026-09-19 03:03:46
 5  0       555280     85760608      1055288     33818668    0    0     0   288 8376 12561  13   1  86   0   0 2026-09-19 03:03:47
 5  0       555280     85760224      1055288     33818700    0    0     0     0 8670 12703  13   1  86   0   0 2026-09-19 03:03:48
 5  0       555280     85760272      1055296     33818720    0    0     0   136 8141 12569  13   1  86   0   0 2026-09-19 03:03:49
 5  0       555280     85758896      1055296     33818752    0    0     0     0 8357 12494  13   1  86   0   0 2026-09-19 03:03:50
 5  0       555280     85760768      1055296     33818776    0    0     0     0 8304 12507  13   1  86   0   0 2026-09-19 03:03:51
 5  0       555280     85760896      1055296     33818796    0    0     0   252 8532 12489  13   1  86   0   0 2026-09-19 03:03:52
 1  0       555280     85762512      1055296     33818816    0    0     0 195584 8137 13324   4   1  94   1   0 2026-09-19 03:03:53
 1  0       555280     85759552      1055304     33818916    0    0     0 82108 7714 12944   3   1  96   0   0 2026-09-19 03:03:54
 2  0       555280     85763520      1055304     33819000    0    0     0 82944 8048 13197   3   1  95   0   0 2026-09-19 03:03:55
 3  2       555280     85762568      1055304     33819044    0    0     0 81628 7779 13216   3   1  96   0   0 2026-09-19 03:03:56
 1  0       555280     85760920      1055304     33819084    0    0     0 51632 7648 13098   2   1  96   0   0 2026-09-19 03:03:57
 1  0       555280     85762912      1055304     33819160    0    0     0 90112 7793 13214   3   1  96   0   0 2026-09-19 03:03:58
 1  0       555280     85763792      1055324     33819172    0    0     0 90404 7857 13154   3   1  95   0   0 2026-09-19 03:03:59
 1  0       555280     85765488      1055324     33819312    0    0     0 81920 7703 12938   3   1  96   0   0 2026-09-19 03:04:00
 4  0       555280     85766512      1055324     33819336    0    0     0 269312 8043 13358   3   1  95   1   0 2026-09-19 03:04:01
 4  0       555280     85769496      1055324     33819404    0    0     0   452 8578 12667  11   0  88   0   0 2026-09-19 03:04:02
 4  0       555280     85770056      1055324     33819428    0    0     0     0 8725 12787  11   0  88   0   0 2026-09-19 03:04:03
 4  0       555280     85770784      1055332     33819432    0    0     0   284 8303 12687  11   0  88   0   0 2026-09-19 03:04:04
 4  0       555280     85768640      1055332     33819476    0    0     0     0 8282 12885  11   0  89   0   0 2026-09-19 03:04:05
 4  0       555280     85771280      1055332     33819496    0    0     0     0 8308 12633  11   0  89   0   0 2026-09-19 03:04:06
procs -----------------------memory---------------------- ---swap-- -----io---- -system-- --------cpu-------- -----timestamp-----
 r  b         swpd         free         buff        cache   si   so    bi    bo   in   cs  us  sy  id  wa  st                 KST
 4  0       555280     85773160      1055332     33819512    0    0     0     0 8405 12743  11   0  88   0   0 2026-09-19 03:04:07
 4  0       555280     85773824      1055332     33819536    0    0     0   404 8103 12840  11   0  89   0   0 2026-09-19 03:04:08
 4  0       555280     85772656      1055340     33819560    0    0     0   100 8130 12637  11   0  88   0   0 2026-09-19 03:04:09
 5  0       555280     85771040      1055348     33819700    0    0     0 1024000 10534 15342   8   0  89   2   0 2026-09-19 03:04:10
 6  0       555280     85770008      1055348     33820044    0    0     0     0 8314 12523  13   1  86   0   0 2026-09-19 03:04:11
 5  0       555280     85768160      1055348     33820060    0    0     0     0 8796 12661  13   1  86   0   0 2026-09-19 03:04:12
 7  0       555280     85766192      1055352     33820096    0    0     0   196 8856 12738  13   1  86   0   0 2026-09-19 03:04:13
 5  0       555280     85766400      1055360     33820112    0    0     0   532 8820 13812  13   1  85   0   0 2026-09-19 03:04:14
 5  0       555280     85776784      1055360     33820136    0    0     0     0 8593 12699  13   1  86   0   0 2026-09-19 03:04:15
 5  0       555280     85777040      1055360     33820160    0    0     0     0 8350 12538  13   1  86   0   0 2026-09-19 03:04:16
 6  0       555280     85777872      1055360     33820192    0    0     0     0 8510 12652  13   1  86   0   0 2026-09-19 03:04:17
 5  0       555280     85776304      1055360     33820208    0    0     0   828 8771 12890  13   1  86   0   0 2026-09-19 03:04:18
 5  0       555280     85777256      1055368     33820252    0    0     0   108 8709 12532  13   1  86   0   0 2026-09-19 03:04:19
 5  0       555280     85777136      1055368     33820268    0    0     0     0 8384 12616  13   1  86   0   0 2026-09-19 03:04:20
 5  0       555280     85777544      1055368     33820288    0    0     0     0 8481 12553  13   1  86   0   0 2026-09-19 03:04:21
 5  0       555280     85777424      1055368     33820324    0    0     0     0 8638 12645  13   1  86   0   0 2026-09-19 03:04:22
 5  0       555280     85776296      1055368     33820360    0    0     0   236 8592 12770  13   1  86   0   0 2026-09-19 03:04:23
 5  0       555280     85775952      1055384     33820364    0    0     0   144 8585 12576  13   1  86   0   0 2026-09-19 03:04:24
 5  0       555280     85776880      1055384     33820408    0    0     0     0 8392 12743  13   1  86   0   0 2026-09-19 03:04:25
 5  0       555280     85775744      1055384     33820424    0    0     0     0 8333 12575  13   1  86   0   0 2026-09-19 03:04:26
 5  0       555280     85773424      1055384     33820452    0    0     0   788 8596 12905  13   1  86   0   0 2026-09-19 03:04:27
procs -----------------------memory---------------------- ---swap-- -----io---- -system-- --------cpu-------- -----timestamp-----
 r  b         swpd         free         buff        cache   si   so    bi    bo   in   cs  us  sy  id  wa  st                 KST
 2  0       555280     85772088      1055384     33820472    0    0     0 80116 8363 13093   7   1  91   0   0 2026-09-19 03:04:28
 1  0       555280     85772184      1055392     33820632    0    0     0 42180 7486 12876   2   1  96   0   0 2026-09-19 03:04:29
 1  0       555280     85771408      1055396     33820680    0    0     0 88064 7776 13025   3   1  96   0   0 2026-09-19 03:04:30
 1  0       555280     85772048      1055400     33820748    0    0     0 88064 7950 12960   3   1  95   0   0 2026-09-19 03:04:31
 1  0       555280     85771600      1055400     33820800    0    0     0 89088 7964 12910   3   2  95   0   0 2026-09-19 03:04:32
 1  0       555280     85771616      1055404     33820844    0    0     0 83180 7898 13151   3   1  96   0   0 2026-09-19 03:04:33
 2  0       555280     85772736      1055424     33820864    0    0     0 94588 7688 13115   3   1  96   0   0 2026-09-19 03:04:34
 1  0       555280     85773616      1055424     33820948    0    0     0 43008 7486 12692   2   1  96   0   0 2026-09-19 03:04:35
 1  0       555280     85773448      1055424     33820992    0    0     0 87040 7581 12846   3   1  96   0   0 2026-09-19 03:04:36
 4  0       555280     85771936      1055428     33821088    0    0     0 329728 8816 13341   9   1  89   1   0 2026-09-19 03:04:37
 4  0       555280     85770576      1055428     33821112    0    0     0     0 8431 12732  11   0  89   0   0 2026-09-19 03:04:38
 4  0       555280     85770256      1055436     33821124    0    0     0   744 8287 12587  11   0  88   0   0 2026-09-19 03:04:39
 4  0       555280     85770592      1055436     33821148    0    0     0     0 8036 12432  11   0  89   0   0 2026-09-19 03:04:40
 4  0       555280     85773496      1055436     33821180    0    0     0     0 8130 12539  11   0  88   0   0 2026-09-19 03:04:41
 4  0       555280     85771640      1055436     33821200    0    0     0     0 8388 12510  11   0  88   0   0 2026-09-19 03:04:42
 4  0       555280     85773696      1055436     33821224    0    0     0     0 8660 12724  11   0  88   0   0 2026-09-19 03:04:43
 4  0       555280     85773280      1055444     33821240    0    0     0   564 8072 12491  11   0  88   0   0 2026-09-19 03:04:44
 0  4       555280     85771856      1055456     33821268    0    0     0 318464 8816 13438  11   0  88   1   0 2026-09-19 03:04:45
 5  0       555280     85770760      1055472     33821812    0    0     0 705536 9717 14251  10   1  87   2   0 2026-09-19 03:04:46
 6  0       555280     85772576      1055472     33821828    0    0     0     0 8597 12538  13   1  86   0   0 2026-09-19 03:04:47
 6  0       555280     85769856      1055472     33821848    0    0     0     0 8617 12702  13   1  86   0   0 2026-09-19 03:04:48
procs -----------------------memory---------------------- ---swap-- -----io---- -system-- --------cpu-------- -----timestamp-----
 r  b         swpd         free         buff        cache   si   so    bi    bo   in   cs  us  sy  id  wa  st                 KST
 5  0       555280     85769936      1055488     33821868    0    0     0  1412 8244 12520  13   1  86   0   0 2026-09-19 03:04:49
 5  0       555280     85768544      1055488     33821912    0    0     0     0 8353 12548  13   1  86   0   0 2026-09-19 03:04:50
 5  0       555280     85768080      1055488     33821932    0    0     0     0 8413 12456  13   1  86   0   0 2026-09-19 03:04:51
 5  0       555280     85768952      1055488     33821952    0    0     0     0 8639 12474  13   2  86   0   0 2026-09-19 03:04:52
 5  0       555280     85770000      1055488     33821980    0    0     0     0 8680 12636  13   1  86   0   0 2026-09-19 03:04:53
 5  0       555280     85770544      1055504     33821980    0    0     0   280 8435 12513  13   1  86   0   0 2026-09-19 03:04:54
 5  0       555280     85773952      1055504     33822028    0    0     0     0 8123 12399  13   1  86   0   0 2026-09-19 03:04:55
 5  0       555280     85771320      1055504     33822060    0    0     0     0 8325 12478  13   1  86   0   0 2026-09-19 03:04:56
 5  0       555280     85770952      1055504     33822076    0    0     0     0 8573 12480  13   1  86   0   0 2026-09-19 03:04:57
 5  0       555280     85772064      1055504     33822108    0    0     0   808 8671 12837  13   1  86   0   0 2026-09-19 03:04:58
 5  0       555280     85772368      1055512     33822116    0    0     0    88 8510 12738  13   1  86   0   0 2026-09-19 03:04:59
 9  0       555280     85770192      1055512     33822152    0    0     0   212 8381 12607  13   1  86   0   0 2026-09-19 03:05:00
 6  0       555280     85771296      1055512     33822184    0    0     0     0 8331 12712  13   1  86   0   0 2026-09-19 03:05:01
 5  0       555280     85771800      1055512     33822200    0    0     0     0 8735 12667  13   1  86   0   0 2026-09-19 03:05:02
 1  0       555280     85771920      1055512     33822220    0    0     0 41984 8330 13053   9   1  89   0   0 2026-09-19 03:05:03
 1  0       555280     85771944      1055536     33822300    0    0     0 90400 7566 13130   3   1  96   0   0 2026-09-19 03:05:04
 1  0       555280     85772616      1055536     33822364    0    0     0 88576 8042 13430   3   1  96   0   0 2026-09-19 03:05:05
 1  0       555280     85771120      1055544     33822376    0    0     0 89088 7569 13230   3   1  96   0   0 2026-09-19 03:05:06
 2  0       555280     85770704      1055544     33822440    0    0     0 54272 7553 13006   2   1  96   0   0 2026-09-19 03:05:07
 1  0       555280     85770832      1055544     33822568    0    0     0 76800 7679 13152   3   1  96   0   0 2026-09-19 03:05:08
 1  0       555280     85770880      1055560     33822584    0    0     0 85260 7559 13162   3   1  95   0   0 2026-09-19 03:05:09
procs -----------------------memory---------------------- ---swap-- -----io---- -system-- --------cpu-------- -----timestamp-----
 r  b         swpd         free         buff        cache   si   so    bi    bo   in   cs  us  sy  id  wa  st                 KST
 1  0       555280     85770528      1055560     33822624    0    0     0 88376 7569 13152   3   1  95   0   0 2026-09-19 03:05:10
 1  0       555280     85770632      1055560     33822644    0    0     0 88064 7639 13001   3   1  96   0   0 2026-09-19 03:05:11
 4  0       555280     85769344      1055568     33822744    0    0     0 322560 8720 13430   6   1  92   2   0 2026-09-19 03:05:12
 4  0       555280     85770472      1055568     33822828    0    0     0     0 8374 12790  11   0  89   0   0 2026-09-19 03:05:13
 4  0       555280     85771616      1055576     33822844    0    0     0   328 8288 12767  11   0  88   0   0 2026-09-19 03:05:14
 4  0       555280     85770496      1055576     33822884    0    0     0   588 8500 12567  11   0  88   0   0 2026-09-19 03:05:15
 4  0       555280     85770144      1055576     33822908    0    0     0     0 8402 12626  11   0  88   0   0 2026-09-19 03:05:16
 4  0       555280     85772160      1055576     33822936    0    0     0     0 8395 12745  11   0  88   0   0 2026-09-19 03:05:17
 4  0       555280     85771072      1055576     33822960    0    0     0     0 8503 12989  11   0  88   0   0 2026-09-19 03:05:18
 4  0       555280     85771592      1055584     33822972    0    0     0   116 8443 12761  11   0  88   0   0 2026-09-19 03:05:19
 4  0       555280     85771376      1055584     33822988    0    0     0     0 8127 12454  11   0  88   0   0 2026-09-19 03:05:20
 5  0       555280     85770592      1055596     33823092    0    0     0 1024388 10305 15145   9   1  88   2   0 2026-09-19 03:05:21
 5  0       555280     85772160      1055596     33823548    0    0     0     0 8731 12718  13   2  86   0   0 2026-09-19 03:05:22
 5  0       555280     85771056      1055596     33823604    0    0     0     0 8729 12771  13   1  86   0   0 2026-09-19 03:05:23
 6  0       555280     85770560      1055604     33823616    0    0     0   528 8581 12578  13   1  86   0   0 2026-09-19 03:05:24
 5  0       555280     85771232      1055604     33823652    0    0     0     0 8665 12857  13   1  86   0   0 2026-09-19 03:05:25
 5  0       555280     85771616      1055604     33823680    0    0     0   780 8509 12755  13   1  86   0   0 2026-09-19 03:05:26
 5  0       555280     85770208      1055604     33823696    0    0     0     0 8569 12638  13   1  86   0   0 2026-09-19 03:05:27
 5  0       555280     85772032      1055604     33823716    0    0     0  1092 8763 12880  13   1  86   0   0 2026-09-19 03:05:28
 5  0       555280     85772184      1055620     33823724    0    0     0   164 8576 12638  13   1  86   0   0 2026-09-19 03:05:29
 5  0       555280     85771760      1055620     33823760    0    0     0     0 8479 12681  13   1  86   0   0 2026-09-19 03:05:30
procs -----------------------memory---------------------- ---swap-- -----io---- -system-- --------cpu-------- -----timestamp-----
 r  b         swpd         free         buff        cache   si   so    bi    bo   in   cs  us  sy  id  wa  st                 KST
 5  0       555280     85770448      1055620     33823772    0    0     0   252 8686 12764  13   1  86   0   0 2026-09-19 03:05:31
 5  0       555280     85769544      1055620     33823812    0    0     0     0 8711 12694  13   1  86   0   0 2026-09-19 03:05:32
 6  0       555280     85769152      1055620     33823824    0    0     0     0 8560 12764  13   1  86   0   0 2026-09-19 03:05:33
 5  0       555280     85769952      1055628     33823860    0    0     0    92 8365 12639  13   1  86   0   0 2026-09-19 03:05:34
 6  0       555280     85768568      1055628     33823880    0    0     0     0 8404 12623  13   1  86   0   0 2026-09-19 03:05:35
 5  0       555280     85770448      1055632     33823908    0    0     0   212 8575 12629  13   1  86   0   0 2026-09-19 03:05:36
 5  0       555280     85769552      1055632     33823940    0    0     0     0 8920 12819  13   1  86   0   0 2026-09-19 03:05:37
 1  0       555280     85769424      1055632     33823956    0    0     0 35840 8611 12912  12   1  86   0   0 2026-09-19 03:05:38
 1  0       555280     85767336      1055640     33823968    0    0     0 54448 7481 13014   2   1  96   0   0 2026-09-19 03:05:39
 1  0       555280     85767704      1055640     33824000    0    0     0 78848 7616 12833   3   1  96   0   0 2026-09-19 03:05:40
 1  0       555280     85766800      1055644     33824084    0    0     0 90344 7611 12980   3   1  96   0   0 2026-09-19 03:05:41
 1  0       555280     85765608      1055652     33824156    0    0     0 87040 8085 13071   3   1  95   0   0 2026-09-19 03:05:42
 1  0       555280     85766512      1055656     33824208    0    0     0 89088 7974 13119   3   1  96   0   0 2026-09-19 03:05:43
 1  0       555280     85766096      1055676     33824220    0    0     0 94632 7597 13131   3   1  96   0   0 2026-09-19 03:05:44
 2  0       555280     85765584      1055676     33824268    0    0     0 53248 7557 12993   2   1  96   0   0 2026-09-19 03:05:45
 1  0       555280     85764368      1055676     33824384    0    0     0 80304 7691 13054   3   1  96   0   0 2026-09-19 03:05:46
 4  0       555280     85765072      1055680     33824424    0    0     0 361472 8571 13520   5   1  93   1   0 2026-09-19 03:05:47
 4  0       555280     85763904      1055680     33824544    0    0     0     0 8457 12629  11   0  89   0   0 2026-09-19 03:05:48
 4  0       555280     85765664      1055688     33824568    0    0     0   384 8155 12664  11   0  88   0   0 2026-09-19 03:05:49
 4  0       555280     85764160      1055688     33824596    0    0     0     0 8010 12514  11   0  89   0   0 2026-09-19 03:05:50
 4  0       555280     85766576      1055688     33824620    0    0     0     0 8024 12488  11   0  89   0   0 2026-09-19 03:05:51
procs -----------------------memory---------------------- ---swap-- -----io---- -system-- --------cpu-------- -----timestamp-----
 r  b         swpd         free         buff        cache   si   so    bi    bo   in   cs  us  sy  id  wa  st                 KST
 4  0       555280     85765184      1055688     33824632    0    0     0   480 8173 12527  11   0  88   0   0 2026-09-19 03:05:52
 4  0       555280     85765344      1055688     33824672    0    0     0     0 8193 12666  11   0  89   0   0 2026-09-19 03:05:53
 4  0       555280     85768432      1055696     33824692    0    0     0    96 8186 12571  11   0  88   0   0 2026-09-19 03:05:54
 4  0       555280     85767136      1055696     33824728    0    0     0     0 8668 12584  11   0  88   0   0 2026-09-19 03:05:55
 5  0       555280     85766112      1055732     33824908    0    0     0 1024000 10197 15261   9   1  88   2   0 2026-09-19 03:05:56
 5  0       555280     85767192      1055732     33825216    0    0     0   376 8563 12688  13   1  86   0   0 2026-09-19 03:05:57
 5  0       555280     85767488      1055732     33825232    0    0     0     0 8669 12987  13   1  86   0   0 2026-09-19 03:05:58
 5  0       555280     85767456      1055740     33825256    0    0     0  1748 8543 12708  13   1  86   0   0 2026-09-19 03:05:59
 5  0       555280     85768016      1055740     33825280    0    0     0     0 8497 12504  13   1  86   0   0 2026-09-19 03:06:00
 5  0       555280     85768400      1055740     33825300    0    0     0     0 8395 12510  13   1  86   0   0 2026-09-19 03:06:01
 5  0       555280     85768160      1055740     33825324    0    0     0   868 8455 12626  13   1  86   0   0 2026-09-19 03:06:02
 5  0       555280     85768160      1055740     33825344    0    0     0     0 8641 12698  13   1  86   0   0 2026-09-19 03:06:03
 5  0       555280     85768232      1055748     33825360    0    0     0    96 8657 12423  13   1  86   0   0 2026-09-19 03:06:04
 5  0       555280     85768648      1055748     33825392    0    0     0     0 8614 12822  13   1  86   0   0 2026-09-19 03:06:05
 5  0       555280     85766656      1055748     33825368    0    0     0     0 8344 12529  13   1  86   0   0 2026-09-19 03:06:06
 5  0       555280     85766568      1055748     33825404    0    0     0   216 8546 12653  13   1  86   0   0 2026-09-19 03:06:07
 6  0       555280     85765376      1055748     33825432    0    0     0     0 8759 12604  13   1  86   0   0 2026-09-19 03:06:08
 5  0       555280     85765040      1055764     33825432    0    0     0   112 8842 12638  13   1  86   0   0 2026-09-19 03:06:09
 5  0       555280     85766144      1055764     33825480    0    0     0     0 8456 12765  13   1  86   0   0 2026-09-19 03:06:10
 5  0       555280     85765080      1055764     33825492    0    0     0     0 8378 12625  13   1  86   0   0 2026-09-19 03:06:11
 5  0       555280     85763688      1055764     33825524    0    0     0   356 8624 12763  13   2  86   0   0 2026-09-19 03:06:12
procs -----------------------memory---------------------- ---swap-- -----io---- -system-- --------cpu-------- -----timestamp-----
 r  b         swpd         free         buff        cache   si   so    bi    bo   in   cs  us  sy  id  wa  st                 KST
 5  0       555280     85764656      1055764     33825548    0    0     0     0 8735 12877  13   1  86   0   0 2026-09-19 03:06:13
 1  0       555280     85764496      1055788     33825560    0    0     0 73972 7966 13076   5   1  94   0   0 2026-09-19 03:06:14
 1  0       555280     85768480      1055788     33825660    0    0     0 87040 7719 13158   3   1  96   0   0 2026-09-19 03:06:15
 1  0       555280     85768120      1055788     33825708    0    0     0 90112 7610 12989   3   1  96   0   0 2026-09-19 03:06:16
 1  3       555280     85766464      1055792     33825764    0    0     0 66848 7762 12965   2   1  96   0   0 2026-09-19 03:06:17
 1  0       555280     85767712      1055792     33825812    0    0     0 66560 7845 13303   3   1  96   0   0 2026-09-19 03:06:18
 1  0       555280     85771960      1055800     33825880    0    0     0 92460 7693 13116   3   1  96   0   0 2026-09-19 03:06:19
 1  0       555280     85771520      1055804     33825924    0    0     0 89088 7688 13154   3   1  96   0   0 2026-09-19 03:06:20
 1  0       555280     85772960      1055804     33826016    0    0     0 88064 7615 13081   3   1  95   0   0 2026-09-19 03:06:21
 0  4       555280     85773352      1055816     33826084    0    0     0 198656 8151 13368   3   1  95   1   0 2026-09-19 03:06:22
 4  0       555280     85774352      1055816     33826152    0    0     0 172384 8616 13256  11   0  88   0   0 2026-09-19 03:06:23
 5  0       555280     85774944      1055824     33826184    0    0     0   344 8340 12552  11   0  88   0   0 2026-09-19 03:06:24
 4  0       555280     85774608      1055824     33826196    0    0     0     0 8167 12825  11   0  89   0   0 2026-09-19 03:06:25
 4  0       555280     85776432      1055824     33826228    0    0     0     0 8542 12807  11   0  88   0   0 2026-09-19 03:06:26
 4  0       555280     85775376      1055824     33826248    0    0     0     0 8859 12692  11   0  88   0   0 2026-09-19 03:06:27
 4  0       555280     85774256      1055828     33826284    0    0     0   612 8309 12860  11   0  88   0   0 2026-09-19 03:06:28
 5  1       555280     85774264      1055828     33826288    0    0     0     4 8102 12467  11   0  88   0   0 2026-09-19 03:06:29
 4  0       555280     85773888      1055836     33826324    0    0     0  1000 8527 12796  11   0  89   0   0 2026-09-19 03:06:30
 2  0       555280     85775080      1055868     33826520    0    0     0 1024000 10470 15150   9   1  88   3   0 2026-09-19 03:06:31
 5  0       555280     85776232      1055868     33826904    0    0     0     0 8442 12770  12   2  86   0   0 2026-09-19 03:06:32
 5  0       555280     85775344      1055868     33826936    0    0     0   424 8806 12922  13   1  86   0   0 2026-09-19 03:06:33
procs -----------------------memory---------------------- ---swap-- -----io---- -system-- --------cpu-------- -----timestamp-----
 r  b         swpd         free         buff        cache   si   so    bi    bo   in   cs  us  sy  id  wa  st                 KST
 6  0       555280     85775304      1055872     33826948    0    0     0     0 8684 12600  13   1  86   0   0 2026-09-19 03:06:34
 5  0       555280     85774368      1055884     33826980    0    0     0   592 8552 12768  13   1  86   0   0 2026-09-19 03:06:35
 5  0       555280     85773472      1055884     33827000    0    0     0     0 8308 12694  13   1  86   0   0 2026-09-19 03:06:36
 5  0       555280     85773344      1055884     33827032    0    0     0     0 8336 12724  13   1  86   0   0 2026-09-19 03:06:37
 5  0       555280     85772488      1055884     33827056    0    0     0   680 8841 12817  13   1  86   0   0 2026-09-19 03:06:38
 5  0       555280     85773440      1055884     33827076    0    0     0     0 8544 12484  13   1  86   0   0 2026-09-19 03:06:39
 5  0       555280     85773728      1055892     33827108    0    0     0    92 8570 12692  13   1  86   0   0 2026-09-19 03:06:40
 5  0       555280     85774584      1055892     33827120    0    0     0     0 8293 12622  13   1  86   0   0 2026-09-19 03:06:41
 5  0       555280     85773984      1055892     33827160    0    0     0     0 8514 12697  13   1  86   0   0 2026-09-19 03:06:42
 5  0       555280     85773184      1055892     33827164    0    0     0   208 8353 12734  13   1  86   0   0 2026-09-19 03:06:43
 6  0       555280     85773120      1055892     33827204    0    0     0     0 8382 12547  13   1  86   0   0 2026-09-19 03:06:44
 5  0       555280     85771392      1055900     33827212    0    0     0   116 8592 12900  13   1  86   0   0 2026-09-19 03:06:45
 5  0       555280     85772640      1055900     33827252    0    0     0     0 8350 12720  13   1  86   0   0 2026-09-19 03:06:46
 5  0       555280     85769656      1055900     33827252    0    0     0     0 8578 12688  13   2  86   0   0 2026-09-19 03:06:47
 5  0       555280     85772392      1055900     33827304    0    0     0   240 8621 12889  13   1  86   0   0 2026-09-19 03:06:48
 4  1       555280     85773184      1055900     33827304    0    0     0 51200 7716 12737   7   1  91   0   0 2026-09-19 03:06:49
 1  0       555280     85770248      1055908     33827440    0    0     0 71852 7756 13111   3   1  96   0   0 2026-09-19 03:06:50
 1  0       555280     85771848      1055908     33827468    0    0     0 94208 7572 13018   3   1  96   0   0 2026-09-19 03:06:51
 1  0       555280     85771200      1055908     33827492    0    0     0 92160 7545 13003   3   2  95   0   0 2026-09-19 03:06:52
 1  0       555280     85768848      1055912     33827548    0    0     0 90332 7721 13166   3   1  96   0   0 2026-09-19 03:06:53
 1  0       555280     85768224      1055916     33827604    0    0     0 92160 7432 12931   3   1  96   0   0 2026-09-19 03:06:54
procs -----------------------memory---------------------- ---swap-- -----io---- -system-- --------cpu-------- -----timestamp-----
 r  b         swpd         free         buff        cache   si   so    bi    bo   in   cs  us  sy  id  wa  st                 KST
 2  0       555280     85768064      1055932     33827680    0    0     0 53584 7243 12866   2   1  96   0   0 2026-09-19 03:06:55
 1  0       555280     85767152      1055932     33827740    0    0     0 69632 7547 13014   3   1  96   0   0 2026-09-19 03:06:56
 1  0       555280     85770736      1055932     33827772    0    0     0 88064 7743 13126   3   1  96   0   0 2026-09-19 03:06:57
 4  0       555280     85768856      1055940     33827808    0    0     0 321872 8962 13547   9   1  90   1   0 2026-09-19 03:06:58
 4  0       555280     85769848      1055940     33827988    0    0     0     0 8006 12522  11   0  89   0   0 2026-09-19 03:06:59
 4  0       555280     85771040      1055956     33828020    0    0     0  1176 8215 12795  11   0  88   0   0 2026-09-19 03:07:00
 4  0       555280     85771312      1055956     33828052    0    0     0     0 8016 12623  11   0  89   0   0 2026-09-19 03:07:01
 4  0       555280     85770432      1055956     33828068    0    0     0     0 8450 12617  11   0  88   0   0 2026-09-19 03:07:02
 4  0       555280     85770992      1055956     33828096    0    0     0   440 8360 12713  11   0  88   0   0 2026-09-19 03:07:03
 4  0       555280     85771904      1055956     33828132    0    0     0     0 8069 12394  11   0  89   0   0 2026-09-19 03:07:04
 4  0       555280     85771504      1055964     33828152    0    0     0   104 8364 12846  11   0  89   0   0 2026-09-19 03:07:05
 1  4       555280     85771032      1055964     33828176    0    0     0 64512 8186 12643  11   0  88   0   0 2026-09-19 03:07:06
 5  0       555280     85769776      1055992     33828588    0    0     0 959488 10212 14939  10   1  87   2   0 2026-09-19 03:07:07
 5  0       555280     85770160      1055992     33828628    0    0     0     0 8589 12925  13   1  86   0   0 2026-09-19 03:07:08
 5  0       555280     85768864      1055992     33828636    0    0     0   216 8406 12392  13   1  86   0   0 2026-09-19 03:07:09
 5  0       555280     85769520      1056000     33828656    0    0     0   528 8698 12700  13   1  86   0   0 2026-09-19 03:07:10
 5  0       555280     85768256      1056000     33828684    0    0     0     0 8389 12507  13   1  86   0   0 2026-09-19 03:07:11
 5  0       555280     85768456      1056000     33828728    0    0     0     0 8451 12430  13   1  86   0   0 2026-09-19 03:07:12
 5  0       555280     85767056      1056000     33828736    0    0     0     0 8616 12616  13   1  86   0   0 2026-09-19 03:07:13
 5  0       555280     85769824      1056000     33828764    0    0     0   640 8505 12424  13   1  86   0   0 2026-09-19 03:07:14
 6  0       555280     85770616      1056008     33828776    0    0     0   116 8222 12579  13   1  86   0   0 2026-09-19 03:07:15
procs -----------------------memory---------------------- ---swap-- -----io---- -system-- --------cpu-------- -----timestamp-----
 r  b         swpd         free         buff        cache   si   so    bi    bo   in   cs  us  sy  id  wa  st                 KST
 5  0       555280     85769768      1056008     33828812    0    0     0     0 8235 12478  13   1  86   0   0 2026-09-19 03:07:16
 5  0       555280     85767072      1056008     33828824    0    0     0     0 8386 12493  13   1  86   0   0 2026-09-19 03:07:17
 5  0       555280     85767592      1056008     33828864    0    0     0     0 8717 12783  13   1  86   0   0 2026-09-19 03:07:18
 5  0       555280     85766160      1056008     33828872    0    0     0   240 8510 12394  13   1  86   0   0 2026-09-19 03:07:19
 5  0       555280     85766192      1056016     33828920    0    0     0   136 8343 12796  13   1  86   0   0 2026-09-19 03:07:20
 5  0       555280     85764984      1056016     33828936    0    0     0     0 8226 12488  13   1  86   0   0 2026-09-19 03:07:21
 5  0       555280     85763680      1056016     33828968    0    0     0     0 8616 12644  13   2  86   0   0 2026-09-19 03:07:22
 5  0       555280     85764392      1056016     33828988    0    0     0     0 8580 12743  13   1  86   0   0 2026-09-19 03:07:23
 1  0       555280     85764512      1056020     33829012    0    0     0 43264 8115 12591  10   1  88   0   0 2026-09-19 03:07:24
 1  0       555280     85765936      1056032     33829136    0    0     0 87208 7685 13299   3   1  95   0   0 2026-09-19 03:07:25
 1  0       555280     85768240      1056036     33829200    0    0     0 95232 7417 12978   3   1  96   0   0 2026-09-19 03:07:26
 2  0       555280     85764080      1056040     33829252    0    0     0 63488 7307 12970   2   1  96   0   0 2026-09-19 03:07:27
 1  0       555280     85765920      1056040     33829300    0    0     0 74752 7412 13030   3   1  96   0   0 2026-09-19 03:07:28
 1  0       555280     85764992      1056044     33829324    0    0     0 88300 7404 12958   3   1  96   0   0 2026-09-19 03:07:29
 1  0       555280     85763144      1056056     33829392    0    0     0 96616 7413 13238   3   1  96   0   0 2026-09-19 03:07:30
 2  0       555280     85762736      1056056     33829424    0    0     0 91520 7638 13256   3   1  95   0   0 2026-09-19 03:07:31
 1  0       555280     85763928      1056060     33829504    0    0     0 94208 7584 13238   3   1  96   0   0 2026-09-19 03:07:32
 4  0       555280     85763312      1056068     33829592    0    0     0 291840 8407 13622   6   1  92   1   0 2026-09-19 03:07:33
 4  0       555280     85763696      1056068     33829668    0    0     0   400 8379 12690  11   0  88   0   0 2026-09-19 03:07:34
 4  0       555280     85762864      1056076     33829672    0    0     0   412 8051 12810  11   0  89   0   0 2026-09-19 03:07:35
 4  0       555280     85761760      1056076     33829724    0    0     0     0 8152 12583  11   0  88   0   0 2026-09-19 03:07:36
procs -----------------------memory---------------------- ---swap-- -----io---- -system-- --------cpu-------- -----timestamp-----
 r  b         swpd         free         buff        cache   si   so    bi    bo   in   cs  us  sy  id  wa  st                 KST
 4  0       555280     85759392      1056076     33829736    0    0     0     0 8391 12622  11   0  88   0   0 2026-09-19 03:07:37
 4  0       555280     85760560      1056076     33829776    0    0     0     0 8283 12844  11   0  88   0   0 2026-09-19 03:07:38
 4  0       555280     85758624      1056076     33829780    0    0     0     0 7770 12429  11   0  88   0   0 2026-09-19 03:07:39
 4  0       555280     85759912      1056084     33829828    0    0     0   852 8175 12679  11   0  88   0   0 2026-09-19 03:07:40
 4  0       555280     85760736      1056084     33829840    0    0     0     0 7983 12447  11   0  89   0   0 2026-09-19 03:07:41
 0  4       555280     85758848      1056140     33829820    0    0     0 486400 10431 17255   4   0  89   7   0 2026-09-19 03:07:42
 6  0       555280     85760496      1056164     33830376    0    0     0 537600 10995 17410   8   1  87   4   0 2026-09-19 03:07:43
 5  0       555280     85763968      1056164     33830408    0    0     0     0 8397 12458  13   1  86   0   0 2026-09-19 03:07:44
 5  0       555280     85763408      1056172     33830424    0    0     0   964 8668 12985  13   1  86   0   0 2026-09-19 03:07:45
 5  0       555280     85764288      1056172     33830460    0    0     0     0 8382 12673  13   1  86   0   0 2026-09-19 03:07:46
 5  0       555280     85762464      1056172     33830468    0    0     0     0 8344 12688  13   1  86   0   0 2026-09-19 03:07:47
 5  0       555280     85762376      1056172     33830508    0    0     0     0 8686 12958  13   1  86   0   0 2026-09-19 03:07:48
 5  0       555280     85761608      1056172     33830520    0    0     0     0 8452 12550  13   1  86   0   0 2026-09-19 03:07:49
 5  0       555280     85762528      1056180     33830556    0    0     0  1080 8656 13123  13   1  86   0   0 2026-09-19 03:07:50
 5  0       555280     85762192      1056180     33830588    0    0     0     0 8456 12632  13   1  86   0   0 2026-09-19 03:07:51
 5  0       555280     85761056      1056180     33830604    0    0     0     0 8373 12806  13   1  86   0   0 2026-09-19 03:07:52
 5  0       555280     85761264      1056180     33830644    0    0     0     0 8372 12776  13   1  86   0   0 2026-09-19 03:07:53
 5  0       555280     85760912      1056180     33830664    0    0     0     0 8433 12611  13   1  86   0   0 2026-09-19 03:07:54
 5  0       555280     85759744      1056188     33830676    0    0     0   492 8485 12788  13   1  86   0   0 2026-09-19 03:07:55
 5  0       555280     85758976      1056188     33830704    0    0     0     0 8360 12698  13   1  86   0   0 2026-09-19 03:07:56
 5  0       555280     85759648      1056188     33830732    0    0     0     0 8417 12681  13   2  86   0   0 2026-09-19 03:07:57
procs -----------------------memory---------------------- ---swap-- -----io---- -system-- --------cpu-------- -----timestamp-----
 r  b         swpd         free         buff        cache   si   so    bi    bo   in   cs  us  sy  id  wa  st                 KST
 6  0       555280     85760352      1056188     33830760    0    0     0     0 8505 12802  13   1  86   0   0 2026-09-19 03:07:58
 5  0       555280     85760472      1056188     33830772    0    0     0     0 8388 12491  13   1  86   0   0 2026-09-19 03:07:59
 1  0       555280     85758592      1056204     33830832    0    0     0 75292 7589 13059   3   1  96   0   0 2026-09-19 03:08:00
 1  0       555280     85760080      1056204     33830960    0    0     0 87040 7550 13078   3   1  96   0   0 2026-09-19 03:08:01
 1  0       555280     85758464      1056204     33831004    0    0     0 94204 7649 13129   3   1  96   0   0 2026-09-19 03:08:02
 1  0       555280     85759344      1056204     33831032    0    0     0 86016 7603 13137   3   1  96   0   0 2026-09-19 03:08:03
 1  0       555280     85761216      1056216     33831056    0    0     0 95232 7333 12896   3   1  96   0   0 2026-09-19 03:08:04
 2  0       555280     85759616      1056224     33831176    0    0     0 58144 7628 13194   3   1  96   0   0 2026-09-19 03:08:05
 1  0       555280     85759248      1056228     33831232    0    0     0 68608 7469 12925   2   2  96   0   0 2026-09-19 03:08:06
 1  0       555280     85756656      1056232     33831252    0    0     0 88064 7486 12954   3   2  95   0   0 2026-09-19 03:08:07
 0  4       555280     85756624      1056248     33831400    0    0     0 361472 8422 13621   2   1  94   2   0 2026-09-19 03:08:08
 4  0       555280     85759472      1056248     33831492    0    0     0 12288 8333 12479  11   0  89   0   0 2026-09-19 03:08:09
 5  0       555280     85760304      1056264     33831512    0    0     0   996 8077 12711  11   0  88   0   0 2026-09-19 03:08:10
 4  0       555280     85759888      1056264     33831536    0    0     0     0 7942 12386  11   0  89   0   0 2026-09-19 03:08:11
 4  0       555280     85758240      1056264     33831568    0    0     0     0 8218 12420  11   0  88   0   0 2026-09-19 03:08:12
 4  0       555280     85759400      1056264     33831592    0    0     0     0 8674 12762  11   0  88   0   0 2026-09-19 03:08:13
 4  0       555280     85760256      1056264     33831620    0    0     0     0 8096 12355  11   0  88   0   0 2026-09-19 03:08:14
 5  0       555280     85760432      1056272     33831660    0    0     0   376 8138 12577  11   0  88   0   0 2026-09-19 03:08:15
 4  0       555280     85761040      1056272     33831676    0    0     0     0 8144 12371  11   0  89   0   0 2026-09-19 03:08:16
 0  4       555280     85759880      1056308     33831688    0    0     0 466944 9184 13777   7   1  89   4   0 2026-09-19 03:08:17
 1  0       555280     85754608      1056320     33832092    0    0     0 557056 8842 14262   0   1  95   5   0 2026-09-19 03:08:18
procs -----------------------memory---------------------- ---swap-- -----io---- -system-- --------cpu-------- -----timestamp-----
 r  b         swpd         free         buff        cache   si   so    bi    bo   in   cs  us  sy  id  wa  st                 KST
 0  0       555280     85756208      1056320     33832112    0    0     0     0 6829 12371   0   0  99   0   0 2026-09-19 03:08:19
 1  0       555280     85755024      1056328     33832136    0    0     0   556 6873 12622   0   0 100   0   0 2026-09-19 03:08:20
 1  0       555280     85755064      1056328     33832160    0    0     0   672 6869 12649   0   0  99   0   0 2026-09-19 03:08:21
 0  0       555280     85755376      1056328     33832176    0    0     0     0 7047 12468   0   0  99   0   0 2026-09-19 03:08:22
 0  0       555280     85753184      1056328     33832212    0    0     0     0 7142 12685   1   0  98   0   0 2026-09-19 03:08:23
 2  0       555280     85752032      1056328     33832244    0    0 2064384     0 11834 17138   2   1  93   5   0 2026-09-19 03:08:24
 1  4       555280     85751824      1056336     33832272    0    0 1908736   200 11637 17253   2   1  93   4   0 2026-09-19 03:08:25
 1  4       555280     85754968      1056336     33832300    0    0 1591296   312 10822 16284   2   1  94   3   0 2026-09-19 03:08:26
 0  0       555280     85751744      1056336     33832340    0    0 2144256     0 12200 17634   2   1  92   4   0 2026-09-19 03:08:27
 2  4       555280     85750376      1056336     33832384    0    0 2972672     0 13987 19851   2   1  92   5   0 2026-09-19 03:08:28
 2  4       555280     85749232      1056336     33832412    0    0 3135488     0 14100 19969   2   1  92   5   0 2026-09-19 03:08:29
 2  0       555280     85748640      1056352     33832448    0    0 3763200   524 15718 21698   2   1  91   6   0 2026-09-19 03:08:30
 0  0       555280     85747152      1056356     33832472    0    0 2048000   660 11769 17500   2   1  94   3   0 2026-09-19 03:08:31
 0  0       555280     85749704      1056356     33832492    0    0     0     0 7009 12517   0   0  99   0   0 2026-09-19 03:08:32
 0  0       555280     85749848      1056356     33832532    0    0     0  1140 7119 13062   0   0  99   0   0 2026-09-19 03:08:33
 0  0       555280     85749504      1056356     33832552    0    0     0     0 6982 12938   0   0  99   0   0 2026-09-19 03:08:34
 0  0       555280     85750384      1056372     33832580    0    0     0   260 7057 13044   0   0  99   0   0 2026-09-19 03:08:35
 1  0       555280     85749048      1056372     33832616    0    0     0   352 6994 12683   0   0  99   0   0 2026-09-19 03:08:36
 1  0       555280     85814992      1056372     33832656    0    0     0     0 7445 12317   2   1  97   0   0 2026-09-19 03:08:37
 0  0       555280     94296496      1056372     25444292    0    0     0     0 7520 11634   0   2  98   0   0 2026-09-19 03:08:38
