#Date        Time         gpu    pwr  gtemp  mtemp     sm    mem    enc    dec    jpg    ofa   mclk   pclk  pviol  tviol     fb   bar1   ccpm  sbecc  dbecc    pci  rxpci  txpci 
#YYYYMMDD    HH:MM:SS     Idx      W      C      C      %      %      %      %      %      %    MHz    MHz      %   bool     MB     MB     MB   errs   errs   errs   MB/s   MB/s 
 20260921    16:34:56       0     11     60      -      0      0      0      0      0      0    405    210      0      0      1      2      0      -      -      0      2      5 
 20260921    16:34:57       0     11     60      -      0      0      0      0      0      0    405    210      0      0      1      2      0      -      -      0      0      0 
 20260921    16:34:58       0     11     59      -      0      0      0      0      0      0    405    210      0      0      1      2      0      -      -      0      0      0 
 20260921    16:35:00       0     10     59      -      0      0      0      0      0      0    405    210      0      0      1      2      0      -      -      0      0      0 
 20260921    16:35:01       0     10     59      -      0      0      0      0      0      0    405    210      0      0      1      2      0      -      -      0      0      0 
 20260921    16:35:02       0     11     59      -      0      0      0      0      0      0    405    210      0      0      1      2      0      -      -      0      0      0 
 20260921    16:35:03       0     11     59      -      0      0      0      0      0      0    405    210      0      0      1      2      0      -      -      0      0      0 
 20260921    16:35:04       0     11     58      -      0      0      0      0      0      0    405    210      0      0      1      2      0      -      -      0      0      0 
 20260921    16:35:05       0     10     58      -      0      0      0      0      0      0    405    210      0      0      1      2      0      -      -      0      0      0 
 20260921    16:35:06       0     10     58      -      0      0      0      0      0      0    405    210      0      0      1      2      0      -      -      0      0      0 
 20260921    16:35:07       0     10     58      -      0      0      0      0      0      0    405    210      0      0      1      2      0      -      -      0      0      0 
 20260921    16:35:08       0     10     57      -      0      0      0      0      0      0    405    210      0      0      1      2      0      -      -      0      0      1 
 20260921    16:35:09       0     10     57      -      0      0      0      0      0      0    405    210      0      0      1      2      0      -      -      0      0      0 
 20260921    16:35:10       0     13     58      -      0      0      0      0      0      0   6501   1560      0      0    169      5      0      -      -      0      0      0 
 20260921    16:35:11       0     37     58      -      0      0      0      0      0      0   6501   1560      0      0    169      5      0      -      -      0      0      0 
 20260921    16:35:12       0     39     58      -      4      1      0      0      0      0   6501   1560      0      0   6289      5      0      -      -      0      0      0 
 20260921    16:35:13       0     39     58      -      0      0      0      0      0      0   6501   1560      0      0   6289      5      0      -      -      0      0      0 
 20260921    16:35:14       0     39     58      -      0      0      0      0      0      0   6501   1560      0      0   6289      5      0      -      -      0   2407    107 
 20260921    16:35:15       0     39     58      -      8      0      0      0      0      0   6501   1560      0      0   6289      5      0      -      -      0      0    150 
 20260921    16:35:16       0     39     58      -      9      0      0      0      0      0   6501   1560      0      0   6289      5      0      -      -      0   2352     69 
 20260921    16:35:17       0     39     59      -      5      0      0      0      0      0   6501   1560      0      0   6289      5      0      -      -      0      0      0 
 20260921    16:35:18       0     39     58      -      5      0      0      0      0      0   6501   1560      0      0   6289      5      0      -      -      0   1750    113 
 20260921    16:35:19       0     39     59      -      8      0      0      0      0      0   6501   1560      0      0   6289      5      0      -      -      0    400    213 
 20260921    16:35:21       0     39     59      -      0      0      0      0      0      0   6501   1560      0      0   6269      5      0      -      -      0      0      0 
 20260921    16:35:22       0    101     63      -    100     57      0      0      0      0   6501   1365      0      0   6973      5      0      -      -      0     30      1 
 20260921    16:35:23       0     78     61      -      0      0      0      0      0      0   6501   1920      5      0   7123      5      0      -      -      0      0      0 
 20260921    16:35:24       0     62     60      -      0      0      0      0      0      0   6501   1560      5      0   7275      5      0      -      -      0      0      0 
 20260921    16:35:25       0     48     60      -      0      0      0      0      0      0   6501   1560      0      0   7275      5      0      -      -      0      0      0 
 20260921    16:35:26       0     39     60      -      0      0      0      0      0      0   6501   1560      0      0   7275      5      0      -      -      0      0      0 
 20260921    16:35:27       0     39     60      -      0      0      0      0      0      0   6501   1560     28      0   7445      5      0      -      -      0     21      8 
 20260921    16:35:28       0    117     64      -    100     47      0      0      0      0   6501   1440     84      0   7445      5      0      -      -      0     21      7 
 20260921    16:35:29       0    136     65      -    100     45      0      0      0      0   6501   1230     86      0   7445      5      0      -      -      0     20      8 
 20260921    16:35:30       0    136     66      -    100     48      0      0      0      0   6501   1290     89      0   7445      5      0      -      -      0     18      8 
 20260921    16:35:31       0    137     66      -    100     54      0      0      0      0   6501   1875     93      0   7445      5      0      -      -      0     49     14 
 20260921    16:35:32       0     73     65      -      0      0      0      0      0      0   6501   1905      0      0   7445      5      0      -      -      0      0      0 
 20260921    16:35:33       0     69     65      -      0      0      0      0      0      0   6501   1905      0      0   7445      5      0      -      -      0      0      0 
 20260921    16:35:34       0     58     64      -      0      0      0      0      0      0   6501   1560      0      0   7445      5      0      -      -      0     44     13 
 20260921    16:35:35       0     80     68      -    100     82      0      0      0      0   6501   1305     88      0   7445      5      0      -      -      0     39     10 
 20260921    16:35:36       0    137     69      -     90     77      0      0      0      0   6501   1350     91      0   7445      5      0      -      -      0     16      7 
 20260921    16:35:37       0    137     70      -     81     65      0      0      0      0   6501   1350     88      0   7445      5      0      -      -      0     22      6 
 20260921    16:35:38       0    118     68      -    100     47      0      0      0      0   6501   1890     23      0   7445      5      0      -      -      0      0      0 
 20260921    16:35:39       0     70     68      -      0      0      0      0      0      0   6501   1890      0      0   7445      5      0      -      -      0      0      0 
 20260921    16:35:40       0     60     67      -      0      0      0      0      0      0   6501   1560      0      0   7445      5      0      -      -      0      0      0 
 20260921    16:35:41       0     43     66      -      0      0      0      0      0      0   6501   1560      0      0   6493      5      0      -      -      0      0      0 
#Date        Time         gpu    pwr  gtemp  mtemp     sm    mem    enc    dec    jpg    ofa   mclk   pclk  pviol  tviol     fb   bar1   ccpm  sbecc  dbecc    pci  rxpci  txpci 
#YYYYMMDD    HH:MM:SS     Idx      W      C      C      %      %      %      %      %      %    MHz    MHz      %   bool     MB     MB     MB   errs   errs   errs   MB/s   MB/s 
 20260921    16:35:43       0     42     66      -      0      0      0      0      0      0   6501   1560      0      0   6321      5      0      -      -      0      0      0 
