#Date        Time         gpu    pwr  gtemp  mtemp     sm    mem    enc    dec    jpg    ofa   mclk   pclk  pviol  tviol     fb   bar1   ccpm  sbecc  dbecc    pci  rxpci  txpci 
#YYYYMMDD    HH:MM:SS     Idx      W      C      C      %      %      %      %      %      %    MHz    MHz      %   bool     MB     MB     MB   errs   errs   errs   MB/s   MB/s 
 20260916    15:33:01       0      7     58      -      0      0      0      0      0      0    405    300      0      0     15      5      0      -      -      0      0      0 
 20260916    15:33:02       0      9     58      -      0      0      0      0      0      0    405    300      0      0     15      5      0      -      -      0      0      3 
 20260916    15:33:03       0      8     57      -      0      0      0      0      0      0    405    300      0      0     15      5      0      -      -      0      0      4 
 20260916    15:33:04       0      8     57      -      0      0      0      0      0      0    405    300      0      0     15      5      0      -      -      0      0      6 
 20260916    15:33:05       0      8     57      -      0      0      0      0      0      0    405    300      0      0     15      5      0      -      -      0      0      7 
 20260916    15:33:06       0      7     57      -      0      0      0      0      0      0    405    300      0      0     15      5      0      -      -      0      0     10 
 20260916    15:33:07       0      8     56      -      0      0      0      0      0      0    405    300      0      0     15      5      0      -      -      0      0     13 
 20260916    15:33:08       0      8     56      -      0      0      0      0      0      0    405    300      0      0     15      5      0      -      -      0      0     14 
 20260916    15:33:09       0      8     56      -      0      0      0      0      0      0    405    300      0      0     15      5      0      -      -      0      2     16 
 20260916    15:33:10       0      7     56      -      0      0      0      0      0      0    405    300      0      0     15      5      0      -      -      0      4     15 
 20260916    15:33:11       0      7     55      -      0      0      0      0      0      0   7000   1620      0      0     22      5      0      -      -      0      4     31 
 20260916    15:33:12       0     46     57      -      0      0      0      0      0      0   6500   1620      0      0    216      9      0      -      -      0     30     30 
 20260916    15:33:14       0     46     57      -     29      1      0      0      0      0   6500   1620      0      0    998      7      0      -      -      0     21   5043 
 20260916    15:33:15       0     46     57      -      0      0      0      0      0      0   6500   1620      0      0   1000      7      0      -      -      0      1      9 
 20260916    15:33:16       0     46     57      -      9      0      0      0      0      0   6500   1620      0      0   1000      7      0      -      -      0      2     11 
 20260916    15:33:17       0     46     57      -      0      0      0      0      0      0   6500   1620      0      0   1000      7      0      -      -      0      2     15 
 20260916    15:33:18       0     59     58      -     69      3      0      0      0      0   6500   1905      0      0   1000      7      0      -      -      0   3342   5391 
 20260916    15:33:19       0     57     58      -      0      0      0      0      0      0   6500   1905      0      0    964      7      0      -      -      0      4      7 
 20260916    15:33:20       0     57     58      -      0      0      0      0      0      0   6500   1905      0      0    964      7      0      -      -      0      6      5 
 20260916    15:33:21       0     46     57      -      0      0      0      0      0      0   6500   1620      0      0    996    154      0      -      -      0   1735      8 
 20260916    15:33:22       0    121     60      -     26     17      0      0      0      0   6500   1905      0      0   1680    154      0      -      -      0   3426     10 
 20260916    15:33:23       0    107     59      -     33     20      0      0      0      0   6500   1905      0      0   1682    154      0      -      -      0      6      4 
 20260916    15:33:24       0     46     58      -     26     22      0      0      0      0   6500   1620      0      0   1842    154      0      -      -      0      6      4 
 20260916    15:33:25       0     59     58      -      1      2      0      0      0      0   6500   1905      0      0   1844    154      0      -      -      0   1444      2 
 20260916    15:33:26       0     57     58      -      0      0      0      0      0      0   6500   1905      0      0   1994    154      0      -      -      0      7      2 
 20260916    15:33:27       0    147     62      -    100     13      0      0      0      0   6500   1905      0      0   2166    154      0      -      -      0   4653      1 
 20260916    15:33:28       0    132     63      -    100     10      0      0      0      0   6500   1905      0      0   2166    154      0      -      -      0     12      0 
 20260916    15:33:29       0     79     61      -     71      6      0      0      0      0   6500   1890      0      0   2166    154      0      -      -      0    869      9 
 20260916    15:33:30       0     85     61      -     59      6      0      0      0      0   6500   1890      0      0   2166    154      0      -      -      0      0     17 
 20260916    15:33:31       0    140     61      -     69      6      0      0      0      0   6500   1890      0      0   2166    154      0      -      -      0   1357     12 
 20260916    15:33:33       0    110     62      -     99      9      0      0      0      0   6500   1890      0      0   2166    154      0      -      -      0   8053    141 
 20260916    15:33:34       0     76     61      -     24      2      0      0      0      0   6500   1890      0      0   2166    154      0      -      -      0   2290     13 
 20260916    15:33:35       0     83     61      -     27      2      0      0      0      0   6500   1890      0      0   2166    154      0      -      -      0   2771    532 
 20260916    15:33:36       0     59     60      -      1      1      0      0      0      0   6500   1890      0      0   2166    154      0      -      -      0   2482      2 
 20260916    15:33:37       0     59     60      -     13      2      0      0      0      0   6500   1890      0      0   2166    154      0      -      -      0   3180      1 
 20260916    15:33:38       0     62     60      -      1      1      0      0      0      0   6500   1890      0      0   2166    154      0      -      -      0  12496   1405 
 20260916    15:33:39       0     60     60      -      1      1      0      0      0      0   6500   1890      0      0   2166    154      0      -      -      0   3198      0 
 20260916    15:33:40       0     59     60      -      1      1      0      0      0      0   6500   1890      0      0   2166    154      0      -      -      0   3278      0 
 20260916    15:33:41       0     65     60      -     35      4      0      0      0      0   6500   1890      0      0   2166    154      0      -      -      0   9177      0 
 20260916    15:33:42       0     59     60      -      1      1      0      0      0      0   6500   1890      0      0   2166    154      0      -      -      0   2375      0 
 20260916    15:33:43       0     60     60      -      1      1      0      0      0      0   6500   1890      0      0   2166    154      0      -      -      0   3587      1 
 20260916    15:33:44       0     59     60      -     57      5      0      0      0      0   6500   1890      0      0   2166    154      0      -      -      0   3482      1 
 20260916    15:33:45       0     59     60      -      1      1      0      0      0      0   6500   1890      0      0   2166    154      0      -      -      0   2305      1 
 20260916    15:33:46       0    130     62      -    100     10      0      0      0      0   6500   1890      0      0   2166    154      0      -      -      0     12      3 
#Date        Time         gpu    pwr  gtemp  mtemp     sm    mem    enc    dec    jpg    ofa   mclk   pclk  pviol  tviol     fb   bar1   ccpm  sbecc  dbecc    pci  rxpci  txpci 
#YYYYMMDD    HH:MM:SS     Idx      W      C      C      %      %      %      %      %      %    MHz    MHz      %   bool     MB     MB     MB   errs   errs   errs   MB/s   MB/s 
 20260916    15:33:47       0     88     62      -     45      4      0      0      0      0   6500   1890      0      0   2166    154      0      -      -      0   2411      0 
 20260916    15:33:48       0    104     62      -     60      6      0      0      0      0   6500   1890      0      0   2166    154      0      -      -      0   2037      3 
 20260916    15:33:49       0    132     63      -     72      6      0      0      0      0   6500   1890      0      0   2166    154      0      -      -      0      8    779 
 20260916    15:33:50       0    132     63      -    100     10      0      0      0      0   6500   1890      0      0   2166    154      0      -      -      0      7      5 
 20260916    15:33:51       0     91     63      -     48      4      0      0      0      0   6500   1890      0      0   2166    154      0      -      -      0   2318      4 
 20260916    15:33:53       0    108     63      -     59      6      0      0      0      0   6500   1890      0      0   2166    154      0      -      -      0     12      5 
 20260916    15:33:54       0     60     61      -     25      3      0      0      0      0   6500   1890      0      0   2166    154      0      -      -      0   2032      5 
 20260916    15:33:55       0     63     61      -      1      1      0      0      0      0   6500   1890      0      0   2166    154      0      -      -      0  12545   1396 
 20260916    15:33:56       0     60     61      -      1      1      0      0      0      0   6500   1890      0      0   2166    154      0      -      -      0   2335      6 
 20260916    15:33:57       0     60     61      -      1      1      0      0      0      0   6500   1890      0      0   2166    154      0      -      -      0   3248      6 
 20260916    15:33:58       0     63     61      -      7      3      0      0      0      0   6500   1890      0      0   2166    154      0      -      -      0  12367   1411 
 20260916    15:33:59       0     59     61      -      1      1      0      0      0      0   6500   1890      0      0   2166    154      0      -      -      0   2800      9 
 20260916    15:34:00       0     59     61      -      1      1      0      0      0      0   6500   1890      0      0   2166    154      0      -      -      0   1853     13 
 20260916    15:34:01       0     65     61      -     84      7      0      0      0      0   6500   1890      0      0   2166    154      0      -      -      0   1826     13 
 20260916    15:34:02       0     59     61      -      1      1      0      0      0      0   6500   1890      0      0   2166    154      0      -      -      0   3240     12 
 20260916    15:34:03       0     59     61      -      1      1      0      0      0      0   6500   1890      0      0   2166    154      0      -      -      0   1594     13 
 20260916    15:34:04       0    122     64      -    100     11      0      0      0      0   6500   1890      0      0   2166    154      0      -      -      0   2475    755 
 20260916    15:34:05       0     77     62      -     16      3      0      0      0      0   6500   1890      0      0   2166    154      0      -      -      0   2800     10 
 20260916    15:34:06       0    138     63      -    100      9      0      0      0      0   6500   1890      0      0   2166    154      0      -      -      0    604    813 
 20260916    15:34:07       0    142     64      -    100      9      0      0      0      0   6500   1890      0      0   2166    154      0      -      -      0      5    297 
 20260916    15:34:08       0    128     63      -     70      7      0      0      0      0   6500   1890      0      0   2166    154      0      -      -      0   3762      5 
 20260916    15:34:09       0     99     63      -     42      5      0      0      0      0   6500   1890      0      0   2166    154      0      -      -      0   2242      2 
 20260916    15:34:10       0    130     64      -     54      8      0      0      0      0   6500   1890      0      0   2166    154      0      -      -      0  12136   1435 
 20260916    15:34:11       0     60     62      -      1      1      0      0      0      0   6500   1890      0      0   2166    154      0      -      -      0   1412      6 
 20260916    15:34:13       0     61     62      -      1      1      0      0      0      0   6500   1890      0      0   2166    154      0      -      -      0   1824      5 
 20260916    15:34:14       0     65     62      -     20      3      0      0      0      0   6500   1890      0      0   2166    154      0      -      -      0  12167   1453 
 20260916    15:34:15       0     60     62      -      1      1      0      0      0      0   6500   1890      0      0   2166    154      0      -      -      0   2890      1 
 20260916    15:34:16       0     60     62      -      1      1      0      0      0      0   6500   1890      0      0   2166    154      0      -      -      0   2731      0 
 20260916    15:34:17       0     66     62      -     88      8      0      0      0      0   6500   1890      0      0   2166    154      0      -      -      0   7241     10 
 20260916    15:34:18       0     60     62      -      1      1      0      0      0      0   6500   1890      0      0   2166    154      0      -      -      0   2985      8 
 20260916    15:34:19       0     59     62      -      1      1      0      0      0      0   6500   1890      0      0   2166    154      0      -      -      0   2833     10 
 20260916    15:34:20       0     65     62      -      5      2      0      0      0      0   6500   1890      0      0   2166    154      0      -      -      0  12550      1 
 20260916    15:34:21       0     60     61      -      1      1      0      0      0      0   6500   1890      0      0   2166    154      0      -      -      0   3414      3 
 20260916    15:34:22       0    137     64      -    100     13      0      0      0      0   6500   1890      0      0   2166    154      0      -      -      0     10      3 
 20260916    15:34:23       0     94     63      -     43      6      0      0      0      0   6500   1890      0      0   2166    154      0      -      -      0   2047      1 
 20260916    15:34:24       0    135     64      -     45      7      0      0      0      0   6500   1890      0      0   2166    154      0      -      -      0     16    935 
 20260916    15:34:25       0    130     65      -    100      7      0      0      0      0   6500   1890      0      0   2166    154      0      -      -      0     10      1 
 20260916    15:34:26       0     99     65      -     54      6      0      0      0      0   6500   1890      0      0   2166    154      0      -      -      0   2625      0 
 20260916    15:34:27       0     87     64      -     53      4      0      0      0      0   6500   1890      0      0   2166    154      0      -      -      0     12      3 
 20260916    15:34:28       0     60     63      -     66      5      0      0      0      0   6500   1890      0      0   2166    154      0      -      -      0   3219      0 
 20260916    15:34:29       0     60     63      -      1      1      0      0      0      0   6500   1890      0      0   2166    154      0      -      -      0   8808    978 
 20260916    15:34:30       0     60     62      -      1      1      0      0      0      0   6500   1890      0      0   2166    154      0      -      -      0   2020      0 
 20260916    15:34:32       0     60     62      -     26      3      0      0      0      0   6500   1890      0      0   2166    154      0      -      -      0   2005      0 
 20260916    15:34:33       0     60     62      -      1      1      0      0      0      0   6500   1890      0      0   2166    154      0      -      -      0  12692   1390 
#Date        Time         gpu    pwr  gtemp  mtemp     sm    mem    enc    dec    jpg    ofa   mclk   pclk  pviol  tviol     fb   bar1   ccpm  sbecc  dbecc    pci  rxpci  txpci 
#YYYYMMDD    HH:MM:SS     Idx      W      C      C      %      %      %      %      %      %    MHz    MHz      %   bool     MB     MB     MB   errs   errs   errs   MB/s   MB/s 
 20260916    15:34:34       0     61     62      -      1      1      0      0      0      0   6500   1890      0      0   2166    154      0      -      -      0   3347      0 
 20260916    15:34:35       0     61     62      -      1      1      0      0      0      0   6500   1890      0      0   2166    154      0      -      -      0   2642      0 
 20260916    15:34:36       0     61     62      -      1      1      0      0      0      0   6500   1890      0      0   2166    154      0      -      -      0  12363   1423 
 20260916    15:34:37       0     61     62      -      1      2      0      0      0      0   6500   1890      0      0   2166    154      0      -      -      0   3277      0 
 20260916    15:34:38       0     61     62      -      1      1      0      0      0      0   6500   1890      0      0   2166    154      0      -      -      0   1751      0 
 20260916    15:34:39       0     77     64      -      3      2      0      0      0      0   6500   1890      0      0   2166    154      0      -      -      0     11      0 
 20260916    15:34:40       0    134     64      -    100     10      0      0      0      0   6500   1890      0      0   2166    154      0      -      -      0   7929     12 
 20260916    15:34:41       0    117     64      -     40      6      0      0      0      0   6500   1890      0      0   2166    154      0      -      -      0     10      1 
 20260916    15:34:42       0    105     64      -     65      6      0      0      0      0   6500   1890      0      0   2166    154      0      -      -      0   2596      1 
 20260916    15:34:43       0    136     65      -    100     11      0      0      0      0   6500   1890      0      0   2166    154      0      -      -      0   5368    229 
 20260916    15:34:44       0    102     64      -     33      5      0      0      0      0   6500   1890      0      0   2166    154      0      -      -      0     10      7 
 20260916    15:34:45       0    102     64      -     33      5      0      0      0      0   6500   1890      0      0   2166    154      0      -      -      0   2397      4 
 20260916    15:34:46       0     61     63      -      1      1      0      0      0      0   6500   1890      0      0   2166    154      0      -      -      0   4078      6 
 20260916    15:34:47       0     65     63      -    100      8      0      0      0      0   6500   1890      0      0   2166    154      0      -      -      0   2358      2 
 20260916    15:34:48       0     61     63      -      1      1      0      0      0      0   6500   1890      0      0   2166    154      0      -      -      0   3201      5 
 20260916    15:34:49       0     60     63      -      1      1      0      0      0      0   6500   1890      0      0   2166    154      0      -      -      0   2761      1 
 20260916    15:34:50       0     61     63      -     73      6      0      0      0      0   6500   1890      0      0   2166    154      0      -      -      0   1859      6 
 20260916    15:34:52       0     60     63      -      1      1      0      0      0      0   6500   1890      0      0   2166    154      0      -      -      0   1923     13 
 20260916    15:34:53       0     60     63      -      1      1      0      0      0      0   6500   1890      0      0   2166    154      0      -      -      0   1455     13 
 20260916    15:34:54       0     60     63      -    100      7      0      0      0      0   6500   1890      0      0   2166    154      0      -      -      0   1777     10 
 20260916    15:34:55       0     61     62      -      1      1      0      0      0      0   6500   1890      0      0   2166    154      0      -      -      0   1503     10 
 20260916    15:34:56       0     61     62      -      1      1      0      0      0      0   6500   1890      0      0   2166    154      0      -      -      0   1976     13 
 20260916    15:34:57       0    131     64      -    100      7      0      0      0      0   6500   1890      0      0   2166    154      0      -      -      0   5520    239 
 20260916    15:34:58       0    132     64      -     78      8      0      0      0      0   6500   1890      0      0   2166    154      0      -      -      0    284      0 
 20260916    15:34:59       0    118     64      -     51      4      0      0      0      0   6500   1890      0      0   2166    154      0      -      -      0   1904      3 
 20260916    15:35:00       0    102     66      -     49      7      0      0      0      0   6500   1890      0      0   2166    154      0      -      -      0   2009      4 
 20260916    15:35:01       0     60     63      -      1      1      0      0      0      0   6500   1890      0      0   2166    154      0      -      -      0   2309      0 
 20260916    15:35:02       0     66     63      -     62      6      0      0      0      0   6500   1890      0      0   2166    154      0      -      -      0  12275   1464 
 20260916    15:35:03       0     61     63      -      1      1      0      0      0      0   6500   1890      0      0   2166    154      0      -      -      0   2398      0 
 20260916    15:35:04       0     61     63      -      1      1      0      0      0      0   6500   1890      0      0   2166    154      0      -      -      0   1544      4 
 20260916    15:35:05       0     66     63      -      1      1      0      0      0      0   6500   1890      0      0   2166    154      0      -      -      0  12570   1427 
 20260916    15:35:06       0     60     63      -      1      1      0      0      0      0   6500   1890      0      0   2166    154      0      -      -      0   2736      8 
 20260916    15:35:07       0     61     63      -      1      1      0      0      0      0   6500   1890      0      0   2166    154      0      -      -      0   3438      8 
 20260916    15:35:08       0     63     63      -      1      1      0      0      0      0   6500   1890      0      0   2166    154      0      -      -      0  12667   1468 
 20260916    15:35:09       0     60     62      -      1      1      0      0      0      0   6500   1890      0      0   2166    154      0      -      -      0   2453     10 
 20260916    15:35:11       0     60     62      -      1      1      0      0      0      0   6500   1890      0      0   2166    154      0      -      -      0   2700     10 
 20260916    15:35:12       0     62     62      -      7      2      0      0      0      0   6500   1890      0      0   2166    154      0      -      -      0      0     14 
 20260916    15:35:13       0     47     62      -      0      0      0      0      0      0   6500   1620      0      0   2166    154      0      -      -      0      0     12 
 20260916    15:35:14       0     47     61      -      0      0      0      0      0      0   6500   1620      0      0   2166    154      0      -      -      0      0     15 
 20260916    15:35:15       0     52     62      -     95      6      0      0      0      0   6500   1890      0      0   2166    154      0      -      -      0   7312     13 
 20260916    15:35:16       0     60     62      -      3      1      0      0      0      0   6500   1890      0      0   2166    154      0      -      -      0   2150     13 
 20260916    15:35:17       0     61     62      -      1      1      0      0      0      0   6500   1890      0      0   2166    154      0      -      -      0   2204     12 
 20260916    15:35:18       0     66     62      -     33      4      0      0      0      0   6500   1890      0      0   2166    154      0      -      -      0   2183     13 
 20260916    15:35:19       0     60     62      -      1      1      0      0      0      0   6500   1890      0      0   2166    154      0      -      -      0   1970     12 
#Date        Time         gpu    pwr  gtemp  mtemp     sm    mem    enc    dec    jpg    ofa   mclk   pclk  pviol  tviol     fb   bar1   ccpm  sbecc  dbecc    pci  rxpci  txpci 
#YYYYMMDD    HH:MM:SS     Idx      W      C      C      %      %      %      %      %      %    MHz    MHz      %   bool     MB     MB     MB   errs   errs   errs   MB/s   MB/s 
 20260916    15:35:20       0     60     62      -      1      1      0      0      0      0   6500   1890      0      0   2166    154      0      -      -      0   2923     14 
 20260916    15:35:21       0     64     62      -    100      7      0      0      0      0   6500   1890      0      0   2166    154      0      -      -      0   3444     15 
 20260916    15:35:22       0     60     62      -      1      1      0      0      0      0   6500   1890      0      0   2166    154      0      -      -      0   2573     13 
 20260916    15:35:23       0     60     62      -      1      1      0      0      0      0   6500   1890      0      0   2166    154      0      -      -      0   1910     12 
 20260916    15:35:24       0     60     62      -     24      3      0      0      0      0   6500   1890      0      0   2166    154      0      -      -      0   1382     13 
 20260916    15:35:25       0     60     62      -      1      1      0      0      0      0   6500   1890      0      0   2166    154      0      -      -      0   3423   1454 
 20260916    15:35:26       0     60     62      -      1      1      0      0      0      0   6500   1890      0      0   2166    154      0      -      -      0   1387     13 
 20260916    15:35:27       0    146     64      -    100     10      0      0      0      0   6500   1890      0      0   2166    154      0      -      -      0      0     12 
 20260916    15:35:28       0    147     64      -    100     11      0      0      0      0   6500   1890      0      0   2166    154      0      -      -      0      3     21 
 20260916    15:35:29       0    144     64      -     63      5      0      0      0      0   6500   1890      0      0   2166    154      0      -      -      0      0     12 
 20260916    15:35:31       0     90     64      -     60      3      0      0      0      0   6500   1890      0      0   2166    154      0      -      -      0      0     16 
 20260916    15:35:32       0     96     66      -     68      7      0      0      0      0   6500   1845      0      0   2166    154      0      -      -      0   2404     15 
 20260916    15:35:33       0    118     64      -     64      6      0      0      0      0   6500   1890      0      0   2166    154      0      -      -      0      0      0 
 20260916    15:35:34       0     60     63      -      1      1      0      0      0      0   6500   1890      0      0   2166    154      0      -      -      0   1660      3 
 20260916    15:35:35       0     66     63      -     22      3      0      0      0      0   6500   1890      0      0   2166    154      0      -      -      0   6611     10 
 20260916    15:35:36       0     60     63      -      1      1      0      0      0      0   6500   1890      0      0   2166    154      0      -      -      0   3165      8 
 20260916    15:35:37       0     60     63      -      1      1      0      0      0      0   6500   1890      0      0   2166    154      0      -      -      0   1635      9 
 20260916    15:35:38       0     67     63      -     76      7      0      0      0      0   6500   1890      0      0   2166    154      0      -      -      0   1949      4 
 20260916    15:35:39       0     61     62      -      1      1      0      0      0      0   6500   1890      0      0   2166    154      0      -      -      0   2157      6 
 20260916    15:35:40       0     61     62      -      1      1      0      0      0      0   6500   1890      0      0   2166    154      0      -      -      0   3229      2 
 20260916    15:35:41       0     67     63      -     82      7      0      0      0      0   6500   1890      0      0   2166    154      0      -      -      0   3448      0 
 20260916    15:35:42       0     61     62      -      1      1      0      0      0      0   6500   1890      0      0   2166    154      0      -      -      0   1975      4 
 20260916    15:35:43       0     61     62      -      1      1      0      0      0      0   6500   1890      0      0   2166    154      0      -      -      0   1464      3 
 20260916    15:35:44       0    150     64      -    100     13      0      0      0      0   6500   1875      0      0   2166    154      0      -      -      0      0     16 
 20260916    15:35:45       0    129     65      -    100     12      0      0      0      0   6500   1890      0      0   2166    154      0      -      -      0      0     13 
 20260916    15:35:46       0     98     64      -     56      7      0      0      0      0   6500   1890      0      0   2166    154      0      -      -      0   2090     15 
 20260916    15:35:47       0     81     65      -     65      7      0      0      0      0   6500   1890      0      0   2166    154      0      -      -      0     99     18 
 20260916    15:35:48       0    126     65      -     47      6      0      0      0      0   6500   1890      0      0   2166    154      0      -      -      0      0     13 
 20260916    15:35:50       0     92     64      -     99      5      0      0      0      0   6500   1890      0      0   2166    154      0      -      -      0    518     12 
 20260916    15:35:51       0     90     64      -     22      2      0      0      0      0   6500   1890      0      0   2166    154      0      -      -      0   2954     12 
 20260916    15:35:52       0     60     63      -     27      3      0      0      0      0   6500   1890      0      0   2166    154      0      -      -      0   2706     12 
 20260916    15:35:53       0     60     63      -      1      1      0      0      0      0   6500   1890      0      0   2166    154      0      -      -      0   8376   1183 
 20260916    15:35:54       0     60     63      -      1      1      0      0      0      0   6500   1890      0      0   2166    154      0      -      -      0   2726     13 
 20260916    15:35:55       0     60     63      -     31      3      0      0      0      0   6500   1890      0      0   2166    154      0      -      -      0   3191     12 
 20260916    15:35:56       0     61     63      -      1      1      0      0      0      0   6500   1890      0      0   2166    154      0      -      -      0   2795    920 
 20260916    15:35:57       0     60     63      -      1      1      0      0      0      0   6500   1890      0      0   2166    154      0      -      -      0   3315      7 
 20260916    15:35:58       0     61     63      -     22      3      0      0      0      0   6500   1890      0      0   2166    154      0      -      -      0   2500      8 
 20260916    15:35:59       0     61     63      -      1      1      0      0      0      0   6500   1890      0      0   2166    154      0      -      -      0  12696   1403 
 20260916    15:36:00       0     61     63      -      1      1      0      0      0      0   6500   1890      0      0   2166    154      0      -      -      0   3200      0 
 20260916    15:36:01       0     61     63      -      1      1      0      0      0      0   6500   1890      0      0   2166    154      0      -      -      0   3223      0 
 20260916    15:36:02       0    111     65      -     19      4      0      0      0      0   6500   1890      0      0   2166    154      0      -      -      0   1581    935 
 20260916    15:36:03       0     81     64      -     18      4      0      0      0      0   6500   1890      0      0   2166    154      0      -      -      0   2689      1 
 20260916    15:36:04       0    113     65      -     24      4      0      0      0      0   6500   1890      0      0   2166    154      0      -      -      0     11      0 
 20260916    15:36:05       0    149     66      -    100      8      0      0      0      0   6500   1890      0      0   2166    154      0      -      -      0     11      1 
#Date        Time         gpu    pwr  gtemp  mtemp     sm    mem    enc    dec    jpg    ofa   mclk   pclk  pviol  tviol     fb   bar1   ccpm  sbecc  dbecc    pci  rxpci  txpci 
#YYYYMMDD    HH:MM:SS     Idx      W      C      C      %      %      %      %      %      %    MHz    MHz      %   bool     MB     MB     MB   errs   errs   errs   MB/s   MB/s 
 20260916    15:36:06       0     98     65      -     46      6      0      0      0      0   6500   1890      0      0   2166    154      0      -      -      0   2004      0 
 20260916    15:36:07       0    114     66      -     64      6      0      0      0      0   6500   1890      0      0   2166    154      0      -      -      0   3010      0 
 20260916    15:36:09       0     61     64      -     94      7      0      0      0      0   6500   1890      0      0   2166    154      0      -      -      0   3013      4 
 20260916    15:36:10       0     61     63      -      1      1      0      0      0      0   6500   1890      0      0   2166    154      0      -      -      0   1789      1 
 20260916    15:36:11       0     61     63      -      1      1      0      0      0      0   6500   1890      0      0   2166    154      0      -      -      0   3242      0 
 20260916    15:36:12       0     61     63      -     25      3      0      0      0      0   6500   1890      0      0   2166    154      0      -      -      0   1748      0 
 20260916    15:36:13       0     60     63      -      1      1      0      0      0      0   6500   1890      0      0   2166    154      0      -      -      0  12363   1440 
 20260916    15:36:14       0     60     63      -      1      1      0      0      0      0   6500   1890      0      0   2166    154      0      -      -      0   3032      0 
 20260916    15:36:15       0     61     63      -      1      1      0      0      0      0   6500   1890      0      0   2166    154      0      -      -      0   3248      0 
 20260916    15:36:16       0     61     63      -      1      1      0      0      0      0   6500   1890      0      0   2166    154      0      -      -      0  11639   1449 
 20260916    15:36:17       0     60     63      -      1      1      0      0      0      0   6500   1890      0      0   2166    154      0      -      -      0   3408      0 
 20260916    15:36:18       0     61     63      -      1      1      0      0      0      0   6500   1890      0      0   2166    154      0      -      -      0   1411      1 
 20260916    15:36:19       0     61     63      -      1      1      0      0      0      0   6500   1890      0      0   2166    154      0      -      -      0     10      1 
 20260916    15:36:20       0    132     65      -    100      7      0      0      0      0   6500   1890      0      0   2166    154      0      -      -      0     11      3 
 20260916    15:36:21       0    104     65      -     44      6      0      0      0      0   6500   1890      0      0   2166    154      0      -      -      0     10      2 
 20260916    15:36:22       0    119     65      -     39      4      0      0      0      0   6500   1890      0      0   2166    154      0      -      -      0     17      1 
 20260916    15:36:23       0    127     66      -    100      9      0      0      0      0   6500   1890      0      0   2166    154      0      -      -      0   1433    764 
 20260916    15:36:24       0    132     65      -    100     10      0      0      0      0   6500   1890      0      0   2166    154      0      -      -      0    537      1 
 20260916    15:36:25       0    122     65      -     67      8      0      0      0      0   6500   1890      0      0   2166    154      0      -      -      0      1      3 
 20260916    15:36:26       0    122     65      -     60      5      0      0      0      0   6500   1890      0      0   2166    154      0      -      -      0   1287      0 
 20260916    15:36:28       0     61     64      -      1      1      0      0      0      0   6500   1890      0      0   2166    154      0      -      -      0   3083      0 
 20260916    15:36:29       0     67     64      -     23      4      0      0      0      0   6500   1890      0      0   2166    154      0      -      -      0   2327      0 
 20260916    15:36:30       0     61     64      -      1      1      0      0      0      0   6500   1890      0      0   2166    154      0      -      -      0   2937      0 
 20260916    15:36:31       0     61     64      -      1      1      0      0      0      0   6500   1890      0      0   2166    154      0      -      -      0   2574      0 
 20260916    15:36:32       0     63     64      -     70      6      0      0      0      0   6500   1890      0      0   2166    154      0      -      -      0   1551      1 
 20260916    15:36:33       0     61     63      -      1      1      0      0      0      0   6500   1890      0      0   2166    154      0      -      -      0   1974      0 
 20260916    15:36:34       0     61     63      -      1      1      0      0      0      0   6500   1890      0      0   2166    154      0      -      -      0   2606      0 
 20260916    15:36:35       0     66     63      -     88      8      0      0      0      0   6500   1890      0      0   2166    154      0      -      -      0   1531      1 
 20260916    15:36:36       0     61     63      -      1      1      0      0      0      0   6500   1890      0      0   2166    154      0      -      -      0   3226      0 
 20260916    15:36:37       0     61     63      -      1      1      0      0      0      0   6500   1890      0      0   2166    154      0      -      -      0   3271      0 
 20260916    15:36:38       0    142     65      -    100      8      0      0      0      0   6500   1890      0      0   2166    154      0      -      -      0   2891    591 
 20260916    15:36:39       0    137     67      -    100     10      0      0      0      0   6500   1890      0      0   2166    154      0      -      -      0   3091      0 
 20260916    15:36:40       0    102     65      -     50      7      0      0      0      0   6500   1890      0      0   2166    154      0      -      -      0      0      0 
 20260916    15:36:41       0     99     65      -     42      5      0      0      0      0   6500   1890      0      0   2166    154      0      -      -      0   1671      0 
 20260916    15:36:42       0     62     64      -      1      1      0      0      0      0   6500   1890      0      0   2166    154      0      -      -      0   1991      0 
 20260916    15:36:43       0     65     64      -     37      5      0      0      0      0   6500   1890      0      0   2166    154      0      -      -      0  12140   1456 
 20260916    15:36:45       0     61     64      -      1      1      0      0      0      0   6500   1890      0      0   2166    154      0      -      -      0   3423      1 
 20260916    15:36:46       0     61     64      -      1      1      0      0      0      0   6500   1890      0      0   2166    154      0      -      -      0   3288      0 
 20260916    15:36:47       0     67     64      -     13      3      0      0      0      0   6500   1890      0      0   2166    154      0      -      -      0   2127      0 
 20260916    15:36:48       0     60     63      -      1      1      0      0      0      0   6500   1890      0      0   2166    154      0      -      -      0   3293      0 
 20260916    15:36:49       0     61     63      -      1      1      0      0      0      0   6500   1890      0      0   2166    154      0      -      -      0   1390      0 
 20260916    15:36:50       0     61     63      -     84      7      0      0      0      0   6500   1890      0      0   2166    154      0      -      -      0   3369      0 
 20260916    15:36:51       0     61     63      -      1      1      0      0      0      0   6500   1890      0      0   2166    154      0      -      -      0   2062      1 
 20260916    15:36:52       0     60     63      -      1      1      0      0      0      0   6500   1890      0      0   2166    154      0      -      -      0   3488      1 
#Date        Time         gpu    pwr  gtemp  mtemp     sm    mem    enc    dec    jpg    ofa   mclk   pclk  pviol  tviol     fb   bar1   ccpm  sbecc  dbecc    pci  rxpci  txpci 
#YYYYMMDD    HH:MM:SS     Idx      W      C      C      %      %      %      %      %      %    MHz    MHz      %   bool     MB     MB     MB   errs   errs   errs   MB/s   MB/s 
 20260916    15:36:53       0     59     63      -      0      0      0      0      0      0   6500   1890      0      0   2166    154      0      -      -      0      0      0 
 20260916    15:36:54       0     48     62      -      0      0      0      0      0      0   6500   1620      0      0   2166    154      0      -      -      0      0      0 
 20260916    15:36:55       0     48     62      -      0      0      0      0      0      0   6500   1620      0      0   2166    154      0      -      -      0      0      0 
 20260916    15:36:56       0     48     62      -     11      2      0      0      0      0   6500   1620      0      0   1210    154      0      -      -      0      0      0 
 20260916    15:36:57       0     48     62      -      0      0      0      0      0      0   6500   1620      0      0   1038    154      0      -      -      0      1      0 
