procs -----------------------memory---------------------- ---swap-- -----io---- -system-- --------cpu-------- -----timestamp-----
 r  b         swpd         free         buff        cache   si   so    bi    bo   in   cs  us  sy  id  wa  st                 KST
 4  0       546832     92277072      1276532     29445220    2    2 13337   489    0    1   1   1  96   2   0 2026-09-20 23:01:02
 3  0       546832     92185360      1276532     29445324    0    0     0   480 2668 4496   3   1  97   0   0 2026-09-20 23:01:03
 2  0       546832     92125232      1276532     29445368    0    0     0     0 5685 5487   5   8  88   0   0 2026-09-20 23:01:04
 2  0       546832     92075456      1276532     29445416    0    0     0     0 2893 4806   3   1  96   0   0 2026-09-20 23:01:05
 1  0       546832     91447744      1276540     29445468    0    0     0   140 3564 6047   1   1  98   0   0 2026-09-20 23:01:06
 2  0       546832     91512752      1276540     29445520    0    0     0     0 2587 4526   1   1  99   0   0 2026-09-20 23:01:07
 1  0       546832     91510016      1276540     29445572    0    0     0   528 2593 4832   0   0  99   0   0 2026-09-20 23:01:08
 7  0       546832     91085768      1276540     29445600    0    0     0     0 3024 4827   4   1  95   0   0 2026-09-20 23:01:09
 6  0       546832     90900256      1276540     29445656    0    0     0     0 5736 6847  20   1  80   0   0 2026-09-20 23:01:10
 1  0       546832     91477120      1276540     29445708    0    0     0   164 4535 5253   3   1  96   0   0 2026-09-20 23:01:11
 1  0       546832     91472160      1276540     29445756    0    0     0     0 2702 4591   1   0  99   0   0 2026-09-20 23:01:12
 0  0       546832     91473256      1276540     29445804    0    0     0   552 2781 4766   1   1  99   0   0 2026-09-20 23:01:13
 1  0       546832     91318440      1276540     29445848    0    0     0     0 2789 4629   2   1  98   0   0 2026-09-20 23:01:14
 2  0       546832     91199248      1276540     29445900    0    0     0     0 2862 4569   3   0  97   0   0 2026-09-20 23:01:15
 1  0       546832     91128576      1276540     29445948    0    0     0   176 2969 4501   3   0  96   0   0 2026-09-20 23:01:16
 1  0       546832     91090880      1276540     29445992    0    0     0     0 2804 5067   2   1  97   0   0 2026-09-20 23:01:17
18  0       546832     90883136      1276540     29525772    0    0     0   528 5182 6650   3   1  96   0   0 2026-09-20 23:01:18
 2  0       546832     90695248      1276540     29526028    0    0     0     0 4056 6369   3   0  96   0   0 2026-09-20 23:01:19
 1  0       546832     90700320      1276540     29526068    0    0     0     4 3546 5998   3   1  97   0   0 2026-09-20 23:01:20
 1  0       546832     90612304      1276540     29526112    0    0     0   188 3624 6025   3   1  97   0   0 2026-09-20 23:01:21
 2  0       546832     90585392      1276540     29526160    0    0     0     0 3306 5822   3   1  96   0   0 2026-09-20 23:01:22
procs -----------------------memory---------------------- ---swap-- -----io---- -system-- --------cpu-------- -----timestamp-----
 r  b         swpd         free         buff        cache   si   so    bi    bo   in   cs  us  sy  id  wa  st                 KST
 1  0       546832     90606208      1276540     29526212    0    0     0   600 4432 6676   3   0  96   0   0 2026-09-20 23:01:23
 1  0       546832     90613888      1276540     29526252    0    0     0     0 4635 5756   3   0  97   0   0 2026-09-20 23:01:24
 2  0       546832     90467920      1276540     29526372    0    0     0     0 3937 6327   3   0  97   0   0 2026-09-20 23:01:25
 1  0       546832     89344544      1276548     29526520    0    0     0   156 4117 6989   3   1  96   0   0 2026-09-20 23:01:26
 2  0       546832     89309232      1276556     29526848    0    0     0   480 3633 6285   3   0  97   0   0 2026-09-20 23:01:27
 2  0       546832     89254232      1276556     29530244    0    0     0  2592 4576 6097   3   1  96   0   0 2026-09-20 23:01:28
 2  0       546832     89236400      1276556     29536716    0    0     0     0 3998 6699   6   0  94   0   0 2026-09-20 23:01:29
 3  0       546832     89229632      1276556     29543844    0    0     0     0 4423 6602   6   0  94   0   0 2026-09-20 23:01:30
 3  0       546832     89217872      1276556     29550904    0    0     0     0 4106 6606   6   0  94   0   0 2026-09-20 23:01:31
 2  0       546832     89215512      1276556     29557764    0    0     0   376 3788 6463   6   0  94   0   0 2026-09-20 23:01:32
 2  0       546832     89211584      1276556     29565164    0    0     0     0 3951 6609   6   0  94   0   0 2026-09-20 23:01:33
 3  0       546832     89202368      1276556     29572156    0    0     0 10036 4122 6731   6   0  94   0   0 2026-09-20 23:01:34
 3  0       546832     89193840      1276556     29578428    0    0     0     0 3830 6788   6   0  94   0   0 2026-09-20 23:01:35
 4  0       546832     89182816      1276556     29584828    0    0     0     0 3706 5797   6   0  94   0   0 2026-09-20 23:01:36
 2  0       546832     89184208      1276560     29591296    0    0     0   276 4157 6393   6   0  94   0   0 2026-09-20 23:01:37
 3  0       546832     89177072      1276560     29598584    0    0     0     0 4027 6857   6   0  94   0   0 2026-09-20 23:01:38
 3  0       546832     89165136      1276560     29605048    0    0     0 51824 4654 6909   6   0  93   0   0 2026-09-20 23:01:39
 1  0       546832     85993232      1276560     32757164    0    0     0     0 4635 5478   2   2  95   0   0 2026-09-20 23:01:40
 0  0       546832     84744056      1276560     33816752    0    0     0     0 7436 30270   3   2  95   0   0 2026-09-20 23:01:41
 2  0       546832     84727200      1276568     33823588    0    0     0   304 4023 7073   2   1  97   0   0 2026-09-20 23:01:42
 2  0       546832     84709472      1276568     33830016    0    0     0     0 3968 6425   5   1  94   0   0 2026-09-20 23:01:43
procs -----------------------memory---------------------- ---swap-- -----io---- -system-- --------cpu-------- -----timestamp-----
 r  b         swpd         free         buff        cache   si   so    bi    bo   in   cs  us  sy  id  wa  st                 KST
 4  0       546832     84702224      1276568     33837004    0    0     0     0 3829 5909   5   1  94   0   0 2026-09-20 23:01:44
 2  0       546832     84699776      1276568     33843420    0    0     0     0 3900 6043   5   1  94   0   0 2026-09-20 23:01:45
 3  0       546832     84705064      1276568     33850408    0    0     0     0 4293 7662   6   1  93   0   0 2026-09-20 23:01:46
 2  0       546832     84711024      1276568     33857464    0    0     0   212 4199 6365   5   2  94   0   0 2026-09-20 23:01:47
 3  0       546832     84707904      1276568     33864352    0    0     0     0 4141 6468   5   1  94   0   0 2026-09-20 23:01:48
 2  0       546832     84700408      1276568     33871228    0    0     0     0 4107 6392   5   1  94   0   0 2026-09-20 23:01:49
 3  0       546832     84690368      1276568     33878284    0    0     0     0 4121 6454   5   1  94   0   0 2026-09-20 23:01:50
 1  0       546832     84684392      1276568     33884832    0    0     0     0 3805 6321   4   1  96   0   0 2026-09-20 23:01:51
 3  0       546832     84680792      1276572     33891220    0    0     0   256 3741 6374   3   0  96   0   0 2026-09-20 23:01:52
 5  0       546832     84673040      1276572     33897788    0    0     0     0 3597 5860   3   0  97   0   0 2026-09-20 23:01:53
 1  0       546832     84657960      1276572     33904620    0    0     0     0 3912 6275   3   0  97   0   0 2026-09-20 23:01:54
 1  0       546832     84648528      1276584     33911536    0    0     0   248 3735 6664   3   0  96   0   0 2026-09-20 23:01:55
 2  0       546832     84639528      1276584     33918544    0    0     0     0 4036 6455   3   0  97   0   0 2026-09-20 23:01:56
 1  0       546832     84632912      1276584     33925276    0    0     0     0 3791 6402   3   0  97   0   0 2026-09-20 23:01:57
 1  0       546832     84627528      1276584     33931732    0    0     0     0 4115 6612   3   0  97   0   0 2026-09-20 23:01:58
 1  0       546832     84620800      1276584     33940072    0    0     0 16152 4944 12778   3   0  97   0   0 2026-09-20 23:01:59
 1  0       546832     84612816      1276596     33947076    0    0     0   428 3639 6381   3   0  96   0   0 2026-09-20 23:02:00
 3  0       546832     84603248      1276596     33953544    0    0     0     0 3426 5991   3   0  97   0   0 2026-09-20 23:02:01
 5  0       546832     84568112      1276596     33965832    0    0     0     0 6559 30902   5   0  95   0   0 2026-09-20 23:02:02
 2  0       546832     84567472      1276596     33972936    0    0     0     0 4325 6328   5   1  94   0   0 2026-09-20 23:02:03
 3  0       546832     84558248      1276596     33979336    0    0     0     0 4112 6325   5   1  94   0   0 2026-09-20 23:02:04
procs -----------------------memory---------------------- ---swap-- -----io---- -system-- --------cpu-------- -----timestamp-----
 r  b         swpd         free         buff        cache   si   so    bi    bo   in   cs  us  sy  id  wa  st                 KST
 2  0       546832     84554648      1276600     33986756    0    0     0 151420 4595 6885   5   1  93   0   0 2026-09-20 23:02:05
 2  0       546832     84548496      1276600     33993244    0    0     0     0 4357 6640   5   2  94   0   0 2026-09-20 23:02:06
 2  0       546832     84544048      1276600     34000160    0    0     0     0 4166 6705   5   2  94   0   0 2026-09-20 23:02:07
 2  0       546832     84532032      1276600     34006908    0    0     0     0 3939 6758   5   1  94   0   0 2026-09-20 23:02:08
 3  0       546832     84523792      1276600     34013576    0    0     0     0 4011 6522   5   1  94   0   0 2026-09-20 23:02:09
 5  0       546832     84516832      1276604     34019836    0    0     0   216 3902 6289   5   1  94   0   0 2026-09-20 23:02:10
 1  0       546832     84505888      1276604     34026936    0    0     0     0 3846 6308   4   1  96   0   0 2026-09-20 23:02:11
 1  0       546832     84497984      1276604     34033700    0    0     0     0 3714 6605   3   0  96   0   0 2026-09-20 23:02:12
 1  0       546832     84494400      1276604     34040428    0    0     0     0 3921 6348   3   0  97   0   0 2026-09-20 23:02:13
 2  0       546832     84486032      1276604     34047520    0    0     0     0 3957 6550   3   0  96   0   0 2026-09-20 23:02:14
 2  0       546832     84483840      1276608     34054596    0    0     0   268 3953 6739   3   0  96   0   0 2026-09-20 23:02:15
 2  0       546832     84465280      1276608     34060828    0    0     0     0 4079 6787   3   0  96   0   0 2026-09-20 23:02:16
 1  0       546832     84472192      1276608     34067804    0    0     0     0 4074 6653   3   0  96   0   0 2026-09-20 23:02:17
 2  0       546832     84455312      1276608     34074084    0    0     0     0 3782 6324   3   0  96   0   0 2026-09-20 23:02:18
 1  0       546832     84450656      1276608     34081100    0    0     0     0 3361 5996   3   0  97   0   0 2026-09-20 23:02:19
 4  0       546832     84439704      1276612     34091832    0    0     0   344 5713 18312   5   1  94   0   0 2026-09-20 23:02:20
 2  0       546832     84424912      1276612     34098760    0    0     0     0 4740 7030   7   2  91   0   0 2026-09-20 23:02:21
 4  0       546832     84421280      1276612     34105260    0    0     0     0 4149 6401   5   1  94   0   0 2026-09-20 23:02:22
 3  0       546832     84411792      1276612     34112672    0    0     0     0 4029 6344   5   1  94   0   0 2026-09-20 23:02:23
 3  0       546832     84404272      1276612     34119308    0    0     0     0 3993 6287   5   1  94   0   0 2026-09-20 23:02:24
 3  0       546832     84393280      1276624     34126400    0    0     0 16576 4563 6933   5   1  94   0   0 2026-09-20 23:02:25
procs -----------------------memory---------------------- ---swap-- -----io---- -system-- --------cpu-------- -----timestamp-----
 r  b         swpd         free         buff        cache   si   so    bi    bo   in   cs  us  sy  id  wa  st                 KST
 2  0       546832     84386256      1276624     34132820    0    0     0     0 4207 6674   5   1  94   0   0 2026-09-20 23:02:26
 1  0       546832     84378832      1276624     34138872    0    0     0     0 3445 5940   4   1  96   0   0 2026-09-20 23:02:27
 2  0       546832     84371648      1276624     34145916    0    0     0     0 3544 6203   3   0  97   0   0 2026-09-20 23:02:28
 2  0       546832     84366176      1276624     34153028    0    0     0     0 3711 6418   3   0  97   0   0 2026-09-20 23:02:29
 2  2       546832     84357192      1276628     34159904    0    0     0 107360 4057 6788   3   0  95   1   0 2026-09-20 23:02:30
 1  0       546832     84353776      1276628     34166768    0    0     0 38372 4042 6684   3   0  96   0   0 2026-09-20 23:02:31
 1  0       546832     84345584      1276628     34173424    0    0     0     0 3853 6534   3   0  96   0   0 2026-09-20 23:02:32
 3  0       546832     84343040      1276628     34179548    0    0     0     0 3918 7664   4   0  96   0   0 2026-09-20 23:02:33
 2  0       546832     84352512      1276628     34187192    0    0     0     0 4091 6614   3   0  97   0   0 2026-09-20 23:02:34
 2  0       546832     84339864      1276636     34198816    0    0     0   320 6332 29229   4   0  96   0   0 2026-09-20 23:02:35
 0  0       546832     84324656      1276636     34204892    0    0     0     0 3238 6150   0   0  99   0   0 2026-09-20 23:02:36
 0  0       546832     84322528      1276636     34212164    0    0     0     0 3265 6426   0   0  99   0   0 2026-09-20 23:02:37
 1  0       546832     84308592      1276636     34219016    0    0     0     0 3885 6758   1   0  99   0   0 2026-09-20 23:02:38
 0  0       546832     84301672      1276636     34225976    0    0     0     0 3274 6808   0   0  99   0   0 2026-09-20 23:02:39
 0  0       546832     84293072      1276636     34233000    0    0     0   392 3258 6282   0   1  99   0   0 2026-09-20 23:02:40
 0  0       546832     84286440      1276636     34239644    0    0     0     0 3434 6691   0   0  99   0   0 2026-09-20 23:02:41
 0  0       546832     84278048      1276636     34246004    0    0     0     0 3405 6595   1   1  99   0   0 2026-09-20 23:02:42
 0  0       546832     84271840      1276636     34253192    0    0     0     0 3531 6311   0   1  99   0   0 2026-09-20 23:02:43
 3  0       546832     84264152      1276636     34259924    0    0     0     0 3498 5777   3   1  96   0   0 2026-09-20 23:02:44
 2  0       546832     84253920      1276644     34266664    0    0     0   320 3999 6570   4   1  96   0   0 2026-09-20 23:02:45
 2  0       546832     84244672      1276644     34273528    0    0     0     0 4095 6820   3   0  96   0   0 2026-09-20 23:02:46
procs -----------------------memory---------------------- ---swap-- -----io---- -system-- --------cpu-------- -----timestamp-----
 r  b         swpd         free         buff        cache   si   so    bi    bo   in   cs  us  sy  id  wa  st                 KST
 2  0       546832     82191016      1276644     36312348    0    0     0     0 4451 6115   4   2  95   0   0 2026-09-20 23:02:47
 3  0       546832     79930784      1276644     38491384    0    0     0     0 5422 6072   5   2  93   0   0 2026-09-20 23:02:48
 0  0       546832     79922776      1276644     38498116    0    0     0     0 3573 6647   1   0  99   0   0 2026-09-20 23:02:49
 1  0       546832     79915424      1276644     38505048    0    0     0   320 3518 6969   0   1  99   0   0 2026-09-20 23:02:50
 2  0       546832     79918800      1276644     38512060    0    0     0     0 3903 6611   2   0  98   0   0 2026-09-20 23:02:51
 0  0       546832     79912272      1276644     38518200    0    0     0     0 3260 5828   2   0  98   0   0 2026-09-20 23:02:52
 0  0       546832     79897520      1276644     38525120    0    0     0     0 3157 6141   0   0  99   0   0 2026-09-20 23:02:53
 0  0       546832     79887032      1276644     38532192    0    0     0     0 3559 6420   1   0  99   0   0 2026-09-20 23:02:54
 0  0       546832     79880144      1276656     38539164    0    0     0   332 3493 7123   1   0  99   0   0 2026-09-20 23:02:55
 0  0       546832     79868416      1276664     38546248    0    0     0  6332 3986 7378   1   0  99   0   0 2026-09-20 23:02:56
 1  0       546832     79861520      1276664     38552992    0    0     0     0 3224 6721   1   0  99   0   0 2026-09-20 23:02:57
 0  0       546832     79863184      1276664     38559876    0    0     0     0 3171 6207   0   0  99   0   0 2026-09-20 23:02:58
 0  0       546832     79860608      1276664     38566692    0    0     0     0 3370 6529   1   0  99   0   0 2026-09-20 23:02:59
 1  0       546832     79850848      1276664     38573184    0    0     0     0 2838 5783   0   0  99   0   0 2026-09-20 23:03:00
 2  1       546832     79835856      1276676     38579756    0    0     0 92200 3549 6542   0   1  98   1   0 2026-09-20 23:03:01
 0  0       546832     79824720      1276676     38586816    0    0     0 104296 3473 6557   0   1  98   1   0 2026-09-20 23:03:02
 0  0       546832     79821568      1276676     38593612    0    0     0     0 3157 6451   0   0  99   0   0 2026-09-20 23:03:03
 0  0       546832     79817664      1276676     38600744    0    0     0     0 3139 6388   1   0  99   0   0 2026-09-20 23:03:04
 3  0       546832     79806688      1276676     38607744    0    0     0     0 3730 7046   3   1  97   0   0 2026-09-20 23:03:05
 1  0       546832     79803856      1276684     38614880    0    0     0   344 4405 6636   4   1  96   0   0 2026-09-20 23:03:06
 4  0       546832     79798240      1276684     38621464    0    0     0   784 4348 6567   4   0  96   0   0 2026-09-20 23:03:07
procs -----------------------memory---------------------- ---swap-- -----io---- -system-- --------cpu-------- -----timestamp-----
 r  b         swpd         free         buff        cache   si   so    bi    bo   in   cs  us  sy  id  wa  st                 KST
 3  0       546832     79795072      1276684     38627868    0    0     0     0 3261 5907   1   0  99   0   0 2026-09-20 23:03:08
 0  0       546832     79790128      1276684     38634784    0    0     0     0 3404 6111   0   0  99   0   0 2026-09-20 23:03:09
 0  0       546832     79786208      1276684     38641732    0    0     0     0 3627 6573   0   0  99   0   0 2026-09-20 23:03:10
 0  0       546832     79774152      1276692     38648600    0    0     0   408 3431 6756   0   0  99   0   0 2026-09-20 23:03:11
 0  0       546832     79763952      1276692     38655768    0    0     0   644 3444 6402   0   0  99   0   0 2026-09-20 23:03:12
 0  0       546832     79754560      1276692     38662280    0    0     0     0 3503 6263   1   0  99   0   0 2026-09-20 23:03:13
 0  0       546832     79744112      1276692     38669160    0    0     0     0 3590 6600   0   1  99   0   0 2026-09-20 23:03:14
 0  0       546832     79739704      1276692     38676136    0    0     0     0 3700 6568   1   0  99   0   0 2026-09-20 23:03:15
 2  0       546832     79720448      1276700     38682288    0    0     0   444 3662 5882   1   0  99   0   0 2026-09-20 23:03:16
 1  0       546832     79710712      1276700     38688636    0    0     0   740 3569 6292   0   0  99   0   0 2026-09-20 23:03:17
 0  0       546832     79732800      1276700     38696108    0    0     0     0 3419 6643   1   0  99   0   0 2026-09-20 23:03:18
 0  0       546832     79728000      1276700     38702968    0    0     0     0 3623 6098   2   0  98   0   0 2026-09-20 23:03:19
 0  0       546832     79717872      1276700     38709900    0    0     0     0 3238 5944   0   1  99   0   0 2026-09-20 23:03:20
 0  0       546832     79710528      1276708     38716596    0    0     0   452 3350 5911   1   0  99   0   0 2026-09-20 23:03:21
 0  0       546832     79706840      1276708     38723272    0    0     0   604 3411 6141   1   0  98   0   0 2026-09-20 23:03:22
 1  0       546832     79697424      1276708     38730236    0    0     0     0 3243 5947   0   0  99   0   0 2026-09-20 23:03:23
 1  0       546832     79691560      1276708     38737116    0    0     0     0 2828 5173   0   0  99   0   0 2026-09-20 23:03:24
 1  0       546832     79690480      1276708     38743728    0    0     0     0 3193 5588   0   1  99   0   0 2026-09-20 23:03:25
 0  0       546832     79679824      1276716     38750496    0    0     0   440 3466 6553   1   0  99   0   0 2026-09-20 23:03:26
 1  0       546832     79669120      1276716     38757584    0    0     0  6168 3520 6301   0   1  99   0   0 2026-09-20 23:03:27
 1  0       546832     79660160      1276716     38764724    0    0     0     0 3449 5691   0   0  99   0   0 2026-09-20 23:03:28
procs -----------------------memory---------------------- ---swap-- -----io---- -system-- --------cpu-------- -----timestamp-----
 r  b         swpd         free         buff        cache   si   so    bi    bo   in   cs  us  sy  id  wa  st                 KST
 0  0       546832     79653072      1276716     38771704    0    0     0     0 3098 5713   0   0  99   0   0 2026-09-20 23:03:29
 3  0       546832     79641968      1276716     38778336    0    0     0     0 3395 6141   0   0  99   0   0 2026-09-20 23:03:30
 2  0       546832     79635760      1276724     38784996    0    0     0   500 3145 5904   0   0  99   0   0 2026-09-20 23:03:31
 1  0       546832     79631312      1276724     38791256    0    0     0     0 2904 5443   0   0  99   0   0 2026-09-20 23:03:32
 0  0       546832     79621984      1276724     38798060    0    0     0 181768 3605 6158   0   0  99   0   0 2026-09-20 23:03:33
 0  0       546832     79616640      1276724     38804884    0    0     0     0 3256 5792   0   0  99   0   0 2026-09-20 23:03:34
 2  0       546832     79619432      1276724     38812416    0    0     0     0 3676 6100   1   1  98   0   0 2026-09-20 23:03:35
 3  0       546832     79613136      1276732     38819100    0    0     0   336 3978 5821   5   1  94   0   0 2026-09-20 23:03:36
 2  0       546832     79603904      1276732     38826144    0    0     0     0 3710 5799   5   1  94   0   0 2026-09-20 23:03:37
 2  0       546832     79599360      1276732     38832132    0    0     0   804 4076 5879   4   1  95   0   0 2026-09-20 23:03:38
 2  0       546832     79592728      1276732     38839036    0    0     0     0 3646 5666   3   0  97   0   0 2026-09-20 23:03:39
 2  0       546832     79589024      1276732     38845704    0    0     0     0 3413 5632   3   0  97   0   0 2026-09-20 23:03:40
 2  0       546832     79580800      1276740     38852772    0    0     0   340 3387 5298   3   0  97   0   0 2026-09-20 23:03:41
 2  0       546832     79573056      1276740     38859836    0    0     0     0 3497 5784   3   0  97   0   0 2026-09-20 23:03:42
 4  0       546832     79560160      1276740     38866796    0    0     0   608 3747 5980   5   0  95   0   0 2026-09-20 23:03:43
 0  0       546832     79554864      1276740     38873996    0    0     0     0 3139 5645   1   0  99   0   0 2026-09-20 23:03:44
 1  0       546832     79541416      1276740     38894868    0    0     0     0 4829 23427   3   1  97   0   0 2026-09-20 23:03:45
 2  0       546832     79527728      1276748     38910420    0    0     0   348 4568 16724   5   1  94   0   0 2026-09-20 23:03:46
 2  0       546832     79518496      1276748     38917352    0    0     0     0 3551 5693   5   1  94   0   0 2026-09-20 23:03:47
 3  0       546832     79503544      1276748     38924376    0    0     0   776 3218 5958   3   1  96   0   0 2026-09-20 23:03:48
 1  0       546832     79495120      1276748     38931000    0    0     0     0 3025 5014   3   0  97   0   0 2026-09-20 23:03:49
procs -----------------------memory---------------------- ---swap-- -----io---- -system-- --------cpu-------- -----timestamp-----
 r  b         swpd         free         buff        cache   si   so    bi    bo   in   cs  us  sy  id  wa  st                 KST
 2  0       546832     79489264      1276748     38937964    0    0     0     0 3616 5749   3   0  97   0   0 2026-09-20 23:03:50
 2  0       546832     79479072      1276756     38944644    0    0     0   360 3450 5872   3   0  97   0   0 2026-09-20 23:03:51
 2  0       546832     79468560      1276756     38951352    0    0     0     0 3576 5752   3   0  97   0   0 2026-09-20 23:03:52
 0  0       546832     79455776      1276756     38958768    0    0     0   592 3469 5958   3   0  97   0   0 2026-09-20 23:03:53
 2  0       546832     79452952      1276756     38965492    0    0     0     0 3126 5838   0   0  99   0   0 2026-09-20 23:03:54
 1  0       546832     79442928      1276768     38972396    0    0     0   376 3308 5985   0   0  99   0   0 2026-09-20 23:03:55
 1  0       546832     79436256      1276768     38978728    0    0     0     0 3453 5907   0   0  99   0   0 2026-09-20 23:03:56
 2  0       546832     79434176      1276768     38985332    0    0     0     0 3273 5576   0   1  99   0   0 2026-09-20 23:03:57
 0  0       546832     79425584      1276768     38992648    0    0     0  3472 2958 5619   0   0  99   0   0 2026-09-20 23:03:58
 0  0       546832     79423240      1276768     38999216    0    0     0     0 3033 5744   0   0  99   0   0 2026-09-20 23:03:59
 2  0       546832     79410344      1276776     39006356    0    0     0   432 3330 6208   0   0  99   0   0 2026-09-20 23:04:00
 0  0       546832     79407992      1276776     39014856    0    0     0     0 3656 7845   3   0  97   0   0 2026-09-20 23:04:01
 2  0       546832     79403056      1276776     39021712    0    0     0     0 3244 5890   0   1  99   0   0 2026-09-20 23:04:02
 0  1       546832     79396088      1276776     39028448    0    0     0 89164 3491 6322   0   0  99   1   0 2026-09-20 23:04:03
 0  0       546832     79391264      1276776     39035044    0    0     0 118808 3416 6184   0   1  99   0   0 2026-09-20 23:04:04
 4  0       546832     79376928      1276780     39048308    0    0     0   408 3985 14334   4   1  95   0   0 2026-09-20 23:04:05
 3  0       546832     79365456      1276780     39055100    0    0     0     0 3828 5681   5   1  94   0   0 2026-09-20 23:04:06
 3  0       546832     79356560      1276780     39062220    0    0     0     0 3818 5731   5   1  94   0   0 2026-09-20 23:04:07
 3  0       546832     79349488      1276780     39069032    0    0     0     0 3893 5735   5   1  94   0   0 2026-09-20 23:04:08
 1  0       546832     79338496      1276780     39076116    0    0     0  1276 3563 5847   3   0  96   0   0 2026-09-20 23:04:09
 2  0       546832     79330304      1276784     39082776    0    0     0   376 3674 5977   3   0  96   0   0 2026-09-20 23:04:10
procs -----------------------memory---------------------- ---swap-- -----io---- -system-- --------cpu-------- -----timestamp-----
 r  b         swpd         free         buff        cache   si   so    bi    bo   in   cs  us  sy  id  wa  st                 KST
 1  0       546832     79321632      1276784     39089128    0    0     0     0 3647 5862   3   0  97   0   0 2026-09-20 23:04:11
 2  0       546832     79311488      1276784     39096328    0    0     0     0 3638 5665   3   0  96   0   0 2026-09-20 23:04:12
 2  0       546832     79307776      1276784     39102604    0    0     0     0 3940 5681   3   0  97   0   0 2026-09-20 23:04:13
 2  0       546832     79304640      1276784     39109264    0    0     0   752 3122 5406   3   0  97   0   0 2026-09-20 23:04:14
 1  0       546832     79294112      1276788     39116096    0    0     0   356 3534 5680   3   0  97   0   0 2026-09-20 23:04:15
 1  0       546832     79270080      1276788     39135028    0    0     0     0 3986 6087   5   1  94   0   0 2026-09-20 23:04:16
 1  0       546832     79265200      1276788     39141892    0    0     0     0 3764 5742   3   0  96   0   0 2026-09-20 23:04:17
 1  0       546832     79262672      1276788     39149344    0    0     0     0 3943 6114   4   0  95   0   0 2026-09-20 23:04:18
 4  0       546832     79252512      1276788     39156476    0    0     0   600 3829 5860   4   0  96   0   0 2026-09-20 23:04:19
 2  0       546832     79244336      1276796     39162896    0    0     0   392 4045 5929   5   1  94   0   0 2026-09-20 23:04:20
 3  0       546832     79236992      1276796     39170220    0    0     0     0 4169 5992   5   1  94   0   0 2026-09-20 23:04:21
 2  0       546832     79236784      1276796     39176476    0    0     0     0 4036 5699   5   1  94   0   0 2026-09-20 23:04:22
 2  0       546832     79230136      1276796     39182900    0    0     0     0 3481 5175   4   1  96   0   0 2026-09-20 23:04:23
 2  0       546832     79223440      1276796     39190308    0    0     0   756 3658 5845   3   0  97   0   0 2026-09-20 23:04:24
 1  0       546832     79216128      1276804     39197044    0    0     0   272 3729 5824   3   0  96   0   0 2026-09-20 23:04:25
 1  0       546832     79208080      1276804     39203644    0    0     0     0 3999 6320   3   0  97   0   0 2026-09-20 23:04:26
 2  0       546832     79202224      1276804     39210388    0    0     0     0 3718 5748   3   0  97   0   0 2026-09-20 23:04:27
 0  0       546832     79195792      1276804     39217624    0    0     0     0 3446 5720   2   0  97   0   0 2026-09-20 23:04:28
 0  0       546832     79192592      1276804     39224220    0    0     0  3172 3241 5970   0   0  99   0   0 2026-09-20 23:04:29
 0  0       546832     79181712      1276812     39230712    0    0     0   408 3401 5985   0   1  99   0   0 2026-09-20 23:04:30
 2  0       546832     79180264      1276812     39237796    0    0     0     0 3068 5697   0   0  99   0   0 2026-09-20 23:04:31
procs -----------------------memory---------------------- ---swap-- -----io---- -system-- --------cpu-------- -----timestamp-----
 r  b         swpd         free         buff        cache   si   so    bi    bo   in   cs  us  sy  id  wa  st                 KST
 0  0       546832     79174048      1276812     39244452    0    0     0     0 3005 5623   0   0  99   0   0 2026-09-20 23:04:32
 0  0       546832     79167344      1276812     39251388    0    0     0     0 3247 5807   0   0  99   0   0 2026-09-20 23:04:33
 0  1       546832     79156640      1276812     39258332    0    0     0 24940 3208 5919   0   1  99   0   0 2026-09-20 23:04:34
 0  0       546832     79150048      1276820     39265416    0    0     0 177796 3779 6345   0   1  98   1   0 2026-09-20 23:04:35
 3  0       546832     79142888      1276820     39276656    0    0     0     0 4263 12330   4   1  95   0   0 2026-09-20 23:04:36
 3  0       546832     79132176      1276820     39283640    0    0     0     0 4004 5776   5   1  94   0   0 2026-09-20 23:04:37
 2  0       546832     79131792      1276820     39291112    0    0     0     0 4202 5906   5   1  94   0   0 2026-09-20 23:04:38
 3  0       546832     79123760      1276820     39297452    0    0     0     0 3739 5443   5   1  94   0   0 2026-09-20 23:04:39
 5  0       546832     79109424      1276828     39304312    0    0     0  1048 3914 5486   5   2  94   0   0 2026-09-20 23:04:40
 3  0       546832     79101856      1276828     39310712    0    0     0     0 4006 5852   5   1  94   0   0 2026-09-20 23:04:41
 4  0       546832     79091728      1276828     39317848    0    0     0     0 4440 5952   5   1  94   0   0 2026-09-20 23:04:42
 4  0       546832     79086128      1276828     39324456    0    0     0     0 4056 5787   5   1  94   0   0 2026-09-20 23:04:43
 3  0       546832     79084528      1276828     39331648    0    0     0     0 3669 5717   3   1  96   0   0 2026-09-20 23:04:44
 3  0       546832     79084160      1276836     39338496    0    0     0  1440 3580 5881   3   0  97   0   0 2026-09-20 23:04:45
 2  0       546832     79077488      1276836     39344960    0    0     0     0 3771 6181   3   0  97   0   0 2026-09-20 23:04:46
 1  0       546832     79068832      1276836     39351740    0    0     0     0 3487 5928   3   0  97   0   0 2026-09-20 23:04:47
 1  0       546832     79064368      1276836     39357880    0    0     0     0 3354 5148   3   0  97   0   0 2026-09-20 23:04:48
 3  0       546832     79056928      1276836     39365224    0    0     0     0 3474 5534   3   0  97   0   0 2026-09-20 23:04:49
 1  0       546832     79049408      1276840     39372088    0    0     0  1116 3476 5847   3   0  97   0   0 2026-09-20 23:04:50
 1  0       546832     79046312      1276840     39379004    0    0     0     0 3606 5863   3   0  97   0   0 2026-09-20 23:04:51
 1  0       546832     79034480      1276840     39385764    0    0     0     0 3521 5712   3   0  97   0   0 2026-09-20 23:04:52
procs -----------------------memory---------------------- ---swap-- -----io---- -system-- --------cpu-------- -----timestamp-----
 r  b         swpd         free         buff        cache   si   so    bi    bo   in   cs  us  sy  id  wa  st                 KST
 3  0       546832     79022040      1276840     39394112    0    0     0     0 4320 9465   6   0  94   0   0 2026-09-20 23:04:53
 2  0       546832     79008784      1276840     39400676    0    0     0     0 3927 5905   4   1  95   0   0 2026-09-20 23:04:54
 2  0       546832     79007920      1276848     39407972    0    0     0   948 4096 6071   5   2  94   0   0 2026-09-20 23:04:55
 2  0       546832     79005264      1276848     39414036    0    0     0     0 3728 5522   5   1  94   0   0 2026-09-20 23:04:56
 2  0       546832     78997008      1276848     39420932    0    0     0     0 3674 5315   5   1  94   0   0 2026-09-20 23:04:57
 2  0       546832     78989192      1276848     39427468    0    0     0     0 4036 5803   5   1  94   0   0 2026-09-20 23:04:58
 3  0       546832     78980496      1276848     39434620    0    0     0     0 3769 5714   5   2  94   0   0 2026-09-20 23:04:59
 2  0       546832     78976624      1276856     39441176    0    0     0   352 3802 5788   5   1  94   0   0 2026-09-20 23:05:00
 2  0       546832     78972480      1276856     39448672    0    0     0  3460 4254 5974   5   2  94   0   0 2026-09-20 23:05:01
 1  0       546832     78962448      1276856     39455336    0    0     0     0 3918 6038   5   1  94   0   0 2026-09-20 23:05:02
 2  0       546832     78950000      1276856     39462500    0    0     0     0 3604 5873   3   0  97   0   0 2026-09-20 23:05:03
 2  0       546832     78944832      1276856     39469548    0    0     0     0 3530 5860   3   0  97   0   0 2026-09-20 23:05:04
 2  0       546832     78937584      1276864     39475612    0    0     0   460 3365 5461   3   0  97   0   0 2026-09-20 23:05:05
 1  0       546832     78927904      1276864     39482100    0    0     0 188320 4511 6316   3   0  96   0   0 2026-09-20 23:05:06
 2  0       546832     78918496      1276864     39489092    0    0     0     0 3877 5823   3   0  97   0   0 2026-09-20 23:05:07
 1  0       546832     78910568      1276864     39495760    0    0     0     0 3584 5869   3   0  97   0   0 2026-09-20 23:05:08
 2  0       546832     78902152      1276864     39502572    0    0     0     0 3413 5783   3   0  97   0   0 2026-09-20 23:05:09
 1  0       546832     78898032      1276864     39509584    0    0     0   356 3558 6054   3   0  97   0   0 2026-09-20 23:05:10
 3  0       546832     78883728      1276864     39519976    0    0     0  1296 6391 27997   4   1  95   0   0 2026-09-20 23:05:11
 1  0       546832     78871744      1276864     39527704    0    0     0     0 3634 5766   4   0  96   0   0 2026-09-20 23:05:12
 3  0       546832     78869792      1276864     39534904    0    0     0     0 3618 6097   4   1  95   0   0 2026-09-20 23:05:13
procs -----------------------memory---------------------- ---swap-- -----io---- -system-- --------cpu-------- -----timestamp-----
 r  b         swpd         free         buff        cache   si   so    bi    bo   in   cs  us  sy  id  wa  st                 KST
 3  0       546832     78862560      1276864     39541632    0    0     0     0 3665 5144   5   1  94   0   0 2026-09-20 23:05:14
 3  0       546832     78859680      1276868     39548324    0    0     0   352 4093 5832   5   1  94   0   0 2026-09-20 23:05:15
 2  0       546832     78858312      1276872     39555100    0    0     0  1208 4173 5969   5   1  94   0   0 2026-09-20 23:05:16
 1  0       546832     78844032      1276872     39562120    0    0     0     0 3950 5730   4   1  95   0   0 2026-09-20 23:05:17
 1  0       546832     78835384      1276872     39569388    0    0     0     0 4119 5902   3   0  96   0   0 2026-09-20 23:05:18
 1  0       546832     78829992      1276872     39575376    0    0     0     0 3536 5670   3   0  97   0   0 2026-09-20 23:05:19
 3  0       546832     78821440      1276876     39582980    0    0     0   372 3930 6027   3   0  96   0   0 2026-09-20 23:05:20
 2  0       546832     78814768      1276876     39589196    0    0     0   760 4237 6279   3   0  97   0   0 2026-09-20 23:05:21
 7  0       546832     78813136      1276876     39596368    0    0     0     0 3522 5694   4   0  96   0   0 2026-09-20 23:05:22
 4  0       546832     78798936      1276876     39603328    0    0     0     0 3589 5648   4   0  95   0   0 2026-09-20 23:05:23
 2  0       546832     78790560      1276876     39610532    0    0     0     0 4234 5753   5   1  94   0   0 2026-09-20 23:05:24
 3  0       546832     78785960      1276884     39617104    0    0     0   340 3849 5856   5   1  94   0   0 2026-09-20 23:05:25
 3  0       546832     78784696      1276884     39624480    0    0     0   620 4236 6257   5   1  94   0   0 2026-09-20 23:05:26
 2  0       546832     78773456      1276884     39630992    0    0     0     0 3892 5931   5   1  94   0   0 2026-09-20 23:05:27
 2  0       546832     78765520      1276884     39637224    0    0     0     0 4060 5779   5   1  94   0   0 2026-09-20 23:05:28
 3  0       546832     78758312      1276884     39644408    0    0     0     0 3670 5864   5   1  94   0   0 2026-09-20 23:05:29
 3  0       546832     78750384      1276892     39651344    0    0     0   352 3938 5993   5   1  94   0   0 2026-09-20 23:05:30
 3  0       546832     78743232      1276892     39657648    0    0     0 36576 3892 5477   5   1  94   0   0 2026-09-20 23:05:31
 1  0       546832     78739296      1276892     39664524    0    0     0     0 3478 5745   4   1  96   0   0 2026-09-20 23:05:32
 1  0       546832     78734872      1276892     39671376    0    0     0     0 3614 5836   3   0  97   0   0 2026-09-20 23:05:33
 2  0       546832     78733208      1276892     39678272    0    0     0     0 3532 5884   3   0  97   0   0 2026-09-20 23:05:34
procs -----------------------memory---------------------- ---swap-- -----io---- -system-- --------cpu-------- -----timestamp-----
 r  b         swpd         free         buff        cache   si   so    bi    bo   in   cs  us  sy  id  wa  st                 KST
 2  0       546832     78733024      1276896     39685052    0    0     0   460 3351 5985   3   0  97   0   0 2026-09-20 23:05:35
 2  0       546832     78727104      1276896     39692132    0    0     0     0 3562 5912   3   0  97   0   0 2026-09-20 23:05:36
 2  0       546832     78713408      1276896     39699032    0    0     0 159720 4417 6548   3   0  95   1   0 2026-09-20 23:05:37
 1  0       546832     78706168      1276896     39705548    0    0     0     0 3668 5944   3   0  97   0   0 2026-09-20 23:05:38
 2  0       546832     78695968      1276896     39711900    0    0     0     0 3386 5511   3   0  97   0   0 2026-09-20 23:05:39
 2  0       546832     78684976      1276900     39718860    0    0     0   428 3337 5378   3   0  97   0   0 2026-09-20 23:05:40
 3  0       546832     78675296      1276900     39731864    0    0     0     0 6723 31676   5   1  94   0   0 2026-09-20 23:05:41
 2  0       546832     78661248      1276900     39738952    0    0     0     0 4096 5932   5   1  94   0   0 2026-09-20 23:05:42
 2  0       546832     78651712      1276900     39745956    0    0     0     0 4090 5962   5   1  94   0   0 2026-09-20 23:05:43
 5  0       546832     78645536      1276900     39752852    0    0     0     0 3686 5739   5   1  94   0   0 2026-09-20 23:05:44
 2  0       546832     78642368      1276904     39759136    0    0     0   356 3894 5814   5   1  94   0   0 2026-09-20 23:05:45
 2  0       546832     78637416      1276904     39766172    0    0     0     0 4049 6121   5   1  94   0   0 2026-09-20 23:05:46
 2  0       546832     78633088      1276908     39772696    0    0     0     0 3888 5883   5   2  94   0   0 2026-09-20 23:05:47
 3  0       546832     78626064      1276908     39779584    0    0     0     0 3643 5317   5   1  94   0   0 2026-09-20 23:05:48
 1  0       546832     78619904      1276908     39786380    0    0     0     0 3758 5536   4   1  94   0   0 2026-09-20 23:05:49
 1  0       546832     78614192      1276916     39793360    0    0     0   376 3638 5977   3   0  96   0   0 2026-09-20 23:05:50
 2  0       546832     78605472      1276916     39800232    0    0     0     0 3501 5875   3   0  97   0   0 2026-09-20 23:05:51
 1  0       546832     78597752      1276916     39806996    0    0     0     0 3458 5760   3   0  97   0   0 2026-09-20 23:05:52
 2  0       546832     78588304      1276916     39813788    0    0     0     0 3432 5856   3   0  97   0   0 2026-09-20 23:05:53
 2  0       546832     78587152      1276916     39820348    0    0     0     0 3563 5820   3   0  97   0   0 2026-09-20 23:05:54
 2  0       546832     78574192      1276924     39827488    0    0     0   384 3812 6148   3   0  96   0   0 2026-09-20 23:05:55
procs -----------------------memory---------------------- ---swap-- -----io---- -system-- --------cpu-------- -----timestamp-----
 r  b         swpd         free         buff        cache   si   so    bi    bo   in   cs  us  sy  id  wa  st                 KST
 2  0       546832     78575592      1276924     39833952    0    0     0     0 3477 5809   3   0  97   0   0 2026-09-20 23:05:56
 3  0       546832     78567856      1276924     39840984    0    0     0     0 3176 5021   3   0  97   0   0 2026-09-20 23:05:57
 2  0       546832     78477224      1276924     39901420    0    0     0     0 6691 31827   3   1  96   0   0 2026-09-20 23:05:58
 3  0       546832     78462640      1276924     39910344    0    0     0     0 4092 6640   5   2  94   0   0 2026-09-20 23:05:59
 1  0       546832     78447472      1276932     39917312    0    0     0   340 3955 5923   3   0  96   0   0 2026-09-20 23:06:00
 1  0       546832     78443616      1276932     39924296    0    0     0     0 3943 5815   3   0  97   0   0 2026-09-20 23:06:01
 2  0       546832     78434864      1276932     39932200    0    0     0     0 4376 9366   5   1  95   0   0 2026-09-20 23:06:02
 3  0       546832     78428232      1276932     39938728    0    0     0  2924 3854 5824   5   2  94   0   0 2026-09-20 23:06:03
 2  0       546832     78426832      1276932     39946068    0    0     0     0 4018 5724   5   1  94   0   0 2026-09-20 23:06:04
 3  0       546832     78416368      1276936     39951592    0    0     0   420 3749 5751   5   1  94   0   0 2026-09-20 23:06:05
 2  0       546832     78406184      1276936     39959160    0    0     0     0 4384 5757   5   2  94   0   0 2026-09-20 23:06:06
 3  0       546832     78402384      1276936     39965912    0    0     0     0 3816 5855   5   1  94   0   0 2026-09-20 23:06:07
 2  0       546832     78393552      1276936     39972912    0    0     0 245532 4274 6066   5   1  92   1   0 2026-09-20 23:06:08
 2  0       546832     78380936      1276936     39979672    0    0     0     0 3827 5931   3   0  96   0   0 2026-09-20 23:06:09
 2  0       546832     78376816      1276940     39986344    0    0     0   404 3663 5945   3   0  97   0   0 2026-09-20 23:06:10
 2  0       546832     78371120      1276940     39993524    0    0     0     0 3411 5833   3   0  97   0   0 2026-09-20 23:06:11
 1  0       546832     78360144      1276940     39999692    0    0     0     0 3602 5819   3   0  96   0   0 2026-09-20 23:06:12
 2  0       546832     78355192      1276940     40006460    0    0     0     0 3408 5750   3   0  97   0   0 2026-09-20 23:06:13
 1  0       546832     78349240      1276940     40013008    0    0     0  1680 3588 5357   3   0  97   0   0 2026-09-20 23:06:14
 1  0       546832     78347568      1276944     40020284    0    0     0   352 3631 5710   3   0  96   0   0 2026-09-20 23:06:15
 2  0       546832     78333776      1276944     40030004    0    0     0     0 5170 19065   3   1  96   0   0 2026-09-20 23:06:16
procs -----------------------memory---------------------- ---swap-- -----io---- -system-- --------cpu-------- -----timestamp-----
 r  b         swpd         free         buff        cache   si   so    bi    bo   in   cs  us  sy  id  wa  st                 KST
 1  0       546832     78322768      1276944     40038084    0    0     0     0 4009 6727   2   1  97   0   0 2026-09-20 23:06:17
 2  0       546832     78319712      1276944     40045748    0    0     0     0 3942 6769   2   1  97   0   0 2026-09-20 23:06:18
 3  0       546832     78316064      1276944     40053388    0    0     0   756 4255 6926   2   1  97   0   0 2026-09-20 23:06:19
 2  0       546832     78308872      1276948     40060424    0    0     0   352 3672 6250   4   1  96   0   0 2026-09-20 23:06:20
 2  0       546832     78298488      1276948     40067696    0    0     0     0 4053 5928   3   0  97   0   0 2026-09-20 23:06:21
 2  0       546832     78293512      1276948     40073660    0    0     0     0 3621 5811   3   0  97   0   0 2026-09-20 23:06:22
 1  0       546832     78283840      1276948     40080392    0    0     0     0 3600 5232   3   0  97   0   0 2026-09-20 23:06:23
 1  0       546832     78281856      1276948     40087512    0    0     0   592 3602 5903   3   0  97   0   0 2026-09-20 23:06:24
 2  0       546832     78266896      1276956     40099796    0    0     0   384 6383 28678   4   1  95   0   0 2026-09-20 23:06:25
 2  0       546832     78256696      1276956     40107664    0    0     0     0 4078 7405   2   1  97   0   0 2026-09-20 23:06:26
 1  0       546832     78249520      1276964     40114968    0    0     0   484 3686 6807   2   2  97   0   0 2026-09-20 23:06:27
 2  0       546832     78249888      1276964     40122220    0    0     0     0 3687 5878   4   0  96   0   0 2026-09-20 23:06:28
 2  0       546832     78246256      1276964     40128920    0    0     0   732 3694 5866   3   0  97   0   0 2026-09-20 23:06:29
 2  0       546832     78237320      1276964     40135816    0    0     0     0 4160 5952   3   0  97   0   0 2026-09-20 23:06:30
 2  0       546832     78231088      1276964     40141824    0    0     0     0 3828 5392   3   0  97   0   0 2026-09-20 23:06:31
 2  0       546832     78222280      1276972     40149972    0    0     0   368 3982 6007   5   1  94   0   0 2026-09-20 23:06:32
 2  0       546832     78211840      1276980     40156932    0    0     0   172 3892 6516   5   1  94   0   0 2026-09-20 23:06:33
 3  0       546832     78203960      1276980     40164672    0    0     0 93884 4150 6178   5   2  94   0   0 2026-09-20 23:06:34
 4  0       546832     78197424      1276980     40171068    0    0     0     0 3832 6088   5   2  94   0   0 2026-09-20 23:06:35
 3  0       546832     78196784      1276980     40178208    0    0     0     0 4027 5785   5   1  94   0   0 2026-09-20 23:06:36
 2  0       546832     78188592      1276980     40185236    0    0     0     0 3717 5774   5   2  94   0   0 2026-09-20 23:06:37
procs -----------------------memory---------------------- ---swap-- -----io---- -system-- --------cpu-------- -----timestamp-----
 r  b         swpd         free         buff        cache   si   so    bi    bo   in   cs  us  sy  id  wa  st                 KST
 3  0       546832     78178128      1276988     40191676    0    0     0   476 3990 5868   5   2  94   0   0 2026-09-20 23:06:38
 3  1       546832     78173776      1276988     40198028    0    0     0 40884 4379 6419   5   1  93   0   0 2026-09-20 23:06:39
 2  0       546832     78172320      1276988     40205032    0    0     0 62032 4183 5361   5   1  93   0   0 2026-09-20 23:06:40
 1  0       546832     78165016      1276988     40211952    0    0     0     0 3877 5782   4   1  96   0   0 2026-09-20 23:06:41
 1  0       546832     78154336      1276988     40218948    0    0     0     0 3729 5988   3   0  97   0   0 2026-09-20 23:06:42
 2  0       546832     78146592      1276996     40225808    0    0     0   500 3783 5905   3   0  96   0   0 2026-09-20 23:06:43
 2  0       546832     78135024      1276996     40232676    0    0     0     0 3534 5868   3   0  97   0   0 2026-09-20 23:06:44
 1  0       546832     78129136      1276996     40239100    0    0     0     0 3627 5906   3   0  97   0   0 2026-09-20 23:06:45
 2  0       546832     78115664      1276996     40246576    0    0     0     0 3766 6126   3   0  97   0   0 2026-09-20 23:06:46
 2  0       546832     78113888      1276996     40253164    0    0     0     0 3410 5792   3   0  97   0   0 2026-09-20 23:06:47
 2  0       546832     78107568      1277000     40259424    0    0     0   332 3247 5507   3   0  97   0   0 2026-09-20 23:06:48
 2  0       546832     78101984      1277000     40266144    0    0     0     0 3104 5204   3   0  97   0   0 2026-09-20 23:06:49
 2  0       546832     78092408      1277000     40278588    0    0     0     0 6356 29590   3   1  96   0   0 2026-09-20 23:06:50
 2  0       546832     78086288      1277000     40286176    0    0     0     0 3585 6243   2   1  97   0   0 2026-09-20 23:06:51
 2  0       546832     78082128      1277000     40292924    0    0     0     0 3777 6177   2   1  97   0   0 2026-09-20 23:06:52
 1  0       546832     78068936      1277004     40300852    0    0     0   348 3723 6107   2   1  97   0   0 2026-09-20 23:06:53
 2  0       546832     78061552      1277004     40308348    0    0     0     0 3731 6344   2   2  97   0   0 2026-09-20 23:06:54
 1  0       546832     78058600      1277016     40315460    0    0     0   320 3606 6551   2   1  96   0   0 2026-09-20 23:06:55
 1  0       546832     78044544      1277016     40322032    0    0     0     0 3595 6075   2   1  97   0   0 2026-09-20 23:06:56
 4  0       546832     78040240      1277016     40329296    0    0     0     0 3292 5414   3   1  95   0   0 2026-09-20 23:06:57
 3  0       546832     78034000      1277016     40336288    0    0     0     0 3837 5613   5   1  94   0   0 2026-09-20 23:06:58
procs -----------------------memory---------------------- ---swap-- -----io---- -system-- --------cpu-------- -----timestamp-----
 r  b         swpd         free         buff        cache   si   so    bi    bo   in   cs  us  sy  id  wa  st                 KST
 2  0       546832     78018240      1277016     40343200    0    0     0     0 3851 5871   5   1  94   0   0 2026-09-20 23:06:59
 2  0       546832     78011104      1277024     40349784    0    0     0   324 3775 5761   3   0  96   0   0 2026-09-20 23:07:00
 2  0       546832     78005920      1277024     40356900    0    0     0     0 3587 5788   3   0  96   0   0 2026-09-20 23:07:01
 2  0       546832     78009792      1277024     40363368    0    0     0     0 3589 5749   3   0  97   0   0 2026-09-20 23:07:02
 2  0       546832     77998016      1277024     40370312    0    0     0     0 3564 5655   3   0  97   0   0 2026-09-20 23:07:03
 2  0       546832     77986304      1277024     40376840    0    0     0     0 3390 5737   3   0  97   0   0 2026-09-20 23:07:04
 3  0       546832     77981816      1277032     40383912    0    0     0 52372 3615 5881   3   0  97   0   0 2026-09-20 23:07:05
 2  0       546832     77974040      1277032     40391248    0    0     0     0 4043 10035   3   0  97   0   0 2026-09-20 23:07:06
 1  0       546832     77961864      1277032     40399240    0    0     0     0 3903 6842   4   1  96   0   0 2026-09-20 23:07:07
 3  0       546832     77955856      1277032     40406628    0    0     0     0 3694 6049   4   0  96   0   0 2026-09-20 23:07:08
 2  0       546832     77955976      1277032     40414492    0    0     0     0 3852 6008   6   1  93   0   0 2026-09-20 23:07:09
 2  1       546832     77948816      1277036     40421048    0    0     0 57772 4206 6178   5   1  93   1   0 2026-09-20 23:07:10
 1  0       546832     77934864      1277036     40427968    0    0     0 87384 4053 6049   5   1  93   1   0 2026-09-20 23:07:11
 1  0       546832     77928080      1277036     40434972    0    0     0     0 3585 5736   3   0  97   0   0 2026-09-20 23:07:12
 1  0       546832     77924456      1277036     40441888    0    0     0     0 3438 5566   3   0  97   0   0 2026-09-20 23:07:13
 1  0       546832     77916936      1277036     40447888    0    0     0     0 3274 5329   3   0  97   0   0 2026-09-20 23:07:14
 2  0       546832     77910224      1277036     40454824    0    0     0   364 3552 5657   3   0  97   0   0 2026-09-20 23:07:15
 1  0       546832     77907360      1277036     40461580    0    0     0  1628 3740 5871   3   0  97   0   0 2026-09-20 23:07:16
 2  0       546832     77896176      1277036     40468572    0    0     0     0 3435 5798   3   0  97   0   0 2026-09-20 23:07:17
 2  0       546832     77894704      1277036     40475668    0    0     0     0 4141 6163   5   1  94   0   0 2026-09-20 23:07:18
 2  0       546832     77893864      1277036     40483068    0    0     0     0 4171 5687   5   1  94   0   0 2026-09-20 23:07:19
procs -----------------------memory---------------------- ---swap-- -----io---- -system-- --------cpu-------- -----timestamp-----
 r  b         swpd         free         buff        cache   si   so    bi    bo   in   cs  us  sy  id  wa  st                 KST
 3  0       546832     77889232      1277044     40489932    0    0     0   400 4162 6007   5   1  94   0   0 2026-09-20 23:07:20
 3  0       546832     77881272      1277044     40496576    0    0     0   772 4208 6124   5   1  94   0   0 2026-09-20 23:07:21
 5  0       546832     77880296      1277044     40503032    0    0     0     0 4078 6141   5   2  94   0   0 2026-09-20 23:07:22
 2  0       546832     77871872      1277044     40509300    0    0     0     0 3898 5152   3   0  97   0   0 2026-09-20 23:07:23
 2  0       546832     77861440      1277044     40516724    0    0     0     0 3539 5769   3   0  97   0   0 2026-09-20 23:07:24
 2  0       546832     77852208      1277052     40523548    0    0     0   380 3635 5956   3   0  96   0   0 2026-09-20 23:07:25
 2  0       546832     77842528      1277052     40530616    0    0     0   600 4013 6367   3   0  96   0   0 2026-09-20 23:07:26
 1  0       546832     77835136      1277052     40539212    0    0     0     0 4546 11735   5   1  94   0   0 2026-09-20 23:07:27
 1  0       546832     77818288      1277052     40547236    0    0     0     0 4398 11662   5   0  95   0   0 2026-09-20 23:07:28
 3  0       546832     77807352      1277052     40554748    0    0     0     0 4448 6142   5   1  94   0   0 2026-09-20 23:07:29
 2  0       546832     77807968      1277060     40560972    0    0     0   416 4206 5822   4   1  95   0   0 2026-09-20 23:07:30
 4  0       546832     77800208      1277060     40567440    0    0     0   740 3670 5431   3   0  97   0   0 2026-09-20 23:07:31
 2  0       546832     77791792      1277060     40574688    0    0     0     0 3388 5491   3   0  97   0   0 2026-09-20 23:07:32
 1  0       546832     77783672      1277060     40581696    0    0     0     0 3596 6326   3   0  96   0   0 2026-09-20 23:07:33
 2  0       546832     77776208      1277060     40589428    0    0     0     0 3743 5913   5   2  94   0   0 2026-09-20 23:07:34
 3  0       546832     77766736      1277064     40596272    0    0     0   404 3678 5936   5   1  94   0   0 2026-09-20 23:07:35
 3  0       546832     77758416      1277064     40602948    0    0     0 52700 4035 6097   5   1  94   0   0 2026-09-20 23:07:36
 2  0       546832     77754016      1277064     40609872    0    0     0     0 4058 5891   5   1  94   0   0 2026-09-20 23:07:37
 3  0       546832     77752464      1277064     40616804    0    0     0     0 3893 5912   5   1  94   0   0 2026-09-20 23:07:38
 3  0       546832     77743768      1277064     40622812    0    0     0     0 3793 5760   5   1  94   0   0 2026-09-20 23:07:39
 3  0       546832     77739920      1277068     40629884    0    0     0   452 3615 5292   5   1  94   0   0 2026-09-20 23:07:40
procs -----------------------memory---------------------- ---swap-- -----io---- -system-- --------cpu-------- -----timestamp-----
 r  b         swpd         free         buff        cache   si   so    bi    bo   in   cs  us  sy  id  wa  st                 KST
 2  0       546832     77730752      1277068     40636568    0    0     0     0 3992 5828   5   1  94   0   0 2026-09-20 23:07:41
 1  0       546832     77722856      1277068     40643584    0    0     0 139004 4073 6295   4   1  94   1   0 2026-09-20 23:07:42
 1  0       546832     77715272      1277068     40650552    0    0     0     0 3534 5979   3   0  97   0   0 2026-09-20 23:07:43
 2  0       546832     77709344      1277068     40657472    0    0     0     0 3397 5922   3   0  97   0   0 2026-09-20 23:07:44
 1  0       546832     77701520      1277076     40664108    0    0     0   400 3506 5787   3   0  96   0   0 2026-09-20 23:07:45
 2  0       546832     77700784      1277076     40670524    0    0     0     0 3712 6107   3   0  97   0   0 2026-09-20 23:07:46
 2  0       546832     77700496      1277076     40677940    0    0     0   736 3522 5923   3   0  97   0   0 2026-09-20 23:07:47
 2  0       546832     77692048      1277076     40684348    0    0     0     0 3593 5515   3   0  97   0   0 2026-09-20 23:07:48
 2  0       546832     77681120      1277076     40691224    0    0     0     0 3272 5305   3   0  97   0   0 2026-09-20 23:07:49
 2  0       546832     77680352      1277080     40697972    0    0     0   368 3692 6060   3   0  96   0   0 2026-09-20 23:07:50
 2  0       546832     77666112      1277080     40708908    0    0     0     0 5521 20108   3   1  96   0   0 2026-09-20 23:07:51
 2  0       546832     77652480      1277080     40716004    0    0     0  1360 3782 6514   2   2  97   0   0 2026-09-20 23:07:52
 1  0       546832     77644672      1277080     40723496    0    0     0     0 3749 6442   2   1  97   0   0 2026-09-20 23:07:53
 1  0       546832     77632944      1277080     40730788    0    0     0     0 3792 6565   2   1  97   0   0 2026-09-20 23:07:54
 2  0       546832     77632224      1277092     40738160    0    0     0   372 3585 6692   2   2  97   0   0 2026-09-20 23:07:55
 3  0       546832     77627584      1277092     40745380    0    0     0     0 3570 6352   2   1  97   0   0 2026-09-20 23:07:56
 2  0       546832     77621920      1277092     40752132    0    0     0  1072 3453 6151   2   2  97   0   0 2026-09-20 23:07:57
 2  0       546832     77614000      1277092     40759404    0    0     0     0 3556 6391   2   1  97   0   0 2026-09-20 23:07:58
 2  0       546832     77605328      1277092     40766840    0    0     0     0 3355 6228   2   1  97   0   0 2026-09-20 23:07:59
 2  0       546832     77600504      1277096     40773740    0    0     0   436 3763 6170   4   0  96   0   0 2026-09-20 23:08:00
 2  0       546832     77596304      1277096     40780476    0    0     0     0 3509 5640   3   0  97   0   0 2026-09-20 23:08:01
procs -----------------------memory---------------------- ---swap-- -----io---- -system-- --------cpu-------- -----timestamp-----
 r  b         swpd         free         buff        cache   si   so    bi    bo   in   cs  us  sy  id  wa  st                 KST
 2  0       546832     77592336      1277096     40787888    0    0     0     0 3641 5891   3   0  97   0   0 2026-09-20 23:08:02
 2  0       546832     77583984      1277096     40794004    0    0     0   604 3474 5850   3   0  97   0   0 2026-09-20 23:08:03
 2  0       546832     77574592      1277096     40801060    0    0     0     0 3475 5785   3   0  97   0   0 2026-09-20 23:08:04
 2  0       546832     77565888      1277100     40807816    0    0     0   376 3541 5962   3   0  96   0   0 2026-09-20 23:08:05
 2  0       546832     77559440      1277100     40814976    0    0     0     0 3637 5718   3   0  97   0   0 2026-09-20 23:08:06
 1  0       546832     77549952      1277100     40821772    0    0     0     0 3497 5981   3   0  97   0   0 2026-09-20 23:08:07
 2  0       546832     77491888      1277100     40877344    0    0     0 53696 5602 15316   5   1  94   1   0 2026-09-20 23:08:08
 3  0       546832     77479088      1277100     40887624    0    0     0     0 4827 14379   5   1  94   0   0 2026-09-20 23:08:09
 3  0       546832     77473112      1277108     40894916    0    0     0   568 3881 6773   5   2  94   0   0 2026-09-20 23:08:10
 3  0       546832     77464648      1277108     40901916    0    0     0     0 3940 6652   5   1  94   0   0 2026-09-20 23:08:11
 2  0       546832     77455832      1277108     40909544    0    0     0     0 3919 6581   5   1  94   0   0 2026-09-20 23:08:12
 2  0       546832     77447776      1277108     40916692    0    0     0 194812 4344 6415   5   1  93   1   0 2026-09-20 23:08:13
 3  0       546832     77441984      1277108     40923740    0    0     0     0 3970 6156   5   1  94   0   0 2026-09-20 23:08:14
 2  0       546832     77433960      1277112     40930744    0    0     0   404 3918 6131   5   1  94   0   0 2026-09-20 23:08:15
 2  0       546832     77428520      1277112     40937656    0    0     0     0 4031 6478   5   1  94   0   0 2026-09-20 23:08:16
 2  0       546832     77417816      1277112     40945204    0    0     0     0 4015 6580   5   2  94   0   0 2026-09-20 23:08:17
 2  0       546832     77407616      1277112     40952604    0    0     0     0 3883 6069   4   1  95   0   0 2026-09-20 23:08:18
 2  0       546832     77399344      1277112     40959480    0    0     0   736 3510 5881   3   0  97   0   0 2026-09-20 23:08:19
 3  0       546832     77395808      1277120     40966208    0    0     0   416 3505 5991   3   0  97   0   0 2026-09-20 23:08:20
 2  0       546832     77394672      1277120     40973132    0    0     0     0 3570 6127   3   0  97   0   0 2026-09-20 23:08:21
 2  0       546832     77381392      1277120     40978940    0    0     0     0 3374 5880   3   0  97   0   0 2026-09-20 23:08:22
procs -----------------------memory---------------------- ---swap-- -----io---- -system-- --------cpu-------- -----timestamp-----
 r  b         swpd         free         buff        cache   si   so    bi    bo   in   cs  us  sy  id  wa  st                 KST
 2  0       546832     77373888      1277120     40986128    0    0     0     0 3510 5187   3   0  97   0   0 2026-09-20 23:08:23
 2  0       546832     77368816      1277120     40993164    0    0     0   588 3699 5714   3   0  97   0   0 2026-09-20 23:08:24
 2  0       546832     77363200      1277124     41000048    0    0     0   364 3568 5920   3   0  96   0   0 2026-09-20 23:08:25
 1  0       546832     77354816      1277124     41006772    0    0     0     0 3678 6202   3   0  97   0   0 2026-09-20 23:08:26
 2  0       546832     77343576      1277124     41019792    0    0     0     0 6843 28990   6   1  93   0   0 2026-09-20 23:08:27
 2  0       546832     77336328      1277124     41025756    0    0     0     0 3762 5783   5   1  94   0   0 2026-09-20 23:08:28
 3  0       546832     77331936      1277124     41033580    0    0     0  1568 3985 6051   5   1  94   0   0 2026-09-20 23:08:29
 3  0       546832     77328696      1277128     41039600    0    0     0   404 4441 5913   5   1  94   0   0 2026-09-20 23:08:30
 2  0       546832     77317184      1277128     41046180    0    0     0     0 3712 5469   5   1  94   0   0 2026-09-20 23:08:31
 1  0       546832     77307728      1277128     41053392    0    0     0     0 3301 5278   3   0  97   0   0 2026-09-20 23:08:32
 2  0       546832     77305376      1277128     41060048    0    0     0     0 3725 5722   3   0  97   0   0 2026-09-20 23:08:33
 1  0       546832     77289896      1277128     41067136    0    0     0   600 3624 5772   3   0  97   0   0 2026-09-20 23:08:34
 1  0       546832     77279488      1277132     41074176    0    0     0   456 3679 6027   3   0  96   0   0 2026-09-20 23:08:35
 1  0       546832     77274408      1277132     41080900    0    0     0     0 3754 5829   3   0  97   0   0 2026-09-20 23:08:36
 4  0       546832     77268032      1277132     41091588    0    0     0     0 5722 23443   4   0  96   0   0 2026-09-20 23:08:37
 1  0       546832     77261584      1277132     41098724    0    0     0     0 3572 5991   5   0  95   0   0 2026-09-20 23:08:38
 3  0       546832     77250872      1277132     41106032    0    0     0 53692 4180 6360   5   1  93   1   0 2026-09-20 23:08:39
 2  0       546832     77246768      1277136     41112360    0    0     0   476 3885 5445   5   1  94   0   0 2026-09-20 23:08:40
 2  0       546832     77235768      1277136     41119616    0    0     0     0 4042 5647   5   1  94   0   0 2026-09-20 23:08:41
 1  0       546832     77227584      1277136     41126348    0    0     0     0 4122 5856   5   1  95   0   0 2026-09-20 23:08:42
 2  0       546832     77226976      1277136     41133048    0    0     0     0 3900 5798   3   0  97   0   0 2026-09-20 23:08:43
procs -----------------------memory---------------------- ---swap-- -----io---- -system-- --------cpu-------- -----timestamp-----
 r  b         swpd         free         buff        cache   si   so    bi    bo   in   cs  us  sy  id  wa  st                 KST
 2  0       546832     77215624      1277136     41140080    0    0     0     0 3684 5741   3   0  97   0   0 2026-09-20 23:08:44
 4  0       546832     77210456      1277140     41146524    0    0     0 146484 4380 6471   4   0  95   0   0 2026-09-20 23:08:45
 3  0       546832     77204360      1277140     41153836    0    0     0     0 4339 6276   5   2  93   0   0 2026-09-20 23:08:46
 2  0       546832     77198832      1277140     41159772    0    0     0     0 3913 5888   5   1  94   0   0 2026-09-20 23:08:47
 3  0       546832     77195096      1277140     41166936    0    0     0     0 3637 5722   5   1  94   0   0 2026-09-20 23:08:48
 7  0       546832     77192144      1277140     41173752    0    0     0     0 3479 5063   5   1  94   0   0 2026-09-20 23:08:49
 2  0       546832     77183424      1277148     41180372    0    0     0   980 4101 6023   5   1  94   0   0 2026-09-20 23:08:50
 2  0       546832     77180496      1277152     41187212    0    0     0     0 3830 5770   4   1  95   0   0 2026-09-20 23:08:51
 1  0       546832     77166688      1277152     41194492    0    0     0     0 3675 5872   3   0  97   0   0 2026-09-20 23:08:52
 2  0       546832     77159280      1277152     41201584    0    0     0     0 3597 5801   3   0  97   0   0 2026-09-20 23:08:53
 2  0       546832     77156016      1277152     41207776    0    0     0     0 3779 5852   3   0  97   0   0 2026-09-20 23:08:54
 2  0       546832     77154928      1277160     41215028    0    0     0  1140 3913 6075   3   0  96   0   0 2026-09-20 23:08:55
 2  0       546832     77140416      1277160     41222032    0    0     0     0 3667 5813   3   0  97   0   0 2026-09-20 23:08:56
 4  0       546832     77132880      1277160     41233444    0    0     0     0 6331 28532   4   0  96   0   0 2026-09-20 23:08:57
 3  0       546832     77120144      1277160     41240488    0    0     0     0 3864 5488   5   1  93   0   0 2026-09-20 23:08:58
 2  0       546832     77111728      1277160     41247740    0    0     0     0 3987 5853   5   1  94   0   0 2026-09-20 23:08:59
 2  0       546832     77103536      1277168     41254484    0    0     0   996 4281 6091   5   1  94   0   0 2026-09-20 23:09:00
 3  0       546832     77093088      1277168     41261232    0    0     0     0 3825 5907   5   1  94   0   0 2026-09-20 23:09:01
 2  0       546832     77083840      1277168     41267952    0    0     0     0 4050 6025   5   1  94   0   0 2026-09-20 23:09:02
 3  0       546832     77075136      1277168     41274640    0    0     0     0 3798 5873   5   1  94   0   0 2026-09-20 23:09:03
 2  0       546832     77071024      1277168     41281404    0    0     0     0 3796 5899   5   1  94   0   0 2026-09-20 23:09:04
procs -----------------------memory---------------------- ---swap-- -----io---- -system-- --------cpu-------- -----timestamp-----
 r  b         swpd         free         buff        cache   si   so    bi    bo   in   cs  us  sy  id  wa  st                 KST
 3  0       546832     77063832      1277176     41288108    0    0     0  1932 4020 6274   5   1  94   0   0 2026-09-20 23:09:05
 3  0       546832     77057376      1277176     41294348    0    0     0     0 4139 5913   5   1  94   0   0 2026-09-20 23:09:06
 3  0       546832     77051264      1277176     41301632    0    0     0     0 3927 5624   5   1  94   0   0 2026-09-20 23:09:07
 3  0       546832     77045408      1277176     41308428    0    0     0     0 3893 5694   5   2  94   0   0 2026-09-20 23:09:08
 3  0       546832     77041712      1277176     41315188    0    0     0     0 3847 5661   5   1  94   0   0 2026-09-20 23:09:09
 1  0       546832     77037336      1277184     41322072    0    0     0 52244 4061 6350   4   1  94   1   0 2026-09-20 23:09:10
 2  0       546832     77031136      1277184     41328924    0    0     0     0 3624 5916   3   0  97   0   0 2026-09-20 23:09:11
 2  0       546832     77020032      1277184     41335984    0    0     0     0 3735 5833   3   0  97   0   0 2026-09-20 23:09:12
 2  0       546832     77010776      1277184     41342596    0    0     0     0 3580 5904   3   0  97   0   0 2026-09-20 23:09:13
 1  0       546832     77002448      1277184     41349696    0    0     0     0 3782 8639   3   0  97   0   0 2026-09-20 23:09:14
 3  1       546832     76989784      1277188     41358208    0    0     0 19048 3934 7637   3   1  96   0   0 2026-09-20 23:09:15
 1  0       546832     76985584      1277188     41365144    0    0     0 123360 4068 6050   3   0  96   1   0 2026-09-20 23:09:16
 5  0       546832     76979440      1277188     41374244    0    0     0     0 4719 11916   6   0  94   0   0 2026-09-20 23:09:17
 2  0       546832     76968240      1277188     41380868    0    0     0     0 3872 6134   6   1  93   0   0 2026-09-20 23:09:18
 2  0       546832     76966608      1277188     41387840    0    0     0     0 3910 5719   5   1  94   0   0 2026-09-20 23:09:19
 3  0       546832     76954688      1277196     41394284    0    0     0   448 3951 6116   5   1  94   0   0 2026-09-20 23:09:20
 2  0       546832     76950352      1277196     41402132    0    0     0  1008 3904 5974   5   1  94   0   0 2026-09-20 23:09:21
 3  0       546832     76947168      1277196     41408532    0    0     0     0 3881 5816   5   1  94   0   0 2026-09-20 23:09:22
 4  0       546832     76941216      1277196     41414972    0    0     0     0 3730 5290   5   1  94   0   0 2026-09-20 23:09:23
 2  0       546832     76931200      1277196     41421856    0    0     0     0 3703 5334   5   1  94   0   0 2026-09-20 23:09:24
 1  0       546832     76925304      1277196     41428384    0    0     0   388 3779 5884   5   1  94   0   0 2026-09-20 23:09:25
procs -----------------------memory---------------------- ---swap-- -----io---- -system-- --------cpu-------- -----timestamp-----
 r  b         swpd         free         buff        cache   si   so    bi    bo   in   cs  us  sy  id  wa  st                 KST
 2  0       546832     76919104      1277196     41435792    0    0     0   600 3723 6154   3   0  97   0   0 2026-09-20 23:09:26
 1  0       546832     76910480      1277196     41442424    0    0     0     0 3443 5707   3   0  97   0   0 2026-09-20 23:09:27
 1  0       546832     76903664      1277196     41449044    0    0     0     0 3687 5834   3   0  97   0   0 2026-09-20 23:09:28
 1  0       546832     76897760      1277196     41455848    0    0     0     0 3640 5794   3   0  97   0   0 2026-09-20 23:09:29
 1  0       546832     76886560      1277200     41463212    0    0     0   408 3684 5926   3   0  96   0   0 2026-09-20 23:09:30
 2  0       546832     76882712      1277200     41469312    0    0     0   748 3443 5960   3   0  97   0   0 2026-09-20 23:09:31
 2  0       546832     76875280      1277200     41476424    0    0     0     0 3563 5154   3   0  97   0   0 2026-09-20 23:09:32
 2  0       546832     76864896      1277200     41485344    0    0     0     0 5037 17239   5   0  95   0   0 2026-09-20 23:09:33
 4  0       546832     76856240      1277200     41493280    0    0     0     0 3676 6580   4   0  95   0   0 2026-09-20 23:09:34
 2  0       546832     76847248      1277204     41500692    0    0     0   408 3973 6053   5   2  93   0   0 2026-09-20 23:09:35
 2  0       546832     76847704      1277204     41507160    0    0     0  1512 4318 5929   5   2  94   0   0 2026-09-20 23:09:36
 3  0       546832     76842736      1277204     41514324    0    0     0     0 3956 5693   5   1  94   0   0 2026-09-20 23:09:37
 3  0       546832     76837280      1277204     41521368    0    0     0     0 3654 5841   5   1  94   0   0 2026-09-20 23:09:38
 2  0       546832     76828472      1277204     41527492    0    0     0     0 3597 5633   5   1  94   0   0 2026-09-20 23:09:39
 3  0       546832     76822232      1277212     41534384    0    0     0   384 3670 5609   5   1  94   0   0 2026-09-20 23:09:40
 2  1       546832     76812728      1277212     41541372    0    0     0 52832 3819 5474   5   1  93   0   0 2026-09-20 23:09:41
 3  0       546832     76807360      1277212     41548092    0    0     0   164 3970 5838   5   1  94   0   0 2026-09-20 23:09:42
 2  0       546832     76803680      1277212     41554644    0    0     0     0 3981 5703   5   1  94   0   0 2026-09-20 23:09:43
 3  0       546832     76796800      1277212     41562164    0    0     0     0 3874 5566   5   1  94   0   0 2026-09-20 23:09:44
 3  0       546832     76784480      1277220     41568944    0    0     0   508 4191 5753   5   1  94   0   0 2026-09-20 23:09:45
 2  0       546832     76773968      1277220     41575020    0    0     0     0 4122 6220   5   1  94   0   0 2026-09-20 23:09:46
procs -----------------------memory---------------------- ---swap-- -----io---- -system-- --------cpu-------- -----timestamp-----
 r  b         swpd         free         buff        cache   si   so    bi    bo   in   cs  us  sy  id  wa  st                 KST
 1  0       546832     76767712      1277220     41582468    0    0     0 140328 4370 6191   3   0  95   1   0 2026-09-20 23:09:47
 2  0       546832     76765488      1277220     41589184    0    0     0     0 3575 5696   3   0  97   0   0 2026-09-20 23:09:48
 3  0       546832     76757248      1277220     41595788    0    0     0     0 3357 5250   3   0  97   0   0 2026-09-20 23:09:49
 2  0       546832     76747992      1277224     41602236    0    0     0   364 3590 5690   3   0  96   0   0 2026-09-20 23:09:50
 2  0       546832     76747584      1277224     41609628    0    0     0     0 3946 5741   3   0  97   0   0 2026-09-20 23:09:51
 2  0       546832     76736968      1277224     41617796    0    0     0   668 4356 10136   2   1  96   0   0 2026-09-20 23:09:52
 2  0       546832     76728560      1277224     41624676    0    0     0     0 4151 6659   4   1  95   0   0 2026-09-20 23:09:53
 2  0       546832     76717144      1277224     41631156    0    0     0     0 3828 5766   3   0  97   0   0 2026-09-20 23:09:54
 2  0       546832     76718400      1277228     41638656    0    0     0   468 3690 6039   3   0  97   0   0 2026-09-20 23:09:55
 3  0       546832     76659088      1277228     41694208    0    0     0     0 4488 6733   6   1  93   0   0 2026-09-20 23:09:56
 3  0       546832     76650032      1277228     41700628    0    0     0   692 3819 6205   5   1  94   0   0 2026-09-20 23:09:57
 2  0       546832     76644552      1277228     41708068    0    0     0     0 3697 5629   5   1  94   0   0 2026-09-20 23:09:58
 3  0       546832     76640424      1277228     41715172    0    0     0     0 3830 6374   5   2  94   0   0 2026-09-20 23:09:59
 2  0       546832     76629232      1277228     41722580    0    0     0   392 3757 6475   5   2  94   0   0 2026-09-20 23:10:00
 2  0       546832     76618288      1277228     41730180    0    0     0     0 3768 6350   5   1  94   0   0 2026-09-20 23:10:01
 2  0       546832     76609632      1277228     41737076    0    0     0     0 3983 6430   5   1  94   0   0 2026-09-20 23:10:02
 4  0       546832     76605472      1277228     41744320    0    0     0   988 4083 6414   5   1  94   0   0 2026-09-20 23:10:03
 2  0       546832     76599440      1277228     41751680    0    0     0     0 3962 6177   5   1  94   0   0 2026-09-20 23:10:04
 1  0       546832     76592040      1277228     41758640    0    0     0   360 3889 6082   3   0  96   0   0 2026-09-20 23:10:05
 3  0       546832     76591608      1277228     41764544    0    0     0     0 3633 5873   3   0  97   0   0 2026-09-20 23:10:06
 2  0       546832     76579680      1277228     41771412    0    0     0     0 3480 5309   3   0  97   0   0 2026-09-20 23:10:07
procs -----------------------memory---------------------- ---swap-- -----io---- -system-- --------cpu-------- -----timestamp-----
 r  b         swpd         free         buff        cache   si   so    bi    bo   in   cs  us  sy  id  wa  st                 KST
 2  0       546832     76572344      1277228     41778916    0    0     0   640 3666 5854   3   0  97   0   0 2026-09-20 23:10:08
 2  0       546832     76567488      1277228     41785524    0    0     0     0 3726 5760   3   0  97   0   0 2026-09-20 23:10:09
 2  0       546832     76555504      1277232     41792440    0    0     0   400 3821 6193   3   0  96   0   0 2026-09-20 23:10:10
 3  0       546832     76545296      1277232     41799124    0    0     0     0 3832 5850   3   0  96   0   0 2026-09-20 23:10:11
 1  0       546832     76533312      1277232     41805900    0    0     0     0 3607 5775   3   0  96   0   0 2026-09-20 23:10:12
 2  0       546832     76523696      1277232     41817584    0    0     0 53584 6531 28326   3   0  96   0   0 2026-09-20 23:10:13
 4  0       546832     76511552      1277232     41825556    0    0     0     0 4188 6295   6   1  93   0   0 2026-09-20 23:10:14
 3  0       546832     76509424      1277240     41832192    0    0     0   496 3513 5318   3   0  96   0   0 2026-09-20 23:10:15
 2  0       546832     76505344      1277240     41838856    0    0     0     0 3529 5648   3   0  97   0   0 2026-09-20 23:10:16
 2  0       546832     76500512      1277240     41847188    0    0     0     0 4572 9796   5   1  95   0   0 2026-09-20 23:10:17
 2  0       546832     76491896      1277240     41854060    0    0     0 193744 4638 6136   5   1  93   1   0 2026-09-20 23:10:18
 3  0       546832     76487312      1277240     41860868    0    0     0     0 4134 5685   5   1  94   0   0 2026-09-20 23:10:19
 3  0       546832     76481976      1277252     41866856    0    0     0   388 4187 5851   5   1  94   0   0 2026-09-20 23:10:20
 3  0       546832     76472368      1277252     41874584    0    0     0     0 4263 5833   5   1  94   0   0 2026-09-20 23:10:21
 2  0       546832     76467968      1277252     41881428    0    0     0     0 3972 5811   4   0  96   0   0 2026-09-20 23:10:22
 1  0       546832     76463040      1277252     41887876    0    0     0     0 3653 5586   3   0  97   0   0 2026-09-20 23:10:23
 1  0       546832     76453568      1277252     41894748    0    0     0   728 3546 5207   3   0  97   0   0 2026-09-20 23:10:24
 2  0       546832     76448000      1277252     41901772    0    0     0   344 3701 5781   3   0  96   0   0 2026-09-20 23:10:25
 2  0       546832     76436504      1277252     41908696    0    0     0     0 4044 6170   3   0  97   0   0 2026-09-20 23:10:26
 2  0       546832     76427864      1277252     41915500    0    0     0     0 3722 5755   3   0  97   0   0 2026-09-20 23:10:27
 3  0       546832     76427280      1277252     41922696    0    0     0     0 3964 7052   5   0  95   0   0 2026-09-20 23:10:28
procs -----------------------memory---------------------- ---swap-- -----io---- -system-- --------cpu-------- -----timestamp-----
 r  b         swpd         free         buff        cache   si   so    bi    bo   in   cs  us  sy  id  wa  st                 KST
 3  0       546832     76421480      1277252     41930056    0    0     0   752 3836 5763   5   1  94   0   0 2026-09-20 23:10:29
 3  0       546832     76412256      1277256     41937076    0    0     0   340 4000 5883   5   1  94   0   0 2026-09-20 23:10:30
 3  0       546832     76407392      1277256     41943920    0    0     0     0 3860 5877   5   1  94   0   0 2026-09-20 23:10:31
 4  0       546832     76397136      1277256     41950336    0    0     0     0 3632 5437   5   1  94   0   0 2026-09-20 23:10:32
 3  0       546832     76388448      1277256     41956792    0    0     0     0 3905 5346   5   1  94   0   0 2026-09-20 23:10:33
 3  0       546832     76384352      1277256     41963540    0    0     0   600 3779 5912   5   1  94   0   0 2026-09-20 23:10:34
 2  0       546832     76375984      1277260     41970560    0    0     0   368 3852 5876   5   1  94   0   0 2026-09-20 23:10:35
 3  0       546832     76369528      1277260     41977448    0    0     0     0 4035 5801   5   1  94   0   0 2026-09-20 23:10:36
 1  0       546832     76362016      1277260     41984468    0    0     0     0 3915 5714   4   1  95   0   0 2026-09-20 23:10:37
 2  0       546832     76362128      1277260     41991092    0    0     0     0 3652 5816   3   0  97   0   0 2026-09-20 23:10:38
 2  0       546832     76354632      1277260     41997636    0    0     0   740 3626 5749   3   0  97   0   0 2026-09-20 23:10:39
 2  0       546832     76341824      1277264     42004708    0    0     0   344 3493 5800   3   0  96   0   0 2026-09-20 23:10:40
 3  0       546832     76336352      1277264     42011240    0    0     0     0 3218 5079   3   0  97   0   0 2026-09-20 23:10:41
 2  0       546832     76324712      1277264     42018228    0    0     0     0 3637 5780   3   0  97   0   0 2026-09-20 23:10:42
 2  0       546832     76315016      1277264     42024964    0    0     0     0 3404 5658   3   0  97   0   0 2026-09-20 23:10:43
 2  0       546832     76306696      1277264     42031812    0    0     0 52904 3815 5940   3   0  96   1   0 2026-09-20 23:10:44
 2  0       546832     76301072      1277268     42038928    0    0     0   516 3804 5982   3   0  97   0   0 2026-09-20 23:10:45
 2  0       546832     76288624      1277268     42049476    0    0     0     0 5430 19649   3   1  96   0   0 2026-09-20 23:10:46
 1  0       546832     76282768      1277268     42057264    0    0     0     0 3801 7648   2   1  97   0   0 2026-09-20 23:10:47
 1  0       546832     76277856      1277268     42064644    0    0     0     0 3584 6475   2   1  97   0   0 2026-09-20 23:10:48
 3  0       546832     76270088      1277268     42071340    0    0     0 36084 3512 6245   2   1  97   0   0 2026-09-20 23:10:49
procs -----------------------memory---------------------- ---swap-- -----io---- -system-- --------cpu-------- -----timestamp-----
 r  b         swpd         free         buff        cache   si   so    bi    bo   in   cs  us  sy  id  wa  st                 KST
 1  0       546832     76263792      1277272     42078084    0    0     0 106280 4053 5950   2   2  96   1   0 2026-09-20 23:10:50
 2  0       546832     76251472      1277272     42085788    0    0     0     0 3745 6535   2   1  97   0   0 2026-09-20 23:10:51
 1  0       546832     76250152      1277272     42093056    0    0     0     0 3542 6309   2   1  97   0   0 2026-09-20 23:10:52
 1  0       546832     76236752      1277272     42100508    0    0     0     0 3665 6393   2   1  97   0   0 2026-09-20 23:10:53
 3  0       546832     76237232      1277272     42107648    0    0     0     0 3693 6341   3   1  96   0   0 2026-09-20 23:10:54
 3  0       546832     76224096      1277276     42114176    0    0     0  1172 3883 6264   4   0  96   0   0 2026-09-20 23:10:55
 1  0       546832     76212344      1277276     42121544    0    0     0     0 3529 5806   3   0  97   0   0 2026-09-20 23:10:56
 2  0       546832     76204488      1277276     42127896    0    0     0     0 3574 5848   3   0  97   0   0 2026-09-20 23:10:57
 1  0       546832     76200208      1277276     42134132    0    0     0     0 3518 5523   3   0  97   0   0 2026-09-20 23:10:58
 1  0       546832     76192720      1277276     42141128    0    0     0     0 3485 5553   3   0  97   0   0 2026-09-20 23:10:59
 2  0       546832     76184336      1277276     42147760    0    0     0   992 3551 6007   3   0  96   0   0 2026-09-20 23:11:00
 2  0       546832     76177168      1277276     42155008    0    0     0     0 3552 5763   3   0  97   0   0 2026-09-20 23:11:01
 1  0       546832     76170128      1277276     42161968    0    0     0     0 3593 5803   3   0  97   0   0 2026-09-20 23:11:02
 4  0       546832     76164992      1277276     42171028    0    0     0     0 5109 17399   4   0  95   0   0 2026-09-20 23:11:03
 2  0       546832     76164192      1277276     42179072    0    0     0     0 4304 6108   5   1  94   0   0 2026-09-20 23:11:04
 3  0       546832     76156192      1277280     42185244    0    0     0  1052 4359 6140   5   1  94   0   0 2026-09-20 23:11:05
 2  0       546832     76143160      1277280     42192540    0    0     0     0 4253 6320   4   1  96   0   0 2026-09-20 23:11:06
 1  0       546832     76141152      1277280     42198628    0    0     0     0 3777 5018   3   0  97   0   0 2026-09-20 23:11:07
 1  0       546832     76131712      1277280     42205948    0    0     0     0 3990 5768   4   0  96   0   0 2026-09-20 23:11:08
 2  0       546832     76108512      1277280     42233276    0    0     0     0 6845 43590   5   1  94   0   0 2026-09-20 23:11:09
 1  0       546832     76099376      1277284     42240452    0    0     0  1056 3521 6113   3   0  96   0   0 2026-09-20 23:11:10
procs -----------------------memory---------------------- ---swap-- -----io---- -system-- --------cpu-------- -----timestamp-----
 r  b         swpd         free         buff        cache   si   so    bi    bo   in   cs  us  sy  id  wa  st                 KST
 0  0       546832     76003488      1277284     42317104    0    0     0     0 3538 5944   3   0  97   0   0 2026-09-20 23:11:11
 0  0       546832     75985712      1277284     42321464    0    0     0     0 3281 5640   0   1  99   0   0 2026-09-20 23:11:12
 1  0       546832     75959272      1277284     42324412    0    0     0     0 3452 5511   0   1  99   0   0 2026-09-20 23:11:13
 1  0       546832     76305168      1277284     41914224    0    0    88     0 3496 4815   2   1  97   0   0 2026-09-20 23:11:14
 2  0       546832     76299208      1277296     41915608    0    0     0  4000 3394 4831   3   0  97   0   0 2026-09-20 23:11:15
 1  0       546832     76298768      1277296     41916356    0    0     0 49592 3226 5191   3   0  96   0   0 2026-09-20 23:11:16
 1  0       546832     76294080      1277296     41917600    0    0     0     0 3257 5178   3   0  97   0   0 2026-09-20 23:11:17
 1  0       546832     76292480      1277296     41918628    0    0     0     0 3341 5097   3   0  97   0   0 2026-09-20 23:11:18
 1  0       546832     76296304      1277296     41919668    0    0     0     0 3259 5064   3   0  97   0   0 2026-09-20 23:11:19
 3  0       546832     76297184      1277300     41920904    0    0     0   300 3241 5327   3   0  97   0   0 2026-09-20 23:11:20
 1  0       546832     76289008      1277300     41921612    0    0     0 197900 4931 6993   3   0  96   0   0 2026-09-20 23:11:21
 1  0       546832     76292176      1277300     41922744    0    0     0     0 4355 6752   3   0  97   0   0 2026-09-20 23:11:22
 2  0       546832     76290440      1277300     41923368    0    0     0     0 4186 6439   4   0  96   0   0 2026-09-20 23:11:23
 1  0       546832     76289528      1277300     41924832    0    0     0     0 4065 6522   3   0  97   0   0 2026-09-20 23:11:24
 1  0       546832     76288616      1277308     41925164    0    0     0   192 4297 6927   3   0  96   0   0 2026-09-20 23:11:25
 1  0       546832     76284960      1277308     41926296    0    0     0     0 4179 7060   3   0  97   0   0 2026-09-20 23:11:26
 1  0       546832     76276224      1277308     41930184    0    0     0     0 4251 6947   3   0  97   0   0 2026-09-20 23:11:27
 1  0       546832     76281600      1277308     41931032    0    0     0     0 5056 6795   3   0  97   0   0 2026-09-20 23:11:28
 1  0       546832     76280536      1277308     41931856    0    0     0     0 4255 6734   3   0  97   0   0 2026-09-20 23:11:29
 1  0       546832     76275056      1277308     41934184    0    0     0   156 4519 6967   3   0  97   0   0 2026-09-20 23:11:30
 2  0       546832     76269080      1277308     41936856    0    0   428     0 4654 6391   3   0  97   0   0 2026-09-20 23:11:31
procs -----------------------memory---------------------- ---swap-- -----io---- -system-- --------cpu-------- -----timestamp-----
 r  b         swpd         free         buff        cache   si   so    bi    bo   in   cs  us  sy  id  wa  st                 KST
 1  0       546832     76269656      1277308     41937660    0    0     0     0 4135 6136   3   0  97   0   0 2026-09-20 23:11:32
 1  0       546832     76266016      1277312     41939980    0    0     0   120 4289 6613   3   0  97   0   0 2026-09-20 23:11:33
 1  0       546832     76261832      1277312     41941692    0    0     0     0 4083 6679   3   0  97   0   0 2026-09-20 23:11:34
 1  0       546832     76259896      1277312     41942816    0    0     0     0 4131 6944   3   1  96   0   0 2026-09-20 23:11:35
 1  0       546832     76266112      1277312     41947144    0    0     0     8 4588 6667   3   0  97   0   0 2026-09-20 23:11:36
 1  0       546832     80257952      1277312     37978780    0    0     0     0 4977 6812   1   2  97   0   0 2026-09-20 23:11:37
 1  0       546832     80147472      1277316     37979152    0    0     0  1872 4219 6360   2   2  97   0   0 2026-09-20 23:11:38
 1  0       546832     80280480      1277320     37979188    0    0     8    64 4057 6264   1   2  97   0   0 2026-09-20 23:11:39
 1  0       546832     80276464      1277320     37979204    0    0     0     0 4022 6469   1   3  97   0   0 2026-09-20 23:11:40
 1  0       546832     80273472      1277320     37979228    0    0     0     4 4059 6357   1   2  97   0   0 2026-09-20 23:11:41
 1  0       546832     80269968      1277320     37979244    0    0     0     0 4163 6325   1   2  97   0   0 2026-09-20 23:11:42
 1  0       546832     80269024      1277320     37979272    0    0     0     0 4066 6302   1   2  97   0   0 2026-09-20 23:11:43
 1  0       546832     80268384      1277324     37979292    0    0     0    40 4178 6244   1   3  97   0   0 2026-09-20 23:11:44
 1  0       546832     80267136      1277324     37979336    0    0     0     0 4357 6444   1   2  97   0   0 2026-09-20 23:11:45
 2  1       546832     80266992      1277324     37979356    0    0     0 11944 4220 6658   1   3  97   0   0 2026-09-20 23:11:46
 1  0       546832     80251424      1277324     37979376    0    0     0 21892 4189 6346   1   2  96   0   0 2026-09-20 23:11:47
 2  0       546832     80251288      1277324     37979396    0    0    20     0 4390 6523   1   3  97   0   0 2026-09-20 23:11:48
 1  0       546832     80249824      1277332     37979452    0    0     0   200 4272 6261   1   2  97   0   0 2026-09-20 23:11:49
 2  0       546832     80248896      1277332     37979464    0    0     0     0 4303 6586   1   3  97   0   0 2026-09-20 23:11:50
 1  0       546832     80250072      1277332     37979492    0    0     0     0 4304 6360   0   3  97   0   0 2026-09-20 23:11:51
 1  0       546832     80248832      1277332     37979512    0    0     0   156 4262 6428   1   3  97   0   0 2026-09-20 23:11:52
procs -----------------------memory---------------------- ---swap-- -----io---- -system-- --------cpu-------- -----timestamp-----
 r  b         swpd         free         buff        cache   si   so    bi    bo   in   cs  us  sy  id  wa  st                 KST
 1  0       546832     80248432      1277332     37979528    0    0     0     0 4323 6349   1   3  97   0   0 2026-09-20 23:11:53
 1  0       546832     80250456      1277332     37979556    0    0     0    88 4284 6512   1   2  97   0   0 2026-09-20 23:11:54
 1  0       546832     80249064      1277348     37979568    0    0     0    64 4242 6603   1   3  97   0   0 2026-09-20 23:11:55
 0  0       546832     80252696      1277348     37980208    0    0     0     0 3739 5987   1   1  98   0   0 2026-09-20 23:11:56
 0  0       546832     80249840      1277348     37980248    0    0     0  2176 3448 5634   0   1  99   0   0 2026-09-20 23:11:57
 0  0       546832     80252704      1277348     37980300    0    0     0     0 3288 6024   0   0  99   0   0 2026-09-20 23:11:58
 0  0       546832     80262080      1277348     37980332    0    0     0     0 2939 5838   0   1  99   0   0 2026-09-20 23:11:59
 2  0       546832     80258880      1277352     37980344    0    0     0   184 2743 4472   0   0 100   0   0 2026-09-20 23:12:00
 0  0       546832     80260992      1277352     37980424    0    0     0     0 3409 5407   0   1  99   0   0 2026-09-20 23:12:01
 1  0       546832     81317984      1277352     37980476    0    0     0  1868 3648 5560   2   1  98   0   0 2026-09-20 23:12:02
 0  0       546832     81329984      1277352     37980516    0    0     0     0 2768 4122   1   1  98   0   0 2026-09-20 23:12:03
