--procs-- -----------------------memory---------------------- ---swap-- -----io---- -system-- --------cpu-------- -----timestamp-----
   r    b         swpd         free         buff        cache   si   so    bi    bo   in   cs  us  sy  id  wa  st                 KST
   5    0            0    115771808       238252     10542572    0    0  2912   707   28    3   2   0  98   0   0 2026-09-21 23:21:33
   1    0            0    115703768       238252     10542596    0    0     0   728 2157 1497   3   0  97   0   0 2026-09-21 23:21:34
   1    0            0    115701752       238252     10542600    0    0     0    36 31747 1532   4   8  88   0   0 2026-09-21 23:21:35
   1    0            0    115642728       238260     10542600    0    0     0    88 1771 1291   3   0  97   0   0 2026-09-21 23:21:36
   0    0            0    115508320       238260     10542608    0    0     0     0 2352 1997   1   1  99   0   0 2026-09-21 23:21:37
   0    0            0    115516384       238260     10542616    0    0     0     0  807 1136   0   0 100   0   0 2026-09-21 23:21:38
   0    0            0    115524192       238260     10542616    0    0     0    48  745 1035   0   0 100   0   0 2026-09-21 23:21:39
  72    0            0    115159472       238260     10542620    0    0     0     0 4689 2454   9   1  90   0   0 2026-09-21 23:21:40
   1    0            0    115007088       238268     10542652    0    0     0   148 5503 2445   9   1  90   0   0 2026-09-21 23:21:41
   1    0            0    115514816       238268     10542640    0    0     0     0 4485 1902   2   0  97   0   0 2026-09-21 23:21:42
   0    0            0    115532848       238268     10542636    0    0     0     0 1017 1261   0   0  99   0   0 2026-09-21 23:21:43
   1    0            0    115460576       238268     10542636    0    0     0    40  910 1112   1   0  99   0   0 2026-09-21 23:21:44
   1    0            0    115331296       238268     10542640    0    0     0     0 1602 1135   2   0  98   0   0 2026-09-21 23:21:45
   1    0            0    115340144       238280     10542644    0    0     0    84 1745 1148   3   0  97   0   0 2026-09-21 23:21:46
   1    0            0    115266144       238280     10542644    0    0     0     0 1467 1099   2   0  98   0   0 2026-09-21 23:21:47
   1    0            0    115263560       238280     10550716    0    0     0   136 2356 2192   2   0  97   0   0 2026-09-21 23:21:48
   1    0            0    115134640       238280     10620396    0    0     0     0 3143 3122   4   0  96   0   0 2026-09-21 23:21:49
   1    0            0    115019288       238280     10622832    0    0     0    44 2923 2716   3   1  96   0   0 2026-09-21 23:21:50
   1    0            0    115034368       238288     10622864    0    0     0   188 2573 2791   2   1  97   0   0 2026-09-21 23:21:51
   1    0            0    114980288       238288     10622864    0    0     0    12 2490 2690   2   1  97   0   0 2026-09-21 23:21:52
   1    0            0    114986192       238288     10622868    0    0     0     0 2403 2507   3   0  97   0   0 2026-09-21 23:21:53
--procs-- -----------------------memory---------------------- ---swap-- -----io---- -system-- --------cpu-------- -----timestamp-----
   r    b         swpd         free         buff        cache   si   so    bi    bo   in   cs  us  sy  id  wa  st                 KST
   1    0            0    114988160       238288     10622872    0    0     0     0 2497 3150   3   0  97   0   0 2026-09-21 23:21:54
   1    0            0    114716896       238292     10622904    0    0     0    44 2574 2565   3   0  97   0   0 2026-09-21 23:21:55
   1    0            0    114708360       238300     10623008    0    0     0    56 2449 2568   3   0  97   0   0 2026-09-21 23:21:56
   1    0            0    113593024       238300     10622980    0    0     0     0 3053 3636   3   1  97   0   0 2026-09-21 23:21:57
   1    0            0    113548080       238300     10622944    0    0     0     0 2340 2607   3   0  97   0   0 2026-09-21 23:21:58
   2    0            0    113524912       238300     10622952    0    0     0     0 3559 2505   6   0  94   0   0 2026-09-21 23:21:59
   2    0            0    113527696       238300     10622956    0    0     0    60 3926 2484   6   0  94   0   0 2026-09-21 23:22:00
   3    0            0    113519384       238308     10622956    0    0     0   164 4645 2800   6   0  93   0   0 2026-09-21 23:22:01
   2    0            0    113520344       238308     10622964    0    0     0     0 5225 2532   5   2  94   0   0 2026-09-21 23:22:02
   2    0            0    113523048       238308     10622968    0    0     0     0 5106 2592   4   2  94   0   0 2026-09-21 23:22:03
   1    0            0    113451280       238308     10622972    0    0     0     0 4041 2646   5   1  94   0   0 2026-09-21 23:22:04
   1    0            0    113451968       238308     10622972    0    0     0    40 2364 2520   1   2  97   0   0 2026-09-21 23:22:05
   1    0            0    113452856       238316     10622976    0    0     0    36 2436 2484   1   2  97   0   0 2026-09-21 23:22:06
   2    0            0    113430672       238316     10622980    0    0     0     0 4837 2723   5   1  93   0   0 2026-09-21 23:22:07
   2    0            0    113430912       238316     10622984    0    0     0     0 4741 2463   4   2  94   0   0 2026-09-21 23:22:08
   1    0            0    113432656       238316     10622988    0    0     0     0 3618 2493   3   1  96   0   0 2026-09-21 23:22:09
   2    0            0    113432544       238316     10622988    0    0     0    44 4306 2569   5   1  93   0   0 2026-09-21 23:22:10
   4    0            0    113434592       238332     10622992    0    0     0    92 4369 2826   4   1  95   0   0 2026-09-21 23:22:11
   2    0            0    113434096       238332     10622996    0    0     0     0 4591 2447   5   2  93   0   0 2026-09-21 23:22:12
   3    0            0    113432704       238332     10623000    0    0     0     0 4977 3381   4   1  95   0   0 2026-09-21 23:22:13
   4    0            0    113443512       238332     10623000    0    0     0     0 3178 3057   3   0  97   0   0 2026-09-21 23:22:14
--procs-- -----------------------memory---------------------- ---swap-- -----io---- -system-- --------cpu-------- -----timestamp-----
   r    b         swpd         free         buff        cache   si   so    bi    bo   in   cs  us  sy  id  wa  st                 KST
   2    0            0    113443264       238332     10623004    0    0     0     0 3878 2982   6   1  94   0   0 2026-09-21 23:22:15
   2    0            0    113445168       238340     10623008    0    0     0   100 4451 2593   4   2  94   0   0 2026-09-21 23:22:16
   2    0            0    113445712       238340     10623012    0    0     0     0 4838 2639   4   2  94   0   0 2026-09-21 23:22:17
   3    0            0    113448984       238340     10623012    0    0     0     0 5504 3958   5   1  94   0   0 2026-09-21 23:22:18
   2    0            0    113448256       238340     10623012    0    0     0   712 4467 2527   4   2  94   0   0 2026-09-21 23:22:19
   1    0            0    113446016       238340     10623020    0    0     0     0 2798 2495   3   0  96   0   0 2026-09-21 23:22:20
   1    0            0    113446048       238348     10623024    0    0     0   132 2474 2568   3   0  97   0   0 2026-09-21 23:22:21
   1    0            0    113445032       238348     10623032    0    0     0     0 4664 2950   7   1  92   0   0 2026-09-21 23:22:22
   2    0            0    113445032       238348     10623036    0    0     0     0 3629 2827   6   0  94   0   0 2026-09-21 23:22:23
   1    0            0    113445032       238348     10623040    0    0     0     0 3733 3216   4   1  95   0   0 2026-09-21 23:22:24
   2    0            0    113445424       238348     10623040    0    0     0     0 3393 2752   5   1  95   0   0 2026-09-21 23:22:25
   2    0            0    113445920       238356     10623044    0    0     0    36 3546 2572   4   2  94   0   0 2026-09-21 23:22:26
   1    0            0    113446048       238356     10623048    0    0     0    56 2386 2499   3   0  97   0   0 2026-09-21 23:22:27
   1    0            0    113447192       238356     10623052    0    0     0     0 4293 2862   6   1  93   0   0 2026-09-21 23:22:28
   2    0            0    113448880       238356     10623056    0    0     0     0 3166 2623   4   1  95   0   0 2026-09-21 23:22:29
   1    0            0    113449640       238356     10623064    0    0     0     0 2813 2456   3   1  96   0   0 2026-09-21 23:22:30
   2    0            0    113449920       238364     10623060    0    0     0    68 4582 2691   5   1  93   0   0 2026-09-21 23:22:31
   1    0            0    113451616       238364     10623072    0    0     0     0 4309 2583   4   2  94   0   0 2026-09-21 23:22:32
   1    0            0    113451728       238364     10623076    0    0     0    64 2458 2664   3   0  97   0   0 2026-09-21 23:22:33
   2    0            0    113451472       238364     10623076    0    0     0     0 3777 2629   5   0  94   0   0 2026-09-21 23:22:34
   2    0            0    113451728       238364     10623088    0    0     0     0 3592 2448   4   2  94   0   0 2026-09-21 23:22:35
--procs-- -----------------------memory---------------------- ---swap-- -----io---- -system-- --------cpu-------- -----timestamp-----
   r    b         swpd         free         buff        cache   si   so    bi    bo   in   cs  us  sy  id  wa  st                 KST
   2    0            0    113451472       238372     10623088    0    0     0    36 3919 2407   4   2  94   0   0 2026-09-21 23:22:36
   1    0            0    113451264       238372     10623092    0    0     0     0 4524 2571   4   2  95   0   0 2026-09-21 23:22:37
   3    0            0    113456304       238372     10623092    0    0     0    48 3663 2598   5   1  94   0   0 2026-09-21 23:22:38
   1    0            0    113455952       238372     10623096    0    0     0     0 4542 2502   4   1  94   0   0 2026-09-21 23:22:39
   1    0            0    113455456       238372     10623096    0    0     0     0 2458 2431   3   0  97   0   0 2026-09-21 23:22:40
   2    0            0    113454696       238380     10623092    0    0     0    72 4078 2722   5   1  93   0   0 2026-09-21 23:22:41
   1    0            0    113453256       238380     10623108    0    0     0     0 3724 2614   4   1  95   0   0 2026-09-21 23:22:42
   1    0            0    113452496       238380     10623108    0    0     0     0 3945 2700   5   1  94   0   0 2026-09-21 23:22:43
   2    0            0    113452256       238380     10623108    0    0     0    52 2976 2596   4   0  96   0   0 2026-09-21 23:22:44
   2    0            0    113451744       238380     10623108    0    0     0     0 4069 2563   4   2  94   0   0 2026-09-21 23:22:45
   2    0            0    113452368       238388     10623120    0    0     0    56 4978 2569   4   2  94   0   0 2026-09-21 23:22:46
   1    0            0    113452112       238388     10623124    0    0     0     0 2992 2506   3   0  96   0   0 2026-09-21 23:22:47
   1    0            0    113452880       238388     10623124    0    0     0   208 3666 2567   5   1  94   0   0 2026-09-21 23:22:48
   4    0            0    113452368       238388     10623128    0    0     0    48 2482 2519   3   0  97   0   0 2026-09-21 23:22:49
   1    0            0    113451856       238388     10623136    0    0     0     0 4966 2579   6   1  93   0   0 2026-09-21 23:22:50
   2    0            0    113451616       238396     10623136    0    0     0   128 2964 2532   4   0  95   0   0 2026-09-21 23:22:51
   6    0            0    113451624       238396     10623136    0    0     0     0 3075 2457   3   0  96   0   0 2026-09-21 23:22:52
   1    0            0    113451624       238396     10623140    0    0     0     0 3420 2549   4   1  95   0   0 2026-09-21 23:22:53
   2    0            0    113451880       238396     10623144    0    0     0     0 5743 3679   7   1  92   0   0 2026-09-21 23:22:54
   1    0            0    113451376       238400     10623144    0    0     0    56 3468 2471   3   1  96   0   0 2026-09-21 23:22:55
   3    0            0    113451120       238408     10623148    0    0     0    52 3332 2687   5   0  95   0   0 2026-09-21 23:22:56
--procs-- -----------------------memory---------------------- ---swap-- -----io---- -system-- --------cpu-------- -----timestamp-----
   r    b         swpd         free         buff        cache   si   so    bi    bo   in   cs  us  sy  id  wa  st                 KST
   1    0            0    113450368       238408     10623164    0    0     0     0 3847 2702   5   1  94   0   0 2026-09-21 23:22:57
   3    0            0    113450368       238408     10623164    0    0     0     0 3192 2623   5   0  95   0   0 2026-09-21 23:22:58
   1    0            0    113460320       238408     10623204    0    0     0     0 4927 4071   6   0  94   0   0 2026-09-21 23:22:59
   2    0            0    113459824       238408     10623204    0    0     0     0 3468 2571   4   2  94   0   0 2026-09-21 23:23:00
   2    0            0    113459568       238416     10623208    0    0     0   236 3863 2636   4   2  94   0   0 2026-09-21 23:23:01
   1    0            0    113459568       238416     10623208    0    0     0     0 3441 2488   4   1  95   0   0 2026-09-21 23:23:02
   2    0            0    113465552       238416     10623224    0    0     0     0 5799 4007   5   1  93   0   0 2026-09-21 23:23:03
   1    0            0    113464544       238416     10623228    0    0     0   692 3646 2600   3   1  96   0   0 2026-09-21 23:23:04
   2    0            0    113465416       238416     10623232    0    0     0     0 3499 2748   5   1  95   0   0 2026-09-21 23:23:05
   1    0            0    113464408       238424     10623228    0    0     0   128 3208 2468   3   1  96   0   0 2026-09-21 23:23:06
   2    0            0    113463408       238424     10623244    0    0     0     0 3420 2723   5   1  95   0   0 2026-09-21 23:23:07
   1    0            0    113462648       238424     10623248    0    0     0     0 4224 2452   4   1  95   0   0 2026-09-21 23:23:08
   2    0            0    113462400       238424     10623248    0    0     0     0 2400 2508   3   0  97   0   0 2026-09-21 23:23:09
   2    0            0    113462160       238424     10623248    0    0     0     0 3771 2812   6   1  93   0   0 2026-09-21 23:23:10
   2    0            0    113464848       238444     10623256    0    0     0   156 4694 2670   4   2  94   0   0 2026-09-21 23:23:11
   2    0            0    113464096       238444     10623256    0    0     0     0 4987 2450   4   2  94   0   0 2026-09-21 23:23:12
   4    0            0    113464096       238444     10623260    0    0     0     4 4256 2628   4   1  95   0   0 2026-09-21 23:23:13
   2    0            0    113463856       238444     10623268    0    0     0     0 4016 2603   5   2  93   0   0 2026-09-21 23:23:14
   2    0            0    113463600       238444     10623268    0    0     0     0 3814 2793   4   2  94   0   0 2026-09-21 23:23:15
   2    0            0    113462848       238452     10623276    0    0     0    56 4186 3033   4   2  94   0   0 2026-09-21 23:23:16
   4    0            0    113463408       238452     10623276    0    0     0    52 4174 3113   5   1  94   0   0 2026-09-21 23:23:17
--procs-- -----------------------memory---------------------- ---swap-- -----io---- -system-- --------cpu-------- -----timestamp-----
   r    b         swpd         free         buff        cache   si   so    bi    bo   in   cs  us  sy  id  wa  st                 KST
   2    0            0    113462904       238452     10623284    0    0     0     0 3959 2747   4   2  94   0   0 2026-09-21 23:23:18
   2    0            0    113462152       238452     10623288    0    0     0     0 3760 2656   4   2  94   0   0 2026-09-21 23:23:19
   2    0            0    113461648       238452     10623288    0    0     0     0 3345 2594   4   1  95   0   0 2026-09-21 23:23:20
   2    0            0    113462720       238460     10623292    0    0     0    92 3890 2874   5   1  94   0   0 2026-09-21 23:23:21
   1    0            0    113461472       238460     10623296    0    0     0    48 3205 2658   4   1  96   0   0 2026-09-21 23:23:22
   5    0            0    113461720       238460     10623296    0    0     0     0 3303 3030   5   0  95   0   0 2026-09-21 23:23:23
   2    0            0    113461216       238460     10623304    0    0     0     0 4749 3613   6   2  92   0   0 2026-09-21 23:23:24
   1    0            0    113462272       238460     10623304    0    0     0     0 3022 3336   3   1  96   0   0 2026-09-21 23:23:25
   4    0            0    113461552       238468     10623316    0    0     0    44 4296 3997   7   0  93   0   0 2026-09-21 23:23:26
   2    0            0    113460792       238476     10623324    0    0     0    64 3939 3326   4   2  94   0   0 2026-09-21 23:23:27
   2    0            0    113460544       238476     10623324    0    0     0     0 3791 3486   4   2  94   0   0 2026-09-21 23:23:28
   1    0            0    113461552       238476     10623332    0    0     0     0 3084 3208   3   1  96   0   0 2026-09-21 23:23:29
   2    0            0    113461552       238476     10623332    0    0     0     0 3984 3324   5   1  93   0   0 2026-09-21 23:23:30
   1    0            0    113468568       238484     10623328    0    0     0   112 3520 3154   5   0  95   0   0 2026-09-21 23:23:31
   3    0            0    113469072       238484     10623340    0    0     0    48 3652 3532   5   0  94   0   0 2026-09-21 23:23:32
   1    0            0    113468320       238484     10623344    0    0     0     0 4651 4075   6   1  93   0   0 2026-09-21 23:23:33
   1    0            0    113467808       238484     10623348    0    0     0     0 3253 3327   4   0  96   0   0 2026-09-21 23:23:34
   2    0            0    113471856       238484     10623352    0    0     0     0 4066 3721   5   1  94   0   0 2026-09-21 23:23:35
   2    0            0    113471552       238492     10623356    0    0     0    44 3852 3463   4   2  94   0   0 2026-09-21 23:23:36
   1    0            0    113470296       238492     10623360    0    0     0    56 3399 3452   4   1  95   0   0 2026-09-21 23:23:37
   1    0            0    113469792       238492     10623360    0    0     0     0 2502 3099   3   0  97   0   0 2026-09-21 23:23:38
--procs-- -----------------------memory---------------------- ---swap-- -----io---- -system-- --------cpu-------- -----timestamp-----
   r    b         swpd         free         buff        cache   si   so    bi    bo   in   cs  us  sy  id  wa  st                 KST
   2    0            0    113469544       238492     10623364    0    0     0     0 4816 3980   7   0  92   0   0 2026-09-21 23:23:39
   2    0            0    113468288       238492     10623368    0    0     0     0 3907 3460   4   2  94   0   0 2026-09-21 23:23:40
   1    0            0    113468032       238500     10623364    0    0     0    88 3891 3665   4   1  95   0   0 2026-09-21 23:23:41
   1    0            0    113467792       238500     10623380    0    0     0    52 3655 3490   5   0  95   0   0 2026-09-21 23:23:42
   4    0            0    113468296       238500     10623380    0    0     0     0 3766 3516   5   0  95   0   0 2026-09-21 23:23:43
   1    0            0    113466448       238500     10623388    0    0     0     0 5048 4879   5   1  94   0   0 2026-09-21 23:23:44
   4    0            0    113465952       238500     10623392    0    0     0     0 3496 3618   4   0  95   0   0 2026-09-21 23:23:45
   3    0            0    113463936       238508     10623396    0    0     0    56 3902 3827   6   0  94   0   0 2026-09-21 23:23:46
   2    0            0    113464192       238508     10623436    0    0     0   100 5222 6390   7   1  93   0   0 2026-09-21 23:23:47
   2    0            0    113476896       238508     10623440    0    0     0     0 5759 4434   4   2  94   0   0 2026-09-21 23:23:48
   2    0            0    113476672       238508     10623440    0    0     0   684 3919 3461   4   2  94   0   0 2026-09-21 23:23:49
   1    0            0    113475912       238508     10623444    0    0     0     0 3140 3258   3   1  96   0   0 2026-09-21 23:23:50
   1    0            0    113475664       238516     10623436    0    0     0   140 4296 3555   5   1  93   0   0 2026-09-21 23:23:51
   4    0            0    113474656       238516     10623456    0    0     0     0 3021 3384   3   0  96   0   0 2026-09-21 23:23:52
   2    0            0    113474912       238516     10623456    0    0     0    52 5106 3762   7   1  92   0   0 2026-09-21 23:23:53
   1    0            0    113473904       238516     10623468    0    0     0     0 2899 3147   3   0  97   0   0 2026-09-21 23:23:54
   1    0            0    113473408       238516     10623468    0    0     0     0 4130 2933   7   0  93   0   0 2026-09-21 23:23:55
   2    0            0    113472176       238524     10623464    0    0     0    48 4011 2589   5   2  94   0   0 2026-09-21 23:23:56
   1    0            0    113471664       238524     10623476    0    0     0     0 2855 2642   3   1  96   0   0 2026-09-21 23:23:57
   1    0            0    113471168       238524     10623476    0    0     0    60 3287 2623   5   0  95   0   0 2026-09-21 23:23:58
   4    0            0    113471168       238524     10623488    0    0     0     0 4531 3450   7   0  92   0   0 2026-09-21 23:23:59
--procs-- -----------------------memory---------------------- ---swap-- -----io---- -system-- --------cpu-------- -----timestamp-----
   r    b         swpd         free         buff        cache   si   so    bi    bo   in   cs  us  sy  id  wa  st                 KST
   2    0            0    113470408       238524     10623488    0    0     0     0 4578 2506   4   2  94   0   0 2026-09-21 23:24:00
   1    0            0    113470656       238532     10623492    0    0     0    92 3425 2605   3   1  96   0   0 2026-09-21 23:24:01
   3    0            0    113470288       238532     10623492    0    0     0     0 3998 3110   6   0  94   0   0 2026-09-21 23:24:02
   1    0            0    113469280       238532     10623508    0    0     0    64 4132 2957   6   0  93   0   0 2026-09-21 23:24:03
   2    0            0    113468528       238532     10623540    0    0     0     0 4081 2620   5   1  93   0   0 2026-09-21 23:24:04
   2    0            0    113467776       238532     10623548    0    0     0     0 2487 2558   3   0  97   0   0 2026-09-21 23:24:05
   2    0            0    113466768       238540     10623552    0    0     0    48 3960 2852   6   1  93   0   0 2026-09-21 23:24:06
   2    0            0    113466272       238540     10623556    0    0     0     0 3711 2627   4   2  94   0   0 2026-09-21 23:24:07
   1    0            0    113465264       238540     10623556    0    0     0    96 2962 2552   3   1  96   0   0 2026-09-21 23:24:08
   4    0            0    113465296       238540     10623560    0    0     0     0 3426 2712   5   0  95   0   0 2026-09-21 23:24:09
   2    0            0    113465792       238540     10623564    0    0     0     0 4520 2988   7   0  92   0   0 2026-09-21 23:24:10
   3    0            0    113466712       238556     10623572    0    0     0   140 3679 2938   4   2  94   0   0 2026-09-21 23:24:11
   2    0            0    113466208       238556     10623572    0    0     0     0 3647 2595   4   2  94   0   0 2026-09-21 23:24:12
   1    0            0    113467704       238556     10623580    0    0     0     0 2548 2524   3   0  97   0   0 2026-09-21 23:24:13
   1    0            0    113467712       238556     10623580    0    0     0    52 3564 2659   5   1  94   0   0 2026-09-21 23:24:14
   2    0            0    113469024       238556     10623584    0    0     0     0 3783 2665   5   1  94   0   0 2026-09-21 23:24:15
   2    0            0    113472016       238564     10623580    0    0     0    40 4771 2440   4   2  94   0   0 2026-09-21 23:24:16
   1    0            0    113475288       238564     10623588    0    0     0     0 3907 2549   4   1  95   0   0 2026-09-21 23:24:17
   2    0            0    113474528       238564     10623592    0    0     0     0 3404 2546   5   1  95   0   0 2026-09-21 23:24:18
   1    0            0    113473776       238564     10623596    0    0     0    44 2724 2438   3   1  96   0   0 2026-09-21 23:24:19
   1    0            0    113473776       238564     10623604    0    0     0     0 3485 2803   5   0  94   0   0 2026-09-21 23:24:20
--procs-- -----------------------memory---------------------- ---swap-- -----io---- -system-- --------cpu-------- -----timestamp-----
   r    b         swpd         free         buff        cache   si   so    bi    bo   in   cs  us  sy  id  wa  st                 KST
   1    0            0    113472072       238572     10623604    0    0     0    88 3937 2856   6   1  93   0   0 2026-09-21 23:24:21
   3    0            0    113470816       238572     10623616    0    0     0     0 3368 2773   5   0  95   0   0 2026-09-21 23:24:22
   3    0            0    113471064       238572     10623624    0    0     0     0 4515 3024   8   0  92   0   0 2026-09-21 23:24:23
   2    0            0    113475600       238572     10623636    0    0     0     0 4636 3372   4   2  94   0   0 2026-09-21 23:24:24
   1    0            0    113476048       238572     10623636    0    0     0    72 2738 2635   3   0  96   0   0 2026-09-21 23:24:25
   2    0            0    113475800       238580     10623632    0    0     0    72 3614 2825   5   0  95   0   0 2026-09-21 23:24:26
   2    0            0    113475328       238580     10623644    0    0     0   204 3722 2589   4   2  94   0   0 2026-09-21 23:24:27
   1    0            0    113475088       238580     10623652    0    0     0     0 3342 2604   4   1  95   0   0 2026-09-21 23:24:28
   1    0            0    113475400       238580     10623652    0    0     0     0 4058 3872   3   0  97   0   0 2026-09-21 23:24:29
   2    0            0    113475960       238580     10623656    0    0     0    56 4649 2872   7   1  92   0   0 2026-09-21 23:24:30
   4    0            0    113479200       238588     10623660    0    0     0   124 3020 2595   4   0  95   0   0 2026-09-21 23:24:31
   2    0            0    113477952       238588     10623660    0    0     0     0 3052 2696   4   1  95   0   0 2026-09-21 23:24:32
   5    0            0    113473440       238588     10623668    0    0     0     0 5367 4209   8   1  92   0   0 2026-09-21 23:24:33
   2    0            0    113477504       238588     10623676    0    0     0   708 4787 3051   4   2  94   0   0 2026-09-21 23:24:34
   2    0            0    113477008       238588     10623676    0    0     0    56 4882 2531   4   2  94   0   0 2026-09-21 23:24:35
   1    0            0    113476784       238596     10623684    0    0     0    76 2595 2489   3   0  97   0   0 2026-09-21 23:24:36
   2    0            0    113475272       238596     10623688    0    0     0     0 4063 2763   5   1  94   0   0 2026-09-21 23:24:37
   2    0            0    113474768       238596     10623696    0    0     0     0 3328 2832   5   0  95   0   0 2026-09-21 23:24:38
   2    0            0    113477224       238596     10623696    0    0     0     0 3506 2504   4   2  94   0   0 2026-09-21 23:24:39
   2    0            0    113475968       238596     10623704    0    0     0    60 3599 2567   4   2  94   0   0 2026-09-21 23:24:40
   2    0            0    113475712       238604     10623700    0    0     0    88 3692 2704   4   2  94   0   0 2026-09-21 23:24:41
--procs-- -----------------------memory---------------------- ---swap-- -----io---- -system-- --------cpu-------- -----timestamp-----
   r    b         swpd         free         buff        cache   si   so    bi    bo   in   cs  us  sy  id  wa  st                 KST
   2    0            0    113474704       238604     10623708    0    0     0     0 3698 2748   5   1  94   0   0 2026-09-21 23:24:42
   2    0            0    113474456       238604     10623712    0    0     0     0 3855 2711   4   2  94   0   0 2026-09-21 23:24:43
   2    0            0    113474208       238604     10623712    0    0     0     0 3730 2571   4   2  94   0   0 2026-09-21 23:24:44
   4    0            0    113473200       238604     10623716    0    0     0     0 3738 2832   4   1  94   0   0 2026-09-21 23:24:45
   2    0            0    113473456       238612     10623720    0    0     0   100 4247 2833   5   2  93   0   0 2026-09-21 23:24:46
   2    0            0    113473984       238612     10623724    0    0     0     0 2781 2553   3   1  96   0   0 2026-09-21 23:24:47
   2    0            0    113473472       238612     10623728    0    0     0     0 3561 2935   5   0  95   0   0 2026-09-21 23:24:48
   2    0            0    113473224       238612     10623732    0    0     0     0 4215 2490   4   2  94   0   0 2026-09-21 23:24:49
   2    0            0    113478512       238612     10623732    0    0     0     0 3996 2578   4   2  94   0   0 2026-09-21 23:24:50
   2    0            0    113477496       238620     10623736    0    0     0    96 3204 2590   4   1  95   0   0 2026-09-21 23:24:51
   2    0            0    113477248       238620     10623776    0    0     0     8 4282 2808   6   2  93   0   0 2026-09-21 23:24:52
   2    0            0    113476496       238620     10623776    0    0     0     0 3742 2770   4   2  94   0   0 2026-09-21 23:24:53
   2    0            0    113475264       238620     10623780    0    0     0     0 3893 3433   4   2  94   0   0 2026-09-21 23:24:54
   3    0            0    113475264       238620     10623780    0    0     0     0 4223 2708   6   2  93   0   0 2026-09-21 23:24:55
   3    0            0    113474760       238628     10623776    0    0     0   176 3554 2598   4   2  94   0   0 2026-09-21 23:24:56
   1    0            0    113474000       238628     10623788    0    0     0     0 3333 2655   4   1  95   0   0 2026-09-21 23:24:57
   1    0            0    113474000       238628     10623788    0    0     0     0 2448 2540   3   0  97   0   0 2026-09-21 23:24:58
   2    0            0    113474000       238628     10623792    0    0     0     0 4009 2976   6   1  93   0   0 2026-09-21 23:24:59
   2    0            0    113474256       238628     10623800    0    0     0     0 3970 2771   5   2  94   0   0 2026-09-21 23:25:00
   2    0            0    113475008       238636     10623796    0    0     0    76 4016 2906   4   2  94   0   0 2026-09-21 23:25:01
   4    0            0    113475328       238636     10623808    0    0     0     0 3038 2707   4   0  96   0   0 2026-09-21 23:25:02
--procs-- -----------------------memory---------------------- ---swap-- -----io---- -system-- --------cpu-------- -----timestamp-----
   r    b         swpd         free         buff        cache   si   so    bi    bo   in   cs  us  sy  id  wa  st                 KST
   1    0            0    113475584       238636     10623808    0    0     0     0 3678 2787   5   1  94   0   0 2026-09-21 23:25:03
   3    0            0    113477536       238636     10623812    0    0     0     0 3565 2800   5   0  94   0   0 2026-09-21 23:25:04
   2    0            0    113475776       238636     10623824    0    0     0     0 4561 2786   6   2  92   0   0 2026-09-21 23:25:05
   2    0            0    113475280       238644     10623816    0    0     0    76 3608 2523   4   2  94   0   0 2026-09-21 23:25:06
   1    0            0    113474552       238644     10623828    0    0     0    56 2469 2559   3   0  97   0   0 2026-09-21 23:25:07
   1    0            0    113473792       238644     10623828    0    0     0     0 3440 2614   5   0  95   0   0 2026-09-21 23:25:08
   2    0            0    113473800       238644     10623836    0    0     0     0 3701 2683   5   1  94   0   0 2026-09-21 23:25:09
   2    0            0    113473408       238644     10623840    0    0     0     0 4118 2379   4   2  94   0   0 2026-09-21 23:25:10
   1    0            0    113478208       238660     10623844    0    0     0    84 3314 2687   3   1  96   0   0 2026-09-21 23:25:11
   3    0            0    113478208       238660     10623848    0    0     0    52 3358 2625   5   0  95   0   0 2026-09-21 23:25:12
   4    0            0    113478208       238660     10623848    0    0     0     0 3824 2968   5   0  94   0   0 2026-09-21 23:25:13
   1    0            0    113479584       238660     10623856    0    0     0     0 4117 3760   3   1  96   0   0 2026-09-21 23:25:14
   2    0            0    113479816       238660     10623856    0    0     0     0 4009 2640   6   1  93   0   0 2026-09-21 23:25:15
   1    0            0    113478808       238668     10623860    0    0     0    76 2603 2505   3   0  97   0   0 2026-09-21 23:25:16
   2    0            0    113473560       238668     10623872    0    0     0    64 4338 2905   6   1  93   0   0 2026-09-21 23:25:17
   2    0            0    113471808       238668     10623876    0    0     0     0 3806 2542   4   2  94   0   0 2026-09-21 23:25:18
   2    0            0    113472640       238668     10624008    0    0     0   760 6102 3891   4   2  94   0   0 2026-09-21 23:25:19
   2    0            0    113476680       238668     10624012    0    0     0     0 5293 2695   6   2  92   0   0 2026-09-21 23:25:20
   2    0            0    113477048       238676     10624004    0    0     0    88 5169 2651   4   2  94   0   0 2026-09-21 23:25:21
   1    0            0    113476232       238680     10624016    0    0     0    48 3628 2564   3   1  96   0   0 2026-09-21 23:25:22
   3    0            0    113475728       238680     10624020    0    0     0     0 2741 2473   4   0  96   0   0 2026-09-21 23:25:23
--procs-- -----------------------memory---------------------- ---swap-- -----io---- -system-- --------cpu-------- -----timestamp-----
   r    b         swpd         free         buff        cache   si   so    bi    bo   in   cs  us  sy  id  wa  st                 KST
   2    0            0    113474464       238680     10624024    0    0     0     0 4526 3813   6   1  93   0   0 2026-09-21 23:25:24
   2    0            0    113473216       238680     10624028    0    0     0     0 3965 2475   4   2  94   0   0 2026-09-21 23:25:25
   2    0            0    113472464       238688     10624028    0    0     0   288 4054 2456   4   2  94   0   0 2026-09-21 23:25:26
   1    0            0    113471952       238688     10624032    0    0     0     0 2426 2439   3   0  97   0   0 2026-09-21 23:25:27
   1    0            0    113471456       238688     10624036    0    0     0    52 3440 2518   5   1  94   0   0 2026-09-21 23:25:28
   5    0            0    113470448       238688     10624044    0    0     0     0 3604 2886   5   0  94   0   0 2026-09-21 23:25:29
   5    0            0    113470704       238688     10624048    0    0     0     0 5170 2509   7   2  91   0   0 2026-09-21 23:25:30
   1    0            0    113469472       238696     10624040    0    0     0    44 4437 2425   4   1  94   0   0 2026-09-21 23:25:31
   1    0            0    113469472       238696     10624048    0    0     0     0 2428 2443   3   0  97   0   0 2026-09-21 23:25:32
   1    0            0    113468960       238696     10624056    0    0     0    56 3403 2712   5   0  95   0   0 2026-09-21 23:25:33
   2    0            0    113468216       238696     10624056    0    0     0     0 4582 2600   5   1  94   0   0 2026-09-21 23:25:34
   2    0            0    113473024       238696     10624056    0    0     0     0 4809 2436   4   2  94   0   0 2026-09-21 23:25:35
   2    0            0    113471520       238704     10624060    0    0     0    72 3150 2468   3   1  96   0   0 2026-09-21 23:25:36
   3    0            0    113470760       238704     10624064    0    0     0     0 3238 2681   4   0  95   0   0 2026-09-21 23:25:37
   2    0            0    113469504       238704     10624064    0    0     0    40 3310 2973   5   0  95   0   0 2026-09-21 23:25:38
   2    0            0    113468752       238704     10624072    0    0     0     0 3505 2407   4   2  94   0   0 2026-09-21 23:25:39
   1    0            0    113468496       238704     10624072    0    0     0     0 4115 2427   4   1  95   0   0 2026-09-21 23:25:40
   1    0            0    113467744       238712     10624080    0    0     0    28 4860 2606   5   2  93   0   0 2026-09-21 23:25:41
   4    0            0    113466736       238712     10624080    0    0     0     0 2526 2515   3   0  97   0   0 2026-09-21 23:25:42
   1    0            0    113465728       238720     10624088    0    0     0    88 3726 2838   6   0  94   0   0 2026-09-21 23:25:43
   1    0            0    113465728       238720     10624092    0    0     0     0 4782 2900   8   1  92   0   0 2026-09-21 23:25:44
--procs-- -----------------------memory---------------------- ---swap-- -----io---- -system-- --------cpu-------- -----timestamp-----
   r    b         swpd         free         buff        cache   si   so    bi    bo   in   cs  us  sy  id  wa  st                 KST
   2    0            0    113464720       238720     10624100    0    0     0     0 3780 2620   4   1  95   0   0 2026-09-21 23:25:45
   2    0            0    113463712       238720     10624108    0    0     0     4 4468 2455   4   2  94   0   0 2026-09-21 23:25:46
   2    0            0    113463216       238720     10624112    0    0     0     0 3325 2450   3   1  96   0   0 2026-09-21 23:25:47
   3    0            0    113462208       238728     10624108    0    0     0    40 3096 2652   4   0  95   0   0 2026-09-21 23:25:48
   2    0            0    113462208       238728     10624120    0    0     0    72 3969 2648   5   2  94   0   0 2026-09-21 23:25:49
   2    0            0    113461456       238728     10624124    0    0     0     0 4531 2466   4   2  94   0   0 2026-09-21 23:25:50
   1    0            0    113460960       238728     10624128    0    0     0     0 5068 2522   4   2  94   0   0 2026-09-21 23:25:51
   2    0            0    113460448       238728     10624128    0    0     0     0 4112 2684   5   1  94   0   0 2026-09-21 23:25:52
   1    1            0    113459696       238732     10624128    0    0     0    56 3031 2634   3   1  96   0   0 2026-09-21 23:25:53
   2    0            0    113459440       238736     10624132    0    0     0    52 3648 3483   5   0  95   0   0 2026-09-21 23:25:54
   1    0            0    113458192       238736     10624172    0    0     0     0 2993 2596   3   1  96   0   0 2026-09-21 23:25:55
   4    0            0    113457432       238736     10624176    0    0     0     0 3814 2844   6   1  94   0   0 2026-09-21 23:25:56
   2    0            0    113456928       238736     10624180    0    0     0     0 4022 2972   5   2  94   0   0 2026-09-21 23:25:57
   2    0            0    113456432       238736     10624184    0    0     0     0 3519 2697   4   1  95   0   0 2026-09-21 23:25:58
   4    0            0    113455200       238744     10624184    0    0     0   180 2842 2556   4   0  96   0   0 2026-09-21 23:25:59
   1    0            0    113464032       238760     10624184    0    0     0    68 4704 3905   5   1  95   0   0 2026-09-21 23:26:00
   2    0            0    113465280       238760     10624196    0    0     0     0 4427 3109   5   1  94   0   0 2026-09-21 23:26:01
   4    0            0    113464272       238760     10624196    0    0     0     0 3578 2757   5   0  95   0   0 2026-09-21 23:26:02
   2    0            0    113464024       238760     10624200    0    0     0   548 4393 2946   6   1  93   0   0 2026-09-21 23:26:03
   2    0            0    113467992       238760     10624196    0    0     0    52 5336 4220   5   2  93   0   0 2026-09-21 23:26:04
   1    0            0    113469112       238768     10624196    0    0     0    72 3108 2707   3   1  96   0   0 2026-09-21 23:26:05
--procs-- -----------------------memory---------------------- ---swap-- -----io---- -system-- --------cpu-------- -----timestamp-----
   r    b         swpd         free         buff        cache   si   so    bi    bo   in   cs  us  sy  id  wa  st                 KST
   2    0            0    113469360       238768     10624204    0    0     0     0 3534 2779   5   0  95   0   0 2026-09-21 23:26:06
   2    0            0    113468608       238768     10624216    0    0     0     0 3414 2705   4   1  95   0   0 2026-09-21 23:26:07
   2    0            0    113468608       238768     10624216    0    0     0     0 3497 2587   4   2  94   0   0 2026-09-21 23:26:08
   1    0            0    113468864       238768     10624224    0    0     0   608 2635 2500   3   0  97   0   0 2026-09-21 23:26:09
   2    0            0    113468608       238776     10624224    0    0     0    96 3843 2715   6   0  93   0   0 2026-09-21 23:26:10
   2    0            0    113467888       238792     10624232    0    0     0    40 3886 2970   5   1  95   0   0 2026-09-21 23:26:11
   1    0            0    113466624       238792     10624236    0    0     0     0 3827 2588   6   1  93   0   0 2026-09-21 23:26:12
   1    0            0    113466128       238792     10624240    0    0     0     0 3554 2759   5   0  95   0   0 2026-09-21 23:26:13
   1    0            0    113465624       238792     10624252    0    0     0     0 3544 2741   4   0  95   0   0 2026-09-21 23:26:14
   1    0            0    113464864       238792     10624264    0    0     0    80 4119 2994   7   0  93   0   0 2026-09-21 23:26:15
   2    0            0    113464112       238800     10624260    0    0     0   120 4867 3244   7   1  92   0   0 2026-09-21 23:26:16
   4    0            0    113464616       238800     10624276    0    0     0     0 5003 2914   6   2  92   0   0 2026-09-21 23:26:17
   1    0            0    113464616       238800     10624276    0    0     0     0 2833 2475   4   0  96   0   0 2026-09-21 23:26:18
   1    0            0    113465128       238800     10624288    0    0     0     0 3606 2747   6   0  94   0   0 2026-09-21 23:26:19
   0    0            0    113465208       238800     10624296    0    0     0    64 3204 2698   4   0  95   0   0 2026-09-21 23:26:20
   0    0            0    113464960       238808     10624292    0    0     0    56 1441 2528   0   0 100   0   0 2026-09-21 23:26:21
   1    0            0    113465712       238808     10624300    0    0     0     0 1453 2470   0   0 100   0   0 2026-09-21 23:26:22
   0    0            0    113464208       238808     10624300    0    0     0     0 1329 2479   0   0 100   0   0 2026-09-21 23:26:23
   1    0            0    113464456       238808     10624304    0    0     0     0 1508 3514   0   0 100   0   0 2026-09-21 23:26:24
   1    0            0    113472784       238808     10624308    0    0     0     0 1768 2978   0   0 100   0   0 2026-09-21 23:26:25
   1    0            0    114537456       238816     10624340    0    0     0    88 2431 2716   1   0  98   0   0 2026-09-21 23:26:26
