#Date        Time         gpu    pwr  gtemp  mtemp     sm    mem    enc    dec    jpg    ofa   mclk   pclk  pviol  tviol     fb   bar1   ccpm  sbecc  dbecc    pci  rxpci  txpci 
#YYYYMMDD    HH:MM:SS     Idx      W      C      C      %      %      %      %      %      %    MHz    MHz      %   bool     MB     MB     MB   errs   errs   errs   MB/s   MB/s 
 20260916    16:06:12       0      8     57      -      0      0      0      0      0      0    405    300      0      0     15      5      0      -      -      0     10      0 
 20260916    16:06:13       0      8     57      -      0      0      0      0      0      0    405    300      0      0     15      5      0      -      -      0      0      0 
 20260916    16:06:14       0      8     56      -      0      0      0      0      0      0    405    300      0      0     15      5      0      -      -      0      0      0 
 20260916    16:06:15       0      8     56      -      0      0      0      0      0      0    405    300      0      0     15      5      0      -      -      0      0      0 
 20260916    16:06:16       0      7     56      -      0      0      0      0      0      0    405    300      0      0     15      5      0      -      -      0      0      0 
 20260916    16:06:17       0      7     56      -      0      0      0      0      0      0    405    300      0      0     15      5      0      -      -      0      4      0 
 20260916    16:06:18       0      7     55      -      1      0      0      0      0      0    405    300      0      0     15      5      0      -      -      0      0      0 
 20260916    16:06:19       0      7     55      -      0      0      0      0      0      0    405    300      0      0     15      5      0      -      -      0      0      0 
 20260916    16:06:20       0      8     55      -      0      0      0      0      0      0    405    300      0      0     15      5      0      -      -      0      0      0 
 20260916    16:06:21       0      8     55      -      0      0      0      0      0      0    405    300      0      0     15      5      0      -      -      0      0      0 
 20260916    16:06:22       0      7     55      -      0      0      0      0      0      0    405    300      0      0     15      5      0      -      -      0      0      0 
 20260916    16:06:23       0     45     56      -      0      0      0      0      0      0   6500   1620      0      0    134      7      0      -      -      0      0      0 
 20260916    16:06:24       0     45     56      -      4      0      0      0      0      0   6500   1620      0      0    206      7      0      -      -      0      0      0 
 20260916    16:06:26       0     46     56      -     29      1      0      0      0      0   6500   1620      0      0   1000      7      0      -      -      0      4   4848 
 20260916    16:06:27       0     45     56      -      0      0      0      0      0      0   6500   1620      0      0   1000      7      0      -      -      0      0      0 
 20260916    16:06:28       0     45     56      -      0      0      0      0      0      0   6500   1620      0      0   1000      7      0      -      -      0      0      0 
 20260916    16:06:29       0     45     56      -      0      0      0      0      0      0   6500   1620      0      0   1000      7      0      -      -      0   6054   5986 
 20260916    16:06:30       0     59     57      -     72      3      0      0      0      0   6500   1905      0      0   1000      7      0      -      -      0      3      0 
 20260916    16:06:31       0     56     57      -      0      0      0      0      0      0   6500   1905      0      0    964      7      0      -      -      0      0      0 
 20260916    16:06:32       0     45     56      -      0      0      0      0      0      0   6500   1620      0      0    964      7      0      -      -      0      0      0 
 20260916    16:06:33       0     45     56      -      0      0      0      0      0      0   6500   1620      0      0    964      7      0      -      -      0      0      0 
 20260916    16:06:34       0    103     58      -      7      1      0      0      0      0   6500   1620      0      0   1680    154      0      -      -      0     18    936 
 20260916    16:06:35       0     98     59      -     25     16      0      0      0      0   6500   1905      0      0   1680    154      0      -      -      0   3351      5 
 20260916    16:06:36       0     56     58      -      0      0      0      0      0      0   6500   1905      0      0   1682    154      0      -      -      0      0      3 
 20260916    16:06:37       0     46     57      -      0      0      0      0      0      0   6500   1620      0      0   1842    154      0      -      -      0      0      0 
 20260916    16:06:38       0     46     57      -      0      0      0      0      0      0   6500   1620      0      0   1842    154      0      -      -      0      0      0 
 20260916    16:06:39       0     46     57      -      2      0      0      0      0      0   6500   1620      0      0   1858    154      0      -      -      0      0      0 
 20260916    16:06:40       0     60     58      -      1      1      0      0      0      0   6500   1905      0      0   1860    154      0      -      -      0   3211      0 
 20260916    16:06:41       0    109     58      -     27     25      0      0      0      0   6500   1905      0      0   2160    154      0      -      -      0      0      0 
 20260916    16:06:42       0    144     59      -    100      7      0      0      0      0   6500   1905      0      0   2504    154      0      -      -      0     15    932 
 20260916    16:06:43       0    141     61      -    100     11      0      0      0      0   6500   1905      0      0   2504    154      0      -      -      0   8054      0 
 20260916    16:06:45       0    113     60      -     58      6      0      0      0      0   6500   1890      0      0   2504    154      0      -      -      0      0      0 
 20260916    16:06:46       0    136     60      -     57      6      0      0      0      0   6500   1890      0      0   2504    154      0      -      -      0   1117      0 
 20260916    16:06:47       0    138     61      -     65      7      0      0      0      0   6500   1905      0      0   2504    154      0      -      -      0   2242      0 
 20260916    16:06:48       0    114     62      -     61      7      0      0      0      0   6500   1815      0      0   2504    154      0      -      -      0   5809    251 
 20260916    16:06:49       0     83     60      -     24      2      0      0      0      0   6500   1905      0      0   2504    154      0      -      -      0   2558      0 
 20260916    16:06:50       0     91     60      -     31      2      0      0      0      0   6500   1905      0      0   2504    154      0      -      -      0    306      5 
 20260916    16:06:51       0     62     60      -      1      1      0      0      0      0   6500   1905      0      0   2504    154      0      -      -      0   3975      0 
 20260916    16:06:52       0     63     60      -     88      8      0      0      0      0   6500   1905      0      0   2504    154      0      -      -      0   2492      0 
 20260916    16:06:53       0     61     59      -      1      1      0      0      0      0   6500   1905      0      0   2504    154      0      -      -      0   2243      0 
 20260916    16:06:54       0     61     59      -      1      1      0      0      0      0   6500   1905      0      0   2504    154      0      -      -      0   1402      0 
 20260916    16:06:55       0     61     59      -     47      4      0      0      0      0   6500   1905      0      0   2504    154      0      -      -      0   1883      0 
 20260916    16:06:56       0     61     59      -      1      1      0      0      0      0   6500   1905      0      0   2504    154      0      -      -      0   2879      0 
 20260916    16:06:57       0     60     59      -      1      1      0      0      0      0   6500   1905      0      0   2504    154      0      -      -      0   2083      0 
#Date        Time         gpu    pwr  gtemp  mtemp     sm    mem    enc    dec    jpg    ofa   mclk   pclk  pviol  tviol     fb   bar1   ccpm  sbecc  dbecc    pci  rxpci  txpci 
#YYYYMMDD    HH:MM:SS     Idx      W      C      C      %      %      %      %      %      %    MHz    MHz      %   bool     MB     MB     MB   errs   errs   errs   MB/s   MB/s 
 20260916    16:06:58       0     60     59      -      1      1      0      0      0      0   6500   1905      0      0   2504    154      0      -      -      0   4152      0 
 20260916    16:06:59       0     63     59      -      1      1      0      0      0      0   6500   1905      0      0   2504    154      0      -      -      0   1804   1457 
 20260916    16:07:00       0     61     59      -      1      1      0      0      0      0   6500   1905      0      0   2504    154      0      -      -      0   2771      0 
 20260916    16:07:01       0    134     62      -    100     10      0      0      0      0   6500   1905      0      0   2504    154      0      -      -      0   8054      0 
 20260916    16:07:02       0     98     61      -     51      4      0      0      0      0   6500   1905      0      0   2504    154      0      -      -      0      0      0 
 20260916    16:07:03       0     84     62      -     53      4      0      0      0      0   6500   1905      0      0   2504    154      0      -      -      0      2      2 
 20260916    16:07:05       0    105     63      -     71      7      0      0      0      0   6500   1905      0      0   2504    154      0      -      -      0      0      0 
 20260916    16:07:06       0    137     65      -    100     10      0      0      0      0   6500   1905      0      0   2504    154      0      -      -      0   2341      0 
 20260916    16:07:07       0    125     63      -     66      5      0      0      0      0   6500   1905      0      0   2504    154      0      -      -      0   1171      0 
 20260916    16:07:08       0     93     63      -     61      4      0      0      0      0   6500   1905      0      0   2504    154      0      -      -      0   2201      0 
 20260916    16:07:09       0     61     61      -      3      2      0      0      0      0   6500   1905      0      0   2504    154      0      -      -      0   1478      0 
 20260916    16:07:10       0     61     61      -      1      1      0      0      0      0   6500   1905      0      0   2504    154      0      -      -      0   2489      0 
 20260916    16:07:11       0     62     61      -      1      1      0      0      0      0   6500   1905      0      0   2504    154      0      -      -      0   2994      0 
 20260916    16:07:12       0     62     61      -     69      6      0      0      0      0   6500   1905      0      0   2504    154      0      -      -      0   3048      0 
 20260916    16:07:13       0     62     61      -     15      3      0      0      0      0   6500   1905      0      0   2504    154      0      -      -      0  11986   1441 
 20260916    16:07:14       0     62     61      -      1      1      0      0      0      0   6500   1905      0      0   2504    154      0      -      -      0   2702      0 
 20260916    16:07:15       0     61     61      -      1      1      0      0      0      0   6500   1905      0      0   2504    154      0      -      -      0   1986      0 
 20260916    16:07:16       0     67     61      -     10      3      0      0      0      0   6500   1905      0      0   2504    154      0      -      -      0  12488   1158 
 20260916    16:07:17       0     61     61      -      1      1      0      0      0      0   6500   1905      0      0   2504    154      0      -      -      0   1389      0 
 20260916    16:07:18       0     61     61      -      1      1      0      0      0      0   6500   1905      0      0   2504    154      0      -      -      0   2834      0 
 20260916    16:07:19       0    125     63      -     85     10      0      0      0      0   6500   1905      0      0   2504    154      0      -      -      0   6199    935 
 20260916    16:07:20       0     92     62      -     16      3      0      0      0      0   6500   1905      0      0   2504    154      0      -      -      0   1778      1 
 20260916    16:07:21       0    143     64      -    100      9      0      0      0      0   6500   1890      0      0   2504    154      0      -      -      0      0      0 
 20260916    16:07:22       0    143     65      -    100      9      0      0      0      0   6500   1905      0      0   2504    154      0      -      -      0      0      0 
 20260916    16:07:24       0    113     65      -     58      8      0      0      0      0   6500   1905      0      0   2504    154      0      -      -      0   2726      0 
 20260916    16:07:25       0    140     63      -     55      8      0      0      0      0   6500   1905      0      0   2504    154      0      -      -      0   3121      0 
 20260916    16:07:26       0     69     63      -    100      7      0      0      0      0   6500   1905      0      0   2504    154      0      -      -      0   2622      0 
 20260916    16:07:27       0     63     62      -      1      1      0      0      0      0   6500   1905      0      0   2504    154      0      -      -      0   3358      0 
 20260916    16:07:28       0     63     62      -      1      1      0      0      0      0   6500   1905      0      0   2504    154      0      -      -      0   1855      0 
 20260916    16:07:29       0     66     62      -     70      6      0      0      0      0   6500   1905      0      0   2504    154      0      -      -      0   2098      0 
 20260916    16:07:30       0     62     62      -      1      1      0      0      0      0   6500   1905      0      0   2504    154      0      -      -      0   2426      0 
 20260916    16:07:31       0     63     62      -      1      1      0      0      0      0   6500   1905      0      0   2504    154      0      -      -      0   3299      3 
 20260916    16:07:32       0     62     62      -     31      3      0      0      0      0   6500   1905      0      0   2504    154      0      -      -      0   3268      0 
 20260916    16:07:33       0     62     62      -      1      1      0      0      0      0   6500   1905      0      0   2504    154      0      -      -      0   8699   1398 
 20260916    16:07:34       0     63     62      -      1      1      0      0      0      0   6500   1905      0      0   2504    154      0      -      -      0   1568      0 
 20260916    16:07:35       0     63     62      -      2      1      0      0      0      0   6500   1905      0      0   2504    154      0      -      -      0   2189      0 
 20260916    16:07:36       0     62     62      -      1      1      0      0      0      0   6500   1905      0      0   2504    154      0      -      -      0   3195      0 
 20260916    16:07:37       0     98     63      -     76     10      0      0      0      0   6500   1905      0      0   2504    154      0      -      -      0   1291      0 
 20260916    16:07:38       0     97     64      -     38      6      0      0      0      0   6500   1905      0      0   2504    154      0      -      -      0   1812      0 
 20260916    16:07:39       0    141     65      -    100      8      0      0      0      0   6500   1905      0      0   2504    154      0      -      -      0      0      0 
 20260916    16:07:40       0    141     64      -    100      9      0      0      0      0   6500   1905      0      0   2504    154      0      -      -      0    468      0 
 20260916    16:07:41       0    112     65      -     50      7      0      0      0      0   6500   1905      0      0   2504    154      0      -      -      0      2      3 
 20260916    16:07:42       0    131     65      -     47      6      0      0      0      0   6500   1905      0      0   2504    154      0      -      -      0      0      3 
 20260916    16:07:44       0     63     63      -      1      1      0      0      0      0   6500   1905      0      0   2504    154      0      -      -      0   3783      0 
#Date        Time         gpu    pwr  gtemp  mtemp     sm    mem    enc    dec    jpg    ofa   mclk   pclk  pviol  tviol     fb   bar1   ccpm  sbecc  dbecc    pci  rxpci  txpci 
#YYYYMMDD    HH:MM:SS     Idx      W      C      C      %      %      %      %      %      %    MHz    MHz      %   bool     MB     MB     MB   errs   errs   errs   MB/s   MB/s 
 20260916    16:07:45       0     69     63      -     56      6      0      0      0      0   6500   1905      0      0   2504    154      0      -      -      0   2712      0 
 20260916    16:07:46       0     64     63      -      1      1      0      0      0      0   6500   1905      0      0   2504    154      0      -      -      0   2629      0 
 20260916    16:07:47       0     63     63      -      1      1      0      0      0      0   6500   1905      0      0   2504    154      0      -      -      0   3287      0 
 20260916    16:07:48       0     69     63      -     87      8      0      0      0      0   6500   1905      0      0   2504    154      0      -      -      0   2418      0 
 20260916    16:07:49       0     64     63      -      1      1      0      0      0      0   6500   1905      0      0   2504    154      0      -      -      0   1935      0 
 20260916    16:07:50       0     63     63      -      1      1      0      0      0      0   6500   1905      0      0   2504    154      0      -      -      0   1401      0 
 20260916    16:07:51       0     68     63      -     53      4      0      0      0      0   6500   1905      0      0   2504    154      0      -      -      0   3303      0 
 20260916    16:07:52       0     63     63      -      1      1      0      0      0      0   6500   1905      0      0   2504    154      0      -      -      0   2863      1 
 20260916    16:07:53       0     62     63      -      1      1      0      0      0      0   6500   1905      0      0   2504    154      0      -      -      0   2703      0 
 20260916    16:07:54       0    136     65      -    100      8      0      0      0      0   6500   1905      0      0   2504    154      0      -      -      0   6203      0 
 20260916    16:07:55       0    152     64      -     64      6      0      0      0      0   6500   1905      0      0   2504    154      0      -      -      0      0      0 
 20260916    16:07:56       0     99     65      -     46      4      0      0      0      0   6500   1905      0      0   2504    154      0      -      -      0   1819      0 
 20260916    16:07:57       0    115     65      -     50      6      0      0      0      0   6500   1905      0      0   2504    154      0      -      -      0   3280      0 
 20260916    16:07:58       0    141     67      -    100     11      0      0      0      0   6500   1905      0      0   2504    154      0      -      -      0   1470    359 
 20260916    16:07:59       0    102     65      -     36      5      0      0      0      0   6500   1905      0      0   2504    154      0      -      -      0   1569      0 
 20260916    16:08:00       0     70     64      -     75      9      0      0      0      0   6500   1905      0      0   2504    154      0      -      -      0  12461   1391 
 20260916    16:08:01       0     64     64      -      1      1      0      0      0      0   6500   1905      0      0   2504    154      0      -      -      0   2677      0 
 20260916    16:08:02       0     64     64      -      1      1      0      0      0      0   6500   1905      0      0   2504    154      0      -      -      0   2850      0 
 20260916    16:08:04       0     69     63      -     68      6      0      0      0      0   6500   1905      0      0   2504    154      0      -      -      0   1929      0 
 20260916    16:08:05       0     64     63      -      1      1      0      0      0      0   6500   1905      0      0   2504    154      0      -      -      0   2948      0 
 20260916    16:08:06       0     64     63      -      1      1      0      0      0      0   6500   1905      0      0   2504    154      0      -      -      0   3250      0 
 20260916    16:08:07       0     64     63      -     96      7      0      0      0      0   6500   1905      0      0   2504    154      0      -      -      0   3272      0 
 20260916    16:08:08       0     63     63      -      1      1      0      0      0      0   6500   1905      0      0   2504    154      0      -      -      0   1667    313 
 20260916    16:08:09       0     63     63      -      1      1      0      0      0      0   6500   1905      0      0   2504    154      0      -      -      0   2012      0 
 20260916    16:08:10       0     63     63      -      1      1      0      0      0      0   6500   1905      0      0   2504    154      0      -      -      0   1834      0 
 20260916    16:08:11       0     63     63      -      1      1      0      0      0      0   6500   1905      0      0   2504    154      0      -      -      0      0      0 
 20260916    16:08:12       0    150     66      -    100      8      0      0      0      0   6500   1905      0      0   2504    154      0      -      -      0      0      0 
 20260916    16:08:13       0    115     65      -     61      6      0      0      0      0   6500   1905      0      0   2504    154      0      -      -      0      6      1 
 20260916    16:08:14       0    122     65      -     66      7      0      0      0      0   6500   1905      0      0   2504    154      0      -      -      0   2711      0 
 20260916    16:08:15       0     64     64      -     99      7      0      0      0      0   6500   1905      0      0   2504    154      0      -      -      0   1568      0 
 20260916    16:08:16       0     64     64      -      1      1      0      0      0      0   6500   1905      0      0   2504    154      0      -      -      0   1897      0 
 20260916    16:08:17       0     64     64      -      1      1      0      0      0      0   6500   1905      0      0   2504    154      0      -      -      0   2739      0 
 20260916    16:08:18       0     64     63      -     14      2      0      0      0      0   6500   1905      0      0   2504    154      0      -      -      0   3956      0 
 20260916    16:08:19       0     63     64      -      1      1      0      0      0      0   6500   1905      0      0   2504    154      0      -      -      0  12191   1451 
 20260916    16:08:20       0     63     63      -      1      1      0      0      0      0   6500   1905      0      0   2504    154      0      -      -      0   3321      0 
 20260916    16:08:21       0     63     63      -      1      1      0      0      0      0   6500   1905      0      0   2504    154      0      -      -      0   1594      0 
 20260916    16:08:23       0     67     63      -      1      1      0      0      0      0   6500   1905      0      0   2504    154      0      -      -      0  12577   1419 
 20260916    16:08:24       0     63     63      -      1      1      0      0      0      0   6500   1905      0      0   2504    154      0      -      -      0   2744      0 
 20260916    16:08:25       0     64     63      -      1      1      0      0      0      0   6500   1905      0      0   2504    154      0      -      -      0   1399      0 
 20260916    16:08:26       0     61     63      -      7      2      0      0      0      0   6500   1905      0      0   2504    154      0      -      -      0      0      0 
 20260916    16:08:27       0     48     62      -      0      0      0      0      0      0   6500   1620      0      0   2504    154      0      -      -      0      0      0 
 20260916    16:08:28       0     48     62      -      0      0      0      0      0      0   6500   1620      0      0   2504    154      0      -      -      0      0      0 
 20260916    16:08:29       0     53     62      -     86      6      0      0      0      0   6500   1905      0      0   2504    154      0      -      -      0   2956      0 
 20260916    16:08:30       0     63     63      -      2      1      0      0      0      0   6500   1905      0      0   2504    154      0      -      -      0   1601      0 
#Date        Time         gpu    pwr  gtemp  mtemp     sm    mem    enc    dec    jpg    ofa   mclk   pclk  pviol  tviol     fb   bar1   ccpm  sbecc  dbecc    pci  rxpci  txpci 
#YYYYMMDD    HH:MM:SS     Idx      W      C      C      %      %      %      %      %      %    MHz    MHz      %   bool     MB     MB     MB   errs   errs   errs   MB/s   MB/s 
 20260916    16:08:31       0     63     63      -      1      1      0      0      0      0   6500   1905      0      0   2504    154      0      -      -      0   3279      0 
 20260916    16:08:32       0     85     63      -     80      9      0      0      0      0   6500   1905      0      0   2504    154      0      -      -      0   1986      0 
 20260916    16:08:33       0     66     63      -      4      2      0      0      0      0   6500   1905      0      0   2504    154      0      -      -      0   3039      0 
 20260916    16:08:34       0     63     62      -      1      1      0      0      0      0   6500   1905      0      0   2504    154      0      -      -      0   1578      0 
 20260916    16:08:35       0     66     62      -     97      7      0      0      0      0   6500   1905      0      0   2504    154      0      -      -      0   2834      0 
 20260916    16:08:36       0     63     62      -      1      1      0      0      0      0   6500   1905      0      0   2504    154      0      -      -      0   1783      0 
 20260916    16:08:37       0     64     62      -      1      1      0      0      0      0   6500   1905      0      0   2504    154      0      -      -      0   2909      0 
 20260916    16:08:38       0     63     62      -      1      1      0      0      0      0   6500   1905      0      0   2504    154      0      -      -      0   3272      0 
 20260916    16:08:39       0     63     62      -      1      1      0      0      0      0   6500   1905      0      0   2504    154      0      -      -      0  12470   1395 
 20260916    16:08:40       0     63     62      -      1      1      0      0      0      0   6500   1905      0      0   2504    154      0      -      -      0   1799      0 
 20260916    16:08:41       0     63     62      -      0      1      0      0      0      0   6500   1905      0      0   2504    154      0      -      -      0   1397      0 
 20260916    16:08:43       0     83     63      -     40      6      0      0      0      0   6500   1905      0      0   2504    154      0      -      -      0  11092   1391 
 20260916    16:08:44       0     67     62      -      2      2      0      0      0      0   6500   1905      0      0   2504    154      0      -      -      0   1410      0 
 20260916    16:08:45       0     63     62      -      1      1      0      0      0      0   6500   1905      0      0   2504    154      0      -      -      0   1962      0 
 20260916    16:08:46       0    146     64      -     99      5      0      0      0      0   6500   1905      0      0   2504    154      0      -      -      0      5    936 
 20260916    16:08:47       0    144     65      -    100      7      0      0      0      0   6500   1905      0      0   2504    154      0      -      -      0      0      0 
 20260916    16:08:48       0    126     64      -    100      7      0      0      0      0   6500   1905      0      0   2504    154      0      -      -      0   2853      0 
 20260916    16:08:49       0     96     65      -     67      5      0      0      0      0   6500   1905      0      0   2504    154      0      -      -      0      3      3 
 20260916    16:08:50       0    146     65      -     62      5      0      0      0      0   6500   1905      0      0   2504    154      0      -      -      0      0      0 
 20260916    16:08:51       0    126     65      -     66      5      0      0      0      0   6500   1890      0      0   2504    154      0      -      -      0   2601      0 
 20260916    16:08:52       0     63     63      -      1      1      0      0      0      0   6500   1905      0      0   2504    154      0      -      -      0   3303      0 
 20260916    16:08:53       0     69     63      -      1      1      0      0      0      0   6500   1905      0      0   2504    154      0      -      -      0  11997   1443 
 20260916    16:08:54       0     64     63      -      1      1      0      0      0      0   6500   1905      0      0   2504    154      0      -      -      0   1381      0 
 20260916    16:08:55       0     63     63      -      1      1      0      0      0      0   6500   1905      0      0   2504    154      0      -      -      0   1934      0 
 20260916    16:08:56       0     70     63      -     32      4      0      0      0      0   6500   1905      0      0   2504    154      0      -      -      0  12483    998 
 20260916    16:08:57       0     64     63      -      1      1      0      0      0      0   6500   1905      0      0   2504    154      0      -      -      0   3283      0 
 20260916    16:08:58       0     63     63      -      1      1      0      0      0      0   6500   1905      0      0   2504    154      0      -      -      0   3295      0 
 20260916    16:08:59       0     68     63      -    100      7      0      0      0      0   6500   1905      0      0   2504    154      0      -      -      0   2156      0 
 20260916    16:09:00       0     63     63      -      1      1      0      0      0      0   6500   1905      0      0   2504    154      0      -      -      0   1750      0 
 20260916    16:09:01       0     62     63      -      1      1      0      0      0      0   6500   1905      0      0   2504    154      0      -      -      0   1972      0 
 20260916    16:09:03       0    106     64      -    100      9      0      0      0      0   6500   1905      0      0   2504    154      0      -      -      0   8054      0 
 20260916    16:09:04       0     72     63      -      9      2      0      0      0      0   6500   1905      0      0   2504    154      0      -      -      0   3332      0 
 20260916    16:09:05       0     63     63      -      0      1      0      0      0      0   6500   1905      0      0   2504    154      0      -      -      0   3132      0 
 20260916    16:09:06       0    146     65      -     24      3      0      0      0      0   6500   1890      0      0   2504    154      0      -      -      0      0      0 
 20260916    16:09:07       0    145     65      -    100      9      0      0      0      0   6500   1890      0      0   2504    154      0      -      -      0      0      4 
 20260916    16:09:08       0    121     65      -     53      7      0      0      0      0   6500   1905      0      0   2504    154      0      -      -      0      0      3 
 20260916    16:09:09       0    119     65      -     72      5      0      0      0      0   6500   1905      0      0   2504    154      0      -      -      0      0      0 
 20260916    16:09:10       0    120     65      -     64      5      0      0      0      0   6500   1905      0      0   2504    154      0      -      -      0     55      0 
 20260916    16:09:11       0     64     64      -      1      2      0      0      0      0   6500   1905      0      0   2504    154      0      -      -      0   2681      0 
 20260916    16:09:12       0     69     64      -     45      5      0      0      0      0   6500   1905      0      0   2504    154      0      -      -      0  12509   1401 
 20260916    16:09:13       0     63     63      -      1      1      0      0      0      0   6500   1905      0      0   2504    154      0      -      -      0   2002      0 
 20260916    16:09:14       0     63     63      -      1      1      0      0      0      0   6500   1905      0      0   2504    154      0      -      -      0   1544      0 
 20260916    16:09:15       0     68     63      -     55      6      0      0      0      0   6500   1905      0      0   2504    154      0      -      -      0  12074   1450 
 20260916    16:09:16       0     63     63      -      1      1      0      0      0      0   6500   1905      0      0   2504    154      0      -      -      0   1596      3 
#Date        Time         gpu    pwr  gtemp  mtemp     sm    mem    enc    dec    jpg    ofa   mclk   pclk  pviol  tviol     fb   bar1   ccpm  sbecc  dbecc    pci  rxpci  txpci 
#YYYYMMDD    HH:MM:SS     Idx      W      C      C      %      %      %      %      %      %    MHz    MHz      %   bool     MB     MB     MB   errs   errs   errs   MB/s   MB/s 
 20260916    16:09:17       0     63     63      -      1      1      0      0      0      0   6500   1905      0      0   2504    154      0      -      -      0   3888      0 
 20260916    16:09:18       0     69     63      -      6      2      0      0      0      0   6500   1905      0      0   2504    154      0      -      -      0   8975      0 
 20260916    16:09:19       0     63     63      -      1      1      0      0      0      0   6500   1905      0      0   2504    154      0      -      -      0   3246      0 
 20260916    16:09:20       0     63     63      -      1      1      0      0      0      0   6500   1905      0      0   2504    154      0      -      -      0   2809      0 
 20260916    16:09:22       0     77     63      -     49      5      0      0      0      0   6500   1905      0      0   2504    154      0      -      -      0   4159      0 
 20260916    16:09:23       0     64     63      -      1      1      0      0      0      0   6500   1905      0      0   2504    154      0      -      -      0   2821      0 
 20260916    16:09:24       0     63     63      -      1      1      0      0      0      0   6500   1905      0      0   2504    154      0      -      -      0   1716      0 
 20260916    16:09:25       0    150     65      -    100      7      0      0      0      0   6500   1905      0      0   2504    154      0      -      -      0      5    935 
 20260916    16:09:26       0    139     65      -    100      7      0      0      0      0   6500   1905      0      0   2504    154      0      -      -      0      0      2 
 20260916    16:09:27       0    131     65      -     43      7      0      0      0      0   6500   1905      0      0   2504    154      0      -      -      0      0      0 
 20260916    16:09:28       0    115     65      -     66      6      0      0      0      0   6500   1905      0      0   2504    154      0      -      -      0      0      0 
 20260916    16:09:29       0     63     64      -     65      5      0      0      0      0   6500   1905      0      0   2504    154      0      -      -      0   1950      0 
 20260916    16:09:30       0     63     63      -      1      1      0      0      0      0   6500   1905      0      0   2504    154      0      -      -      0   2251      0 
 20260916    16:09:31       0     63     63      -      1      1      0      0      0      0   6500   1905      0      0   2504    154      0      -      -      0   2368      0 
 20260916    16:09:32       0     65     63      -     37      3      0      0      0      0   6500   1905      0      0   2504    154      0      -      -      0   2007      0 
 20260916    16:09:33       0     63     63      -      1      1      0      0      0      0   6500   1905      0      0   2504    154      0      -      -      0   3241      0 
 20260916    16:09:34       0     64     63      -      1      1      0      0      0      0   6500   1905      0      0   2504    154      0      -      -      0   3313      0 
 20260916    16:09:35       0     63     63      -     82      6      0      0      0      0   6500   1905      0      0   2504    154      0      -      -      0   3160      0 
 20260916    16:09:36       0     64     63      -      1      1      0      0      0      0   6500   1905      0      0   2504    154      0      -      -      0   1474      0 
 20260916    16:09:37       0     64     63      -      1      1      0      0      0      0   6500   1905      0      0   2504    154      0      -      -      0   2312      0 
 20260916    16:09:38       0     63     63      -     29      3      0      0      0      0   6500   1905      0      0   2504    154      0      -      -      0   2984      0 
 20260916    16:09:39       0     64     63      -      1      1      0      0      0      0   6500   1905      0      0   2504    154      0      -      -      0   1538      0 
 20260916    16:09:40       0    136     65      -    100      6      0      0      0      0   6500   1905      0      0   2504    154      0      -      -      0      0      1 
 20260916    16:09:42       0    104     65      -     52      4      0      0      0      0   6500   1905      0      0   2504    154      0      -      -      0   3254      0 
 20260916    16:09:43       0    116     66      -     49      3      0      0      0      0   6500   1905      0      0   2504    154      0      -      -      0   1901      0 
 20260916    16:09:44       0     63     63      -      1      1      0      0      0      0   6500   1905      0      0   2504    154      0      -      -      0   3417      0 
 20260916    16:09:45       0    118     65      -     70      4      0      0      0      0   6500   1905      0      0   2504    154      0      -      -      0      0    778 
 20260916    16:09:46       0    143     66      -    100      7      0      0      0      0   6500   1905      0      0   2504    154      0      -      -      0      6      0 
 20260916    16:09:47       0    111     65      -     46      4      0      0      0      0   6500   1905      0      0   2504    154      0      -      -      0   1587      0 
 20260916    16:09:48       0     89     65      -     55      4      0      0      0      0   6500   1905      0      0   2504    154      0      -      -      0   2203      0 
 20260916    16:09:49       0     64     64      -      1      1      0      0      0      0   6500   1905      0      0   2504    154      0      -      -      0   1650      0 
 20260916    16:09:50       0     63     64      -     68      5      0      0      0      0   6500   1905      0      0   2504    154      0      -      -      0   3308      0 
 20260916    16:09:51       0     64     64      -      1      1      0      0      0      0   6500   1905      0      0   2504    154      0      -      -      0   7096   1403 
 20260916    16:09:52       0     63     64      -      1      1      0      0      0      0   6500   1905      0      0   2504    154      0      -      -      0   2585      0 
 20260916    16:09:53       0     63     64      -      1      2      0      0      0      0   6500   1905      0      0   2504    154      0      -      -      0   1390      0 
 20260916    16:09:54       0     63     64      -      1      1      0      0      0      0   6500   1905      0      0   2504    154      0      -      -      0  12108   1449 
 20260916    16:09:55       0     63     63      -      1      1      0      0      0      0   6500   1905      0      0   2504    154      0      -      -      0   2898      0 
 20260916    16:09:56       0     64     63      -      1      1      0      0      0      0   6500   1905      0      0   2504    154      0      -      -      0   1486      0 
 20260916    16:09:57       0    131     65      -     44      4      0      0      0      0   6500   1905      0      0   2504    154      0      -      -      0      0      4 
 20260916    16:09:58       0    126     66      -    100      5      0      0      0      0   6500   1905      0      0   2504    154      0      -      -      0      0      2 
 20260916    16:09:59       0    116     65      -     48      3      0      0      0      0   6500   1905      0      0   2504    154      0      -      -      0      1      0 
 20260916    16:10:01       0    101     65      -     59      4      0      0      0      0   6500   1905      0      0   2504    154      0      -      -      0      0      0 
 20260916    16:10:02       0     64     64      -      1      1      0      0      0      0   6500   1905      0      0   2504    154      0      -      -      0   2257      0 
 20260916    16:10:03       0    101     64      -    100      9      0      0      0      0   6500   1905      0      0   2504    154      0      -      -      0   1368      0 
#Date        Time         gpu    pwr  gtemp  mtemp     sm    mem    enc    dec    jpg    ofa   mclk   pclk  pviol  tviol     fb   bar1   ccpm  sbecc  dbecc    pci  rxpci  txpci 
#YYYYMMDD    HH:MM:SS     Idx      W      C      C      %      %      %      %      %      %    MHz    MHz      %   bool     MB     MB     MB   errs   errs   errs   MB/s   MB/s 
 20260916    16:10:04       0     70     64      -      6      2      0      0      0      0   6500   1905      0      0   2504    154      0      -      -      0   1893      5 
 20260916    16:10:05       0     63     64      -      1      1      0      0      0      0   6500   1905      0      0   2504    154      0      -      -      0   1585      0 
 20260916    16:10:06       0     69     64      -     93      8      0      0      0      0   6500   1905      0      0   2504    154      0      -      -      0   4147      0 
 20260916    16:10:07       0     64     63      -      1      1      0      0      0      0   6500   1905      0      0   2504    154      0      -      -      0   1764      0 
 20260916    16:10:08       0     63     63      -      1      1      0      0      0      0   6500   1905      0      0   2504    154      0      -      -      0   2362      0 
 20260916    16:10:09       0     65     63      -     48      4      0      0      0      0   6500   1905      0      0   2504    154      0      -      -      0   3345      0 
 20260916    16:10:10       0     63     63      -      1      1      0      0      0      0   6500   1905      0      0   2504    154      0      -      -      0   1192      0 
 20260916    16:10:11       0     63     63      -      1      1      0      0      0      0   6500   1905      0      0   2504    154      0      -      -      0   2545      0 
 20260916    16:10:12       0     67     63      -     65      6      0      0      0      0   6500   1905      0      0   2504    154      0      -      -      0   3271      0 
 20260916    16:10:13       0     63     63      -      1      1      0      0      0      0   6500   1905      0      0   2504    154      0      -      -      0   2958      0 
 20260916    16:10:14       0     64     63      -      1      1      0      0      0      0   6500   1905      0      0   2504    154      0      -      -      0   2837      0 
 20260916    16:10:15       0     61     63      -      0      0      0      0      0      0   6500   1905      0      0   2504    154      0      -      -      0      0      0 
 20260916    16:10:16       0     47     62      -      0      0      0      0      0      0   6500   1620      0      0   2504    154      0      -      -      0      0      0 
 20260916    16:10:17       0     48     62      -      0      0      0      0      0      0   6500   1620      0      0   2504    154      0      -      -      0      0      0 
 20260916    16:10:18       0     48     62      -     13      2      0      0      0      0   6500   1620      0      0   1398    154      0      -      -      0      3      0 
 20260916    16:10:20       0     48     62      -      0      0      0      0      0      0   6500   1620      0      0   1038    154      0      -      -      0      0      0 
 20260916    16:10:21       0     48     61      -      0      0      0      0      0      0   6500   1620      0      0   1038    154      0      -      -      0      0      0 
