[22:41:34] 이전 런 종료 확인
[22:41:34] == ring QA (opt-2.7b)
RESULT {"ring": 16, "step": 1, "threads": 4, "decode_4x32_s": 33.48, "nvfs_reads": 24360, "cls": "DIRECT", "px": 0, "bounce": 0, "token_match": true}
QA PASS
[22:43:01] == phase A: cufile/posix × h0.3 × r1-3 (기본)
skip c-h0.3-r1 (exists)
skip c-h0.3-r2 (exists)
== c-h0.3-r3 22:43:07
RESULT c-h0.3-r3 {"load_s": 516.4, "prefill_batch_s": 30.81, "decode_step_s": 28.54, "out_tok_per_s": 0.139, "cpu_s": 177.6, "gpu_max_gib": 14.39, "tiers": {"n_modules": 61, "n_ssd": 42, "host_tier_gib": 36.07, "ssd_tier_gib": 79.74, "host_budget_gib": 37.64, "buffer_pool_gib": 1.9}, "rss_gib": 54.2
== p-h0.3-r1 22:56:25
RESULT p-h0.3-r1 {"load_s": 587.5, "prefill_batch_s": 72.87, "decode_step_s": 67.97, "out_tok_per_s": 0.058, "cpu_s": 145.6, "gpu_max_gib": 14.39, "tiers": {"n_modules": 61, "n_ssd": 42, "host_tier_gib": 36.07, "ssd_tier_gib": 79.74, "host_budget_gib": 37.64, "buffer_pool_gib": 1.9}, "rss_gib": 59.2
== p-h0.3-r2 23:16:54
RESULT p-h0.3-r2 {"load_s": 581.7, "prefill_batch_s": 71.7, "decode_step_s": 67.97, "out_tok_per_s": 0.058, "cpu_s": 145.0, "gpu_max_gib": 14.39, "tiers": {"n_modules": 61, "n_ssd": 42, "host_tier_gib": 36.07, "ssd_tier_gib": 79.74, "host_budget_gib": 37.64, "buffer_pool_gib": 1.9}, "rss_gib": 59.18
== p-h0.3-r3 23:37:16
RESULT p-h0.3-r3 {"load_s": 578.5, "prefill_batch_s": 72.0, "decode_step_s": 68.99, "out_tok_per_s": 0.058, "cpu_s": 147.8, "gpu_max_gib": 14.39, "tiers": {"n_modules": 61, "n_ssd": 42, "host_tier_gib": 36.07, "ssd_tier_gib": 79.74, "host_budget_gib": 37.64, "buffer_pool_gib": 1.9}, "rss_gib": 59.21
[23:57:37] == phase B: cufile ring16 × h0.3 × r1-3
== c-h0.3-ring16-r1 23:57:42
RESULT c-h0.3-ring16-r1 {"load_s": 516.1, "prefill_batch_s": 30.8, "decode_step_s": 29.13, "out_tok_per_s": 0.136, "cpu_s": 132.6, "gpu_max_gib": 14.51, "tiers": {"n_modules": 61, "n_ssd": 42, "host_tier_gib": 36.07, "ssd_tier_gib": 79.74, "host_budget_gib": 37.64, "buffer_pool_gib": 1.9}, "rss_gib"
== c-h0.3-ring16-r2 00:11:05
RESULT c-h0.3-ring16-r2 {"load_s": 512.7, "prefill_batch_s": 32.36, "decode_step_s": 29.78, "out_tok_per_s": 0.133, "cpu_s": 132.9, "gpu_max_gib": 14.51, "tiers": {"n_modules": 61, "n_ssd": 42, "host_tier_gib": 36.07, "ssd_tier_gib": 79.74, "host_budget_gib": 37.64, "buffer_pool_gib": 1.9}, "rss_gib
== c-h0.3-ring16-r3 00:24:34
RESULT c-h0.3-ring16-r3 {"load_s": 587.5, "prefill_batch_s": 66.35, "decode_step_s": 65.18, "out_tok_per_s": 0.061, "cpu_s": 144.7, "gpu_max_gib": 14.51, "tiers": {"n_modules": 61, "n_ssd": 42, "host_tier_gib": 36.07, "ssd_tier_gib": 79.74, "host_budget_gib": 37.64, "buffer_pool_gib": 1.9}, "rss_gib
[00:44:27] == phase C: cufile ring16 + step2 + threads8 × h0.3 × r1-3
== c-h0.3-s2-t8-ring16-r1 00:44:34
== c-h0.3-s2-t8-ring16-r2 00:52:52
[00:54:51] 이전 런 종료 확인
[00:54:51] == phase A: cufile/posix × h0.3 × r1-3 (기본)
skip c-h0.3-r1 (exists)
skip c-h0.3-r2 (exists)
skip c-h0.3-r3 (exists)
skip p-h0.3-r1 (exists)
skip p-h0.3-r2 (exists)
skip p-h0.3-r3 (exists)
[00:54:51] == phase B: cufile ring16 × h0.3 × r1-3
skip c-h0.3-ring16-r1 (exists)
skip c-h0.3-ring16-r2 (exists)
skip c-h0.3-ring16-r3 (exists)
[00:54:51] == phase C: cufile ring8 + step2 + threads8 × h0.3 × r1-3 (threads8×2×16MiB=256MiB는 BAR1 초과라 슬롯 8MiB)
== c-h0.3-s2-t8-ring8-r1 00:54:51
RESULT c-h0.3-s2-t8-ring8-r1 {"load_s": 558.8, "prefill_batch_s": 65.8, "decode_step_s": 64.64, "out_tok_per_s": 0.062, "cpu_s": 149.8, "gpu_max_gib": 14.14, "tiers": {"n_modules": 61, "n_ssd": 42, "host_tier_gib": 36.07, "ssd_tier_gib": 79.74, "host_budget_gib": 37.64, "buffer_pool_gib": 3.8}, "rss
== c-h0.3-s2-t8-ring8-r2 01:14:30
[01:43:14] == step1 회귀 QA (wrap fix 후)
RESULT {"ring": 16, "step": 1, "threads": 4, "decode_4x32_s": 34.12, "nvfs_reads": 24360, "cls": "DIRECT", "px": 0, "bounce": 0, "token_match": true}
QA PASS
[01:44:41] 이전 런 종료 확인
[01:44:41] == phase A: cufile/posix × h0.3 × r1-3 (기본)
skip c-h0.3-r1 (exists)
skip c-h0.3-r2 (exists)
skip c-h0.3-r3 (exists)
skip p-h0.3-r1 (exists)
skip p-h0.3-r2 (exists)
skip p-h0.3-r3 (exists)
[01:44:41] == phase B: cufile ring16 × h0.3 × r1-3
skip c-h0.3-ring16-r1 (exists)
skip c-h0.3-ring16-r2 (exists)
skip c-h0.3-ring16-r3 (exists)
[01:44:41] == phase C: cufile ring8 + step2 + threads8 × h0.3 × r1-3 (threads8×2×16MiB=256MiB는 BAR1 초과라 슬롯 8MiB)
skip c-h0.3-s2-t8-ring8-r1 (exists)
== c-h0.3-s2-t8-ring8-r2 01:44:45
RESULT c-h0.3-s2-t8-ring8-r2 {"load_s": 516.8, "prefill_batch_s": 27.49, "decode_step_s": 26.77, "out_tok_per_s": 0.149, "cpu_s": 143.2, "gpu_max_gib": 14.14, "tiers": {"n_modules": 61, "n_ssd": 42, "host_tier_gib": 36.07, "ssd_tier_gib": 79.74, "host_budget_gib": 37.64, "buffer_pool_gib": 3.8}, "rs
== c-h0.3-s2-t8-ring8-r3 01:57:45
RESULT c-h0.3-s2-t8-ring8-r3 {"load_s": 504.0, "prefill_batch_s": 27.35, "decode_step_s": 26.71, "out_tok_per_s": 0.149, "cpu_s": 137.2, "gpu_max_gib": 14.14, "tiers": {"n_modules": 61, "n_ssd": 42, "host_tier_gib": 36.07, "ssd_tier_gib": 79.74, "host_budget_gib": 37.64, "buffer_pool_gib": 3.8}, "rs
[02:10:26] == phase D: step2 + threads8 (ring 없음) cufile/posix × h0.3 × r1-3
== c-h0.3-s2-t8-r1 02:10:33
RESULT c-h0.3-s2-t8-r1 {"load_s": 508.9, "prefill_batch_s": 31.67, "decode_step_s": 31.62, "out_tok_per_s": 0.126, "cpu_s": 161.7, "gpu_max_gib": 14.01, "tiers": {"n_modules": 61, "n_ssd": 42, "host_tier_gib": 36.07, "ssd_tier_gib": 79.74, "host_budget_gib": 37.64, "buffer_pool_gib": 3.8}, "rss_gib"
== c-h0.3-s2-t8-r2 02:24:08
RESULT c-h0.3-s2-t8-r2 {"load_s": 575.4, "prefill_batch_s": 69.88, "decode_step_s": 69.55, "out_tok_per_s": 0.057, "cpu_s": 183.4, "gpu_max_gib": 14.01, "tiers": {"n_modules": 61, "n_ssd": 42, "host_tier_gib": 36.07, "ssd_tier_gib": 79.74, "host_budget_gib": 37.64, "buffer_pool_gib": 3.8}, "rss_gib"
== c-h0.3-s2-t8-r3 02:44:32
RESULT c-h0.3-s2-t8-r3 {"load_s": 497.0, "prefill_batch_s": 28.15, "decode_step_s": 27.8, "out_tok_per_s": 0.144, "cpu_s": 155.2, "gpu_max_gib": 14.01, "tiers": {"n_modules": 61, "n_ssd": 42, "host_tier_gib": 36.07, "ssd_tier_gib": 79.74, "host_budget_gib": 37.64, "buffer_pool_gib": 3.8}, "rss_gib":
== p-h0.3-s2-t8-r1 02:57:22
RESULT p-h0.3-s2-t8-r1 {"load_s": 571.8, "prefill_batch_s": 69.21, "decode_step_s": 67.52, "out_tok_per_s": 0.059, "cpu_s": 142.5, "gpu_max_gib": 14.01, "tiers": {"n_modules": 61, "n_ssd": 42, "host_tier_gib": 36.07, "ssd_tier_gib": 79.74, "host_budget_gib": 37.64, "buffer_pool_gib": 3.8}, "rss_gib"
== p-h0.3-s2-t8-r2 03:17:25
RESULT p-h0.3-s2-t8-r2 {"load_s": 594.4, "prefill_batch_s": 69.96, "decode_step_s": 68.19, "out_tok_per_s": 0.058, "cpu_s": 142.1, "gpu_max_gib": 14.01, "tiers": {"n_modules": 61, "n_ssd": 42, "host_tier_gib": 36.07, "ssd_tier_gib": 79.74, "host_budget_gib": 37.64, "buffer_pool_gib": 3.8}, "rss_gib"
== p-h0.3-s2-t8-r3 03:37:58
RESULT p-h0.3-s2-t8-r3 {"load_s": 574.1, "prefill_batch_s": 70.25, "decode_step_s": 68.72, "out_tok_per_s": 0.058, "cpu_s": 142.4, "gpu_max_gib": 14.01, "tiers": {"n_modules": 61, "n_ssd": 42, "host_tier_gib": 36.07, "ssd_tier_gib": 79.74, "host_budget_gib": 37.64, "buffer_pool_gib": 3.8}, "rss_gib"
[03:58:09] == phase E: host fraction 스윕 0.1/0.5 × cufile/posix × r1
== c-h0.1-r1 03:58:14
RESULT c-h0.1-r1 {"load_s": 668.8, "prefill_batch_s": 52.8, "decode_step_s": 56.45, "out_tok_per_s": 0.071, "cpu_s": 192.9, "gpu_max_gib": 14.49, "tiers": {"n_modules": 61, "n_ssd": 55, "host_tier_gib": 11.39, "ssd_tier_gib": 104.43, "host_budget_gib": 12.55, "buffer_pool_gib": 1.9}, "rss_gib": 18.4
== p-h0.1-r1 04:18:04
RESULT p-h0.1-r1 {"load_s": 691.3, "prefill_batch_s": 93.53, "decode_step_s": 87.8, "out_tok_per_s": 0.045, "cpu_s": 161.0, "gpu_max_gib": 14.49, "tiers": {"n_modules": 61, "n_ssd": 55, "host_tier_gib": 11.39, "ssd_tier_gib": 104.43, "host_budget_gib": 12.55, "buffer_pool_gib": 1.9}, "rss_gib": 23.6
== c-h0.5-r1 04:43:15
RESULT c-h0.5-r1 {"load_s": 439.7, "prefill_batch_s": 25.53, "decode_step_s": 22.77, "out_tok_per_s": 0.173, "cpu_s": 199.4, "gpu_max_gib": 14.37, "tiers": {"n_modules": 61, "n_ssd": 28, "host_tier_gib": 62.66, "ssd_tier_gib": 53.16, "host_budget_gib": 62.74, "buffer_pool_gib": 1.9}, "rss_gib": 79.7
== p-h0.5-r1 04:54:29
RESULT p-h0.5-r1 {"load_s": 489.3, "prefill_batch_s": 51.42, "decode_step_s": 49.41, "out_tok_per_s": 0.081, "cpu_s": 132.9, "gpu_max_gib": 14.37, "tiers": {"n_modules": 61, "n_ssd": 28, "host_tier_gib": 62.66, "ssd_tier_gib": 53.16, "host_budget_gib": 62.74, "buffer_pool_gib": 1.9}, "rss_gib": 71.2
[05:10:28] == phase F: nsys 런 cufile/posix × h0.3 × r1
== c-h0.3-r1-nsys 05:10:30
RESULT c-h0.3-r1-nsys {"load_s": 584.8, "prefill_batch_s": 46.16, "decode_step_s": 45.51, "out_tok_per_s": 0.088, "cpu_s": 319.7, "gpu_max_gib": 14.39, "tiers": {"n_modules": 61, "n_ssd": 42, "host_tier_gib": 36.07, "ssd_tier_gib": 79.74, "host_budget_gib": 37.64, "buffer_pool_gib": 1.9}, "rss_gib":
== p-h0.3-r1-nsys 05:31:14
RESULT p-h0.3-r1-nsys {"load_s": 649.8, "prefill_batch_s": 72.82, "decode_step_s": 70.73, "out_tok_per_s": 0.056, "cpu_s": 178.9, "gpu_max_gib": 14.39, "tiers": {"n_modules": 61, "n_ssd": 42, "host_tier_gib": 36.07, "ssd_tier_gib": 79.74, "host_budget_gib": 37.64, "buffer_pool_gib": 1.9}, "rss_gib":
[05:53:53] == 추가: ring16 r4 (r3가 시스템 지연 이상치라 보강)
== c-h0.3-ring16-r4 05:53:58
RESULT c-h0.3-ring16-r4 {"load_s": 539.9, "prefill_batch_s": 31.42, "decode_step_s": 29.89, "out_tok_per_s": 0.133, "cpu_s": 133.6, "gpu_max_gib": 14.51, "tiers": {"n_modules": 61, "n_ssd": 42, "host_tier_gib": 36.07, "ssd_tier_gib": 79.74, "host_budget_gib": 37.64, "buffer_pool_gib": 1.9}, "rss_gib
[06:07:46] 캠페인 완료
[06:24:58] == 보강: phase C r1 재실행(wrap fix 후)
== c-h0.3-s2-t8-ring8-r1 06:25:04
RESULT c-h0.3-s2-t8-ring8-r1 {"load_s": 519.0, "prefill_batch_s": 27.32, "decode_step_s": 26.71, "out_tok_per_s": 0.149, "cpu_s": 136.9, "gpu_max_gib": 14.14, "tiers": {"n_modules": 61, "n_ssd": 42, "host_tier_gib": 36.07, "ssd_tier_gib": 79.74, "host_budget_gib": 37.64, "buffer_pool_gib": 3.8}, "rs
