[00:11:02] step1_local_ssd
== step1 2026-09-22T00:12:05+09:00
/mnt/local-ssd/gdsio/gdsio.0: 936 extents
/mnt/local-ssd/gdsio/gdsio.3: 1018 extents
/mnt/local-ssd/gdsio/gdsio.7: 997 extents
/mnt/local-ssd/seq/gdsio.0: 
/mnt/local-ssd/seq/gdsio.3: 
/mnt/local-ssd/seq/gdsio.7: 
gdsio dd_direct rep1 4.799 GiB/s 3.33 s
gdsio gdsio_x1 rep1 2.394812 GiB/s 3.5 s nvfs+0 MiB
gdsio gdsio_x0 rep1 2.391404 GiB/s 5.91 s nvfs+8192 MiB
gdsio gdsio_x2 rep1 2.389657 GiB/s 3.62 s nvfs+0 MiB
gdsio gdsio_x6 rep1 0 GiB/s 0.07 s nvfs+0 MiB
seq dd_direct rep1 3.303 GiB/s 4.84 s
seq gdsio_x1 rep1 3.313608 GiB/s 4.98 s nvfs+0 MiB
seq gdsio_x0 rep1 3.305278 GiB/s 7.5 s nvfs+16384 MiB
seq gdsio_x2 rep1 3.313100 GiB/s 5.06 s nvfs+0 MiB
seq gdsio_x6 rep1 0 GiB/s 0.08 s nvfs+0 MiB
gdsio dd_direct rep2 4.797 GiB/s 3.34 s
gdsio gdsio_x1 rep2 2.396833 GiB/s 3.49 s nvfs+0 MiB
gdsio gdsio_x0 rep2 2.398973 GiB/s 5.88 s nvfs+8192 MiB
gdsio gdsio_x2 rep2 0.999081 GiB/s 8.25 s nvfs+0 MiB
gdsio gdsio_x6 rep2 0 GiB/s 0.08 s nvfs+0 MiB
seq dd_direct rep2 3.311 GiB/s 4.83 s
seq gdsio_x1 rep2 3.317651 GiB/s 4.98 s nvfs+0 MiB
seq gdsio_x0 rep2 3.311714 GiB/s 7.37 s nvfs+16384 MiB
seq gdsio_x2 rep2 3.318678 GiB/s 5.08 s nvfs+0 MiB
seq gdsio_x6 rep2 0 GiB/s 0.07 s nvfs+0 MiB
gdsio dd_direct rep3 4.792 GiB/s 3.34 s
gdsio gdsio_x1 rep3 2.397417 GiB/s 3.49 s nvfs+0 MiB
gdsio gdsio_x0 rep3 2.393159 GiB/s 5.93 s nvfs+8192 MiB
gdsio gdsio_x2 rep3 2.389161 GiB/s 3.58 s nvfs+0 MiB
gdsio gdsio_x6 rep3 0 GiB/s 0.08 s nvfs+0 MiB
seq dd_direct rep3 3.308 GiB/s 4.84 s
seq gdsio_x1 rep3 3.312952 GiB/s 4.99 s nvfs+0 MiB
seq gdsio_x0 rep3 3.305919 GiB/s 7.4 s nvfs+16384 MiB
seq gdsio_x2 rep3 3.317599 GiB/s 5.07 s nvfs+0 MiB
seq gdsio_x6 rep3 0 GiB/s 0.08 s nvfs+0 MiB
raw partition:
17179869184 bytes (17 GB, 16 GiB) copied, 7.55097 s, 2.3 GB/s
raw partition 8 parallel: 3.19 GiB/s
wrote ../../results/lowlevel-sunny/step1_local_ssd.jsonl
[00:14:24] step2_bufreg
== step2 2026-09-22T00:14:24+09:00
local-ssd/seq x0 reg rep1 3.305415 GiB/s 7.4 s nvfs+16384 MiB bar1map+8
local-ssd/seq x0 noreg rep1 3.304973 GiB/s 7.51 s nvfs+16384 MiB bar1map+8
local-ssd/seq x5 reg rep1 3.247962 GiB/s 7.47 s nvfs+16384 MiB bar1map+16
local-ssd/seq x5 noreg rep1 3.252679 GiB/s 7.42 s nvfs+16384 MiB bar1map+8
local-ssd/seq x6 reg rep1 0 GiB/s 0.08 s nvfs+0 MiB bar1map+0
local-ssd/seq x6 noreg rep1 1.909732 GiB/s 10.89 s nvfs+16384 MiB bar1map+8
rain-nvmeof/gdsio x0 reg rep1 7.535292 GiB/s 4.67 s nvfs+16384 MiB bar1map+8
rain-nvmeof/gdsio x0 noreg rep1 7.361528 GiB/s 4.67 s nvfs+16384 MiB bar1map+8
rain-nvmeof/gdsio x5 reg rep1 4.439238 GiB/s 6.15 s nvfs+16384 MiB bar1map+16
rain-nvmeof/gdsio x5 noreg rep1 4.460779 GiB/s 6.08 s nvfs+16384 MiB bar1map+8
rain-nvmeof/gdsio x6 reg rep1 0 GiB/s 0.08 s nvfs+0 MiB bar1map+0
rain-nvmeof/gdsio x6 noreg rep1 5.979545 GiB/s 5.23 s nvfs+16384 MiB bar1map+8
local-ssd/seq x0 reg rep2 3.308062 GiB/s 7.35 s nvfs+16384 MiB bar1map+8
local-ssd/seq x0 noreg rep2 3.305207 GiB/s 7.37 s nvfs+16384 MiB bar1map+8
local-ssd/seq x5 reg rep2 3.251139 GiB/s 7.44 s nvfs+16384 MiB bar1map+16
local-ssd/seq x5 noreg rep2 3.251893 GiB/s 7.58 s nvfs+16384 MiB bar1map+8
local-ssd/seq x6 reg rep2 0 GiB/s 0.08 s nvfs+0 MiB bar1map+0
local-ssd/seq x6 noreg rep2 3.087497 GiB/s 7.84 s nvfs+16384 MiB bar1map+8
rain-nvmeof/gdsio x0 reg rep2 7.430429 GiB/s 4.75 s nvfs+16384 MiB bar1map+8
rain-nvmeof/gdsio x0 noreg rep2 7.342688 GiB/s 4.75 s nvfs+16384 MiB bar1map+8
rain-nvmeof/gdsio x5 reg rep2 4.506830 GiB/s 6.06 s nvfs+16384 MiB bar1map+16
rain-nvmeof/gdsio x5 noreg rep2 4.321637 GiB/s 6.22 s nvfs+16384 MiB bar1map+8
rain-nvmeof/gdsio x6 reg rep2 0 GiB/s 0.07 s nvfs+0 MiB bar1map+0
rain-nvmeof/gdsio x6 noreg rep2 5.954248 GiB/s 5.26 s nvfs+16384 MiB bar1map+8
wrote ../../results/lowlevel-sunny/step2_bufreg.jsonl
[00:16:41] step3_concurrency
== step3 2026-09-22T00:16:41+09:00
local-ssd/seq iosize threads=8 io=64K  :: 0.934827 GiB/s 19.78 s pause_dur+0
local-ssd/seq iosize threads=8 io=256K  :: 1.126549 GiB/s 16.89 s pause_dur+0
local-ssd/seq iosize threads=8 io=1M  :: 3.304736 GiB/s 7.49 s pause_dur+0
local-ssd/seq iosize threads=8 io=4M  :: 3.308261 GiB/s 7.36 s pause_dur+0
local-ssd/seq iosize threads=8 io=16M  :: 3.217441 GiB/s 7.62 s pause_dur+0
local-ssd/seq threads threads=1 io=1M  :: 1.919579 GiB/s 3.65 s pause_dur+0
local-ssd/seq threads threads=2 io=1M  :: 1.797104 GiB/s 4.74 s pause_dur+0
local-ssd/seq threads threads=4 io=1M  :: 3.293861 GiB/s 4.98 s pause_dur+0
local-ssd/seq threads threads=8 io=1M  :: 3.303911 GiB/s 7.37 s pause_dur+0
local-ssd/seq threads threads=16 io=1M  :: 0 GiB/s 2.49 s pause_dur+0
local-ssd/seq batch threads=4 io=1M -B 4 :: 0 GiB/s 0.08 s pause_dur+0
local-ssd/seq batch threads=4 io=1M -B 16 :: 0 GiB/s 0.08 s pause_dur+0
local-ssd/seq batch threads=4 io=1M -B 64 :: 0 GiB/s 0.08 s pause_dur+0
rain-nvmeof/gdsio iosize threads=8 io=64K  :: 3.648697 GiB/s 7.25 s pause_dur+0
rain-nvmeof/gdsio iosize threads=8 io=256K  :: 6.256649 GiB/s 5.31 s pause_dur+28418
rain-nvmeof/gdsio iosize threads=8 io=1M  :: 7.465633 GiB/s 4.8 s pause_dur+181795
rain-nvmeof/gdsio iosize threads=8 io=4M  :: 9.491360 GiB/s 4.41 s pause_dur+260171
rain-nvmeof/gdsio iosize threads=8 io=16M  :: 8.378486 GiB/s 4.55 s pause_dur+188185
rain-nvmeof/gdsio threads threads=1 io=1M  :: 1.288339 GiB/s 4.17 s pause_dur+122830
rain-nvmeof/gdsio threads threads=2 io=1M  :: 2.218899 GiB/s 4.37 s pause_dur+234095
rain-nvmeof/gdsio threads threads=4 io=1M  :: 5.150328 GiB/s 4.1 s pause_dur+127402
rain-nvmeof/gdsio threads threads=8 io=1M  :: 7.260957 GiB/s 4.74 s pause_dur+178451
rain-nvmeof/gdsio threads threads=16 io=1M  :: 0 GiB/s 2.61 s pause_dur+0
rain-nvmeof/gdsio batch threads=4 io=1M -B 4 :: 0 GiB/s 0.08 s pause_dur+0
rain-nvmeof/gdsio batch threads=4 io=1M -B 16 :: 0 GiB/s 0.08 s pause_dur+0
rain-nvmeof/gdsio batch threads=4 io=1M -B 64 :: 0 GiB/s 0.08 s pause_dur+0
nvme-of reconnected nr-io-queues=2
rain-nvmeof/gdsio nvmeof_queues threads=8 io=1M  :: 7.816991 GiB/s 4.82 s pause_dur+6162
rain-nvmeof/gdsio nvmeof_queues threads=4 io=4M  :: 7.575759 GiB/s 3.55 s pause_dur+12573
nvme-of reconnected nr-io-queues=4
rain-nvmeof/gdsio nvmeof_queues threads=8 io=1M  :: 8.502612 GiB/s 4.67 s pause_dur+72282
rain-nvmeof/gdsio nvmeof_queues threads=4 io=4M  :: 7.668073 GiB/s 3.69 s pause_dur+20937
nvme-of reconnected nr-io-queues=8
rain-nvmeof/gdsio nvmeof_queues threads=8 io=1M  :: 9.140068 GiB/s 4.37 s pause_dur+206764
rain-nvmeof/gdsio nvmeof_queues threads=4 io=4M  :: 7.574535 GiB/s 3.72 s pause_dur+101177
nvme-of reconnected nr-io-queues=16
rain-nvmeof/gdsio nvmeof_queues threads=8 io=1M  :: 7.944603 GiB/s 4.73 s pause_dur+192344
rain-nvmeof/gdsio nvmeof_queues threads=4 io=4M  :: 7.433157 GiB/s 3.6 s pause_dur+89178
nvme-of reconnected nr-io-queues=36
rain-nvmeof/gdsio nvmeof_queues threads=8 io=1M  :: 7.529841 GiB/s 4.75 s pause_dur+188602
rain-nvmeof/gdsio nvmeof_queues threads=4 io=4M  :: 7.807162 GiB/s 3.59 s pause_dur+85993
nvme-of reconnected nr-io-queues=36
wrote ../../results/lowlevel-sunny/step3_concurrency.jsonl
[00:20:31] step4_rdma
== step4 2026-09-22T00:20:31+09:00
perftest s=65536 q=1 txd=1 :: 48.21 Gb/s pause_dur+0
perftest s=65536 q=1 txd=4 :: 81.73 Gb/s pause_dur+0
perftest s=65536 q=1 txd=16 :: 81.75 Gb/s pause_dur+587584
perftest s=65536 q=1 txd=64 :: 81.73 Gb/s pause_dur+586082
perftest s=65536 q=1 txd=128 :: 81.73 Gb/s pause_dur+593401
perftest s=65536 q=4 txd=1 :: 81.72 Gb/s pause_dur+0
perftest s=65536 q=4 txd=4 :: 81.72 Gb/s pause_dur+660284
perftest s=65536 q=4 txd=16 :: 81.73 Gb/s pause_dur+660355
perftest s=65536 q=4 txd=64 :: 81.72 Gb/s pause_dur+660736
perftest s=65536 q=4 txd=128 :: 81.72 Gb/s pause_dur+661391
perftest s=262144 q=1 txd=1 :: 70.46 Gb/s pause_dur+0
perftest s=262144 q=1 txd=4 :: 82.03 Gb/s pause_dur+582659
perftest s=262144 q=1 txd=16 :: 82.03 Gb/s pause_dur+579740
perftest s=262144 q=1 txd=64 :: 82.02 Gb/s pause_dur+588202
perftest s=262144 q=1 txd=128 :: 82.03 Gb/s pause_dur+582086
perftest s=262144 q=4 txd=1 :: 82.02 Gb/s pause_dur+387185
perftest s=262144 q=4 txd=4 :: 81.99 Gb/s pause_dur+647443
perftest s=262144 q=4 txd=16 :: 81.99 Gb/s pause_dur+648896
perftest s=262144 q=4 txd=64 :: 81.98 Gb/s pause_dur+649500
perftest s=262144 q=4 txd=128 :: 81.99 Gb/s pause_dur+650801
perftest s=1048576 q=1 txd=1 :: 78.84 Gb/s pause_dur+0
perftest s=1048576 q=1 txd=4 :: 82.09 Gb/s pause_dur+577374
perftest s=1048576 q=1 txd=16 :: 82.10 Gb/s pause_dur+572753
perftest s=1048576 q=1 txd=64 :: 82.09 Gb/s pause_dur+579494
perftest s=1048576 q=1 txd=128 :: 82.09 Gb/s pause_dur+578540
perftest s=1048576 q=4 txd=1 :: 82.10 Gb/s pause_dur+601920
perftest s=1048576 q=4 txd=4 :: 82.09 Gb/s pause_dur+645341
perftest s=1048576 q=4 txd=16 :: 82.09 Gb/s pause_dur+646646
perftest s=1048576 q=4 txd=64 :: 82.10 Gb/s pause_dur+649831
perftest s=1048576 q=4 txd=128 :: 82.09 Gb/s pause_dur+653426
perftest s=4194304 q=1 txd=1 :: 81.17 Gb/s pause_dur+324556
perftest s=4194304 q=1 txd=4 :: 82.11 Gb/s pause_dur+574901
perftest s=4194304 q=1 txd=16 :: 82.12 Gb/s pause_dur+569303
perftest s=4194304 q=1 txd=64 :: 82.11 Gb/s pause_dur+572484
perftest s=4194304 q=1 txd=128 :: 82.11 Gb/s pause_dur+585079
perftest s=4194304 q=4 txd=1 :: 82.12 Gb/s pause_dur+644922
perftest s=4194304 q=4 txd=4 :: 82.11 Gb/s pause_dur+645257
perftest s=4194304 q=4 txd=16 :: 82.13 Gb/s pause_dur+648484
perftest s=4194304 q=4 txd=64 :: 82.11 Gb/s pause_dur+661326
perftest s=4194304 q=4 txd=128 :: 82.11 Gb/s pause_dur+678007
te block=65536 batch=1 threads=1 :: 0 GB/s pause_dur+0
te block=65536 batch=1 threads=4 :: 0 GB/s pause_dur+0
te block=65536 batch=1 threads=8 :: 0 GB/s pause_dur+0
te block=65536 batch=1 threads=16 :: 0 GB/s pause_dur+0
te block=65536 batch=8 threads=1 :: 0 GB/s pause_dur+0
te block=65536 batch=8 threads=4 :: 0 GB/s pause_dur+0
te block=65536 batch=8 threads=8 :: 0 GB/s pause_dur+0
te block=65536 batch=8 threads=16 :: 0 GB/s pause_dur+0
te block=65536 batch=32 threads=1 :: 0 GB/s pause_dur+0
te block=65536 batch=32 threads=4 :: 0 GB/s pause_dur+0
te block=65536 batch=32 threads=8 :: 0 GB/s pause_dur+0
te block=65536 batch=32 threads=16 :: 0 GB/s pause_dur+0
te block=65536 batch=128 threads=1 :: 0 GB/s pause_dur+0
te block=65536 batch=128 threads=4 :: 0 GB/s pause_dur+0
te block=65536 batch=128 threads=8 :: 0 GB/s pause_dur+0
te block=65536 batch=128 threads=16 :: 0 GB/s pause_dur+0
te block=262144 batch=1 threads=1 :: 0 GB/s pause_dur+0
te block=262144 batch=1 threads=4 :: 0 GB/s pause_dur+0
te block=262144 batch=1 threads=8 :: 0 GB/s pause_dur+0
te block=262144 batch=1 threads=16 :: 0 GB/s pause_dur+0
te block=262144 batch=8 threads=1 :: 0 GB/s pause_dur+0
te block=262144 batch=8 threads=4 :: 0 GB/s pause_dur+0
te block=262144 batch=8 threads=8 :: 0 GB/s pause_dur+0
te block=262144 batch=8 threads=16 :: 0 GB/s pause_dur+0
te block=262144 batch=32 threads=1 :: 0 GB/s pause_dur+0
te block=262144 batch=32 threads=4 :: 0 GB/s pause_dur+0
te block=262144 batch=32 threads=8 :: 0 GB/s pause_dur+0
te block=262144 batch=32 threads=16 :: 0 GB/s pause_dur+0
te block=262144 batch=128 threads=1 :: 0 GB/s pause_dur+0
te block=262144 batch=128 threads=4 :: 0 GB/s pause_dur+0
te block=262144 batch=128 threads=8 :: 0 GB/s pause_dur+0
te block=262144 batch=128 threads=16 :: 0 GB/s pause_dur+0
te block=1048576 batch=1 threads=1 :: 0 GB/s pause_dur+0
te block=1048576 batch=1 threads=4 :: 0 GB/s pause_dur+0
te block=1048576 batch=1 threads=8 :: 0 GB/s pause_dur+0
te block=1048576 batch=1 threads=16 :: 0 GB/s pause_dur+0
te block=1048576 batch=8 threads=1 :: 0 GB/s pause_dur+0
te block=1048576 batch=8 threads=4 :: 0 GB/s pause_dur+0
te block=1048576 batch=8 threads=8 :: 0 GB/s pause_dur+0
te block=1048576 batch=8 threads=16 :: 0 GB/s pause_dur+0
te block=1048576 batch=32 threads=1 :: 0 GB/s pause_dur+0
te block=1048576 batch=32 threads=4 :: 0 GB/s pause_dur+0
te block=1048576 batch=32 threads=8 :: 0 GB/s pause_dur+0
te block=1048576 batch=32 threads=16 :: 0 GB/s pause_dur+0
te block=1048576 batch=128 threads=1 :: 0 GB/s pause_dur+0
te block=1048576 batch=128 threads=4 :: 0 GB/s pause_dur+0
te block=1048576 batch=128 threads=8 :: 0 GB/s pause_dur+0
te block=1048576 batch=128 threads=16 :: 0 GB/s pause_dur+0
te block=4194304 batch=1 threads=1 :: 0 GB/s pause_dur+0
te block=4194304 batch=1 threads=4 :: 0 GB/s pause_dur+0
te block=4194304 batch=1 threads=8 :: 0 GB/s pause_dur+0
te block=4194304 batch=1 threads=16 :: 0 GB/s pause_dur+0
te block=4194304 batch=8 threads=1 :: 0 GB/s pause_dur+0
te block=4194304 batch=8 threads=4 :: 0 GB/s pause_dur+0
te block=4194304 batch=8 threads=8 :: 0 GB/s pause_dur+0
te block=4194304 batch=8 threads=16 :: 0 GB/s pause_dur+0
te block=4194304 batch=32 threads=1 :: 0 GB/s pause_dur+0
te block=4194304 batch=32 threads=4 :: 0 GB/s pause_dur+0
te block=4194304 batch=32 threads=8 :: 0 GB/s pause_dur+0
te block=4194304 batch=32 threads=16 :: 0 GB/s pause_dur+0
te block=4194304 batch=128 threads=1 :: 0 GB/s pause_dur+0
te block=4194304 batch=128 threads=4 :: 0 GB/s pause_dur+0
te block=4194304 batch=128 threads=8 :: 0 GB/s pause_dur+0
te block=4194304 batch=128 threads=16 :: 0 GB/s pause_dur+0
wrote ../../results/lowlevel-sunny/step4_rdma.jsonl
[00:25:14] step5_combined
== step5 2026-09-22T00:25:14+09:00 L(io 1M w 8 x 0 b '') R(io 1M w 8 x 0 b '') rdma(q 4 txd 16)
combo=local :: local 3.313915 7.352; :: wall 7.42 s pause_dur+0 nvfs+16384 MiB
combo=remote :: remote 7.333728 4.796; :: wall 4.86 s pause_dur+179596 nvfs+16384 MiB
combo=rdma :: rdma 9.558 1.511; :: wall 4.77 s pause_dur+270250 nvfs+0 MiB
combo=h2d :: h2d 11.511 3.958; :: wall 4.02 s pause_dur+0 nvfs+0 MiB
combo=local+remote :: local 3.307537 7.582;remote 5.338261 3.789; :: wall 7.64 s pause_dur+978797 nvfs+32768 MiB
combo=h2d+local :: local 3.308521 7.406;h2d 7.524 4.794; :: wall 7.46 s pause_dur+0 nvfs+16384 MiB
combo=h2d+remote :: remote 7.411195 4.951;h2d 9.843 4.366; :: wall 5.01 s pause_dur+601220 nvfs+16384 MiB
combo=remote+rdma :: remote 6.142764 5.478;rdma 7.07 1.988; :: wall 5.54 s pause_dur+482963 nvfs+16384 MiB
combo=h2d+local+remote :: local 2.774397 8.642;remote 3.562851 5.264;h2d 7.198 5.06; :: wall 8.7 s pause_dur+2663097 nvfs+32768 MiB
combo=h2d+local+remote+rdma :: local 2.771103 6.593;remote 2.499098 9.244;h2d 7.198 4.931;rdma 2.997 5.071; :: wall 9.3 s pause_dur+3499224 nvfs+32768 MiB
wrote ../../results/lowlevel-sunny/step5_combined.jsonl
[00:26:41] lowlevel done
lowlevel2 done
