== step4 2026-09-22T00:35:55+09:00
bash: line 1: 3811370 Aborted                 (core dumped) setsid nohup /home/unionxic/miniconda3/envs/gdsllm/lib/python3.10/site-packages/mooncake/transfer_engine_bench --mode=target --metadata_server=http://30.0.0.3:8080/metadata --local_server_name=30.0.0.3:12355 --protocol=rdma --device_name=mlx5_1 --buffer_size=2147483648 > /tmp/te_target.log 2>&1 < /dev/null
F0922 00:35:56.665436 3811370 transfer_engine_bench.cpp:615] Assert failed: !rc
*** Check failure stack trace: ***
te block=65536 batch=1 threads=1 :: 0 GB/s pause_dur+0
te block=65536 batch=1 threads=4 :: 0 GB/s pause_dur+0
te block=65536 batch=1 threads=8 :: 0 GB/s pause_dur+0
te block=65536 batch=1 threads=16 :: 0 GB/s pause_dur+0
te block=65536 batch=8 threads=1 :: 0 GB/s pause_dur+0
te block=65536 batch=8 threads=4 :: 0 GB/s pause_dur+0
te block=65536 batch=8 threads=8 :: 0 GB/s pause_dur+0
te block=65536 batch=8 threads=16 :: 0 GB/s pause_dur+0
te block=65536 batch=32 threads=1 :: 0 GB/s pause_dur+0
te block=65536 batch=32 threads=4 :: 0 GB/s pause_dur+0
te block=65536 batch=32 threads=8 :: 0 GB/s pause_dur+0
te block=65536 batch=32 threads=16 :: 0 GB/s pause_dur+0
te block=65536 batch=128 threads=1 :: 0 GB/s pause_dur+0
te block=65536 batch=128 threads=4 :: 0 GB/s pause_dur+0
te block=65536 batch=128 threads=8 :: 0 GB/s pause_dur+0
te block=65536 batch=128 threads=16 :: 0 GB/s pause_dur+0
te block=262144 batch=1 threads=1 :: 0 GB/s pause_dur+0
te block=262144 batch=1 threads=4 :: 0 GB/s pause_dur+0
te block=262144 batch=1 threads=8 :: 0 GB/s pause_dur+0
te block=262144 batch=1 threads=16 :: 0 GB/s pause_dur+0
te block=262144 batch=8 threads=1 :: 0 GB/s pause_dur+0
te block=262144 batch=8 threads=4 :: 0 GB/s pause_dur+0
te block=262144 batch=8 threads=8 :: 0 GB/s pause_dur+0
te block=262144 batch=8 threads=16 :: 0 GB/s pause_dur+0
te block=262144 batch=32 threads=1 :: 0 GB/s pause_dur+0
te block=262144 batch=32 threads=4 :: 0 GB/s pause_dur+0
te block=262144 batch=32 threads=8 :: 0 GB/s pause_dur+0
te block=262144 batch=32 threads=16 :: 0 GB/s pause_dur+0
te block=262144 batch=128 threads=1 :: 0 GB/s pause_dur+0
te block=262144 batch=128 threads=4 :: 0 GB/s pause_dur+0
te block=262144 batch=128 threads=8 :: 0 GB/s pause_dur+0
te block=262144 batch=128 threads=16 :: 0 GB/s pause_dur+0
te block=1048576 batch=1 threads=1 :: 0 GB/s pause_dur+0
te block=1048576 batch=1 threads=4 :: 0 GB/s pause_dur+0
te block=1048576 batch=1 threads=8 :: 0 GB/s pause_dur+0
te block=1048576 batch=1 threads=16 :: 0 GB/s pause_dur+0
te block=1048576 batch=8 threads=1 :: 0 GB/s pause_dur+0
te block=1048576 batch=8 threads=4 :: 0 GB/s pause_dur+0
te block=1048576 batch=8 threads=8 :: 0 GB/s pause_dur+0
te block=1048576 batch=8 threads=16 :: 0 GB/s pause_dur+0
te block=1048576 batch=32 threads=1 :: 0 GB/s pause_dur+0
te block=1048576 batch=32 threads=4 :: 0 GB/s pause_dur+0
te block=1048576 batch=32 threads=8 :: 0 GB/s pause_dur+0
te block=1048576 batch=32 threads=16 :: 0 GB/s pause_dur+0
te block=1048576 batch=128 threads=1 :: 0 GB/s pause_dur+0
te block=1048576 batch=128 threads=4 :: 0 GB/s pause_dur+0
te block=1048576 batch=128 threads=8 :: 0 GB/s pause_dur+0
te block=1048576 batch=128 threads=16 :: 0 GB/s pause_dur+0
te block=4194304 batch=1 threads=1 :: 0 GB/s pause_dur+0
te block=4194304 batch=1 threads=4 :: 0 GB/s pause_dur+0
te block=4194304 batch=1 threads=8 :: 0 GB/s pause_dur+0
te block=4194304 batch=1 threads=16 :: 0 GB/s pause_dur+0
te block=4194304 batch=8 threads=1 :: 0 GB/s pause_dur+0
te block=4194304 batch=8 threads=4 :: 0 GB/s pause_dur+0
te block=4194304 batch=8 threads=8 :: 0 GB/s pause_dur+0
te block=4194304 batch=8 threads=16 :: 0 GB/s pause_dur+0
te block=4194304 batch=32 threads=1 :: 0 GB/s pause_dur+0
te block=4194304 batch=32 threads=4 :: 0 GB/s pause_dur+0
te block=4194304 batch=32 threads=8 :: 0 GB/s pause_dur+0
te block=4194304 batch=32 threads=16 :: 0 GB/s pause_dur+0
te block=4194304 batch=128 threads=1 :: 0 GB/s pause_dur+0
te block=4194304 batch=128 threads=4 :: 0 GB/s pause_dur+0
te block=4194304 batch=128 threads=8 :: 0 GB/s pause_dur+0
te block=4194304 batch=128 threads=16 :: 0 GB/s pause_dur+0
wrote ../../results/lowlevel-sunny/step4_rdma.jsonl
