== step4 2026-09-22T00:20:31+09:00
perftest s=65536 q=1 txd=1 :: 48.21 Gb/s pause_dur+0
perftest s=65536 q=1 txd=4 :: 81.73 Gb/s pause_dur+0
perftest s=65536 q=1 txd=16 :: 81.75 Gb/s pause_dur+587584
perftest s=65536 q=1 txd=64 :: 81.73 Gb/s pause_dur+586082
perftest s=65536 q=1 txd=128 :: 81.73 Gb/s pause_dur+593401
perftest s=65536 q=4 txd=1 :: 81.72 Gb/s pause_dur+0
perftest s=65536 q=4 txd=4 :: 81.72 Gb/s pause_dur+660284
perftest s=65536 q=4 txd=16 :: 81.73 Gb/s pause_dur+660355
perftest s=65536 q=4 txd=64 :: 81.72 Gb/s pause_dur+660736
perftest s=65536 q=4 txd=128 :: 81.72 Gb/s pause_dur+661391
perftest s=262144 q=1 txd=1 :: 70.46 Gb/s pause_dur+0
perftest s=262144 q=1 txd=4 :: 82.03 Gb/s pause_dur+582659
perftest s=262144 q=1 txd=16 :: 82.03 Gb/s pause_dur+579740
perftest s=262144 q=1 txd=64 :: 82.02 Gb/s pause_dur+588202
perftest s=262144 q=1 txd=128 :: 82.03 Gb/s pause_dur+582086
perftest s=262144 q=4 txd=1 :: 82.02 Gb/s pause_dur+387185
perftest s=262144 q=4 txd=4 :: 81.99 Gb/s pause_dur+647443
perftest s=262144 q=4 txd=16 :: 81.99 Gb/s pause_dur+648896
perftest s=262144 q=4 txd=64 :: 81.98 Gb/s pause_dur+649500
perftest s=262144 q=4 txd=128 :: 81.99 Gb/s pause_dur+650801
perftest s=1048576 q=1 txd=1 :: 78.84 Gb/s pause_dur+0
perftest s=1048576 q=1 txd=4 :: 82.09 Gb/s pause_dur+577374
perftest s=1048576 q=1 txd=16 :: 82.10 Gb/s pause_dur+572753
perftest s=1048576 q=1 txd=64 :: 82.09 Gb/s pause_dur+579494
perftest s=1048576 q=1 txd=128 :: 82.09 Gb/s pause_dur+578540
perftest s=1048576 q=4 txd=1 :: 82.10 Gb/s pause_dur+601920
perftest s=1048576 q=4 txd=4 :: 82.09 Gb/s pause_dur+645341
perftest s=1048576 q=4 txd=16 :: 82.09 Gb/s pause_dur+646646
perftest s=1048576 q=4 txd=64 :: 82.10 Gb/s pause_dur+649831
perftest s=1048576 q=4 txd=128 :: 82.09 Gb/s pause_dur+653426
perftest s=4194304 q=1 txd=1 :: 81.17 Gb/s pause_dur+324556
perftest s=4194304 q=1 txd=4 :: 82.11 Gb/s pause_dur+574901
perftest s=4194304 q=1 txd=16 :: 82.12 Gb/s pause_dur+569303
perftest s=4194304 q=1 txd=64 :: 82.11 Gb/s pause_dur+572484
perftest s=4194304 q=1 txd=128 :: 82.11 Gb/s pause_dur+585079
perftest s=4194304 q=4 txd=1 :: 82.12 Gb/s pause_dur+644922
perftest s=4194304 q=4 txd=4 :: 82.11 Gb/s pause_dur+645257
perftest s=4194304 q=4 txd=16 :: 82.13 Gb/s pause_dur+648484
perftest s=4194304 q=4 txd=64 :: 82.11 Gb/s pause_dur+661326
perftest s=4194304 q=4 txd=128 :: 82.11 Gb/s pause_dur+678007
te block=65536 batch=1 threads=1 :: 0 GB/s pause_dur+0
te block=65536 batch=1 threads=4 :: 0 GB/s pause_dur+0
te block=65536 batch=1 threads=8 :: 0 GB/s pause_dur+0
te block=65536 batch=1 threads=16 :: 0 GB/s pause_dur+0
te block=65536 batch=8 threads=1 :: 0 GB/s pause_dur+0
te block=65536 batch=8 threads=4 :: 0 GB/s pause_dur+0
te block=65536 batch=8 threads=8 :: 0 GB/s pause_dur+0
te block=65536 batch=8 threads=16 :: 0 GB/s pause_dur+0
te block=65536 batch=32 threads=1 :: 0 GB/s pause_dur+0
te block=65536 batch=32 threads=4 :: 0 GB/s pause_dur+0
te block=65536 batch=32 threads=8 :: 0 GB/s pause_dur+0
te block=65536 batch=32 threads=16 :: 0 GB/s pause_dur+0
te block=65536 batch=128 threads=1 :: 0 GB/s pause_dur+0
te block=65536 batch=128 threads=4 :: 0 GB/s pause_dur+0
te block=65536 batch=128 threads=8 :: 0 GB/s pause_dur+0
te block=65536 batch=128 threads=16 :: 0 GB/s pause_dur+0
te block=262144 batch=1 threads=1 :: 0 GB/s pause_dur+0
te block=262144 batch=1 threads=4 :: 0 GB/s pause_dur+0
te block=262144 batch=1 threads=8 :: 0 GB/s pause_dur+0
te block=262144 batch=1 threads=16 :: 0 GB/s pause_dur+0
te block=262144 batch=8 threads=1 :: 0 GB/s pause_dur+0
te block=262144 batch=8 threads=4 :: 0 GB/s pause_dur+0
te block=262144 batch=8 threads=8 :: 0 GB/s pause_dur+0
te block=262144 batch=8 threads=16 :: 0 GB/s pause_dur+0
te block=262144 batch=32 threads=1 :: 0 GB/s pause_dur+0
te block=262144 batch=32 threads=4 :: 0 GB/s pause_dur+0
te block=262144 batch=32 threads=8 :: 0 GB/s pause_dur+0
te block=262144 batch=32 threads=16 :: 0 GB/s pause_dur+0
te block=262144 batch=128 threads=1 :: 0 GB/s pause_dur+0
te block=262144 batch=128 threads=4 :: 0 GB/s pause_dur+0
te block=262144 batch=128 threads=8 :: 0 GB/s pause_dur+0
te block=262144 batch=128 threads=16 :: 0 GB/s pause_dur+0
te block=1048576 batch=1 threads=1 :: 0 GB/s pause_dur+0
te block=1048576 batch=1 threads=4 :: 0 GB/s pause_dur+0
te block=1048576 batch=1 threads=8 :: 0 GB/s pause_dur+0
te block=1048576 batch=1 threads=16 :: 0 GB/s pause_dur+0
te block=1048576 batch=8 threads=1 :: 0 GB/s pause_dur+0
te block=1048576 batch=8 threads=4 :: 0 GB/s pause_dur+0
te block=1048576 batch=8 threads=8 :: 0 GB/s pause_dur+0
te block=1048576 batch=8 threads=16 :: 0 GB/s pause_dur+0
te block=1048576 batch=32 threads=1 :: 0 GB/s pause_dur+0
te block=1048576 batch=32 threads=4 :: 0 GB/s pause_dur+0
te block=1048576 batch=32 threads=8 :: 0 GB/s pause_dur+0
te block=1048576 batch=32 threads=16 :: 0 GB/s pause_dur+0
te block=1048576 batch=128 threads=1 :: 0 GB/s pause_dur+0
te block=1048576 batch=128 threads=4 :: 0 GB/s pause_dur+0
te block=1048576 batch=128 threads=8 :: 0 GB/s pause_dur+0
te block=1048576 batch=128 threads=16 :: 0 GB/s pause_dur+0
te block=4194304 batch=1 threads=1 :: 0 GB/s pause_dur+0
te block=4194304 batch=1 threads=4 :: 0 GB/s pause_dur+0
te block=4194304 batch=1 threads=8 :: 0 GB/s pause_dur+0
te block=4194304 batch=1 threads=16 :: 0 GB/s pause_dur+0
te block=4194304 batch=8 threads=1 :: 0 GB/s pause_dur+0
te block=4194304 batch=8 threads=4 :: 0 GB/s pause_dur+0
te block=4194304 batch=8 threads=8 :: 0 GB/s pause_dur+0
te block=4194304 batch=8 threads=16 :: 0 GB/s pause_dur+0
te block=4194304 batch=32 threads=1 :: 0 GB/s pause_dur+0
te block=4194304 batch=32 threads=4 :: 0 GB/s pause_dur+0
te block=4194304 batch=32 threads=8 :: 0 GB/s pause_dur+0
te block=4194304 batch=32 threads=16 :: 0 GB/s pause_dur+0
te block=4194304 batch=128 threads=1 :: 0 GB/s pause_dur+0
te block=4194304 batch=128 threads=4 :: 0 GB/s pause_dur+0
te block=4194304 batch=128 threads=8 :: 0 GB/s pause_dur+0
te block=4194304 batch=128 threads=16 :: 0 GB/s pause_dur+0
== step4 2026-09-22T00:30:14+09:00
F0922 00:30:15.795879 3808041 transfer_engine_bench.cpp:615] Assert failed: !rc
*** Check failure stack trace: ***
te block=65536 batch=1 threads=1 :: 0 GB/s pause_dur+0
te block=65536 batch=1 threads=4 :: 0 GB/s pause_dur+0
te block=65536 batch=1 threads=8 :: 0 GB/s pause_dur+0
te block=65536 batch=1 threads=16 :: 0 GB/s pause_dur+0
te block=65536 batch=8 threads=1 :: 0 GB/s pause_dur+0
te block=65536 batch=8 threads=4 :: 0 GB/s pause_dur+0
te block=65536 batch=8 threads=8 :: 0 GB/s pause_dur+0
te block=65536 batch=8 threads=16 :: 0 GB/s pause_dur+0
te block=65536 batch=32 threads=1 :: 0 GB/s pause_dur+0
te block=65536 batch=32 threads=4 :: 0 GB/s pause_dur+0
te block=65536 batch=32 threads=8 :: 0 GB/s pause_dur+0
te block=65536 batch=32 threads=16 :: 0 GB/s pause_dur+0
te block=65536 batch=128 threads=1 :: 0 GB/s pause_dur+0
te block=65536 batch=128 threads=4 :: 0 GB/s pause_dur+0
te block=65536 batch=128 threads=8 :: 0 GB/s pause_dur+0
te block=65536 batch=128 threads=16 :: 0 GB/s pause_dur+0
te block=262144 batch=1 threads=1 :: 0 GB/s pause_dur+0
te block=262144 batch=1 threads=4 :: 0 GB/s pause_dur+0
te block=262144 batch=1 threads=8 :: 0 GB/s pause_dur+0
te block=262144 batch=1 threads=16 :: 0 GB/s pause_dur+0
te block=262144 batch=8 threads=1 :: 0 GB/s pause_dur+0
te block=262144 batch=8 threads=4 :: 0 GB/s pause_dur+0
te block=262144 batch=8 threads=8 :: 0 GB/s pause_dur+0
te block=262144 batch=8 threads=16 :: 0 GB/s pause_dur+0
te block=262144 batch=32 threads=1 :: 0 GB/s pause_dur+0
te block=262144 batch=32 threads=4 :: 0 GB/s pause_dur+0
te block=262144 batch=32 threads=8 :: 0 GB/s pause_dur+0
te block=262144 batch=32 threads=16 :: 0 GB/s pause_dur+0
te block=262144 batch=128 threads=1 :: 0 GB/s pause_dur+0
te block=262144 batch=128 threads=4 :: 0 GB/s pause_dur+0
te block=262144 batch=128 threads=8 :: 0 GB/s pause_dur+0
te block=262144 batch=128 threads=16 :: 0 GB/s pause_dur+0
te block=1048576 batch=1 threads=1 :: 0 GB/s pause_dur+0
te block=1048576 batch=1 threads=4 :: 0 GB/s pause_dur+0
te block=1048576 batch=1 threads=8 :: 0 GB/s pause_dur+0
te block=1048576 batch=1 threads=16 :: 0 GB/s pause_dur+0
te block=1048576 batch=8 threads=1 :: 0 GB/s pause_dur+0
te block=1048576 batch=8 threads=4 :: 0 GB/s pause_dur+0
te block=1048576 batch=8 threads=8 :: 0 GB/s pause_dur+0
te block=1048576 batch=8 threads=16 :: 0 GB/s pause_dur+0
te block=1048576 batch=32 threads=1 :: 0 GB/s pause_dur+0
te block=1048576 batch=32 threads=4 :: 0 GB/s pause_dur+0
te block=1048576 batch=32 threads=8 :: 0 GB/s pause_dur+0
te block=1048576 batch=32 threads=16 :: 0 GB/s pause_dur+0
te block=1048576 batch=128 threads=1 :: 0 GB/s pause_dur+0
te block=1048576 batch=128 threads=4 :: 0 GB/s pause_dur+0
te block=1048576 batch=128 threads=8 :: 0 GB/s pause_dur+0
te block=1048576 batch=128 threads=16 :: 0 GB/s pause_dur+0
te block=4194304 batch=1 threads=1 :: 0 GB/s pause_dur+0
te block=4194304 batch=1 threads=4 :: 0 GB/s pause_dur+0
te block=4194304 batch=1 threads=8 :: 0 GB/s pause_dur+0
te block=4194304 batch=1 threads=16 :: 0 GB/s pause_dur+0
te block=4194304 batch=8 threads=1 :: 0 GB/s pause_dur+0
te block=4194304 batch=8 threads=4 :: 0 GB/s pause_dur+0
te block=4194304 batch=8 threads=8 :: 0 GB/s pause_dur+0
te block=4194304 batch=8 threads=16 :: 0 GB/s pause_dur+0
te block=4194304 batch=32 threads=1 :: 0 GB/s pause_dur+0
te block=4194304 batch=32 threads=4 :: 0 GB/s pause_dur+0
te block=4194304 batch=32 threads=8 :: 0 GB/s pause_dur+0
te block=4194304 batch=32 threads=16 :: 0 GB/s pause_dur+0
te block=4194304 batch=128 threads=1 :: 0 GB/s pause_dur+0
te block=4194304 batch=128 threads=4 :: 0 GB/s pause_dur+0
te block=4194304 batch=128 threads=8 :: 0 GB/s pause_dur+0
te block=4194304 batch=128 threads=16 :: 0 GB/s pause_dur+0
