== step3 2026-09-22T00:16:41+09:00
local-ssd/seq iosize threads=8 io=64K  :: 0.934827 GiB/s 19.78 s pause_dur+0
local-ssd/seq iosize threads=8 io=256K  :: 1.126549 GiB/s 16.89 s pause_dur+0
local-ssd/seq iosize threads=8 io=1M  :: 3.304736 GiB/s 7.49 s pause_dur+0
local-ssd/seq iosize threads=8 io=4M  :: 3.308261 GiB/s 7.36 s pause_dur+0
local-ssd/seq iosize threads=8 io=16M  :: 3.217441 GiB/s 7.62 s pause_dur+0
local-ssd/seq threads threads=1 io=1M  :: 1.919579 GiB/s 3.65 s pause_dur+0
local-ssd/seq threads threads=2 io=1M  :: 1.797104 GiB/s 4.74 s pause_dur+0
local-ssd/seq threads threads=4 io=1M  :: 3.293861 GiB/s 4.98 s pause_dur+0
local-ssd/seq threads threads=8 io=1M  :: 3.303911 GiB/s 7.37 s pause_dur+0
local-ssd/seq threads threads=16 io=1M  :: 0 GiB/s 2.49 s pause_dur+0
local-ssd/seq batch threads=4 io=1M -B 4 :: 0 GiB/s 0.08 s pause_dur+0
local-ssd/seq batch threads=4 io=1M -B 16 :: 0 GiB/s 0.08 s pause_dur+0
local-ssd/seq batch threads=4 io=1M -B 64 :: 0 GiB/s 0.08 s pause_dur+0
rain-nvmeof/gdsio iosize threads=8 io=64K  :: 3.648697 GiB/s 7.25 s pause_dur+0
rain-nvmeof/gdsio iosize threads=8 io=256K  :: 6.256649 GiB/s 5.31 s pause_dur+28418
rain-nvmeof/gdsio iosize threads=8 io=1M  :: 7.465633 GiB/s 4.8 s pause_dur+181795
rain-nvmeof/gdsio iosize threads=8 io=4M  :: 9.491360 GiB/s 4.41 s pause_dur+260171
rain-nvmeof/gdsio iosize threads=8 io=16M  :: 8.378486 GiB/s 4.55 s pause_dur+188185
rain-nvmeof/gdsio threads threads=1 io=1M  :: 1.288339 GiB/s 4.17 s pause_dur+122830
rain-nvmeof/gdsio threads threads=2 io=1M  :: 2.218899 GiB/s 4.37 s pause_dur+234095
rain-nvmeof/gdsio threads threads=4 io=1M  :: 5.150328 GiB/s 4.1 s pause_dur+127402
rain-nvmeof/gdsio threads threads=8 io=1M  :: 7.260957 GiB/s 4.74 s pause_dur+178451
rain-nvmeof/gdsio threads threads=16 io=1M  :: 0 GiB/s 2.61 s pause_dur+0
rain-nvmeof/gdsio batch threads=4 io=1M -B 4 :: 0 GiB/s 0.08 s pause_dur+0
rain-nvmeof/gdsio batch threads=4 io=1M -B 16 :: 0 GiB/s 0.08 s pause_dur+0
rain-nvmeof/gdsio batch threads=4 io=1M -B 64 :: 0 GiB/s 0.08 s pause_dur+0
nvme-of reconnected nr-io-queues=2
rain-nvmeof/gdsio nvmeof_queues threads=8 io=1M  :: 7.816991 GiB/s 4.82 s pause_dur+6162
rain-nvmeof/gdsio nvmeof_queues threads=4 io=4M  :: 7.575759 GiB/s 3.55 s pause_dur+12573
nvme-of reconnected nr-io-queues=4
rain-nvmeof/gdsio nvmeof_queues threads=8 io=1M  :: 8.502612 GiB/s 4.67 s pause_dur+72282
rain-nvmeof/gdsio nvmeof_queues threads=4 io=4M  :: 7.668073 GiB/s 3.69 s pause_dur+20937
nvme-of reconnected nr-io-queues=8
rain-nvmeof/gdsio nvmeof_queues threads=8 io=1M  :: 9.140068 GiB/s 4.37 s pause_dur+206764
rain-nvmeof/gdsio nvmeof_queues threads=4 io=4M  :: 7.574535 GiB/s 3.72 s pause_dur+101177
nvme-of reconnected nr-io-queues=16
rain-nvmeof/gdsio nvmeof_queues threads=8 io=1M  :: 7.944603 GiB/s 4.73 s pause_dur+192344
rain-nvmeof/gdsio nvmeof_queues threads=4 io=4M  :: 7.433157 GiB/s 3.6 s pause_dur+89178
nvme-of reconnected nr-io-queues=36
rain-nvmeof/gdsio nvmeof_queues threads=8 io=1M  :: 7.529841 GiB/s 4.75 s pause_dur+188602
rain-nvmeof/gdsio nvmeof_queues threads=4 io=4M  :: 7.807162 GiB/s 3.59 s pause_dur+85993
nvme-of reconnected nr-io-queues=36
