--procs-- -----------------------memory---------------------- ---swap-- -----io---- -system-- --------cpu-------- -----timestamp-----
   r    b         swpd         free         buff        cache   si   so    bi    bo   in   cs  us  sy  id  wa  st                 KST
   5    0            0    111866528       151272     14931188    0    0  3092   281  117  192   1   1  97   0   0 2026-09-21 17:30:48
   1    0            0    111835296       151272     14931224    0    0     0     0 1961 1573   3   0  97   0   0 2026-09-21 17:30:49
   1    0            0    111819488       151272     14931196    0    0     0     0 31295 1543   4   8  88   0   0 2026-09-21 17:30:50
   1    0            0    111779168       151272     14931196    0    0     0     0 1775 1346   3   0  97   0   0 2026-09-21 17:30:51
   0    0            0    111767072       151280     14931192    0    0     0    48 1100 1397   1   0  99   0   0 2026-09-21 17:30:52
   1    0            0    111775424       151280     14931200    0    0     0   620  916 1328   0   0 100   0   0 2026-09-21 17:30:53
   2    0            0    111317672       151280     14931204    0    0     0     0 8338 2842  17   1  83   0   0 2026-09-21 17:30:54
   2    0            0    111231872       151280     14931272    0    0     0     0 3212 1673   5   0  94   0   0 2026-09-21 17:30:55
   1    0            0    111522080       151280     14931192    0    0     0     0 4060 1839   2   0  98   0   0 2026-09-21 17:30:56
   0    0            0    111538464       151292     14931184    0    0     0    92 1013 1562   0   0  99   0   0 2026-09-21 17:30:57
   0    0            0    111553840       151292     14931200    0    0     0    44  939 2168   0   0 100   0   0 2026-09-21 17:30:58
   1    0            0    111561648       151292     14931200    0    0     0     0 1591 1276   2   0  98   0   0 2026-09-21 17:30:59
   1    0            0    111518640       151292     14931204    0    0     0     0 1478 1170   2   0  98   0   0 2026-09-21 17:31:00
   1    0            0    111430704       151292     14931204    0    0     0     0 1898 1409   3   0  97   0   0 2026-09-21 17:31:01
   1    0            0    111407856       151300     14931216    0    0     0    52 1909 2158   2   1  98   0   0 2026-09-21 17:31:02
   3    0            0    111255008       151300     15008964    0    0     0    44 3960 3085   4   1  96   0   0 2026-09-21 17:31:03
   1    0            0    111160160       151300     15011508    0    0     0     0 3146 3144   3   1  96   0   0 2026-09-21 17:31:04
   1    0            0    111152400       151300     15011504    0    0     0     4 2673 2885   2   0  97   0   0 2026-09-21 17:31:05
   3    0            0    111092176       151304     15011512    0    0     0     8 2553 2923   2   1  97   0   0 2026-09-21 17:31:06
   1    0            0    111090992       151312     15011504    0    0     0   104 2547 2763   3   0  97   0   0 2026-09-21 17:31:07
   1    0            0    111092544       151312     15011516    0    0     0     0 2583 2478   3   0  97   0   0 2026-09-21 17:31:08
--procs-- -----------------------memory---------------------- ---swap-- -----io---- -system-- --------cpu-------- -----timestamp-----
   r    b         swpd         free         buff        cache   si   so    bi    bo   in   cs  us  sy  id  wa  st                 KST
   2    0            0    111029808       151312     15011516    0    0     0    40 2368 2580   3   0  97   0   0 2026-09-21 17:31:09
   1    0            0    110883392       151312     15011552    0    0     0     0 2444 2621   2   0  97   0   0 2026-09-21 17:31:10
   1    0            0    108405256       151312     17459640    0    0     0     0 2535 2737   1   2  97   0   0 2026-09-21 17:31:11
   2    0            0    104098224       151320     21760016    0    0     0    44 2727 2753   0   3  97   0   0 2026-09-21 17:31:12
   0    0            0    102295256       151320     23419184    0    0     0     0 9802 3454  14   2  84   0   0 2026-09-21 17:31:13
   1    0            0    102252368       151320     23419184    0    0     0    48 6544 10809   3   0  97   0   0 2026-09-21 17:31:14
   1    0            0    102220128       151320     23419204    0    0     0    68 6567 10598   3   0  97   0   0 2026-09-21 17:31:15
   1    0            0    102220544       151320     23419208    0    0     0     0 6668 10781   3   0  97   0   0 2026-09-21 17:31:16
   2    3            0    102070656       151332     23419200    0    0     0 919756 9774 13339   3   1  95   2   0 2026-09-21 17:31:17
   1    0            0    102056160       151336     23419424    0    0     0 121088 6134 11046   1   0  99   0   0 2026-09-21 17:31:18
   0    0            0    102057888       151340     23419424    0    0     0    64 5400 10615   0   0 100   0   0 2026-09-21 17:31:19
   0    0            0    102059184       151340     23419428    0    0     0    20 5566 10714   0   0 100   0   0 2026-09-21 17:31:20
   0    0            0    102060264       151340     23419432    0    0     0     0 5513 10760   0   0 100   0   0 2026-09-21 17:31:21
   0    0            0    102060656       151348     23419424    0    0     0  1228 5510 10779   0   0 100   0   0 2026-09-21 17:31:22
   0    0            0    102061280       151348     23419440    0    0     0     0 5474 10671   0   0 100   0   0 2026-09-21 17:31:23
   0    0            0    102062040       151348     23419440    0    0     0    36 5421 10639   0   0 100   0   0 2026-09-21 17:31:24
   0    0            0    102062288       151348     23419444    0    0     0     0 5488 10738   0   0 100   0   0 2026-09-21 17:31:25
   0    0            0    102062296       151348     23419448    0    0     0     0 5415 10604   0   0 100   0   0 2026-09-21 17:31:26
   5    0            0    102062800       151356     23419492    0    0     0 98404 7596 11076   5   0  94   0   0 2026-09-21 17:31:27
   7    0            0    102063560       151356     23419496    0    0     0     0 10690 11434  13   2  86   0   0 2026-09-21 17:31:28
   4    0            0    102070392       151356     23419496    0    0     0    48 9821 10779  11   0  88   0   0 2026-09-21 17:31:29
--procs-- -----------------------memory---------------------- ---swap-- -----io---- -system-- --------cpu-------- -----timestamp-----
   r    b         swpd         free         buff        cache   si   so    bi    bo   in   cs  us  sy  id  wa  st                 KST
   6    0            0    102077936       151356     23419500    0    0     0 110592 10248 11216  11   1  87   0   0 2026-09-21 17:31:30
   4    0            0    102084720       151356     23419504    0    0     0     0 10918 11062  13   2  86   0   0 2026-09-21 17:31:31
   4    0            0    102090152       151364     23419496    0    0     0    84 10563 11706  11   0  89   0   0 2026-09-21 17:31:32
   5    0            0    102094392       151380     23420096    0    0     0 1937408 14980 16695   8   2  87   3   0 2026-09-21 17:31:33
   5    0            0    102100880       151380     23420100    0    0     0    48 10899 10901  13   1  86   0   0 2026-09-21 17:31:34
   4    0            0    102106208       151380     23420104    0    0     0     0 10045 10858  11   0  89   0   0 2026-09-21 17:31:35
   1    0            0    102085008       151392     23420444    0    0     4 1015808 9976 13176   4   1  94   2   0 2026-09-21 17:31:36
   0    0            0    102088296       151400     23420452    0    0     0   932 5556 10767   0   0 100   0   0 2026-09-21 17:31:37
   0    0            0    102091344       151400     23420456    0    0     0    36 5517 10704   0   0 100   0   0 2026-09-21 17:31:38
   5    0            0    102096496       151400     23420476    0    0     0     0 9848 10821  10   1  88   0   0 2026-09-21 17:31:39
   4    0            0    102099408       151400     23420476    0    0     0    52 10500 10733  12   1  87   0   0 2026-09-21 17:31:40
   3    2            0    102112704       151404     23420580    0    0     0 545792 11189 12177  10   0  88   1   0 2026-09-21 17:31:41
   0    0            0    102112624       151416     23420896    0    0     0 503096 7348 12059   1   0  98   1   0 2026-09-21 17:31:42
   1    0            0    102108064       151416     23420904    0    0     0  8192 5801 10710   1   0  99   0   0 2026-09-21 17:31:43
   0    0            0    102110160       151416     23420908    0    0     0     0 5518 10604   0   0 100   0   0 2026-09-21 17:31:44
   0    0            0    102109952       151416     23420908    0    0     0   570 5523 10713   0   0 100   0   0 2026-09-21 17:31:45
   0    0            0    102113576       151416     23420908    0    0     0    12 5416 10635   0   0 100   0   0 2026-09-21 17:31:46
   0    0            0    102110208       151424     23420912    0    0     0    72 6554 11604   0   0  99   0   0 2026-09-21 17:31:47
   0    0            0    102124504       151424     23420920    0    0     0     0 5746 11043   0   0 100   0   0 2026-09-21 17:31:48
   0    0            0    102127352       151432     23420936    0    0     4    12 5479 10720   0   0 100   0   0 2026-09-21 17:31:49
   0    0            0    102128816       151432     23420936    0    0     0     0 5469 10610   0   0 100   0   0 2026-09-21 17:31:50
--procs-- -----------------------memory---------------------- ---swap-- -----io---- -system-- --------cpu-------- -----timestamp-----
   r    b         swpd         free         buff        cache   si   so    bi    bo   in   cs  us  sy  id  wa  st                 KST
   4    0            0    102129376       151432     23420936    0    0     0    40 8565 10641   7   0  92   0   0 2026-09-21 17:31:51
   5    0            0    102129704       151448     23421040    0    0     0 286968 7543 11590   3   0  96   1   0 2026-09-21 17:31:52
   0    0            0    102126704       151448     23421068    0    0     0 165932 6932 11194   2   0  97   0   0 2026-09-21 17:31:53
   0    0            0    102126352       151448     23421088    0    0     0     0 5341 10537   0   0 100   0   0 2026-09-21 17:31:54
   0    0            0    102125840       151448     23421088    0    0     0     0 5384 10574   0   0 100   0   0 2026-09-21 17:31:55
   0    0            0    102125592       151448     23421092    0    0     0     0 5412 10661   0   0 100   0   0 2026-09-21 17:31:56
   1    0            0    102124840       151460     23421088    0    0     0   240 5514 10770   0   0 100   0   0 2026-09-21 17:31:57
   0    0            0    102124840       151460     23421100    0    0     0     0 5634 11630   0   0 100   0   0 2026-09-21 17:31:58
   0    0            0    102125120       151460     23421100    0    0     0     0 5410 10562   0   0 100   0   0 2026-09-21 17:31:59
   0    0            0    102125120       151460     23421104    0    0     0     0 5431 10573   0   0 100   0   0 2026-09-21 17:32:00
   0    0            0    102124624       151460     23421104    0    0     0     0 5442 10639   0   0 100   0   0 2026-09-21 17:32:01
   2    0            0    102124880       151468     23421100    0    0     0    84 5338 10539   0   0 100   0   0 2026-09-21 17:32:02
   0    0            0    102124880       151468     23421112    0    0     0     0 5303 10461   0   0 100   0   0 2026-09-21 17:32:03
   0    0            0    102125128       151468     23421112    0    0     0     0 5350 10494   0   0 100   0   0 2026-09-21 17:32:04
   1    0            0    102124624       151468     23421124    0    0 540672     0 7070 11811   1   0  98   1   0 2026-09-21 17:32:05
   0    0            0    102124128       151468     23421124    0    0     0     0 5399 10543   0   0 100   0   0 2026-09-21 17:32:06
   5    2            0    102123008       151472     23421128    0    0     0    48 5666 10667   1   0  99   0   0 2026-09-21 17:32:07
   1    0            0    102122784       151476     23421228    0    0     0 213048 8288 11302   5   0  94   0   0 2026-09-21 17:32:08
   1    0            0    102122608       151476     23421232    0    0 425984     0 6776 11455   1   0  98   1   0 2026-09-21 17:32:09
   0    0            0    102123120       151476     23421244    0    0     0    20 5402 10567   0   0 100   0   0 2026-09-21 17:32:10
   0    0            0    102122112       151476     23421244    0    0     0     0 5472 10633   0   0 100   0   0 2026-09-21 17:32:11
--procs-- -----------------------memory---------------------- ---swap-- -----io---- -system-- --------cpu-------- -----timestamp-----
   r    b         swpd         free         buff        cache   si   so    bi    bo   in   cs  us  sy  id  wa  st                 KST
   0    1            0    102120848       151484     23421212    0    0     0   176 5775 10840   0   0 100   0   0 2026-09-21 17:32:12
   0    0            0    102119344       151484     23421224    0    0     0    60 5587 10709   0   0 100   0   0 2026-09-21 17:32:13
   0    0            0    102118840       151484     23421224    0    0     0     0 5439 10573   0   0 100   0   0 2026-09-21 17:32:14
   0    0            0    102118336       151484     23421228    0    0     0     0 5483 10631   0   0 100   0   0 2026-09-21 17:32:15
   0    0            0    102117584       151484     23421228    0    0     0   837 5486 10590   0   0 100   0   0 2026-09-21 17:32:16
   0    1            0    102116832       151484     23421236    0    0     0     4 5530 10872   0   0 100   0   0 2026-09-21 17:32:17
   0    0            0    102116832       151492     23421240    0    0     0    48 5426 10570   0   0 100   0   0 2026-09-21 17:32:18
   0    0            0    102116576       151492     23421240    0    0     0    40 5538 10582   0   0 100   0   0 2026-09-21 17:32:19
   0    0            0    102116320       151492     23421244    0    0     0     8 5397 10579   0   0 100   0   0 2026-09-21 17:32:20
   0    0            0    102116072       151492     23421248    0    0     0     0 5457 10682   0   0 100   0   0 2026-09-21 17:32:21
   0    0            0    102115568       151492     23421252    0    0     0     0 5422 10596   0   0 100   0   0 2026-09-21 17:32:22
   0    0            0    102115824       151508     23421256    0    0     0    52 5521 10740   0   0 100   0   0 2026-09-21 17:32:23
   0    0            0    102116336       151512     23421256    0    0     0    40 5424 10617   0   0 100   0   0 2026-09-21 17:32:24
   5    0            0    102116336       151512     23421260    0    0     0     0 5640 10701   1   0  99   0   0 2026-09-21 17:32:25
   0    0            0    102116584       151516     23421256    0    0     0 352256 10136 11588   9   1  89   1   0 2026-09-21 17:32:26
   0    0            0    102116864       151516     23421348    0    0     0     0 5452 10716   0   0 100   0   0 2026-09-21 17:32:27
   0    0            0    102116864       151524     23421352    0    0     0   536 5654 11620   0   0 100   0   0 2026-09-21 17:32:28
   0    0            0    102116864       151524     23421352    0    0     0    48 5511 10682   0   0 100   0   0 2026-09-21 17:32:29
   0    0            0    102116112       151524     23421360    0    0     0     0 5498 10697   0   0 100   0   0 2026-09-21 17:32:30
   0    0            0    102115864       151524     23421364    0    0     0     4 5684 10701   1   0  99   0   0 2026-09-21 17:32:31
   0    0            0    102116400       151524     23421364    0    0     0     0 5400 10607   0   0 100   0   0 2026-09-21 17:32:32
--procs-- -----------------------memory---------------------- ---swap-- -----io---- -system-- --------cpu-------- -----timestamp-----
   r    b         swpd         free         buff        cache   si   so    bi    bo   in   cs  us  sy  id  wa  st                 KST
   0    0            0    102115392       151532     23421372    0    0     0    44 5828 10941   1   0  99   0   0 2026-09-21 17:32:33
   0    0            0    102115648       151532     23421372    0    0     0    52 5405 10572   0   0 100   0   0 2026-09-21 17:32:34
   0    0            0    102114640       151532     23421376    0    0     0     0 5639 10679   0   0  99   0   0 2026-09-21 17:32:35
   1    0            0    102113120       151532     23421380    0    0     0     0 5400 10615   0   0 100   0   0 2026-09-21 17:32:36
   0    0            0    102113120       151532     23421380    0    0     0     0 5554 10710   0   0 100   0   0 2026-09-21 17:32:37
   0    0            0    102112880       151540     23421404    0    0     0    64 5577 10742   0   0 100   0   0 2026-09-21 17:32:38
   1    0            0    102113392       151540     23421408    0    0     0     0 5439 10594   0   0 100   0   0 2026-09-21 17:32:39
   5    0            0    102113648       151544     23421412    0    0     0    40 10502 10787  12   1  86   0   0 2026-09-21 17:32:40
   5    0            0    102117952       151544     23421412    0    0     0     0 9769 10852  11   0  88   0   0 2026-09-21 17:32:41
   0    0            0    102122464       151552     23421756    0    0 540672 884736 11180 14224   5   1  92   2   0 2026-09-21 17:32:42
   0    0            0    102122208       151560     23421764    0    0     0 16728 5835 10868   1   0  99   0   0 2026-09-21 17:32:43
   0    0            0    102122464       151560     23421768    0    0     0     0 5471 10623   0   0 100   0   0 2026-09-21 17:32:44
   0    0            0    102122208       151560     23421768    0    0     0    56 5485 10710   0   0 100   0   0 2026-09-21 17:32:45
   0    0            0    102122464       151568     23421780    0    0     0   317 5533 10725   0   0 100   0   0 2026-09-21 17:32:46
   1    0            0    102120704       151568     23421780    0    0     0    20 5449 10563   0   0 100   0   0 2026-09-21 17:32:47
   0    0            0    102125200       151592     23422336    0    0   552   444 7073 12074   0   0  99   0   0 2026-09-21 17:32:48
   0    0            0    102124448       151592     23422336    0    0     0     0 5415 10618   0   0 100   0   0 2026-09-21 17:32:49
   0    0            0    102124192       151592     23422340    0    0     0    40 5454 10620   0   0 100   0   0 2026-09-21 17:32:50
   0    0            0    102123696       151592     23422356    0    0     0     0 5434 10598   0   0 100   0   0 2026-09-21 17:32:51
   0    0            0    102123712       151592     23422360    0    0     0   568 5570 10698   0   0 100   0   0 2026-09-21 17:32:52
   0    0            0    102123456       151600     23422360    0    0     0    68 5560 10772   0   0 100   0   0 2026-09-21 17:32:53
--procs-- -----------------------memory---------------------- ---swap-- -----io---- -system-- --------cpu-------- -----timestamp-----
   r    b         swpd         free         buff        cache   si   so    bi    bo   in   cs  us  sy  id  wa  st                 KST
   1    0            0    102123208       151600     23422364    0    0     0     0 5411 10586   0   0 100   0   0 2026-09-21 17:32:54
   0    0            0    102123488       151600     23422368    0    0 249856    44 6366 11204   1   0  98   0   0 2026-09-21 17:32:55
   0    0            0    102122728       151600     23422372    0    0     0     0 5363 10561   0   0 100   0   0 2026-09-21 17:32:56
   1    0            0    102122728       151600     23422376    0    0     0     0 5428 10532   0   0 100   0   0 2026-09-21 17:32:57
   4    0            0    102122728       151608     23422376    0    0     0    40 8002 11370   6   0  94   0   0 2026-09-21 17:32:58
   4    0            0    102122728       151612     23422496    0    0     0 294912 10596 12476  11   1  88   1   0 2026-09-21 17:32:59
   0    0            0    102122504       151612     23422648    0    0     0 376884 7224 12708   1   0  98   1   0 2026-09-21 17:33:00
   0    0            0    102122000       151612     23422652    0    0     0     0 5671 11576   0   0 100   0   0 2026-09-21 17:33:01
   0    0            0    102121248       151612     23422656    0    0     0     0 5614 11440   0   0 100   0   0 2026-09-21 17:33:02
   0    0            0    102121248       151620     23422660    0    0     0   264 5645 11544   0   0 100   0   0 2026-09-21 17:33:03
   0    0            0    102119984       151620     23422664    0    0     0   276 5612 11340   0   0 100   0   0 2026-09-21 17:33:04
   0    0            0    102119984       151620     23422668    0    0     0    56 5678 11618   0   0 100   0   0 2026-09-21 17:33:05
   1    0            0    102119232       151620     23422672    0    0     0     0 5699 11716   0   0 100   0   0 2026-09-21 17:33:06
   0    0            0    102119232       151620     23422680    0    0     0     0 5601 11431   0   0 100   0   0 2026-09-21 17:33:07
   0    0            0    102118240       151628     23422692    0    0     0 131132 7460 11987   3   0  96   0   0 2026-09-21 17:33:08
   0    0            0    102117480       151628     23422736    0    0     0     0 5599 11302   0   0 100   0   0 2026-09-21 17:33:09
   0    0            0    102117480       151628     23422740    0    0     0    60 5531 11409   0   0 100   0   0 2026-09-21 17:33:10
   1    0            0    102116976       151628     23422740    0    0     0     0 5673 11594   0   0 100   0   0 2026-09-21 17:33:11
   1    0            0    102116480       151628     23422744    0    0     0     0 5826 11736   0   0 100   0   0 2026-09-21 17:33:12
   0    0            0    102115968       151636     23422744    0    0     0   240 5858 11828   0   0 100   0   0 2026-09-21 17:33:13
   0    0            0    102115736       151636     23422748    0    0     0     0 5655 11716   0   0 100   0   0 2026-09-21 17:33:14
--procs-- -----------------------memory---------------------- ---swap-- -----io---- -system-- --------cpu-------- -----timestamp-----
   r    b         swpd         free         buff        cache   si   so    bi    bo   in   cs  us  sy  id  wa  st                 KST
   0    0            0    102115232       151636     23422752    0    0     0    36 5557 11546   0   0 100   0   0 2026-09-21 17:33:15
   0    0            0    102114480       151636     23422752    0    0     0   540 5627 11638   0   0 100   0   0 2026-09-21 17:33:16
   0    0            0    102113984       151636     23422752    0    0     0     0 5683 11551   0   0 100   0   0 2026-09-21 17:33:17
   0    0            0    102113224       151644     23422756    0    0     0    44 5625 11498   0   0 100   0   0 2026-09-21 17:33:18
   0    0            0    102112720       151644     23422756    0    0     0     0 5594 11438   0   0 100   0   0 2026-09-21 17:33:19
   0    0            0    102111712       151644     23422764    0    0     0    36 5677 11520   0   0 100   0   0 2026-09-21 17:33:20
   0    0            0    102110704       151644     23422764    0    0     0     0 5678 11421   0   0 100   0   0 2026-09-21 17:33:21
   0    0            0    102110704       151644     23422764    0    0     0     0 5609 11318   0   0 100   0   0 2026-09-21 17:33:22
   0    0            0    102110704       151652     23422776    0    0     0 32844 6154 11464   1   0  99   0   0 2026-09-21 17:33:23
   5    0            0    102110704       151652     23422784    0    0     0     0 8085 11225   6   1  93   0   0 2026-09-21 17:33:24
   4    0            0    102110704       151652     23422792    0    0     0    52 11185 11723  12   1  86   0   0 2026-09-21 17:33:25
   4    0            0    102110704       151652     23422792    0    0     0     0 9931 11290  11   0  89   0   0 2026-09-21 17:33:26
   0    0            0    102110256       151664     23423296    0    0     0 1015808 9469 13927   2   1  95   2   0 2026-09-21 17:33:27
   5    0            0    102109760       151672     23423300    0    0     0   408 6265 11526   2   0  98   0   0 2026-09-21 17:33:28
   4    0            0    102110016       151672     23423312    0    0     0     0 10070 10735  12   1  87   0   0 2026-09-21 17:33:29
   1    0            0    102058048       151676     23423524    0    0 221184 680012 11466 13170   9   0  88   2   0 2026-09-21 17:33:30
   0    0            0    102057312       151676     23423664    0    0     0     0 5517 10736   0   0 100   0   0 2026-09-21 17:33:31
   1    0            0    102056560       151676     23423660    0    0     0     0 5676 10781   0   0 100   0   0 2026-09-21 17:33:32
   4    0            0    102056064       151684     23423676    0    0     0   880 10249 10796  12   1  87   0   0 2026-09-21 17:33:33
   1    0            0    102055080       151688     23423884    0    0 55296 671744 10755 12593   9   0  89   2   0 2026-09-21 17:33:34
   0    0            0    102054352       151692     23423980    0    0     0 49228 6644 11147   2   0  97   0   0 2026-09-21 17:33:35
--procs-- -----------------------memory---------------------- ---swap-- -----io---- -system-- --------cpu-------- -----timestamp-----
   r    b         swpd         free         buff        cache   si   so    bi    bo   in   cs  us  sy  id  wa  st                 KST
   0    0            0    102053856       151692     23423980    0    0     0     0 5505 10673   0   0 100   0   0 2026-09-21 17:33:36
   0    0            0    102054104       151692     23423984    0    0     0     0 5499 10641   0   0 100   0   0 2026-09-21 17:33:37
   2    0            0    102054384       151700     23423976    0    0     0   296 5500 10676   0   0 100   0   0 2026-09-21 17:33:38
   0    0            0    102055728       151700     23423980    0    0     0     0 5481 10624   0   0 100   0   0 2026-09-21 17:33:39
   0    0            0    102057008       151700     23423988    0    0     0    44 5413 10565   0   0 100   0   0 2026-09-21 17:33:40
   0    0            0    102058560       151700     23423992    0    0     0     0 5477 10637   0   0 100   0   0 2026-09-21 17:33:41
   5    0            0    102060352       151700     23424008    0    0     0     0 9674 10654  11   1  88   0   0 2026-09-21 17:33:42
   4    0            0    102062816       151708     23424008    0    0     0   312 10148 10783  12   1  87   0   0 2026-09-21 17:33:43
   4    1            0    102064320       151712     23424116    0    0     0 279552 10885 12325  10   1  89   1   0 2026-09-21 17:33:44
   4    0            0    102064176       151720     23424504    0    0     4 711680 10800 13172   8   1  89   2   0 2026-09-21 17:33:45
   0    0            0    102063800       151724     23424796    0    0 73728 574145 8498 12324   3   1  95   1   0 2026-09-21 17:33:46
   0    0            0    102063800       151724     23424796    0    0     0     0 5613 10797   0   0 100   0   0 2026-09-21 17:33:47
   0    0            0    102069024       151732     23424808    0    0     0   476 6846 12032   0   0  99   0   0 2026-09-21 17:33:48
   0    0            0    102068384       151732     23424808    0    0     0     0 5539 10762   0   0 100   0   0 2026-09-21 17:33:49
   1    0            0    102068640       151732     23424808    0    0     0     0 5532 10720   0   0 100   0   0 2026-09-21 17:33:50
   0    0            0    102068664       151732     23424812    0    0     0    60 5529 10632   0   0 100   0   0 2026-09-21 17:33:51
   0    0            0    102069672       151732     23424820    0    0     0     0 5482 10579   0   0 100   0   0 2026-09-21 17:33:52
   2    0            0    102069184       151740     23424840    0    0     0  1116 5662 10762   0   0 100   0   0 2026-09-21 17:33:53
   4    0            0    102070712       151740     23424848    0    0     0     0 6824 10714   3   0  96   0   0 2026-09-21 17:33:54
   0    0            0    102075896       151740     23424956    0    0     0 376832 9453 11657   7   0  92   1   0 2026-09-21 17:33:55
   0    0            0    102075344       151740     23425120    0    0     0    56 5526 10693   0   0 100   0   0 2026-09-21 17:33:56
--procs-- -----------------------memory---------------------- ---swap-- -----io---- -system-- --------cpu-------- -----timestamp-----
   r    b         swpd         free         buff        cache   si   so    bi    bo   in   cs  us  sy  id  wa  st                 KST
   0    0            0    102074344       151740     23425120    0    0     0     0 5699 10773   0   0 100   0   0 2026-09-21 17:33:57
   0    0            0    102074928       151748     23425124    0    0     0   200 5661 11567   0   0 100   0   0 2026-09-21 17:33:58
   0    0            0    102075184       151748     23425124    0    0     0   136 5461 10549   0   0 100   0   0 2026-09-21 17:33:59
   0    0            0    102075680       151748     23425136    0    0 540672     0 7108 11853   1   0  97   1   0 2026-09-21 17:34:00
   0    0            0    102075936       151748     23425140    0    0     0    60 5476 10692   0   0 100   0   0 2026-09-21 17:34:01
   0    0            0    102074432       151748     23425144    0    0     0     0 5362 10515   0   0 100   0   0 2026-09-21 17:34:02
   0    0            0    102074432       151756     23425148    0    0     0   276 5448 10661   0   0 100   0   0 2026-09-21 17:34:03
   0    0            0    102073424       151756     23425152    0    0     0     0 5481 10635   0   0 100   0   0 2026-09-21 17:34:04
   0    0            0    102073424       151756     23425152    0    0     0     0 5503 10702   0   0 100   0   0 2026-09-21 17:34:05
   0    0            0    102072672       151760     23425152    0    0    60     0 5561 10759   0   0 100   0   0 2026-09-21 17:34:06
   0    0            0    102072168       151760     23425240    0    0     0    40 5403 10599   0   0 100   0   0 2026-09-21 17:34:07
   0    0            0    102072416       151776     23425244    0    0     0    88 5530 10711   0   0 100   0   0 2026-09-21 17:34:08
   0    0            0    102071664       151776     23425244    0    0     0     0 5461 10606   0   0 100   0   0 2026-09-21 17:34:09
   0    0            0    102071160       151776     23425248    0    0     0     0 5447 10603   0   0 100   0   0 2026-09-21 17:34:10
   0    0            0    102071160       151776     23425248    0    0     0     0 5442 10609   0   0 100   0   0 2026-09-21 17:34:11
   0    0            0    102069904       151776     23425256    0    0     0   304 5749 10735   0   0 100   0   0 2026-09-21 17:34:12
   0    0            0    102070160       151784     23425260    0    0     0    92 5657 10794   0   0 100   0   0 2026-09-21 17:34:13
   0    0            0    102069648       151784     23425264    0    0     0  8192 5818 10669   1   0  99   0   0 2026-09-21 17:34:14
   0    0            0    102070160       151784     23425268    0    0     0     0 5408 10569   0   0 100   0   0 2026-09-21 17:34:15
   1    0            0    102070408       151784     23425268    0    0     0  1179 5638 10743   0   0 100   0   0 2026-09-21 17:34:16
   0    0            0    102068896       151784     23425272    0    0     0    52 5551 10827   0   0 100   0   0 2026-09-21 17:34:17
--procs-- -----------------------memory---------------------- ---swap-- -----io---- -system-- --------cpu-------- -----timestamp-----
   r    b         swpd         free         buff        cache   si   so    bi    bo   in   cs  us  sy  id  wa  st                 KST
   0    0            0    102069408       151792     23425272    0    0     0    48 5400 10595   0   0 100   0   0 2026-09-21 17:34:18
   0    0            0    102069408       151792     23425272    0    0     0     8 5452 10535   0   0 100   0   0 2026-09-21 17:34:19
   5    0            0    102068648       151792     23425276    0    0     0     0 6302 10617   2   0  97   0   0 2026-09-21 17:34:20
   5    0            0    102072224       151792     23425284    0    0     0     0 10487 10594  12   1  86   0   0 2026-09-21 17:34:21
   2    4            0    102072472       151800     23425280    0    0     0 755768 11175 12381  10   0  88   2   0 2026-09-21 17:34:22
   1    0            0    102076288       151808     23425600    0    0     0 47752 5923 10886   0   0  99   0   0 2026-09-21 17:34:23
   0    0            0    102075280       151808     23425600    0    0     0     0 5445 10551   0   0 100   0   0 2026-09-21 17:34:24
   0    0            0    102075280       151808     23425604    0    0     0     0 5543 10641   0   0 100   0   0 2026-09-21 17:34:25
   0    0            0    102074576       151808     23425608    0    0 360448     0 6672 11308   1   0  98   1   0 2026-09-21 17:34:26
   0    0            0    102073824       151808     23425612    0    0     0     0 5394 10573   0   0 100   0   0 2026-09-21 17:34:27
   0    0            0    102073568       151816     23425616    0    0     0   120 5602 11446   0   0 100   0   0 2026-09-21 17:34:28
   0    0            0    102072816       151816     23425620    0    0     0     0 5472 10633   0   0 100   0   0 2026-09-21 17:34:29
   0    0            0    102072568       151816     23425624    0    0     0     0 5441 10603   0   0 100   0   0 2026-09-21 17:34:30
   2    0            0    102072320       151816     23425624    0    0     0     0 5397 10582   0   0 100   0   0 2026-09-21 17:34:31
   5    0            0    102072320       151816     23425628    0    0     0     0 6895 10558   4   1  96   0   0 2026-09-21 17:34:32
   3    2            0    102072320       151824     23425652    0    0     0 191616 10167 11152  11   0  88   0   0 2026-09-21 17:34:33
   0    0            0    102071344       151828     23425916    0    0     0 340992 6751 11580   1   0  98   1   0 2026-09-21 17:34:34
   0    0            0    102070832       151828     23425920    0    0     0     0 5454 10559   0   0 100   0   0 2026-09-21 17:34:35
   0    0            0    102070584       151828     23425964    0    0     0 180224 7744 11112   5   0  95   0   0 2026-09-21 17:34:36
   0    0            0    102069824       151828     23426080    0    0     0     0 5456 10656   0   0 100   0   0 2026-09-21 17:34:37
   0    0            0    102072176       151836     23426104    0    0 40960   364 5859 10877   1   0  99   0   0 2026-09-21 17:34:38
--procs-- -----------------------memory---------------------- ---swap-- -----io---- -system-- --------cpu-------- -----timestamp-----
   r    b         swpd         free         buff        cache   si   so    bi    bo   in   cs  us  sy  id  wa  st                 KST
   0    0            0    102072176       151836     23426104    0    0     0     0 5429 10549   0   0 100   0   0 2026-09-21 17:34:39
   0    0            0    102071920       151836     23426108    0    0     0     0 5384 10542   0   0 100   0   0 2026-09-21 17:34:40
   0    0            0    102070416       151836     23426124    0    0 540672     0 7192 11919   1   0  98   1   0 2026-09-21 17:34:41
   0    0            0    102069664       151836     23426124    0    0     0     0 5440 10666   0   0 100   0   0 2026-09-21 17:34:42
   0    0            0    102069912       151844     23426116    0    0     0   356 5512 10671   0   0 100   0   0 2026-09-21 17:34:43
   5    0            0    102070160       151844     23426144    0    0     0    60 8506 10681   7   1  92   0   0 2026-09-21 17:34:44
   4    0            0    102070672       151844     23426152    0    0     0     0 10947 10735  12   1  86   0   0 2026-09-21 17:34:45
   4    0            0    102070920       151844     23426152    0    0     0   394 10114 10584  11   0  89   0   0 2026-09-21 17:34:46
   0    0            0    102071704       151852     23426508    0    0     4 1024000 9139 13139   2   1  95   2   0 2026-09-21 17:34:47
   0    0            0    102071336       151860     23426512    0    0     0   368 6642 11952   0   0  99   0   0 2026-09-21 17:34:48
   0    0            0    102070864       151860     23426524    0    0     0     0 5457 10624   0   0 100   0   0 2026-09-21 17:34:49
   0    0            0    102069352       151864     23426528    0    0     0    64 5412 10615   0   0 100   0   0 2026-09-21 17:34:50
   0    0            0    102069104       151864     23426532    0    0     0     0 5428 10621   0   0 100   0   0 2026-09-21 17:34:51
   1    0            0    102067840       151864     23426536    0    0     0     0 5427 10607   0   0 100   0   0 2026-09-21 17:34:52
   0    0            0    102067600       151872     23426540    0    0     0  1072 5686 10893   0   0 100   0   0 2026-09-21 17:34:53
   0    0            0    102068136       151872     23426544    0    0     0     0 5423 10547   0   0 100   0   0 2026-09-21 17:34:54
   0    0            0    102068136       151872     23426544    0    0     0    36 5437 10574   0   0 100   0   0 2026-09-21 17:34:55
   0    0            0    102067632       151872     23426548    0    0     0     0 5394 10563   0   0 100   0   0 2026-09-21 17:34:56
   0    0            0    102067384       151872     23426556    0    0     0     0 5452 10621   0   0 100   0   0 2026-09-21 17:34:57
   0    0            0    102066896       151880     23426556    0    0     0    48 5599 11591   0   0 100   0   0 2026-09-21 17:34:58
   0    0            0    102066176       151880     23426560    0    0     0     0 5452 10514   0   0 100   0   0 2026-09-21 17:34:59
--procs-- -----------------------memory---------------------- ---swap-- -----io---- -system-- --------cpu-------- -----timestamp-----
   r    b         swpd         free         buff        cache   si   so    bi    bo   in   cs  us  sy  id  wa  st                 KST
   0    0            0    102065920       151880     23426564    0    0     0    44 5412 10574   0   0 100   0   0 2026-09-21 17:35:00
   0    0            0    102066176       151880     23426564    0    0     0     0 5498 10760   0   0 100   0   0 2026-09-21 17:35:01
   0    0            0    102065824       151880     23426572    0    0     0     0 5496 10620   0   0 100   0   0 2026-09-21 17:35:02
   0    0            0    102065576       151888     23426572    0    0     0    92 5451 10667   0   0 100   0   0 2026-09-21 17:35:03
   0    0            0    102065328       151888     23426576    0    0     0     0 5423 10568   0   0 100   0   0 2026-09-21 17:35:04
   0    0            0    102065072       151888     23426580    0    0     0     0 5496 10692   0   0 100   0   0 2026-09-21 17:35:05
   0    0            0    102065072       151888     23426580    0    0     0 65576 6374 10924   2   0  98   0   0 2026-09-21 17:35:06
   0    0            0    102063824       151888     23426624    0    0     0     0 5439 10590   0   0 100   0   0 2026-09-21 17:35:07
   5    0            0    102064080       151896     23426624    0    0     0   104 8070 10689   6   1  93   0   0 2026-09-21 17:35:08
   3    2            0    102064600       151900     23426628    0    0     0 306176 10215 11582  11   0  88   1   0 2026-09-21 17:35:09
   0    0            0    102063424       151904     23426980    0    0 155648 291840 7178 11848   1   0  98   1   0 2026-09-21 17:35:10
   0    0            0    102063744       151904     23426988    0    0     0 57412 6268 10957   2   0  98   0   0 2026-09-21 17:35:11
   1    0            0    102062800       151904     23426992    0    0     0     0 5844 10789   0   0 100   0   0 2026-09-21 17:35:12
   5    0            0    102062304       151912     23427012    0    0     0   612 7853 10877   5   1  94   0   0 2026-09-21 17:35:13
   4    0            0    102061552       151912     23427012    0    0     0     0 10369 10664  12   1  88   0   0 2026-09-21 17:35:14
   2    0            0    102060384       151916     23427400    0    0     0 843776 10906 12975   7   1  91   2   0 2026-09-21 17:35:15
   0    0            0    102060264       151916     23427400    0    0     0    64 5573 10727   0   0 100   0   0 2026-09-21 17:35:16
   5    0            0    102060208       151916     23427400    0    0     0   865 7149 10971   4   1  96   0   0 2026-09-21 17:35:17
   5    0            0    102059464       151924     23427428    0    0     0   344 10818 10968  13   1  86   0   0 2026-09-21 17:35:18
   4    0            0    102059216       151924     23427428    0    0     0    12 10954 11311  11   0  88   0   0 2026-09-21 17:35:19
   5    0            0    102057728       151932     23427820    0    0     0 520192 11301 12974   8   1  89   1   0 2026-09-21 17:35:20
--procs-- -----------------------memory---------------------- ---swap-- -----io---- -system-- --------cpu-------- -----timestamp-----
   r    b         swpd         free         buff        cache   si   so    bi    bo   in   cs  us  sy  id  wa  st                 KST
   5    0            0    102057256       151936     23427948    0    0     0 503864 10941 13575   8   2  89   1   0 2026-09-21 17:35:21
   4    0            0    102056504       151936     23428048    0    0     0     0 10249 10621  11   0  89   0   0 2026-09-21 17:35:22
   1    0            0    102054120       151948     23428424    0    0 425984 1025096 11076 14272   5   1  92   3   0 2026-09-21 17:35:23
   0    0            0    102053408       151948     23428428    0    0     0     0 5494 10647   0   0 100   0   0 2026-09-21 17:35:24
   0    0            0    102053160       151952     23428428    0    0     0 196608 8364 11370   6   0  93   1   0 2026-09-21 17:35:25
   0    0            0    102053160       151952     23428584    0    0     0    92 5558 10641   0   0 100   0   0 2026-09-21 17:35:26
   0    0            0    102052408       151952     23428584    0    0     0     0 5372 10558   0   0 100   0   0 2026-09-21 17:35:27
   1    0            0    102051400       151960     23428592    0    0     0   460 5886 11632   1   0  99   0   0 2026-09-21 17:35:28
   0    0            0    102050392       151960     23428596    0    0     0     0 5579 11456   0   0 100   0   0 2026-09-21 17:35:29
   0    0            0    102050144       151960     23428596    0    0     0     0 5576 11301   0   0 100   0   0 2026-09-21 17:35:30
   0    0            0    102048880       151960     23428600    0    0     0     0 5584 11534   0   0 100   0   0 2026-09-21 17:35:31
   2    0            0    102048880       151960     23428600    0    0     0    44 5530 11371   0   0 100   0   0 2026-09-21 17:35:32
   5    0            0    102048384       151968     23428628    0    0     0   484 9529 11444   9   1  90   0   0 2026-09-21 17:35:33
   4    0            0    102048384       151968     23428632    0    0     0     0 10673 11195  12   1  88   0   0 2026-09-21 17:35:34
   1    0            0    102047416       151976     23428624    0    0 540672 843776 12115 14657   7   1  90   3   0 2026-09-21 17:35:35
   0    0            0    102047144       151976     23428992    0    0     0     0 5670 11663   0   0 100   0   0 2026-09-21 17:35:36
   1    0            0    102045888       151976     23428992    0    0     0    68 5762 11723   0   0 100   0   0 2026-09-21 17:35:37
   0    0            0    102045384       151984     23428996    0    0     0   300 5631 11643   0   0 100   0   0 2026-09-21 17:35:38
   1    0            0    102044376       151984     23429000    0    0     0     0 5607 11448   0   0 100   0   0 2026-09-21 17:35:39
   1    0            0    102044128       151984     23429008    0    0     0 253952 8919 11978   7   0  92   0   0 2026-09-21 17:35:40
   0    0            0    102043296       151984     23429184    0    0     0     0 5822 11588   0   0  99   0   0 2026-09-21 17:35:41
--procs-- -----------------------memory---------------------- ---swap-- -----io---- -system-- --------cpu-------- -----timestamp-----
   r    b         swpd         free         buff        cache   si   so    bi    bo   in   cs  us  sy  id  wa  st                 KST
   0    0            0    102042792       151984     23429184    0    0     0    52 5644 11493   0   0 100   0   0 2026-09-21 17:35:42
   0    0            0    102042792       151992     23429188    0    0     0   556 5647 11758   0   0 100   0   0 2026-09-21 17:35:43
   0    0            0    102042032       151992     23429196    0    0     0     0 5592 11292   0   0 100   0   0 2026-09-21 17:35:44
   1    0            0    102041280       151992     23429200    0    0     0     0 5667 11665   0   0 100   0   0 2026-09-21 17:35:45
   0    0            0    102040272       151992     23429200    0    0     0     0 5641 11672   0   0 100   0   0 2026-09-21 17:35:46
   5    0            0    102040392       151992     23429228    0    0     0  1288 6079 11734   1   0  99   0   0 2026-09-21 17:35:47
   5    0            0    102051600       152000     23429244    0    0     4    52 12542 12914  13   2  85   0   0 2026-09-21 17:35:48
   4    0            0    102052752       152000     23429392    0    0     0     0 10700 11708  12   1  88   0   0 2026-09-21 17:35:49
   1    0            0    102052496       152016     23429468    0    0     4 1024000 11925 14339   8   1  89   2   0 2026-09-21 17:35:50
   0    0            0    102051464       152016     23429788    0    0     0     0 5670 11821   0   0 100   0   0 2026-09-21 17:35:51
   0    0            0    102049584       152016     23429792    0    0     0     0 5564 11423   0   0 100   0   0 2026-09-21 17:35:52
   5    0            0    102049328       152024     23429792    0    0 14336   824 7469 11526   4   1  95   0   0 2026-09-21 17:35:53
   0    0            0    102049136       152084     23429896    0    0     0 451148 10471 12453   9   0  89   1   0 2026-09-21 17:35:54
   0    0            0    102049648       152084     23430020    0    0     0     0 5624 11513   0   0 100   0   0 2026-09-21 17:35:55
   0    0            0    102049392       152084     23430024    0    0     0     0 5688 11628   0   0 100   0   0 2026-09-21 17:35:56
   0    0            0    102049144       152084     23430032    0    0     0     0 5695 11538   0   0 100   0   0 2026-09-21 17:35:57
   0    0            0    102048656       152092     23430032    0    0     0   324 5668 11586   0   0 100   0   0 2026-09-21 17:35:58
   0    0            0    102047904       152092     23430036    0    0     0     0 5682 11530   0   0 100   0   0 2026-09-21 17:35:59
   1    0            0    102047168       152092     23430036    0    0     0     0 5467 10629   0   0 100   0   0 2026-09-21 17:36:00
   0    0            0    102047680       152092     23430036    0    0     0     0 5494 10673   0   0 100   0   0 2026-09-21 17:36:01
   0    0            0    102048720       152092     23430040    0    0     0     0 5365 10521   0   0 100   0   0 2026-09-21 17:36:02
--procs-- -----------------------memory---------------------- ---swap-- -----io---- -system-- --------cpu-------- -----timestamp-----
   r    b         swpd         free         buff        cache   si   so    bi    bo   in   cs  us  sy  id  wa  st                 KST
   0    0            0    102049232       152100     23430044    0    0     0   292 5547 10731   0   0 100   0   0 2026-09-21 17:36:03
   0    0            0    102047464       152100     23430044    0    0     0     0 5514 10625   0   0 100   0   0 2026-09-21 17:36:04
   0    0            0    102047712       152100     23430048    0    0     0     0 5503 10659   0   0 100   0   0 2026-09-21 17:36:05
   0    0            0    102048736       152100     23430048    0    0     0  8192 5697 10749   1   0  99   0   0 2026-09-21 17:36:06
   0    0            0    102047728       152100     23430052    0    0     0     0 5409 10622   0   0 100   0   0 2026-09-21 17:36:07
   0    0            0    102046448       152108     23430056    0    0     0    36 5519 10676   0   0 100   0   0 2026-09-21 17:36:08
   0    0            0    102046456       152108     23430056    0    0     0    44 5517 10678   0   0 100   0   0 2026-09-21 17:36:09
   1    0            0    102046208       152108     23430060    0    0     0     0 5425 10594   0   0 100   0   0 2026-09-21 17:36:10
   0    0            0    102045984       152108     23430076    0    0 425984     0 6900 11660   1   0  98   1   0 2026-09-21 17:36:11
   0    0            0    102045232       152108     23430080    0    0     0     0 5777 10799   0   0 100   0   0 2026-09-21 17:36:12
   0    0            0    102044488       152116     23430080    0    0     0    96 5727 10855   0   0 100   0   0 2026-09-21 17:36:13
   0    0            0    102044240       152116     23430084    0    0     0     0 5507 10540   0   0 100   0   0 2026-09-21 17:36:14
   0    0            0    102044240       152116     23430084    0    0     0    60 5420 10550   0   0 100   0   0 2026-09-21 17:36:15
   0    0            0    102044240       152116     23430088    0    0     0     0 5420 10627   0   0 100   0   0 2026-09-21 17:36:16
   0    0            0    102043728       152116     23430088    0    0     0  1409 5629 10804   0   0 100   0   0 2026-09-21 17:36:17
   4    0            0    102042976       152124     23430096    0    0     0    64 6744 10629   4   0  96   0   0 2026-09-21 17:36:18
   0    0            0    102043312       152176     23430180    0    0     4 221192 7010 11208   3   0  96   0   0 2026-09-21 17:36:19
   0    0            0    102039776       152176     23430188    0    0     0    60 5458 10579   0   0 100   0   0 2026-09-21 17:36:20
   0    0            0    102039776       152176     23430188    0    0     0     0 5426 10653   0   0 100   0   0 2026-09-21 17:36:21
   0    0            0    102039776       152176     23430188    0    0     0     0 5422 10575   0   0 100   0   0 2026-09-21 17:36:22
   0    0            0    102039528       152184     23430196    0    0     0   344 5509 10666   0   0 100   0   0 2026-09-21 17:36:23
--procs-- -----------------------memory---------------------- ---swap-- -----io---- -system-- --------cpu-------- -----timestamp-----
   r    b         swpd         free         buff        cache   si   so    bi    bo   in   cs  us  sy  id  wa  st                 KST
   0    0            0    102038776       152184     23430196    0    0     0     0 5458 10668   0   0 100   0   0 2026-09-21 17:36:24
   0    0            0    102038776       152184     23430200    0    0     0    36 5502 10672   0   0 100   0   0 2026-09-21 17:36:25
   0    0            0    102038776       152184     23430200    0    0     0     0 5424 10624   0   0 100   0   0 2026-09-21 17:36:26
   1    0            0    102038048       152184     23430204    0    0     0     0 5462 10598   0   0 100   0   0 2026-09-21 17:36:27
   0    0            0    102037568       152192     23430208    0    0     0    52 5469 10665   0   0 100   0   0 2026-09-21 17:36:28
   1    0            0    102038080       152192     23430212    0    0     0     0 5641 11721   0   0 100   0   0 2026-09-21 17:36:29
   0    0            0    102037576       152192     23430216    0    0 278528    52 6303 11132   1   0  98   1   0 2026-09-21 17:36:30
   0    0            0    102037792       152192     23430220    0    0     0     0 5574 10694   0   0 100   0   0 2026-09-21 17:36:31
   0    0            0    102037792       152192     23430224    0    0     0     0 5508 10607   0   0 100   0   0 2026-09-21 17:36:32
   0    0            0    102037296       152200     23430228    0    0     0    96 5438 10754   0   0 100   0   0 2026-09-21 17:36:33
   0    0            0    102037296       152200     23430232    0    0     0     0 5399 10544   0   0 100   0   0 2026-09-21 17:36:34
   0    0            0    102036032       152200     23430232    0    0     0    40 5381 10519   0   0 100   0   0 2026-09-21 17:36:35
   0    0            0    102036792       152200     23430236    0    0     0     0 5392 10544   0   0 100   0   0 2026-09-21 17:36:36
   0    0            0    102036288       152200     23430240    0    0     0     0 5484 10640   0   0 100   0   0 2026-09-21 17:36:37
   0    0            0    102035584       152208     23430240    0    0     0    48 5415 10596   0   0 100   0   0 2026-09-21 17:36:38
   0    0            0    102035328       152208     23430244    0    0     0     0 5471 10591   0   0 100   0   0 2026-09-21 17:36:39
   1    0            0    102034848       152208     23430244    0    0     0     0 5534 10696   0   0 100   0   0 2026-09-21 17:36:40
   0    0            0    102034944       152208     23430248    0    0     0    36 5454 10677   0   0 100   0   0 2026-09-21 17:36:41
   0    0            0    102033936       152208     23430252    0    0     0     0 5454 10571   0   0 100   0   0 2026-09-21 17:36:42
   0    0            0    102033440       152216     23430252    0    0     0    68 5437 10693   0   0 100   0   0 2026-09-21 17:36:43
   5    0            0    102033696       152216     23430268    0    0     0     0 9553 10818  10   1  89   0   0 2026-09-21 17:36:44
--procs-- -----------------------memory---------------------- ---swap-- -----io---- -system-- --------cpu-------- -----timestamp-----
   r    b         swpd         free         buff        cache   si   so    bi    bo   in   cs  us  sy  id  wa  st                 KST
   4    0            0    102034192       152216     23430280    0    0     0     0 9739 10769  11   0  88   0   0 2026-09-21 17:36:45
   0    0            0    102032680       152400     23430684    0    0     0 778312 8869 13083   3   0  95   1   0 2026-09-21 17:36:46
   0    0            0    102032176       152400     23430692    0    0     0   595 5610 10644   0   0 100   0   0 2026-09-21 17:36:47
   0    0            0    102030216       152408     23430696    0    0     0   320 5562 10724   0   0 100   0   0 2026-09-21 17:36:48
   1    0            0    102038272       152484     23430744    0    0 540672 294912 12449 14489   9   1  89   2   0 2026-09-21 17:36:49
   0    0            0    102042024       152484     23430860    0    0     0     0 5611 10644   1   0  99   0   0 2026-09-21 17:36:50
   0    0            0    102042032       152484     23430860    0    0     0     0 5537 10698   0   0 100   0   0 2026-09-21 17:36:51
   0    0            0    102042280       152484     23430868    0    0     0    64 5527 10660   0   0 100   0   0 2026-09-21 17:36:52
   0    0            0    102041328       152492     23430868    0    0     0   648 5584 10749   0   0 100   0   0 2026-09-21 17:36:53
   0    0            0    102041584       152492     23430876    0    0     0   548 5582 10726   0   0 100   0   0 2026-09-21 17:36:54
   1    0            0    102039824       152492     23430884    0    0     0     0 5539 10644   0   0 100   0   0 2026-09-21 17:36:55
   0    0            0    102039784       152492     23430884    0    0     0     0 5435 10561   0   0 100   0   0 2026-09-21 17:36:56
   1    0            0    102039280       152492     23430884    0    0     0    36 5438 10595   0   0 100   0   0 2026-09-21 17:36:57
   0    0            0    102038528       152500     23430892    0    0     0    44 5428 10632   0   0 100   0   0 2026-09-21 17:36:58
   0    0            0    102039296       152500     23430892    0    0     0     0 5567 11407   0   0 100   0   0 2026-09-21 17:36:59
   0    0            0    102038800       152500     23430896    0    0     0     0 5596 11491   0   0 100   0   0 2026-09-21 17:37:00
   0    0            0    102039048       152500     23430900    0    0     0     0 5688 11668   0   0 100   0   0 2026-09-21 17:37:01
   0    0            0    102039216       152500     23430900    0    0     0     0 5621 11415   0   0 100   0   0 2026-09-21 17:37:02
   5    0            0    102038960       152508     23430892    0    0     0   120 8485 11315   7   1  92   0   0 2026-09-21 17:37:03
   4    0            0    102039424       152508     23430928    0    0     0     0 10501 11460  12   1  86   0   0 2026-09-21 17:37:04
   4    0            0    102040176       152508     23430932    0    0     0     0 9753 11537  11   0  89   0   0 2026-09-21 17:37:05
--procs-- -----------------------memory---------------------- ---swap-- -----io---- -system-- --------cpu-------- -----timestamp-----
   r    b         swpd         free         buff        cache   si   so    bi    bo   in   cs  us  sy  id  wa  st                 KST
   1    0            0    102036768       152808     23431376    0    0 606208 1187840 13788 16301   8   1  88   4   0 2026-09-21 17:37:06
   0    0            0    102037168       152808     23431420    0    0     0     0 5718 11644   0   0 100   0   0 2026-09-21 17:37:07
   0    0            0    102037168       152816     23431424    0    0     0   548 5673 11594   0   0 100   0   0 2026-09-21 17:37:08
   0    0            0    102036912       152816     23431428    0    0     0     0 5644 11310   0   0 100   0   0 2026-09-21 17:37:09
   0    0            0    102037168       152816     23431428    0    0     0     0 5744 11625   0   0 100   0   0 2026-09-21 17:37:10
   1    0            0    102037424       152876     23431484    0    0     0 204800 8455 12138   6   0  94   0   0 2026-09-21 17:37:11
   0    0            0    102035696       152876     23431640    0    0     0     0 5967 11840   0   0  99   0   0 2026-09-21 17:37:12
   0    0            0    102036456       152924     23431640    0    0     0 221916 8810 12372   6   0  93   0   0 2026-09-21 17:37:13
   0    0            0    102036752       152924     23431708    0    0     0     0 5727 11513   0   0 100   0   0 2026-09-21 17:37:14
   0    0            0    102036248       152924     23431712    0    0     0     0 5613 11581   0   0 100   0   0 2026-09-21 17:37:15
   0    0            0    102034992       152924     23431720    0    0     0     0 5632 11481   0   0 100   0   0 2026-09-21 17:37:16
   0    0            0    102033984       152924     23431720    0    0 540672   817 7421 12574   1   0  98   1   0 2026-09-21 17:37:17
   0    0            0    102033728       152932     23431728    0    0     0   272 5723 11557   0   0 100   0   0 2026-09-21 17:37:18
   0    0            0    102032976       152932     23431728    0    0     0     8 5610 11434   0   0 100   0   0 2026-09-21 17:37:19
   0    0            0    102032472       152932     23431736    0    0     0     0 5603 11547   0   0 100   0   0 2026-09-21 17:37:20
   0    0            0    102032224       152932     23431736    0    0     0     0 5631 11363   0   0 100   0   0 2026-09-21 17:37:21
   0    0            0    102031472       152932     23431740    0    0     0     0 5544 11209   0   0 100   0   0 2026-09-21 17:37:22
   0    0            0    102030960       152940     23431740    0    0     0   140 5635 11484   0   0 100   0   0 2026-09-21 17:37:23
   0    0            0    102030208       152940     23431748    0    0     0     0 5633 11703   0   0 100   0   0 2026-09-21 17:37:24
   1    0            0    102030464       152940     23431748    0    0 417792     0 7052 12271   1   0  98   1   0 2026-09-21 17:37:25
   0    0            0    102029968       152940     23431756    0    0     0     0 5642 11661   0   0 100   0   0 2026-09-21 17:37:26
--procs-- -----------------------memory---------------------- ---swap-- -----io---- -system-- --------cpu-------- -----timestamp-----
   r    b         swpd         free         buff        cache   si   so    bi    bo   in   cs  us  sy  id  wa  st                 KST
   1    0            0    102029968       152992     23431720    0    0     0 188416 8140 11799   5   0  94   0   0 2026-09-21 17:37:27
   0    0            0    102029968       153000     23431892    0    0     0   320 5747 11690   0   0  99   0   0 2026-09-21 17:37:28
   0    0            0    102029472       153000     23431904    0    0     0     0 5607 11433   0   0 100   0   0 2026-09-21 17:37:29
   0    0            0    102029472       153000     23431908    0    0     0     0 5638 11477   0   0 100   0   0 2026-09-21 17:37:30
   5    0            0    102030160       153000     23431932    0    0 32768     0 9846 11472  10   1  88   0   0 2026-09-21 17:37:31
   4    0            0    102030672       153000     23431936    0    0     0     0 10226 11362  12   1  87   0   0 2026-09-21 17:37:32
   0    0            0    102029952       153252     23431692    0    0     0 966712 11747 14216   9   1  89   2   0 2026-09-21 17:37:33
   0    0            0    102028272       153252     23432536    0    0     0    84 6009 11520   1   0  99   0   0 2026-09-21 17:37:34
   0    0            0    102027264       153252     23432536    0    0     0     0 5593 11250   0   0 100   0   0 2026-09-21 17:37:35
   0    0            0    102027024       153252     23432540    0    0     0     0 5618 11424   0   0 100   0   0 2026-09-21 17:37:36
   0    0            0    102026264       153252     23432540    0    0     0     0 5734 11669   0   0 100   0   0 2026-09-21 17:37:37
   0    0            0    102026768       153260     23432560    0    0 438272   400 7076 12569   1   0  98   1   0 2026-09-21 17:37:38
   0    0            0    102027520       153264     23432556    0    0     0   416 5467 10616   0   0 100   0   0 2026-09-21 17:37:39
   0    0            0    102028032       153264     23432572    0    0 479232     0 6872 11625   1   0  98   1   0 2026-09-21 17:37:40
   1    0            0    102029520       153264     23432580    0    0     0     0 5410 10636   0   0 100   0   0 2026-09-21 17:37:41
   4    0            0    102029296       153264     23432592    0    0 16384     0 8004 10714   6   0  93   0   0 2026-09-21 17:37:42
   0    0            0    102029544       153392     23432672    0    0     0 336148 7712 11633   4   0  95   1   0 2026-09-21 17:37:43
   0    0            0    102030048       153392     23432692    0    0     0   272 5439 10572   0   0 100   0   0 2026-09-21 17:37:44
   1    0            0    102030064       153392     23432700    0    0     0     0 5512 10663   0   0 100   0   0 2026-09-21 17:37:45
   1    0            0    102030064       153424     23432668    0    0     0 65536 6450 10972   2   0  98   0   0 2026-09-21 17:37:46
   0    0            0    102029808       153424     23432712    0    0     0     0 5479 10724   0   0 100   0   0 2026-09-21 17:37:47
--procs-- -----------------------memory---------------------- ---swap-- -----io---- -system-- --------cpu-------- -----timestamp-----
   r    b         swpd         free         buff        cache   si   so    bi    bo   in   cs  us  sy  id  wa  st                 KST
   0    0            0    102034352       153444     23432712    0    0     0 17793 6045 10992   1   0  99   0   0 2026-09-21 17:37:48
   0    0            0    102037408       153460     23432732    0    0     0   104 6753 11814   0   0  99   0   0 2026-09-21 17:37:49
   1    0            0    102041888       153460     23432744    0    0     0   192 5330 10540   0   0 100   0   0 2026-09-21 17:37:50
   0    0            0    102042144       153460     23432748    0    0     0     0 5414 10603   0   0 100   0   0 2026-09-21 17:37:51
   5    0            0    102041488       153460     23432764    0    0     0     0 9234 10944   9   1  90   0   0 2026-09-21 17:37:52
   0    0            0    102039984       153620     23432616    0    0     0 524944 10318 12965   7   0  91   1   0 2026-09-21 17:37:53
   0    0            0    102038608       153620     23433088    0    0     0     0 5527 10651   0   0 100   0   0 2026-09-21 17:37:54
   1    0            0    102038376       153620     23433088    0    0     0    92 5481 10627   0   0 100   0   0 2026-09-21 17:37:55
   0    0            0    102038376       153620     23433092    0    0     0     0 5446 10593   0   0 100   0   0 2026-09-21 17:37:56
   0    0            0    102038128       153620     23433096    0    0 339968     0 6544 11430   1   0  98   1   0 2026-09-21 17:37:57
   1    0            0    102036800       153696     23433088    0    0     0 229672 8573 11410   6   0  93   1   0 2026-09-21 17:37:58
   0    0            0    102036544       153696     23433212    0    0     0     0 5533 10703   0   0 100   0   0 2026-09-21 17:37:59
   0    0            0    102036048       153696     23433212    0    0     0   252 5450 10618   0   0 100   0   0 2026-09-21 17:38:00
   0    0            0    102035856       153696     23433216    0    0     0     0 5588 10789   0   0 100   0   0 2026-09-21 17:38:01
   0    0            0    102035616       153696     23433216    0    0     0     0 5447 10616   0   0 100   0   0 2026-09-21 17:38:02
   1    0            0    102035864       153704     23433212    0    0     0   172 5457 10668   0   0 100   0   0 2026-09-21 17:38:03
   0    0            0    102035616       153704     23433220    0    0     0     0 5421 10554   0   0 100   0   0 2026-09-21 17:38:04
   0    0            0    102036408       153704     23433224    0    0     0     0 5485 10656   0   0 100   0   0 2026-09-21 17:38:05
   1    0            0    102036408       153776     23433264    0    0     4 311472 9851 11635   9   1  90   1   0 2026-09-21 17:38:06
   0    0            0    102035936       153776     23433376    0    0     0     0 5489 10644   0   0 100   0   0 2026-09-21 17:38:07
   0    0            0    102035680       153784     23433368    0    0     0   156 5643 11632   0   0 100   0   0 2026-09-21 17:38:08
--procs-- -----------------------memory---------------------- ---swap-- -----io---- -system-- --------cpu-------- -----timestamp-----
   r    b         swpd         free         buff        cache   si   so    bi    bo   in   cs  us  sy  id  wa  st                 KST
   1    0            0    102035936       153784     23433384    0    0     0     0 5549 10720   0   0 100   0   0 2026-09-21 17:38:09
   5    0            0    102036696       153784     23433388    0    0     0     0 6949 10670   4   1  96   0   0 2026-09-21 17:38:10
   0    0            0    102035520       153932     23433340    0    0     0 467120 10559 11973  10   1  88   1   0 2026-09-21 17:38:11
   0    0            0    102035160       153932     23433676    0    0     0     0 5965 10803   1   0  99   0   0 2026-09-21 17:38:12
   1    0            0    102034432       153940     23433680    0    0     0   316 5667 10854   0   0 100   0   0 2026-09-21 17:38:13
   0    0            0    102034176       153940     23433688    0    0     0     0 5594 10695   0   0 100   0   0 2026-09-21 17:38:14
   0    0            0    102034176       153940     23433704    0    0     0     0 5393 10568   0   0 100   0   0 2026-09-21 17:38:15
   0    0            0    102033680       153940     23433704    0    0     0   524 5525 10659   0   0 100   0   0 2026-09-21 17:38:16
   0    0            0    102033680       153940     23433708    0    0     0     0 5596 10812   0   0 100   0   0 2026-09-21 17:38:17
   1    0            0    102033184       153948     23433700    0    0     0  1190 5680 10751   0   0 100   0   0 2026-09-21 17:38:18
   4    0            0    102032928       153948     23433712    0    0     0     8 6408 10659   3   0  97   0   0 2026-09-21 17:38:19
   0    0            0    102032704       154016     23433760    0    0     0 188416 7117 11200   3   0  97   0   0 2026-09-21 17:38:20
   0    0            0    102042472       154016     23433764    0    0 516096     0 7207 12045   1   0  97   1   0 2026-09-21 17:38:21
   0    0            0    102042736       154016     23433776    0    0     0   288 5528 10692   0   0 100   0   0 2026-09-21 17:38:22
   0    0            0    102042248       154024     23433772    0    0     0   200 5406 10651   0   0 100   0   0 2026-09-21 17:38:23
   0    0            0    102042496       154024     23433796    0    0     0     0 5484 10639   0   0 100   0   0 2026-09-21 17:38:24
   0    0            0    102042000       154024     23433800    0    0     0     0 5534 10633   0   0 100   0   0 2026-09-21 17:38:25
   0    0            0    102041520       154024     23433800    0    0 434176     0 6886 11629   1   0  98   1   0 2026-09-21 17:38:26
   0    0            0    102040304       154024     23433824    0    0     0   216 5462 10611   0   0 100   0   0 2026-09-21 17:38:27
   0    0            0    102039048       154032     23433816    0    0     0    48 5526 10673   0   0 100   0   0 2026-09-21 17:38:28
   0    0            0    102039048       154032     23433828    0    0     0     0 5515 10691   0   0 100   0   0 2026-09-21 17:38:29
--procs-- -----------------------memory---------------------- ---swap-- -----io---- -system-- --------cpu-------- -----timestamp-----
   r    b         swpd         free         buff        cache   si   so    bi    bo   in   cs  us  sy  id  wa  st                 KST
   0    0            0    102038288       154032     23433832    0    0     0     0 5509 10681   0   0 100   0   0 2026-09-21 17:38:30
   0    0            0    102038048       154032     23433836    0    0     0     0 5470 10674   0   0 100   0   0 2026-09-21 17:38:31
   0    0            0    102037184       154032     23433844    0    0 471040     0 6843 11597   1   0  98   1   0 2026-09-21 17:38:32
   0    0            0    102036432       154040     23433848    0    0     0   164 5590 10797   0   0 100   0   0 2026-09-21 17:38:33
   0    0            0    102036184       154040     23433856    0    0     0     0 5536 10658   0   0 100   0   0 2026-09-21 17:38:34
   0    0            0    102035680       154040     23433856    0    0     0     0 5483 10648   0   0 100   0   0 2026-09-21 17:38:35
   0    0            0    102035424       154040     23433860    0    0     0     0 5527 10682   0   0 100   0   0 2026-09-21 17:38:36
   0    0            0    102034672       154040     23433864    0    0     0     0 5552 10699   0   0 100   0   0 2026-09-21 17:38:37
   0    0            0    102033168       154048     23433860    0    0     0   140 5645 11662   0   0 100   0   0 2026-09-21 17:38:38
   0    0            0    102032912       154048     23433872    0    0     0     0 5472 10639   0   0 100   0   0 2026-09-21 17:38:39
   0    0            0    102032912       154048     23433872    0    0     0     0 5466 10680   0   0 100   0   0 2026-09-21 17:38:40
   0    0            0    102033168       154048     23433880    0    0     0     0 5482 10695   0   0 100   0   0 2026-09-21 17:38:41
   1    0            0    102032416       154048     23433880    0    0     0     0 5347 10542   0   0 100   0   0 2026-09-21 17:38:42
   0    0            0    102032168       154056     23433880    0    0     0    64 5439 10633   0   0 100   0   0 2026-09-21 17:38:43
   0    0            0    102031664       154056     23433896    0    0     0    64 5486 10607   0   0 100   0   0 2026-09-21 17:38:44
   1    0            0    102031160       154056     23433896    0    0     0     0 5416 10636   0   0 100   0   0 2026-09-21 17:38:45
   0    0            0    102031168       154056     23433900    0    0     0     0 5367 10562   0   0 100   0   0 2026-09-21 17:38:46
   0    0            0    102031168       154056     23433904    0    0     0     0 5383 10462   0   0 100   0   0 2026-09-21 17:38:47
   0    0            0    102030920       154064     23433896    0    0     0  1063 5728 10805   0   0 100   0   0 2026-09-21 17:38:48
   0    0            0    102042576       154064     23433928    0    0     0     0 6758 11943   0   0  99   0   0 2026-09-21 17:38:49
   1    0            0    102041648       154064     23433936    0    0     0    52 5413 10559   0   0 100   0   0 2026-09-21 17:38:50
--procs-- -----------------------memory---------------------- ---swap-- -----io---- -system-- --------cpu-------- -----timestamp-----
   r    b         swpd         free         buff        cache   si   so    bi    bo   in   cs  us  sy  id  wa  st                 KST
   0    0            0    102041392       154064     23433940    0    0     0     8 5437 10645   0   0 100   0   0 2026-09-21 17:38:51
   0    0            0    102040896       154064     23433948    0    0     0     0 5443 10573   0   0 100   0   0 2026-09-21 17:38:52
   0    0            0    102040144       154072     23433940    0    0     0    64 5547 10648   0   0 100   0   0 2026-09-21 17:38:53
   0    0            0    102040112       154072     23433956    0    0     0   568 5754 10714   1   0  99   0   0 2026-09-21 17:38:54
   0    0            0    102040112       154072     23433956    0    0     0    80 5454 10538   0   0 100   0   0 2026-09-21 17:38:55
   1    0            0    102040136       154072     23433960    0    0     0     0 5473 10628   0   0 100   0   0 2026-09-21 17:38:56
   4    0            0    102040896       154072     23433976    0    0     0     0 10500 10764  12   1  86   0   0 2026-09-21 17:38:57
   2    2            0    102041952       154088     23433964    0    0     0  6216 10447 11187  11   0  88   0   0 2026-09-21 17:38:58
   1    0            0    102018416       154236     23434356    0    0 425984 796672 9630 13792   2   1  94   2   0 2026-09-21 17:38:59
   0    0            0    102018088       154236     23434356    0    0     0   104 5462 10636   0   0 100   0   0 2026-09-21 17:39:00
   1    0            0    102017840       154236     23434360    0    0     0     0 5498 10686   0   0 100   0   0 2026-09-21 17:39:01
   0    0            0    102017584       154236     23434364    0    0     0     0 5441 10583   0   0 100   0   0 2026-09-21 17:39:02
   1    0            0    102016832       154244     23434356    0    0     0   304 5428 10646   0   0 100   0   0 2026-09-21 17:39:03
   0    0            0    102017336       154244     23434384    0    0     0     0 5497 10634   0   0 100   0   0 2026-09-21 17:39:04
   1    0            0    102017088       154244     23434384    0    0     0   308 5471 10648   0   0 100   0   0 2026-09-21 17:39:05
   0    0            0    102016328       154244     23434392    0    0     0     0 5434 10605   0   0 100   0   0 2026-09-21 17:39:06
   0    0            0    102016080       154244     23434396    0    0     0     0 5476 10611   0   0 100   0   0 2026-09-21 17:39:07
   0    0            0    102014816       154252     23434388    0    0     0    36 5708 11858   0   0 100   0   0 2026-09-21 17:39:08
   0    0            0    102014568       154252     23434396    0    0     0     0 5563 11567   0   0 100   0   0 2026-09-21 17:39:09
   4    0            0    102014320       154252     23434400    0    0     0     0 5892 11470   1   0  99   0   0 2026-09-21 17:39:10
   1    0            0    102014064       154280     23434436    0    0     0 81964 6514 11738   2   0  98   0   0 2026-09-21 17:39:11
--procs-- -----------------------memory---------------------- ---swap-- -----io---- -system-- --------cpu-------- -----timestamp-----
   r    b         swpd         free         buff        cache   si   so    bi    bo   in   cs  us  sy  id  wa  st                 KST
   1    0            0    102014064       154280     23434440    0    0     0     0 5840 11649   0   0 100   0   0 2026-09-21 17:39:12
   0    0            0    102014576       154288     23434444    0    0     0   112 5888 11591   0   0 100   0   0 2026-09-21 17:39:13
   0    0            0    102015136       154288     23434452    0    0     0     0 5739 11550   0   0 100   0   0 2026-09-21 17:39:14
   0    0            0    102014888       154288     23434456    0    0     0     0 5680 11755   0   0 100   0   0 2026-09-21 17:39:15
   2    0            0    102020528       154288     23434476    0    0     0   136 6734 11339   2   0  98   0   0 2026-09-21 17:39:16
   0    0            0    110548224       154288     15027516    0    0     0     0 6124 10631   1   2  97   0   0 2026-09-21 17:39:17
