#Date        Time         gpu    pwr  gtemp  mtemp     sm    mem    enc    dec    jpg    ofa   mclk   pclk  pviol  tviol     fb   bar1   ccpm  sbecc  dbecc    pci  rxpci  txpci 
#YYYYMMDD    HH:MM:SS     Idx      W      C      C      %      %      %      %      %      %    MHz    MHz      %   bool     MB     MB     MB   errs   errs   errs   MB/s   MB/s 
 20260921    11:09:32       0      8     63      -      0      0      0      0      0      0    405    300      0      0     15      5      0      -      -      0      0      0 
 20260921    11:09:33       0     10     62      -      0      0      0      0      0      0    405    300      0      0     15      5      0      -      -      0      0      0 
 20260921    11:09:34       0     10     62      -      0      0      0      0      0      0    405    300      0      0     15      5      0      -      -      0      5      0 
 20260921    11:09:35       0      8     61      -      0      0      0      0      0      0    405    300      0      0     15      5      0      -      -      0      0      0 
 20260921    11:09:36       0      9     61      -      0      0      0      0      0      0    405    300      0      0     15      5      0      -      -      0      4      0 
 20260921    11:09:38       0      9     61      -      0      0      0      0      0      0    405    300      0      0     15      5      0      -      -      0      0      0 
 20260921    11:09:39       0      8     60      -      0      0      0      0      0      0    405    300      0      0     15      5      0      -      -      0      0      0 
 20260921    11:09:40       0      8     60      -      0      0      0      0      0      0    405    300      0      0     15      5      0      -      -      0      1      0 
 20260921    11:09:41       0      9     60      -      0      0      0      0      0      0    405    300      0      0     15      5      0      -      -      0      1      0 
 20260921    11:09:42       0      8     59      -      0      0      0      0      0      0    405    300      0      0     15      5      0      -      -      0      1      0 
 20260921    11:09:43       0      8     59      -      0      0      0      0      0      0    405    300      0      0     15      5      0      -      -      0      1      0 
 20260921    11:09:44       0      9     59      -      0      0      0      0      0      0    405    300      0      0     15      5      0      -      -      0      1      0 
 20260921    11:09:45       0     10     58      -      0      0      0      0      0      0    405    300      0      0     15      5      0      -      -      0      1      0 
 20260921    11:09:46       0      8     58      -      0      0      0      0      0      0    405    300      0      0     18      5      0      -      -      0      1      0 
 20260921    11:09:47       0     48     60      -      0      0      0      0      0      0   6500   1620      0      0    238      7      0      -      -      0      0      0 
 20260921    11:09:48       0     47     60      -      0      0      0      0      0      0   6500   1620      0      0   5760      7      0      -      -      0      0      4 
 20260921    11:09:49       0     66     61      -     43      3      0      0      0      0   6500   1905      0      0   6408      7      0      -      -      0   5582    579 
 20260921    11:09:50       0     61     61      -     11      7      0      0      0      0   6500   1905      0      0   7790      7      0      -      -      0      0      0 
 20260921    11:09:51       0    226     67      -    100     56      0      0      0      0   6500   1845      0      0   6858      7      0      -      -      0     25     12 
 20260921    11:09:52       0    231     67      -    100     58      0      0      0      0   6500   1875      0      0   6858      7      0      -      -      0     31      9 
 20260921    11:09:54       0    172     64      -     57     32      0      0      0      0   6500   1890      0      0   6870      7      0      -      -      0      0      0 
 20260921    11:09:55       0     62     63      -     19     18      0      0      0      0   6500   1905      0      0   6870      7      0      -      -      0      4      0 
 20260921    11:09:56       0     48     62      -      0      0      0      0      0      0   6500   1620      0      0   9224      7      0      -      -      0      0      0 
 20260921    11:09:57       0     48     62      -      0      0      0      0      0      0   6500   1620      0      0   9240      7      0      -      -      0    761     91 
 20260921    11:09:58       0     86     64      -      1      0      0      0      0      0   6500   1620      0      0   9240      7      0      -      -      0     27     10 
 20260921    11:09:59       0    108     64      -      7      3      0      0      0      0   6500   1905      0      0   9240      7      0      -      -      0      0      1 
 20260921    11:10:00       0    128     65      -    100      6      0      0      0      0   6500   1905      0      0   9240      7      0      -      -      0      0      0 
 20260921    11:10:01       0    116     65      -    100     22      0      0      0      0   6500   1905      0      0   9240      7      0      -      -      0      0      0 
 20260921    11:10:02       0    156     65      -    100     22      0      0      0      0   6500   1905      0      0   9240      7      0      -      -      0      0      0 
 20260921    11:10:03       0    122     66      -    100     10      0      0      0      0   6500   1875      0      0   9240      7      0      -      -      0      0      0 
 20260921    11:10:04       0    199     66      -    100     22      0      0      0      0   6500   1875      0      0   9240      7      0      -      -      0      0      0 
 20260921    11:10:05       0    145     66      -    100     22      0      0      0      0   6500   1875      0      0   9240      7      0      -      -      0      0      0 
 20260921    11:10:06       0    209     67      -    100     10      0      0      0      0   6500   1875      0      0   9240      7      0      -      -      0      0      0 
 20260921    11:10:07       0    202     67      -    100      0      0      0      0      0   6500   1875      0      0   9240      7      0      -      -      0      1      7 
 20260921    11:10:08       0    183     68      -    100      0      0      0      0      0   6500   1860      0      0   9240      7      0      -      -      0      1      0 
 20260921    11:10:09       0    126     70      -    100      9      0      0      0      0   6500   1815      0      0   9240      7      0      -      -      0      1      0 
 20260921    11:10:11       0    130     70      -    100      0      0      0      0      0   6500   1800      0      0   9240      7      0      -      -      0     14      5 
 20260921    11:10:12       0    125     71      -    100      0      0      0      0      0   6500   1770      0      0   9240      7      0      -      -      0     15      1 
 20260921    11:10:13       0    125     71      -    100      8      0      0      0      0   6500   1800      0      0   9240      7      0      -      -      0     13      3 
 20260921    11:10:14       0    126     71      -    100      0      0      0      0      0   6500   1800      0      0   9240      7      0      -      -      0     18      5 
 20260921    11:10:15       0    126     71      -    100      0      0      0      0      0   6500   1830      0      0   9240      7      0      -      -      0     24      5 
 20260921    11:10:16       0    127     70      -    100      0      0      0      0      0   6500   1890      0      0   9240      7      0      -      -      0     25      7 
 20260921    11:10:17       0    209     69      -    100     18      0      0      0      0   6500   1860      0      0   9244     11      0      -      -      0      0      1 
 20260921    11:10:18       0    124     69      -    100     22      0      0      0      0   6500   1890      0      0   9244     11      0      -      -      0      4      0 
#Date        Time         gpu    pwr  gtemp  mtemp     sm    mem    enc    dec    jpg    ofa   mclk   pclk  pviol  tviol     fb   bar1   ccpm  sbecc  dbecc    pci  rxpci  txpci 
#YYYYMMDD    HH:MM:SS     Idx      W      C      C      %      %      %      %      %      %    MHz    MHz      %   bool     MB     MB     MB   errs   errs   errs   MB/s   MB/s 
 20260921    11:10:19       0    124     69      -    100     22      0      0      0      0   6500   1890      0      0   9244     11      0      -      -      0      1      1 
 20260921    11:10:20       0    125     72      -    100      1      0      0      0      0   6500   1800      0      0   9244     11      0      -      -      0     14      1 
 20260921    11:10:21       0    181     70      -    100     22      0      0      0      0   6500   1875      0      0   9244     11      0      -      -      0      6      1 
 20260921    11:10:22       0    116     70      -    100     22      0      0      0      0   6500   1890      0      0   9244     11      0      -      -      0     13      1 
 20260921    11:10:23       0    125     70      -    100     17      0      0      0      0   6500   1890      0      0   9244     11      0      -      -      0     14      0 
 20260921    11:10:24       0    127     73      -    100      7      0      0      0      0   6500   1815      0      0   9244     11      0      -      -      0      1      1 
 20260921    11:10:25       0    152     71      -    100     22      0      0      0      0   6500   1875      0      0   9244     11      0      -      -      0      1      0 
 20260921    11:10:26       0    125     71      -    100     22      0      0      0      0   6500   1890      0      0   9244     11      0      -      -      0      4      1 
 20260921    11:10:28       0    124     71      -    100      0      0      0      0      0   6500   1875      0      0   9244     11      0      -      -      0     20     10 
 20260921    11:10:29       0    216     72      -    100     11      0      0      0      0   6500   1860      0      0   9244     11      0      -      -      0      1      1 
 20260921    11:10:30       0    145     71      -    100     22      0      0      0      0   6500   1875      0      0   9244     11      0      -      -      0      0      1 
 20260921    11:10:31       0    124     72      -    100     22      0      0      0      0   6500   1875      0      0   9244     11      0      -      -      0      3      1 
 20260921    11:10:32       0    137     72      -    100      5      0      0      0      0   6500   1875      0      0   9244     11      0      -      -      0    118     21 
 20260921    11:10:33       0    146     72      -    100      5      0      0      0      0   6500   1875      0      0   9244     11      0      -      -      0    121     21 
 20260921    11:10:34       0    153     73      -     98      8      0      0      0      0   6500   1875      0      0   9246     11      0      -      -      0   1035   5273 
 20260921    11:10:35       0    125     72      -    100      0      0      0      0      0   6500   1875      0      0   9246     11      0      -      -      0    186     27 
 20260921    11:10:36       0    126     72      -    100      0      0      0      0      0   6500   1875      0      0   9246     11      0      -      -      0    186     27 
 20260921    11:10:37       0    124     72      -    100      0      0      0      0      0   6500   1875      0      0   9246     11      0      -      -      0    186     27 
 20260921    11:10:38       0    125     72      -    100     21      0      0      0      0   6500   1875      0      0   9246     11      0      -      -      0    185     27 
 20260921    11:10:39       0    122     73      -    100      0      0      0      0      0   6500   1875      0      0   9246     11      0      -      -      0    185     26 
 20260921    11:10:40       0    124     73      -    100      7      0      0      0      0   6500   1875      0      0   9246     11      0      -      -      0    186     27 
 20260921    11:10:41       0    121     73      -    100     22      0      0      0      0   6500   1875      0      0   9246     11      0      -      -      0    185     27 
 20260921    11:10:42       0    122     73      -    100     22      0      0      0      0   6500   1875      0      0   9246     11      0      -      -      0    213     32 
 20260921    11:10:43       0    123     73      -    100     19      0      0      0      0   6500   1875      0      0   9246     11      0      -      -      0    214     33 
 20260921    11:10:45       0    118     73      -    100     22      0      0      0      0   6500   1875      0      0   9246     11      0      -      -      0    213     33 
 20260921    11:10:46       0    120     73      -    100     18      0      0      0      0   6500   1875      0      0   9246     11      0      -      -      0    220     33 
 20260921    11:10:47       0    167     73      -    100     22      0      0      0      0   6500   1875      0      0   9246     11      0      -      -      0    214     33 
 20260921    11:10:48       0    143     73      -    100     22      0      0      0      0   6500   1860      0      0   9246     11      0      -      -      0    213     33 
 20260921    11:10:49       0    204     74      -    100      6      0      0      0      0   6500   1860      0      0   9246     11      0      -      -      0    214     38 
 20260921    11:10:50       0    211     74      -    100     22      0      0      0      0   6500   1860      0      0   9246     11      0      -      -      0    212     32 
 20260921    11:10:51       0    195     74      -    100     19      0      0      0      0   6500   1860      0      0   9246     11      0      -      -      0    212     32 
 20260921    11:10:52       0    152     74      -     99     44      0      0      0      0   6500   1875      0      0   9246     11      0      -      -      0    173     25 
 20260921    11:10:53       0    126     74      -    100      5      0      0      0      0   6500   1860      0      0   9246     11      0      -      -      0    174     25 
 20260921    11:10:54       0    211     74      -    100     21      0      0      0      0   6500   1860      0      0   9246     11      0      -      -      0    179     25 
 20260921    11:10:55       0    186     74      -    100     19      0      0      0      0   6500   1860      0      0   9246     11      0      -      -      0    174     25 
 20260921    11:10:56       0    184     74      -    100      0      0      0      0      0   6500   1860      0      0   9246     11      0      -      -      0    173     25 
 20260921    11:10:57       0    205     75      -    100     21      0      0      0      0   6500   1860      0      0   9246     11      0      -      -      0    172     25 
 20260921    11:10:58       0    214     75      -    100     14      0      0      0      0   6500   1830      0      0   9246     11      0      -      -      0    188     25 
 20260921    11:10:59       0    151     76      -    100      0      0      0      0      0   6500   1815      0      0   9246     11      0      -      -      0    175     25 
 20260921    11:11:01       0    184     77      -    100      0      0      0      0      0   6500   1830      0      0   9246     11      0      -      -      0    173     25 
 20260921    11:11:02       0    206     76      -    100      5      0      0      0      0   6500   1800      0      0   9246     11      0      -      -      0    173     29 
 20260921    11:11:03       0    129     77      -    100      0      0      0      0      0   6500   1800      0      0   9246     11      0      -      -      0    173     25 
 20260921    11:11:04       0    153     77      -    100     19      0      0      0      0   6500   1830      0      0   9246     11      0      -      -      0    173     25 
 20260921    11:11:05       0    187     77      -    100      0      0      0      0      0   6500   1800      0      0   9246     11      0      -      -      0    173     34 
#Date        Time         gpu    pwr  gtemp  mtemp     sm    mem    enc    dec    jpg    ofa   mclk   pclk  pviol  tviol     fb   bar1   ccpm  sbecc  dbecc    pci  rxpci  txpci 
#YYYYMMDD    HH:MM:SS     Idx      W      C      C      %      %      %      %      %      %    MHz    MHz      %   bool     MB     MB     MB   errs   errs   errs   MB/s   MB/s 
 20260921    11:11:06       0    129     77      -    100      0      0      0      0      0   6500   1800      0      0   9246     11      0      -      -      0    173     25 
 20260921    11:11:07       0    129     77      -    100     14      0      0      0      0   6500   1800      0      0   9246     11      0      -      -      0    175     25 
 20260921    11:11:08       0    158     76      -    100      0      0      0      0      0   6500   1770      0      0   9246     11      0      -      -      0    208     39 
 20260921    11:11:09       0    129     77      -    100      0      0      0      0      0   6500   1875      0      0   9246     11      0      -      -      0    213  11240 
 20260921    11:11:10       0    130     75      -    100      0      0      0      0      0   6500   1875      0      0   9246     11      0      -      -      0    824    586 
 20260921    11:11:11       0    128     75      -    100      0      0      0      0      0   6500   1875      0      0   9246     11      0      -      -      0    444    620 
 20260921    11:11:12       0    129     75      -    100      0      0      0      0      0   6500   1875      0      0   9246     11      0      -      -      0    213     74 
 20260921    11:11:13       0    127     75      -    100      0      0      0      0      0   6500   1875      0      0   9246     11      0      -      -      0    212     57 
 20260921    11:11:14       0    128     75      -    100     16      0      0      0      0   6500   1875      0      0   9246     11      0      -      -      0    216     56 
 20260921    11:11:15       0    126     75      -    100      0      0      0      0      0   6500   1875      0      0   9246     11      0      -      -      0    213     58 
 20260921    11:11:17       0    126     75      -    100      4      0      0      0      0   6500   1875      0      0   9246     11      0      -      -      0    229     57 
 20260921    11:11:18       0    124     75      -    100     22      0      0      0      0   6500   1875      0      0   9246     11      0      -      -      0    216     61 
 20260921    11:11:19       0    125     75      -    100     23      0      0      0      0   6500   1875      0      0   9246     11      0      -      -      0    212     59 
 20260921    11:11:20       0    128     75      -    100     18      0      0      0      0   6500   1875      0      0   9246     11      0      -      -      0    221     56 
 20260921    11:11:21       0    118     75      -    100     22      0      0      0      0   6500   1860      0      0   9246     11      0      -      -      0    211     56 
 20260921    11:11:22       0    213     75      -    100     16      0      0      0      0   6500   1860      0      0   9246     11      0      -      -      0    215     59 
 20260921    11:11:23       0    181     75      -    100      0      0      0      0      0   6500   1860      0      0   9246     11      0      -      -      0    212     57 
 20260921    11:11:24       0    183     76      -    100     23      0      0      0      0   6500   1845      0      0   9246     11      0      -      -      0    218     67 
 20260921    11:11:25       0    196     77      -    100      0      0      0      0      0   6500   1830      0      0   9246     11      0      -      -      0    216     67 
 20260921    11:11:26       0    130     77      -    100      0      0      0      0      0   6500   1770      0      0   9246     11      0      -      -      0    593     69 
 20260921    11:11:27       0    151     77      -    100     43      0      0      0      0   6500   1845      0      0   9246     11      0      -      -      0    212     39 
 20260921    11:11:28       0    161     77      -    100     20      0      0      0      0   6500   1860      0      0   9246     11      0      -      -      0    216     54 
 20260921    11:11:29       0    206     79      -    100     33      0      0      0      0   6500   1875      0      0   9250     15      0      -      -      0   1103    451 
 20260921    11:11:30       0    177     77      -    100     23      0      0      0      0   6500   1860      0      0   9250     15      0      -      -      0    229     42 
 20260921    11:11:31       0    143     77      -    100     38      0      0      0      0   6500   1875      0      0   9250     15      0      -      -      0     42    111 
 20260921    11:11:32       0    168     77      -    100     17      0      0      0      0   6500   1860      0      0   9250     15      0      -      -      0    218     31 
 20260921    11:11:33       0    185     78      -    100     19      0      0      0      0   6500   1815      0      0   9250     15      0      -      -      0    213     32 
 20260921    11:11:34       0    131     76      -    100     29      0      0      0      0   6500   1875      0      0   9250     15      0      -      -      0    203     27 
 20260921    11:11:36       0    203     77      -    100      0      0      0      0      0   6500   1830      0      0   9250     15      0      -      -      0    227     29 
 20260921    11:11:37       0    124     76      -    100      0      0      0      0      0   6500   1875      0      0   9250     15      0      -      -      0    206     32 
 20260921    11:11:38       0    204     77      -    100      2      0      0      0      0   6500   1830      0      0   9250     15      0      -      -      0    204     27 
 20260921    11:11:39       0    124     76      -    100     19      0      0      0      0   6500   1875      0      0   9250     15      0      -      -      0    203     33 
 20260921    11:11:40       0    206     77      -    100      0      0      0      0      0   6500   1830      0      0   9250     15      0      -      -      0    213     28 
 20260921    11:11:41       0    124     76      -    100      1      0      0      0      0   6500   1875      0      0   9250     15      0      -      -      0    230     33 
 20260921    11:11:42       0    190     78      -    100      0      0      0      0      0   6500   1785      0      0   9250     15      0      -      -      0    229     33 
 20260921    11:11:43       0    120     76      -    100     19      0      0      0      0   6500   1860      0      0   9250     15      0      -      -      0    229     37 
 20260921    11:11:44       0    172     78      -    100      0      0      0      0      0   6500   1785      0      0   9250     15      0      -      -      0    218     33 
 20260921    11:11:45       0    119     76      -    100     12      0      0      0      0   6500   1860      0      0   9250     15      0      -      -      0    216     32 
 20260921    11:11:46       0    135     78      -    100      0      0      0      0      0   6500   1785      0      0   9250     15      0      -      -      0    216     33 
 20260921    11:11:47       0    123     76      -    100     19      0      0      0      0   6500   1860      0      0   9250     15      0      -      -      0    217     32 
 20260921    11:11:48       0    145     76      -    100     34      0      0      0      0   6500   1860      0      0   9250     15      0      -      -      0     21      7 
 20260921    11:11:49       0    155     78      -    100     20      0      0      0      0   6500   1845      0      0   9250     15      0      -      -      0    232     51 
 20260921    11:11:50       0    161     77      -    100     20      0      0      0      0   6500   1845      0      0   9250     15      0      -      -      0    491     50 
 20260921    11:11:51       0    164     77      -    100     16      0      0      0      0   6500   1845      0      0   9250     15      0      -      -      0    178     26 
#Date        Time         gpu    pwr  gtemp  mtemp     sm    mem    enc    dec    jpg    ofa   mclk   pclk  pviol  tviol     fb   bar1   ccpm  sbecc  dbecc    pci  rxpci  txpci 
#YYYYMMDD    HH:MM:SS     Idx      W      C      C      %      %      %      %      %      %    MHz    MHz      %   bool     MB     MB     MB   errs   errs   errs   MB/s   MB/s 
 20260921    11:11:53       0    159     77      -    100     18      0      0      0      0   6500   1830      0      0   9250     15      0      -      -      0    205     38 
 20260921    11:11:54       0    156     76      -    100     19      0      0      0      0   6500   1845      0      0   9250     15      0      -      -      0    210     34 
 20260921    11:11:55       0    208     79      -    100     32      0      0      0      0   6500   1860      0      0   9250     15      0      -      -      0    153     28 
 20260921    11:11:56       0     68     74      -      0      0      0      0      0      0   6500   1860      0      0   9250     15      0      -      -      0      4      0 
 20260921    11:11:57       0     68     73      -      0      0      0      0      0      0   6500   1620      0      0   9250     15      0      -      -      0      0      0 
 20260921    11:11:58       0     52     72      -      0      0      0      0      0      0   6500   1620      0      0   9250     15      0      -      -      0      4      0 
 20260921    11:11:59       0     52     72      -      0      0      0      0      0      0   6500   1620      0      0   9250     15      0      -      -      0      0      0 
 20260921    11:12:00       0     52     71      -      0      0      0      0      0      0   6500   1620      0      0   9250     15      0      -      -      0      0      0 
 20260921    11:12:01       0     52     71      -      0      0      0      0      0      0   6500   1620      0      0   9250     15      0      -      -      0      0      0 
 20260921    11:12:02       0     52     71      -      0      0      0      0      0      0   6500   1620      0      0   9250     15      0      -      -      0      0      5 
 20260921    11:12:03       0     51     70      -      0      0      0      0      0      0   6500   1620      0      0   9250     15      0      -      -      0      0      0 
 20260921    11:12:04       0     51     70      -      0      0      0      0      0      0   6500   1620      0      0   9250     15      0      -      -      0      0      0 
 20260921    11:12:05       0     51     69      -      0      0      0      0      0      0   6500   1620      0      0   9250     15      0      -      -      0      0      0 
 20260921    11:12:06       0     52     69      -      0      0      0      0      0      0   6500   1620      0      0   9250     15      0      -      -      0      0      0 
 20260921    11:12:07       0    120     71      -     12      4      0      0      0      0   6500   1620      0      0   9250     15      0      -      -      0     36      9 
 20260921    11:12:08       0    127     71      -     87      3      0      0      0      0   6500   1890      0      0   9250     15      0      -      -      0    173     25 
 20260921    11:12:09       0    152     71      -    100     21      0      0      0      0   6500   1890      0      0   9250     15      0      -      -      0    174     25 
 20260921    11:12:10       0    125     72      -    100     21      0      0      0      0   6500   1875      0      0   9250     15      0      -      -      0    173     25 
 20260921    11:12:12       0    212     72      -    100     10      0      0      0      0   6500   1875      0      0   9250     15      0      -      -      0    173     25 
 20260921    11:12:13       0    177     72      -    100     21      0      0      0      0   6500   1860      0      0   9250     15      0      -      -      0    173     25 
 20260921    11:12:14       0    147     72      -    100     21      0      0      0      0   6500   1860      0      0   9250     15      0      -      -      0    173     25 
 20260921    11:12:15       0    207     72      -    100      1      0      0      0      0   6500   1860      0      0   9250     15      0      -      -      0    177     25 
 20260921    11:12:16       0    214     72      -    100      0      0      0      0      0   6500   1860      0      0   9250     15      0      -      -      0    172     25 
 20260921    11:12:17       0    154     73      -    100     18      0      0      0      0   6500   1845      0      0   9250     15      0      -      -      0    206     32 
 20260921    11:12:18       0    189     73      -    100      0      0      0      0      0   6500   1830      0      0   9250     15      0      -      -      0    205     32 
 20260921    11:12:19       0    210     75      -    100      0      0      0      0      0   6500   1800      0      0   9250     15      0      -      -      0    205     32 
 20260921    11:12:20       0    127     75      -    100     11      0      0      0      0   6500   1815      0      0   9250     15      0      -      -      0    211     33 
 20260921    11:12:21       0    159     75      -    100      0      0      0      0      0   6500   1785      0      0   9250     15      0      -      -      0    208     33 
 20260921    11:12:22       0    127     75      -    100      0      0      0      0      0   6500   1785      0      0   9250     15      0      -      -      0    212     34 
 20260921    11:12:23       0    128     74      -    100      3      0      0      0      0   6500   1830      0      0   9250     15      0      -      -      0    202     37 
 20260921    11:12:24       0    127     72      -    100      0      0      0      0      0   6500   1875      0      0   9250     15      0      -      -      0    222     37 
 20260921    11:12:25       0    127     73      -    100      0      0      0      0      0   6500   1875      0      0   9250     15      0      -      -      0    210     41 
 20260921    11:12:26       0    175     73      -    100      0      0      0      0      0   6500   1860      0      0   9250     15      0      -      -      0    178     25 
 20260921    11:12:28       0    123     73      -    100      0      0      0      0      0   6500   1875      0      0   9250     15      0      -      -      0    176     25 
 20260921    11:12:29       0    177     73      -    100      5      0      0      0      0   6500   1845      0      0   9250     15      0      -      -      0    176     25 
 20260921    11:12:30       0    123     73      -    100     13      0      0      0      0   6500   1875      0      0   9250     15      0      -      -      0    189     25 
 20260921    11:12:31       0    180     73      -    100      0      0      0      0      0   6500   1830      0      0   9250     15      0      -      -      0   1150   1388 
 20260921    11:12:32       0    121     73      -    100      1      0      0      0      0   6500   1875      0      0   9250     15      0      -      -      0    204     35 
 20260921    11:12:33       0    167     74      -    100      0      0      0      0      0   6500   1830      0      0   9250     15      0      -      -      0    205     31 
 20260921    11:12:34       0    119     73      -    100     12      0      0      0      0   6500   1875      0      0   9250     15      0      -      -      0    203     35 
 20260921    11:12:35       0    129     75      -    100     11      0      0      0      0   6500   1800      0      0   9250     15      0      -      -      0    207     31 
 20260921    11:12:36       0    123     73      -    100     12      0      0      0      0   6500   1875      0      0   9250     15      0      -      -      0    220     31 
 20260921    11:12:37       0    127     76      -    100      0      0      0      0      0   6500   1800      0      0   9250     15      0      -      -      0    206     31 
 20260921    11:12:38       0    123     73      -    100     13      0      0      0      0   6500   1875      0      0   9250     15      0      -      -      0    204     31 
#Date        Time         gpu    pwr  gtemp  mtemp     sm    mem    enc    dec    jpg    ofa   mclk   pclk  pviol  tviol     fb   bar1   ccpm  sbecc  dbecc    pci  rxpci  txpci 
#YYYYMMDD    HH:MM:SS     Idx      W      C      C      %      %      %      %      %      %    MHz    MHz      %   bool     MB     MB     MB   errs   errs   errs   MB/s   MB/s 
 20260921    11:12:39       0    127     75      -    100      0      0      0      0      0   6500   1785      0      0   9250     15      0      -      -      0    595  11006 
 20260921    11:12:40       0    124     75      -    100     15      0      0      0      0   6500   1860      0      0   9250     15      0      -      -      0    184     23 
 20260921    11:12:41       0    120     75      -    100     14      0      0      0      0   6500   1785      0      0   9250     15      0      -      -      0    178     23 
 20260921    11:12:42       0    124     75      -    100      7      0      0      0      0   6500   1800      0      0   9250     15      0      -      -      0    175     23 
 20260921    11:12:43       0    178     76      -    100      3      0      0      0      0   6500   1800      0      0   9250     15      0      -      -      0    221     30 
 20260921    11:12:45       0    123     75      -    100     14      0      0      0      0   6500   1845      0      0   9250     15      0      -      -      0    220     30 
 20260921    11:12:46       0    183     75      -    100     14      0      0      0      0   6500   1830      0      0   9250     15      0      -      -      0    220     30 
 20260921    11:12:47       0    124     74      -    100      7      0      0      0      0   6500   1830      0      0   9250     15      0      -      -      0    240     31 
 20260921    11:12:48       0    184     75      -    100      3      0      0      0      0   6500   1815      0      0   9250     15      0      -      -      0    230     33 
 20260921    11:12:49       0    146     74      -    100      7      0      0      0      0   6500   1875      0      0   9250     15      0      -      -      0    178     42 
 20260921    11:12:50       0    143     74      -    100      5      0      0      0      0   6500   1875      0      0   9250     15      0      -      -      0    172     51 
 20260921    11:12:51       0    148     74      -    100     19      0      0      0      0   6500   1875      0      0   9250     15      0      -      -      0     12     24 
 20260921    11:12:52       0    120     74      -    100     21      0      0      0      0   6500   1875      0      0   9250     15      0      -      -      0    180     32 
 20260921    11:12:53       0    163     74      -    100     18      0      0      0      0   6500   1860      0      0   9250     15      0      -      -      0    181     27 
 20260921    11:12:54       0    138     74      -    100      0      0      0      0      0   6500   1860      0      0   9250     15      0      -      -      0    180     40 
 20260921    11:12:55       0    216     74      -    100     21      0      0      0      0   6500   1860      0      0   9250     15      0      -      -      0    180     33 
 20260921    11:12:56       0    194     74      -    100     13      0      0      0      0   6500   1860      0      0   9250     15      0      -      -      0    184     42 
 20260921    11:12:57       0    186     75      -    100      0      0      0      0      0   6500   1830      0      0   9250     15      0      -      -      0    180     49 
 20260921    11:12:58       0    201     75      -    100      0      0      0      0      0   6500   1830      0      0   9250     15      0      -      -      0    187     31 
 20260921    11:12:59       0    129     76      -    100      8      0      0      0      0   6500   1785      0      0   9250     15      0      -      -      0    185     48 
 20260921    11:13:00       0    160     77      -    100      0      0      0      0      0   6500   1770      0      0   9250     15      0      -      -      0    213     56 
 20260921    11:13:01       0    128     76      -    100      0      0      0      0      0   6500   1785      0      0   9250     15      0      -      -      0    215     39 
 20260921    11:13:03       0    129     75      -    100      0      0      0      0      0   6500   1875      0      0   9250     15      0      -      -      0    262     56 
 20260921    11:13:04       0    128     74      -    100      0      0      0      0      0   6500   1875      0      0   9250     15      0      -      -      0    208     55 
 20260921    11:13:05       0    128     74      -    100      0      0      0      0      0   6500   1875      0      0   9250     15      0      -      -      0    207     31 
 20260921    11:13:06       0    127     74      -    100      0      0      0      0      0   6500   1875      0      0   9250     15      0      -      -      0    207     30 
 20260921    11:13:07       0    128     74      -    100      4      0      0      0      0   6500   1875      0      0   9250     15      0      -      -      0    209     34 
 20260921    11:13:08       0    127     74      -    100      0      0      0      0      0   6500   1875      0      0   9250     15      0      -      -      0    207     36 
 20260921    11:13:09       0    159     75      -    100     46      0      0      0      0   6500   1875      0      0   9250     15      0      -      -      0    335     86 
 20260921    11:13:10       0    123     74      -    100     20      0      0      0      0   6500   1875      0      0   9250     15      0      -      -      0    840    157 
 20260921    11:13:11       0    124     74      -    100      0      0      0      0      0   6500   1860      0      0   9250     15      0      -      -      0    326     89 
 20260921    11:13:12       0    130     77      -    100     11      0      0      0      0   6500   1800      0      0   9250     15      0      -      -      0    326     91 
 20260921    11:13:13       0    123     75      -    100     20      0      0      0      0   6500   1875      0      0   9250     15      0      -      -      0    334    100 
 20260921    11:13:14       0    206     75      -    100      2      0      0      0      0   6500   1860      0      0   9250     15      0      -      -      0    309     72 
 20260921    11:13:15       0    122     77      -    100     20      0      0      0      0   6500   1800      0      0   9250     15      0      -      -      0    696    132 
 20260921    11:13:16       0    136     75      -    100     20      0      0      0      0   6500   1875      0      0   9250     15      0      -      -      0    308     72 
 20260921    11:13:17       0    125     76      -    100      7      0      0      0      0   6500   1815      0      0   9250     15      0      -      -      0    310     73 
 20260921    11:13:18       0    144     75      -    100     40      0      0      0      0   6500   1875      0      0   9250     15      0      -      -      0   1032   2727 
 20260921    11:13:19       0    197     75      -    100      5      0      0      0      0   6500   1860      0      0   9250     15      0      -      -      0    188     24 
 20260921    11:13:20       0    149     75      -    100     17      0      0      0      0   6500   1860      0      0   9250     15      0      -      -      0    188     24 
 20260921    11:13:22       0    200     75      -    100     17      0      0      0      0   6500   1860      0      0   9250     15      0      -      -      0    188     24 
 20260921    11:13:23       0    184     75      -    100     13      0      0      0      0   6500   1860      0      0   9250     15      0      -      -      0    187     24 
 20260921    11:13:24       0    193     75      -    100      0      0      0      0      0   6500   1845      0      0   9250     15      0      -      -      0    188     24 
 20260921    11:13:25       0    197     75      -    100      0      0      0      0      0   6500   1830      0      0   9250     15      0      -      -      0    215     30 
#Date        Time         gpu    pwr  gtemp  mtemp     sm    mem    enc    dec    jpg    ofa   mclk   pclk  pviol  tviol     fb   bar1   ccpm  sbecc  dbecc    pci  rxpci  txpci 
#YYYYMMDD    HH:MM:SS     Idx      W      C      C      %      %      %      %      %      %    MHz    MHz      %   bool     MB     MB     MB   errs   errs   errs   MB/s   MB/s 
 20260921    11:13:26       0    175     76      -    100     17      0      0      0      0   6500   1830      0      0   9250     15      0      -      -      0    215     30 
 20260921    11:13:27       0    127     76      -    100      0      0      0      0      0   6500   1800      0      0   9250     15      0      -      -      0    215     30 
 20260921    11:13:28       0    145     78      -    100      0      0      0      0      0   6500   1800      0      0   9250     15      0      -      -      0    213     30 
 20260921    11:13:29       0    126     77      -    100      6      0      0      0      0   6500   1800      0      0   9250     15      0      -      -      0    214     30 
 20260921    11:13:30       0    127     78      -    100      7      0      0      0      0   6500   1800      0      0   9250     15      0      -      -      0    222     36 
 20260921    11:13:31       0    158     75      -    100     16      0      0      0      0   6500   1860      0      0   9250     15      0      -      -      0    186     26 
 20260921    11:13:32       0    140     75      -    100     17      0      0      0      0   6500   1860      0      0   9250     15      0      -      -      0    234    521 
 20260921    11:13:33       0    141     77      -    100     17      0      0      0      0   6500   1875      0      0   9250     15      0      -      -      0    212     32 
 20260921    11:13:34       0    174     76      -    100     18      0      0      0      0   6500   1845      0      0   9250     15      0      -      -      0    213     32 
 20260921    11:13:35       0    173     75      -    100     11      0      0      0      0   6500   1860      0      0   9250     15      0      -      -      0    212     32 
 20260921    11:13:36       0    190     77      -    100     34      0      0      0      0   6500   1875      0      0   9250     15      0      -      -      0    220     40 
 20260921    11:13:37       0    137     76      -    100     33      0      0      0      0   6500   1875      0      0   9250     15      0      -      -      0     25      7 
 20260921    11:13:38       0    181     76      -    100      0      0      0      0      0   6500   1845      0      0   9250     15      0      -      -      0    168     22 
 20260921    11:13:39       0    186     77      -    100     19      0      0      0      0   6500   1830      0      0   9250     15      0      -      -      0    167     23 
 20260921    11:13:40       0    200     78      -    100      0      0      0      0      0   6500   1770      0      0   9250     15      0      -      -      0    173     23 
 20260921    11:13:42       0    130     78      -    100      0      0      0      0      0   6500   1785      0      0   9250     15      0      -      -      0    162     27 
 20260921    11:13:43       0    129     76      -    100      0      0      0      0      0   6500   1875      0      0   9250     15      0      -      -      0    182     32 
 20260921    11:13:44       0    129     75      -    100      0      0      0      0      0   6500   1875      0      0   9250     15      0      -      -      0    167     25 
 20260921    11:13:45       0    128     76      -    100      0      0      0      0      0   6500   1875      0      0   9250     15      0      -      -      0    168     22 
 20260921    11:13:46       0    128     75      -    100      0      0      0      0      0   6500   1875      0      0   9250     15      0      -      -      0    168     24 
 20260921    11:13:47       0    127     76      -    100      6      0      0      0      0   6500   1875      0      0   9250     15      0      -      -      0    199     30 
 20260921    11:13:48       0    127     75      -    100     22      0      0      0      0   6500   1875      0      0   9250     15      0      -      -      0    200     30 
 20260921    11:13:49       0    124     75      -    100      0      0      0      0      0   6500   1875      0      0   9250     15      0      -      -      0    199     30 
 20260921    11:13:50       0    125     75      -    100     21      0      0      0      0   6500   1875      0      0   9250     15      0      -      -      0    199     30 
 20260921    11:13:51       0    120     76      -    100     22      0      0      0      0   6500   1875      0      0   9250     15      0      -      -      0    205     34 
 20260921    11:13:52       0    122     76      -    100     16      0      0      0      0   6500   1875      0      0   9250     15      0      -      -      0    200     30 
 20260921    11:13:53       0    143     76      -    100     22      0      0      0      0   6500   1860      0      0   9250     15      0      -      -      0    200     34 
 20260921    11:13:54       0    206     76      -    100     22      0      0      0      0   6500   1860      0      0   9250     15      0      -      -      0    199     30 
 20260921    11:13:55       0    205     76      -    100      3      0      0      0      0   6500   1860      0      0   9250     15      0      -      -      0   1018   6147 
 20260921    11:13:56       0    148     77      -    100     13      0      0      0      0   6500   1875      0      0   9250     15      0      -      -      0    651     81 
 20260921    11:13:57       0    118     76      -    100     14      0      0      0      0   6500   1875      0      0   9250     15      0      -      -      0    330    131 
 20260921    11:13:58       0    189     76      -    100     14      0      0      0      0   6500   1875      0      0   9250     15      0      -      -      0    213     74 
 20260921    11:13:59       0    164     76      -    100     11      0      0      0      0   6500   1860      0      0   9250     15      0      -      -      0    212     56 
 20260921    11:14:00       0    181     76      -    100     14      0      0      0      0   6500   1860      0      0   9250     15      0      -      -      0    214     56 
 20260921    11:14:02       0    184     76      -    100     14      0      0      0      0   6500   1845      0      0   9250     15      0      -      -      0    214     56 
 20260921    11:14:03       0    124     77      -    100      8      0      0      0      0   6500   1845      0      0   9250     15      0      -      -      0    213     56 
 20260921    11:14:04       0    126     76      -    100     15      0      0      0      0   6500   1875      0      0   9250     15      0      -      -      0    262    510 
 20260921    11:14:05       0    177     76      -    100      9      0      0      0      0   6500   1860      0      0   9250     15      0      -      -      0    186     26 
 20260921    11:14:06       0    189     77      -    100     15      0      0      0      0   6500   1830      0      0   9250     15      0      -      -      0    186     27 
 20260921    11:14:07       0    125     76      -    100      3      0      0      0      0   6500   1875      0      0   9250     15      0      -      -      0    185     35 
 20260921    11:14:08       0    185     76      -    100     15      0      0      0      0   6500   1875      0      0   9250     15      0      -      -      0    212     32 
 20260921    11:14:09       0    187     76      -    100      0      0      0      0      0   6500   1845      0      0   9250     15      0      -      -      0    213     32 
 20260921    11:14:10       0    122     76      -    100     15      0      0      0      0   6500   1875      0      0   9250     15      0      -      -      0    226     37 
 20260921    11:14:11       0    120     76      -    100     15      0      0      0      0   6500   1875      0      0   9250     15      0      -      -      0    212     32 
#Date        Time         gpu    pwr  gtemp  mtemp     sm    mem    enc    dec    jpg    ofa   mclk   pclk  pviol  tviol     fb   bar1   ccpm  sbecc  dbecc    pci  rxpci  txpci 
#YYYYMMDD    HH:MM:SS     Idx      W      C      C      %      %      %      %      %      %    MHz    MHz      %   bool     MB     MB     MB   errs   errs   errs   MB/s   MB/s 
 20260921    11:14:12       0    166     77      -    100     13      0      0      0      0   6500   1860      0      0   9250     15      0      -      -      0   1027   5246 
 20260921    11:14:13       0    129     76      -    100      0      0      0      0      0   6500   1875      0      0   9250     15      0      -      -      0    312    101 
 20260921    11:14:14       0    130     79      -    100      0      0      0      0      0   6500   1800      0      0   9250     15      0      -      -      0    300     85 
 20260921    11:14:15       0    135     76      -    100     22      0      0      0      0   6500   1860      0      0   9250     15      0      -      -      0    327     83 
 20260921    11:14:16       0    124     76      -    100      8      0      0      0      0   6500   1875      0      0   9250     15      0      -      -      0    321     83 
 20260921    11:14:17       0    129     76      -    100      0      0      0      0      0   6500   1875      0      0   9250     15      0      -      -      0    324     91 
 20260921    11:14:18       0    130     79      -    100      0      0      0      0      0   6500   1815      0      0   9250     15      0      -      -      0    305     84 
 20260921    11:14:19       0    134     76      -    100     22      0      0      0      0   6500   1875      0      0   9250     15      0      -      -      0    328     83 
 20260921    11:14:21       0    124     76      -    100      5      0      0      0      0   6500   1875      0      0   9250     15      0      -      -      0    493    122 
 20260921    11:14:22       0    129     76      -    100      0      0      0      0      0   6500   1875      0      0   9250     15      0      -      -      0    566    165 
 20260921    11:14:23       0    134     77      -    100      0      0      0      0      0   6500   1830      0      0   9250     15      0      -      -      0    462    116 
 20260921    11:14:24       0    125     76      -    100     22      0      0      0      0   6500   1875      0      0   9250     15      0      -      -      0    492    120 
 20260921    11:14:25       0    125     76      -    100      4      0      0      0      0   6500   1875      0      0   9250     15      0      -      -      0    494    121 
 20260921    11:14:26       0    129     76      -    100      0      0      0      0      0   6500   1875      0      0   9250     15      0      -      -      0   1010    169 
 20260921    11:14:27       0    144     77      -    100      0      0      0      0      0   6500   1830      0      0   9250     15      0      -      -      0    464    116 
 20260921    11:14:28       0    147     76      -    100     10      0      0      0      0   6500   1875      0      0   9250     15      0      -      -      0    216     32 
 20260921    11:14:29       0    141     76      -    100      5      0      0      0      0   6500   1875      0      0   9250     15      0      -      -      0    217     32 
 20260921    11:14:30       0    141     76      -    100      5      0      0      0      0   6500   1875      0      0   9250     15      0      -      -      0    217     32 
 20260921    11:14:31       0    128     76      -    100     22      0      0      0      0   6500   1875      0      0   9250     15      0      -      -      0    175     22 
 20260921    11:14:32       0    125     76      -    100      0      0      0      0      0   6500   1875      0      0   9250     15      0      -      -      0    175     22 
 20260921    11:14:33       0    119     76      -    100     20      0      0      0      0   6500   1875      0      0   9250     15      0      -      -      0    175     27 
 20260921    11:14:34       0    122     76      -    100     22      0      0      0      0   6500   1875      0      0   9250     15      0      -      -      0    174     24 
 20260921    11:14:35       0    166     76      -    100     17      0      0      0      0   6500   1860      0      0   9250     15      0      -      -      0    175     23 
 20260921    11:14:36       0    147     76      -    100     22      0      0      0      0   6500   1845      0      0   9250     15      0      -      -      0    175     27 
 20260921    11:14:37       0    137     76      -    100     21      0      0      0      0   6500   1845      0      0   9250     15      0      -      -      0    174     22 
 20260921    11:14:39       0    210     76      -    100      0      0      0      0      0   6500   1845      0      0   9250     15      0      -      -      0    174     22 
 20260921    11:14:40       0    128     78      -    100      0      0      0      0      0   6500   1785      0      0   9250     15      0      -      -      0    202     28 
 20260921    11:14:41       0    128     78      -    100      4      0      0      0      0   6500   1755      0      0   9250     15      0      -      -      0    209     29 
 20260921    11:14:42       0    141     78      -    100      0      0      0      0      0   6500   1830      0      0   9250     15      0      -      -      0    197     34 
 20260921    11:14:43       0    128     76      -    100      0      0      0      0      0   6500   1860      0      0   9250     15      0      -      -      0    206     36 
 20260921    11:14:44       0    128     76      -    100      0      0      0      0      0   6500   1860      0      0   9250     15      0      -      -      0    202     29 
 20260921    11:14:45       0    127     76      -    100      0      0      0      0      0   6500   1860      0      0   9250     15      0      -      -      0    202     28 
 20260921    11:14:46       0    128     76      -    100      0      0      0      0      0   6500   1860      0      0   9250     15      0      -      -      0    202     28 
 20260921    11:14:47       0    126     76      -    100     10      0      0      0      0   6500   1860      0      0   9250     15      0      -      -      0    202     28 
 20260921    11:14:48       0    149     77      -    100     42      0      0      0      0   6500   1860      0      0   9250     15      0      -      -      0  12828    743 
 20260921    11:14:49       0    183     79      -    100     25      0      0      0      0   6500   1860      0      0   9250     15      0      -      -      0    228     38 
 20260921    11:14:50       0    117     76      -    100     18      0      0      0      0   6500   1860      0      0   9250     15      0      -      -      0    184     24 
 20260921    11:14:51       0    128     77      -    100      0      0      0      0      0   6500   1830      0      0   9250     15      0      -      -      0    182     24 
 20260921    11:14:52       0    126     76      -    100      0      0      0      0      0   6500   1860      0      0   9250     15      0      -      -      0    182     31 
 20260921    11:14:53       0    128     76      -    100     18      0      0      0      0   6500   1860      0      0   9250     15      0      -      -      0    180     24 
 20260921    11:14:54       0    202     76      -    100      0      0      0      0      0   6500   1845      0      0   9250     15      0      -      -      0    180     24 
 20260921    11:14:55       0    126     76      -    100     12      0      0      0      0   6500   1860      0      0   9250     15      0      -      -      0    209     43 
 20260921    11:14:57       0    123     76      -    100      3      0      0      0      0   6500   1860      0      0   9250     15      0      -      -      0    208     30 
 20260921    11:14:58       0    203     76      -    100     18      0      0      0      0   6500   1845      0      0   9250     15      0      -      -      0    207     30 
#Date        Time         gpu    pwr  gtemp  mtemp     sm    mem    enc    dec    jpg    ofa   mclk   pclk  pviol  tviol     fb   bar1   ccpm  sbecc  dbecc    pci  rxpci  txpci 
#YYYYMMDD    HH:MM:SS     Idx      W      C      C      %      %      %      %      %      %    MHz    MHz      %   bool     MB     MB     MB   errs   errs   errs   MB/s   MB/s 
 20260921    11:14:59       0    127     76      -    100      0      0      0      0      0   6500   1860      0      0   9250     15      0      -      -      0    214     34 
 20260921    11:15:00       0    122     76      -    100     18      0      0      0      0   6500   1860      0      0   9250     15      0      -      -      0    206     30 
 20260921    11:15:01       0    184     76      -    100      0      0      0      0      0   6500   1845      0      0   9250     15      0      -      -      0    207     30 
 20260921    11:15:02       0    127     78      -    100      0      0      0      0      0   6500   1860      0      0   9250     15      0      -      -      0    199   3371 
 20260921    11:15:03       0    165     77      -    100     23      0      0      0      0   6500   1845      0      0   9250     15      0      -      -      0    602     28 
 20260921    11:15:04       0    168     77      -    100     22      0      0      0      0   6500   1860      0      0   9250     15      0      -      -      0    177     24 
 20260921    11:15:05       0    120     76      -    100     22      0      0      0      0   6500   1860      0      0   9250     15      0      -      -      0    195     28 
 20260921    11:15:06       0    121     76      -    100     16      0      0      0      0   6500   1860      0      0   9250     15      0      -      -      0    193     28 
 20260921    11:15:07       0    176     76      -    100     22      0      0      0      0   6500   1860      0      0   9250     15      0      -      -      0    194     28 
 20260921    11:15:08       0    153     76      -    100     17      0      0      0      0   6500   1860      0      0   9250     15      0      -      -      0    194     28 
 20260921    11:15:09       0    141     76      -    100      0      0      0      0      0   6500   1845      0      0   9250     15      0      -      -      0    194     28 
 20260921    11:15:10       0    200     77      -    100     22      0      0      0      0   6500   1845      0      0   9250     15      0      -      -      0    194     28 
 20260921    11:15:11       0    218     77      -    100      0      0      0      0      0   6500   1815      0      0   9250     15      0      -      -      0    195     29 
 20260921    11:15:12       0    129     79      -    100      0      0      0      0      0   6500   1770      0      0   9250     15      0      -      -      0    212     28 
 20260921    11:15:13       0    137     78      -    100      0      0      0      0      0   6500   1860      0      0   9250     15      0      -      -      0    243     38 
 20260921    11:15:14       0    128     76      -    100      0      0      0      0      0   6500   1860      0      0   9250     15      0      -      -      0    233     42 
 20260921    11:15:16       0    128     76      -    100      0      0      0      0      0   6500   1860      0      0   9250     15      0      -      -      0    229     34 
 20260921    11:15:17       0    127     76      -    100      0      0      0      0      0   6500   1860      0      0   9250     15      0      -      -      0    224     34 
 20260921    11:15:18       0    127     76      -    100     16      0      0      0      0   6500   1860      0      0   9250     15      0      -      -      0    225     34 
 20260921    11:15:19       0    126     76      -    100      0      0      0      0      0   6500   1860      0      0   9250     15      0      -      -      0    225     34 
 20260921    11:15:20       0    123     76      -    100      6      0      0      0      0   6500   1860      0      0   9250     15      0      -      -      0    225     34 
 20260921    11:15:21       0    124     76      -    100     22      0      0      0      0   6500   1860      0      0   9250     15      0      -      -      0    225     34 
 20260921    11:15:22       0    128     76      -    100     22      0      0      0      0   6500   1860      0      0   9250     15      0      -      -      0    845   5342 
 20260921    11:15:23       0    185     77      -    100     17      0      0      0      0   6500   1845      0      0   9250     15      0      -      -      0    247     69 
 20260921    11:15:24       0    153     77      -    100     23      0      0      0      0   6500   1845      0      0   9250     15      0      -      -      0    249     69 
 20260921    11:15:25       0    186     77      -    100     15      0      0      0      0   6500   1845      0      0   9250     15      0      -      -      0    262     71 
 20260921    11:15:26       0    172     77      -    100     14      0      0      0      0   6500   1845      0      0   9250     15      0      -      -      0    260     72 
 20260921    11:15:27       0    188     77      -    100     14      0      0      0      0   6500   1845      0      0   9250     15      0      -      -      0    260     71 
 20260921    11:15:28       0    120     77      -     99     36      0      0      0      0   6500   1860      0      0   9250     15      0      -      -      0  12556    216 
 20260921    11:15:29       0    193     77      -    100      0      0      0      0      0   6500   1830      0      0   9250     15      0      -      -      0    180     24 
 20260921    11:15:30       0    200     76      -    100      0      0      0      0      0   6500   1845      0      0   9250     15      0      -      -      0    187     24 
 20260921    11:15:31       0    118     76      -    100     17      0      0      0      0   6500   1845      0      0   9250     15      0      -      -      0    181     24 
 20260921    11:15:32       0    126     76      -    100     17      0      0      0      0   6500   1860      0      0   9250     15      0      -      -      0    183     24 
 20260921    11:15:33       0    123     76      -    100     17      0      0      0      0   6500   1860      0      0   9250     15      0      -      -      0    203     32 
 20260921    11:15:35       0    123     76      -    100     17      0      0      0      0   6500   1860      0      0   9250     15      0      -      -      0    203     30 
 20260921    11:15:36       0    126     76      -    100     17      0      0      0      0   6500   1860      0      0   9250     15      0      -      -      0    204     43 
 20260921    11:15:37       0    126     79      -    100      0      0      0      0      0   6500   1860      0      0   9250     15      0      -      -      0    197     33 
 20260921    11:15:38       0    126     78      -    100      0      0      0      0      0   6500   1785      0      0   9250     15      0      -      -      0    204     30 
 20260921    11:15:39       0    186     77      -    100      0      0      0      0      0   6500   1815      0      0   9250     15      0      -      -      0    204     30 
 20260921    11:15:40       0    182     77      -    100     20      0      0      0      0   6500   1830      0      0   9250     15      0      -      -      0    265   1100 
 20260921    11:15:41       0    152     78      -    100     20      0      0      0      0   6500   1860      0      0   9250     15      0      -      -      0    209     36 
 20260921    11:15:42       0    147     77      -    100     48      0      0      0      0   6500   1860      0      0   9250     15      0      -      -      0     27      9 
 20260921    11:15:43       0     67     74      -      0      0      0      0      0      0   6500   1860      0      0   9250     15      0      -      -      0      0      0 
 20260921    11:15:44       0     67     74      -      0      0      0      0      0      0   6500   1875      0      0   9250     15      0      -      -      0      0      0 
#Date        Time         gpu    pwr  gtemp  mtemp     sm    mem    enc    dec    jpg    ofa   mclk   pclk  pviol  tviol     fb   bar1   ccpm  sbecc  dbecc    pci  rxpci  txpci 
#YYYYMMDD    HH:MM:SS     Idx      W      C      C      %      %      %      %      %      %    MHz    MHz      %   bool     MB     MB     MB   errs   errs   errs   MB/s   MB/s 
 20260921    11:15:45       0     51     73      -      0      0      0      0      0      0   6500   1620      0      0   9250     15      0      -      -      0      0      0 
 20260921    11:15:46       0     51     72      -      0      0      0      0      0      0   6500   1620      0      0   9250     15      0      -      -      0      0      0 
 20260921    11:15:47       0     51     72      -      0      0      0      0      0      0   6500   1620      0      0   9250     15      0      -      -      0      0      0 
 20260921    11:15:48       0    128     74      -    100      0      0      0      0      0   6500   1875      0      0   9250     15      0      -      -      0    185     28 
 20260921    11:15:49       0    128     74      -    100      0      0      0      0      0   6500   1875      0      0   9250     15      0      -      -      0    185     26 
 20260921    11:15:50       0    128     75      -    100      0      0      0      0      0   6500   1875      0      0   9250     15      0      -      -      0    186     26 
 20260921    11:15:51       0    128     75      -    100      0      0      0      0      0   6500   1875      0      0   9250     15      0      -      -      0    186     26 
 20260921    11:15:52       0    127     75      -    100     18      0      0      0      0   6500   1875      0      0   9250     15      0      -      -      0    185     26 
 20260921    11:15:53       0    123     75      -    100     22      0      0      0      0   6500   1875      0      0   9250     15      0      -      -      0    185     26 
 20260921    11:15:55       0    124     75      -    100      4      0      0      0      0   6500   1875      0      0   9250     15      0      -      -      0    186     26 
 20260921    11:15:56       0    118     75      -    100     22      0      0      0      0   6500   1875      0      0   9250     15      0      -      -      0    185     26 
 20260921    11:15:57       0    120     75      -    100     22      0      0      0      0   6500   1875      0      0   9250     15      0      -      -      0    212     36 
 20260921    11:15:58       0    179     75      -    100      8      0      0      0      0   6500   1860      0      0   9250     15      0      -      -      0    213     32 
 20260921    11:15:59       0    145     75      -    100     22      0      0      0      0   6500   1860      0      0   9250     15      0      -      -      0    213     32 
 20260921    11:16:00       0    207     75      -    100     20      0      0      0      0   6500   1860      0      0   9250     15      0      -      -      0    212     32 
 20260921    11:16:01       0    210     75      -    100      0      0      0      0      0   6500   1845      0      0   9250     15      0      -      -      0    212     32 
 20260921    11:16:02       0    146     77      -    100      0      0      0      0      0   6500   1800      0      0   9250     15      0      -      -      0    213     32 
 20260921    11:16:03       0    181     77      -    100     13      0      0      0      0   6500   1770      0      0   9250     15      0      -      -      0    213     32 
 20260921    11:16:04       0    129     77      -    100      0      0      0      0      0   6500   1875      0      0   9250     15      0      -      -      0    203     36 
 20260921    11:16:05       0    180     77      -    100     26      0      0      0      0   6500   1845      0      0   9250     15      0      -      -      0    637    210 
 20260921    11:16:06       0    146     76      -    100     31      0      0      0      0   6500   1875      0      0   9250     15      0      -      -      0     26      8 
 20260921    11:16:07       0    160     78      -    100     25      0      0      0      0   6500   1860      0      0   9250     15      0      -      -      0    504     72 
 20260921    11:16:08       0    183     78      -    100     23      0      0      0      0   6500   1815      0      0   9250     15      0      -      -      0    317     95 
 20260921    11:16:09       0     70     74      -     32     19      0      0      0      0   6500   1875      0      0   9250     15      0      -      -      0   4819      4 
 20260921    11:16:10       0     67     73      -      0      0      0      0      0      0   6500   1875      0      0   9250     15      0      -      -      0      0      0 
 20260921    11:16:11       0    195     77      -    100     25      0      0      0      0   6500   1875      0      0   9250     15      0      -      -      0    204     35 
 20260921    11:16:12       0     68     74      -     18     16      0      0      0      0   6500   1875      0      0   9250     15      0      -      -      0      0      0 
 20260921    11:16:14       0     67     73      -      0      0      0      0      0      0   6500   1875      0      0   9250     15      0      -      -      0      0      0 
 20260921    11:16:15       0     51     72      -      0      0      0      0      0      0   6500   1620      0      0   9250     15      0      -      -      0      0      0 
 20260921    11:16:16       0    208     74      -    100     21      0      0      0      0   6500   1860      0      0   9250     15      0      -      -      0    176     24 
 20260921    11:16:17       0    173     75      -    100     10      0      0      0      0   6500   1860      0      0   9250     15      0      -      -      0    176     24 
 20260921    11:16:18       0    201     75      -    100      0      0      0      0      0   6500   1845      0      0   9250     15      0      -      -      0    177     24 
 20260921    11:16:19       0    130     75      -    100     20      0      0      0      0   6500   1830      0      0   9250     15      0      -      -      0    177     24 
 20260921    11:16:20       0    179     76      -    100     11      0      0      0      0   6500   1800      0      0   9250     15      0      -      -      0    177     24 
 20260921    11:16:21       0    129     77      -    100      0      0      0      0      0   6500   1800      0      0   9250     15      0      -      -      0    177     25 
 20260921    11:16:22       0    129     76      -    100      0      0      0      0      0   6500   1785      0      0   9250     15      0      -      -      0    187     24 
 20260921    11:16:23       0    129     77      -    100      0      0      0      0      0   6500   1875      0      0   9250     15      0      -      -      0    175     29 
 20260921    11:16:24       0    129     76      -    100      0      0      0      0      0   6500   1875      0      0   9250     15      0      -      -      0    224     34 
 20260921    11:16:25       0    128     74      -    100      0      0      0      0      0   6500   1875      0      0   9250     15      0      -      -      0    212     39 
 20260921    11:16:26       0    129     74      -    100      0      0      0      0      0   6500   1875      0      0   9250     15      0      -      -      0    203     36 
 20260921    11:16:27       0    128     75      -    100      0      0      0      0      0   6500   1875      0      0   9250     15      0      -      -      0    202     30 
 20260921    11:16:28       0    128     75      -    100      0      0      0      0      0   6500   1875      0      0   9250     15      0      -      -      0    203     30 
 20260921    11:16:29       0    127     75      -    100      0      0      0      0      0   6500   1875      0      0   9250     15      0      -      -      0    204     30 
 20260921    11:16:30       0    128     75      -    100      0      0      0      0      0   6500   1875      0      0   9250     15      0      -      -      0    203     30 
#Date        Time         gpu    pwr  gtemp  mtemp     sm    mem    enc    dec    jpg    ofa   mclk   pclk  pviol  tviol     fb   bar1   ccpm  sbecc  dbecc    pci  rxpci  txpci 
#YYYYMMDD    HH:MM:SS     Idx      W      C      C      %      %      %      %      %      %    MHz    MHz      %   bool     MB     MB     MB   errs   errs   errs   MB/s   MB/s 
 20260921    11:16:31       0    127     75      -    100      7      0      0      0      0   6500   1875      0      0   9250     15      0      -      -      0    207     30 
 20260921    11:16:33       0    132     75      -    100     46      0      0      0      0   6500   1875      0      0   9250     15      0      -      -      0     13    262 
 20260921    11:16:34       0    167     75      -    100     27      0      0      0      0   6500   1860      0      0   9250     15      0      -      -      0    200     29 
 20260921    11:16:35       0    153     76      -    100     14      0      0      0      0   6500   1815      0      0   9250     15      0      -      -      0    216     32 
 20260921    11:16:36       0    156     75      -    100     14      0      0      0      0   6500   1860      0      0   9250     15      0      -      -      0    221     33 
 20260921    11:16:37       0    158     75      -    100     15      0      0      0      0   6500   1875      0      0   9250     15      0      -      -      0    185     31 
 20260921    11:16:38       0    134     75      -    100     12      0      0      0      0   6500   1875      0      0   9250     15      0      -      -      0    186     33 
 20260921    11:16:39       0    133     77      -    100     11      0      0      0      0   6500   1875      0      0   9250     15      0      -      -      0    213     32 
 20260921    11:16:40       0    170     76      -    100     11      0      0      0      0   6500   1860      0      0   9250     15      0      -      -      0    212     32 
 20260921    11:16:41       0    172     75      -    100     11      0      0      0      0   6500   1860      0      0   9250     15      0      -      -      0    212     32 
 20260921    11:16:42       0    128     75      -    100     11      0      0      0      0   6500   1875      0      0   9250     15      0      -      -      0    211     39 
 20260921    11:16:43       0    127     77      -    100     11      0      0      0      0   6500   1845      0      0   9250     15      0      -      -      0    730   9453 
 20260921    11:16:44       0    179     77      -    100     26      0      0      0      0   6500   1860      0      0   9250     15      0      -      -      0    215     32 
 20260921    11:16:45       0     82     74      -    100     49      0      0      0      0   6500   1875      0      0   9250     15      0      -      -      0      0      0 
 20260921    11:16:46       0     67     73      -      0      0      0      0      0      0   6500   1875      0      0   9250     15      0      -      -      0      0      0 
 20260921    11:16:47       0     51     72      -      0      0      0      0      0      0   6500   1620      0      0   9250     15      0      -      -      0      0      0 
 20260921    11:16:48       0     51     71      -      0      0      0      0      0      0   6500   1620      0      0   9250     15      0      -      -      0      0      0 
 20260921    11:16:49       0     51     71      -      0      0      0      0      0      0   6500   1620      0      0   9250     15      0      -      -      0      0      0 
 20260921    11:16:50       0    164     74      -    100     16      0      0      0      0   6500   1860      0      0   9250     15      0      -      -      0    176     30 
 20260921    11:16:52       0    173     76      -    100     17      0      0      0      0   6500   1860      0      0   9250     15      0      -      -      0    208     30 
 20260921    11:16:53       0     96     73      -     89     51      0      0      0      0   6500   1875      0      0   9250     15      0      -      -      0      0      0 
 20260921    11:16:54       0     66     72      -      0      0      0      0      0      0   6500   1875      0      0   9250     15      0      -      -      0      0      3 
 20260921    11:16:55       0     79     72      -     41      1      0      0      0      0   6500   1815      0      0   9250     15      0      -      -      0    185     31 
 20260921    11:16:56       0    141     74      -    100     13      0      0      0      0   6500   1860      0      0   9250     15      0      -      -      0    177     24 
 20260921    11:16:57       0    155     75      -    100     19      0      0      0      0   6500   1830      0      0   9250     15      0      -      -      0    203     34 
 20260921    11:16:58       0    166     74      -    100     10      0      0      0      0   6500   1860      0      0   9250     15      0      -      -      0    220     33 
 20260921    11:16:59       0    135     74      -    100     16      0      0      0      0   6500   1860      0      0   9250     15      0      -      -      0    203     30 
 20260921    11:17:00       0     66     72      -      0      0      0      0      0      0   6500   1875      0      0   9250     15      0      -      -      0      0      0 
 20260921    11:17:01       0     66     71      -      0      0      0      0      0      0   6500   1620      0      0   9250     15      0      -      -      0      0      0 
 20260921    11:17:02       0     50     70      -      0      0      0      0      0      0   6500   1620      0      0   9250     15      0      -      -      0      0      0 
 20260921    11:17:03       0     50     70      -      0      0      0      0      0      0   6500   1620      0      0   9250     15      0      -      -      0      0      0 
 20260921    11:17:04       0    189     74      -    100     25      0      0      0      0   6500   1875      0      0   9250     15      0      -      -      0    185     34 
 20260921    11:17:05       0     66     71      -      0      0      0      0      0      0   6500   1875      0      0   9250     15      0      -      -      0   5966      4 
 20260921    11:17:06       0     66     70      -      0      0      0      0      0      0   6500   1875      0      0   9250     15      0      -      -      0      0      0 
 20260921    11:17:07       0     65     70      -      0      0      0      0      0      0   6500   1620      0      0   9250     15      0      -      -      0      0      0 
 20260921    11:17:08       0     50     69      -      0      0      0      0      0      0   6500   1620      0      0   9250     15      0      -      -      0      0      0 
 20260921    11:17:09       0     50     68      -      0      0      0      0      0      0   6500   1620      0      0   9250     15      0      -      -      0      0      0 
 20260921    11:17:10       0     88     70      -     22      2      0      0      0      0   6500   1620      0      0   9250     15      0      -      -      0     31      9 
 20260921    11:17:12       0     65     69      -      0      0      0      0      0      0   6500   1890      0      0   9250     15      0      -      -      0      0      0 
 20260921    11:17:13       0     65     68      -      0      0      0      0      0      0   6500   1620      0      0   9250     15      0      -      -      0      0      0 
 20260921    11:17:14       0     50     68      -      0      0      0      0      0      0   6500   1620      0      0   9250     15      0      -      -      0      0      0 
 20260921    11:17:15       0     50     67      -      0      0      0      0      0      0   6500   1620      0      0   9250     15      0      -      -      0      0      0 
 20260921    11:17:16       0     50     67      -      0      0      0      0      0      0   6500   1620      0      0   9250     15      0      -      -      0      0      0 
 20260921    11:17:17       0     65     68      -     15      8      0      0      0      0   6500   1890      0      0   9250     15      0      -      -      0      0      4 
#Date        Time         gpu    pwr  gtemp  mtemp     sm    mem    enc    dec    jpg    ofa   mclk   pclk  pviol  tviol     fb   bar1   ccpm  sbecc  dbecc    pci  rxpci  txpci 
#YYYYMMDD    HH:MM:SS     Idx      W      C      C      %      %      %      %      %      %    MHz    MHz      %   bool     MB     MB     MB   errs   errs   errs   MB/s   MB/s 
 20260921    11:17:18       0     65     67      -      0      0      0      0      0      0   6500   1890      0      0   9250     15      0      -      -      0      0      0 
 20260921    11:17:19       0     50     66      -      0      0      0      0      0      0   6500   1620      0      0   9250     15      0      -      -      0      0      0 
 20260921    11:17:20       0     50     66      -      0      0      0      0      0      0   6500   1620      0      0   9250     15      0      -      -      0      0      0 
 20260921    11:17:21       0     49     66      -      0      0      0      0      0      0   6500   1620      0      0   9250     15      0      -      -      0      0      0 
 20260921    11:17:22       0     49     65      -      0      0      0      0      0      0   6500   1620      0      0   9250     15      0      -      -      0      0      0 
 20260921    11:17:23       0     49     65      -      0      0      0      0      0      0   6500   1620      0      0   9250     15      0      -      -      0      0      0 
 20260921    11:17:24       0     49     65      -      0      0      0      0      0      0   6500   1620      0      0   9250     15      0      -      -      0      0      0 
 20260921    11:17:25       0     49     65      -      0      0      0      0      0      0   6500   1620      0      0   9250     15      0      -      -      0      0      0 
 20260921    11:17:26       0     49     64      -      0      0      0      0      0      0   6500   1620      0      0   9250     15      0      -      -      0      0      0 
 20260921    11:17:27       0     49     64      -      0      0      0      0      0      0   6500   1620      0      0   9250     15      0      -      -      0      0      0 
 20260921    11:17:28       0     49     64      -      0      0      0      0      0      0   6500   1620      0      0   9250     15      0      -      -      0      0      0 
 20260921    11:17:29       0     49     64      -      0      0      0      0      0      0   6500   1620      0      0   9250     15      0      -      -      0      0      0 
 20260921    11:17:31       0     49     63      -      0      0      0      0      0      0   6500   1620      0      0   9250     15      0      -      -      0      0      0 
 20260921    11:17:32       0     49     63      -      0      0      0      0      0      0   6500   1620      0      0   9250     15      0      -      -      0      0      0 
 20260921    11:17:33       0     49     63      -      0      0      0      0      0      0   6500   1620      0      0   9250     15      0      -      -      0      0      0 
 20260921    11:17:34       0     19     62      -      0      0      0      0      0      0    405    360      0      0   9250     15      0      -      -      0      3      0 
 20260921    11:17:35       0      9     61      -      0      0      0      0      0      0    405    360      0      0   9250     15      0      -      -      0      0      0 
 20260921    11:17:36       0      9     61      -      0      0      0      0      0      0    405    300      0      0   9250     15      0      -      -      0      0      0 
 20260921    11:17:37       0      9     60      -      0      0      0      0      0      0    405    300      0      0   9250     15      0      -      -      0      0      0 
 20260921    11:17:38       0      8     60      -      0      0      0      0      0      0    405    300      0      0   9250     15      0      -      -      0      0      0 
 20260921    11:17:39       0     59     62      -     11      6      0      0      0      0   6500   1890      0      0   9250     15      0      -      -      0      0      0 
 20260921    11:17:40       0     59     62      -      0      0      0      0      0      0   6500   1890      0      0   9250     15      0      -      -      0      0      0 
 20260921    11:17:41       0    117     63      -     73      2      0      0      0      0   6500   1890      0      0   9250     15      0      -      -      0    188     26 
 20260921    11:17:42       0    119     64      -    100     17      0      0      0      0   6500   1890      0      0   9250     15      0      -      -      0    188     27 
 20260921    11:17:43       0    120     65      -    100      0      0      0      0      0   6500   1890      0      0   9250     15      0      -      -      0    188     29 
 20260921    11:17:44       0    119     65      -    100      1      0      0      0      0   6500   1890      0      0   9250     15      0      -      -      0    188     30 
 20260921    11:17:45       0    119     66      -    100     12      0      0      0      0   6500   1890      0      0   9250     15      0      -      -      0    187     31 
 20260921    11:17:46       0    120     66      -    100     17      0      0      0      0   6500   1890      0      0   9250     15      0      -      -      0    225     38 
 20260921    11:17:47       0    120     66      -    100     17      0      0      0      0   6500   1890      0      0   9250     15      0      -      -      0    227     39 
 20260921    11:17:49       0    122     66      -    100      0      0      0      0      0   6500   1890      0      0   9250     15      0      -      -      0    227     39 
 20260921    11:17:50       0    121     67      -    100      2      0      0      0      0   6500   1890      0      0   9250     15      0      -      -      0    225     39 
 20260921    11:17:51       0    120     67      -    100     15      0      0      0      0   6500   1890      0      0   9250     15      0      -      -      0    226     37 
 20260921    11:17:52       0    123     67      -    100     17      0      0      0      0   6500   1890      0      0   9250     15      0      -      -      0    226     36 
 20260921    11:17:53       0    159     67      -    100     38      0      0      0      0   6500   1890      0      0   9250     15      0      -      -      0      3      0 
 20260921    11:17:54       0     63     65      -      0      0      0      0      0      0   6500   1890      0      0   9250     15      0      -      -      0      0      0 
 20260921    11:17:55       0     49     66      -      0      0      0      0      0      0   6500   1620      0      0   9250     15      0      -      -      0    146     31 
 20260921    11:17:56       0     64     65      -      0      0      0      0      0      0   6500   1890      0      0   9250     15      0      -      -      0      0      0 
 20260921    11:17:57       0     64     65      -      0      0      0      0      0      0   6500   1890      0      0   9250     15      0      -      -      0      0      0 
 20260921    11:17:58       0     49     64      -      0      0      0      0      0      0   6500   1620      0      0   9250     15      0      -      -      0      0      0 
 20260921    11:17:59       0     49     64      -      0      0      0      0      0      0   6500   1620      0      0   9250     15      0      -      -      0      0      0 
 20260921    11:18:00       0     49     64      -      0      0      0      0      0      0   6500   1620      0      0   9250     15      0      -      -      0      0      0 
 20260921    11:18:01       0     49     64      -      0      0      0      0      0      0   6500   1620      0      0   8226     15      0      -      -      0      0      0 
 20260921    11:18:02       0     49     63      -      0      0      0      0      0      0   6500   1620      0      0   5858     15      0      -      -      0      0      0 
 20260921    11:18:03       0     49     63      -      0      0      0      0      0      0   6500   1620      0      0   5858     15      0      -      -      0      0      0 
