#Date        Time         gpu    pwr  gtemp  mtemp     sm    mem    enc    dec    jpg    ofa   mclk   pclk  pviol  tviol     fb   bar1   ccpm  sbecc  dbecc    pci  rxpci  txpci 
#YYYYMMDD    HH:MM:SS     Idx      W      C      C      %      %      %      %      %      %    MHz    MHz      %   bool     MB     MB     MB   errs   errs   errs   MB/s   MB/s 
 20260921    16:40:32       0     17     58      -      0      0      0      0      0      0    405    210      0      0      1      2      0      -      -      0      0      7 
 20260921    16:40:33       0     17     58      -      0      0      0      0      0      0    405    210      0      0      1      2      0      -      -      0      0      0 
 20260921    16:40:34       0     17     58      -      0      0      0      0      0      0    405    210      0      0      1      2      0      -      -      0      0      0 
 20260921    16:40:35       0     17     58      -      0      0      0      0      0      0    405    210      0      0      1      2      0      -      -      0      0      0 
 20260921    16:40:36       0     17     58      -      0      0      0      0      0      0    405    210      0      0      4      3      0      -      -      0      0      0 
 20260921    16:40:37       0     17     58      -      0      0      0      0      0      0    405    210      0      0      4      3      0      -      -      0      0      0 
 20260921    16:40:38       0     17     58      -      0      0      0      0      0      0    405    210      0      0      4      3      0      -      -      0      0      0 
 20260921    16:40:39       0     17     57      -      0      0      0      0      0      0    405    210      0      0      4      3      0      -      -      0      0      0 
 20260921    16:40:40       0     17     57      -      0      0      0      0      0      0    405    210      0      0      4      3      0      -      -      0      0      0 
 20260921    16:40:41       0     17     57      -      0      0      0      0      0      0    405    210      0      0      4      3      0      -      -      0      0      0 
 20260921    16:40:42       0     17     57      -      0      0      0      0      0      0    405    210      0      0      4      3      0      -      -      0      0      0 
 20260921    16:40:43       0     17     57      -      0      0      0      0      0      0    405    210      0      0      4      3      0      -      -      0      0      0 
 20260921    16:40:45       0     17     57      -      0      0      0      0      0      0    405    210      0      0      4      3      0      -      -      0      0      0 
 20260921    16:40:46       0     17     57      -      0      0      0      0      0      0    405    210      0      0      4      3      0      -      -      0      0      0 
 20260921    16:40:47       0     17     57      -      0      0      0      0      0      0    405    210      0      0      4      3      0      -      -      0      0      0 
 20260921    16:40:48       0     17     57      -      0      0      0      0      0      0    405    210      0      0      4      3      0      -      -      0      0      0 
 20260921    16:40:49       0     17     56      -      0      0      0      0      0      0    405    210      0      0      4      3      0      -      -      0      0      0 
 20260921    16:40:50       0     17     56      -      0      0      0      0      0      0    405    210      0      0      4      3      0      -      -      0      0      0 
 20260921    16:40:51       0     17     56      -      0      0      0      0      0      0    405    210      0      0      4      3      0      -      -      0      0      0 
 20260921    16:40:52       0     17     56      -      0      0      0      0      0      0    405    210      0      0      4      3      0      -      -      0      0      0 
 20260921    16:40:53       0     17     56      -      0      0      0      0      0      0    405    210      0      0      4      3      0      -      -      0      0      0 
 20260921    16:40:54       0     17     56      -      0      0      0      0      0      0    405    210      0      0      4      3      0      -      -      0      0      0 
 20260921    16:40:55       0     17     56      -      0      0      0      0      0      0    405    210      0      0      4      3      0      -      -      0      0      0 
 20260921    16:40:56       0     17     56      -      0      0      0      0      0      0    405    210      0      0      4      3      0      -      -      0      0      0 
 20260921    16:40:57       0     17     56      -      0      0      0      0      0      0    405    210      0      0    169      5      0      -      -      0      0      0 
 20260921    16:40:58       0     29     57      -      3      0      0      0      0      0   6501   1560      0      0    281      5      0      -      -      0      0      0 
 20260921    16:40:59       0     39     57      -      0      0      0      0      0      0   6501   1560      0      0   5803      5      0      -      -      0      0      0 
 20260921    16:41:00       0     39     57      -     21      1      0      0      0      0   6501   1560      0      0   5803      5      0      -      -      0   2710    252 
 20260921    16:41:01       0     40     57      -     19      2      0      0      0      0   6501   1560      0      0   6731      5      0      -      -      0   2419    232 
 20260921    16:41:02       0     40     57      -      7      1      0      0      0      0   6501   1560      0      0   7751      5      0      -      -      0     10      4 
 20260921    16:41:03       0     44     57      -     13      1      0      0      0      0   6501   1560      4      0   6901      5      0      -      -      0     32     10 
 20260921    16:41:04       0     91     62      -    100     65      0      0      0      0   6501   1395    100      0   6901      5      0      -      -      0     20     10 
 20260921    16:41:06       0    138     63      -    100     61      0      0      0      0   6501   1350    100      0   6901      5      0      -      -      0      3     14 
 20260921    16:41:07       0     74     61      -      0      0      0      0      0      0   6501   1920      1      0   6917      5      0      -      -      0      0      0 
 20260921    16:41:08       0     58     61      -      0      0      0      0      0      0   6501   1920      0      0   6917      5      0      -      -      0      0      0 
 20260921    16:41:09       0     52     60      -      0      0      0      0      0      0   6501   1560      0      0   6917      5      0      -      -      0      0      0 
 20260921    16:41:10       0     45     60      -      0      0      0      0      0      0   6501   1560      0      0   6917      5      0      -      -      0      0      0 
 20260921    16:41:11       0     39     60      -      0      0      0      0      0      0   6501   1560      0      0   6917      5      0      -      -      0      0      0 
 20260921    16:41:12       0     39     60      -      0      0      0      0      0      0   6501   1560      0      0   6917      5      0      -      -      0      0      0 
 20260921    16:41:13       0     39     60      -      0      0      0      0      0      0   6501   1560      0      0   6917      5      0      -      -      0      0      0 
 20260921    16:41:14       0     40     60      -     18     19      0      0      0      0   6501   1560      7      0   8923   2383      0      -      -      0      0      0 
 20260921    16:41:15       0     49     60      -      0      0      0      0      0      0   6501   1560      0      0   8923   2383      0      -      -      0      0      0 
 20260921    16:41:16       0     39     60      -      0      0      0      0      0      0   6501   1560      0      0   8923   2383      0      -      -      0      0      0 
 20260921    16:41:17       0     39     60      -      0      0      0      0      0      0   6501   1560      0      0   8923   2383      0      -      -      0      0      0 
#Date        Time         gpu    pwr  gtemp  mtemp     sm    mem    enc    dec    jpg    ofa   mclk   pclk  pviol  tviol     fb   bar1   ccpm  sbecc  dbecc    pci  rxpci  txpci 
#YYYYMMDD    HH:MM:SS     Idx      W      C      C      %      %      %      %      %      %    MHz    MHz      %   bool     MB     MB     MB   errs   errs   errs   MB/s   MB/s 
 20260921    16:41:18       0     39     62      -     21     21      0      0      0      0   6501   1275     18      0   9595   2383      0      -      -      0     32      9 
 20260921    16:41:19       0    116     65      -    100     48      0      0      0      0   6501   1335    100      0   9595   2383      0      -      -      0     33      8 
 20260921    16:41:20       0    138     66      -    100     59      0      0      0      0   6501   1395    100      0   9595   2383      0      -      -      0     34     12 
 20260921    16:41:21       0    139     67      -    100     53      0      0      0      0   6501   1260    100      0   9595   2383      0      -      -      0     33      8 
 20260921    16:41:22       0    138     68      -    100     60      0      0      0      0   6501   1380    100      0   9595   2383      0      -      -      0     21      7 
 20260921    16:41:23       0    138     69      -    100     52      0      0      0      0   6501   1275     77      0   9595   2383      0      -      -      0     36      7 
 20260921    16:41:24       0    134     69      -    100     53      0      0      0      0   6501   1305    100      0   9595   2383      0      -      -      0     32     13 
 20260921    16:41:25       0    137     70      -    100     50      0      0      0      0   6501   1320    100      0   9595   2383      0      -      -      0     19     13 
 20260921    16:41:26       0    138     72      -    100     59      0      0      0      0   6501   1350    100      0   9595   2383      0      -      -      0     22      8 
 20260921    16:41:28       0    139     72      -    100     59      0      0      0      0   6501   1350    100      0   9595   2383      0      -      -      0     31      8 
 20260921    16:41:29       0    139     73      -    100     58      0      0      0      0   6501   1335    100      0   9595   2383      0      -      -      0   1303   6805 
 20260921    16:41:30       0    137     74      -    100     51      0      0      0      0   6501   1305     87      0   9595   2383      0      -      -      0     34      8 
 20260921    16:41:31       0    137     74      -    100     47      0      0      0      0   6501   1290    100      0   9595   2383      0      -      -      0     23     12 
 20260921    16:41:32       0    138     75      -    100     49      0      0      0      0   6501   1305    100      0   9595   2383      0      -      -      0     33     10 
 20260921    16:41:33       0    138     76      -    100     51      0      0      0      0   6501   1170    100      0   9595   2383      0      -      -      0     25      9 
 20260921    16:41:34       0    138     76      -    100     52      0      0      0      0   6501   1200    100      0   9595   2383      0      -      -      0     32     10 
 20260921    16:41:35       0    138     78      -    100     56      0      0      0      0   6501   1320     88      0   9595   2383      0      -      -      0     22      7 
 20260921    16:41:36       0    139     78      -    100     54      0      0      0      0   6501   1275    100      0   9595   2383      0      -      -      0     20     12 
 20260921    16:41:37       0    138     78      -    100     51      0      0      0      0   6501   1215    100      0   9595   2383      0      -      -      0     33      8 
 20260921    16:41:38       0    138     79      -    100     55      0      0      0      0   6501   1320    100      0   9595   2383      0      -      -      0     33      8 
 20260921    16:41:39       0    138     79      -    100     52      0      0      0      0   6501   1215    100      0   9595   2383      0      -      -      0     25      9 
 20260921    16:41:40       0    136     80      -     70     57      0      0      0      0   6501   1665     88      0   9595   2383      0      -      -      0     27      8 
 20260921    16:41:41       0    136     80      -    100     48      0      0      0      0   6501   1200    100      0   9595   2383      0      -      -      0     24      8 
 20260921    16:41:42       0    138     81      -    100     55      0      0      0      0   6501   1320    100      0   9595   2383      0      -      -      0     21      7 
 20260921    16:41:43       0    138     81      -     95     58      0      0      0      0   6501   1185    100      0   9595   2383      0      -      -      0     24      8 
 20260921    16:41:44       0    138     82      -    100     55      0      0      0      0   6501   1305    100      0   9595   2383      0      -      -      0     18      7 
 20260921    16:41:45       0    139     82      -    100     48      0      0      0      0   6501   1185    100      0   9595   2383      0      -      -      0     19      6 
 20260921    16:41:46       0    138     83      -    100     52      0      0      0      0   6501   1290     95      0   9595   2383      0      -      -      0     15     12 
 20260921    16:41:48       0    138     83      -    100     48      0      0      0      0   6501   1155    100      0   9595   2383      0      -      -      0     21      8 
 20260921    16:41:49       0    139     84      -    100     47      0      0      0      0   6501   1185    100      0   9595   2383      0      -      -      0    365   5903 
 20260921    16:41:50       0    138     84      -    100     50      0      0      0      0   6501    885    100      0   9595   2383      0      -      -      0     17     11 
 20260921    16:41:51       0    138     84      -    100     46      0      0      0      0   6501   1140    100      0   9595   2383      0      -      -      0     20      9 
 20260921    16:41:52       0    138     84      -    100     53      0      0      0      0   6501   1275     85      0   9595   2383      0      -      -      0     27     13 
 20260921    16:41:53       0    137     85      -    100     51      0      0      0      0   6501   1110    100      0   9595   2383      0      -      -      0     19     10 
 20260921    16:41:54       0    137     85      -    100     52      0      0      0      0   6501   1215    100      0   9595   2383      0      -      -      0     19      6 
 20260921    16:41:55       0    138     85      -    100     52      0      0      0      0   6501   1290    100      0   9595   2383      0      -      -      0     20      6 
 20260921    16:41:56       0    138     85      -    100     46      0      0      0      0   6501    870    100      0   9595   2383      0      -      -      0     33      8 
 20260921    16:41:57       0    138     85      -    100     50      0      0      0      0   6501   1140    100      0   9595   2383      0      -      -      0     26     13 
 20260921    16:41:58       0    137     86      -    100     50      0      0      0      0   6501   1275     88      0   9595   2383      0      -      -      0     33      7 
 20260921    16:41:59       0    137     86      -    100     51      0      0      0      0   6501   1290    100      0   9595   2383      0      -      -      0     20     12 
 20260921    16:42:00       0    139     86      -    100     53      0      0      0      0   6501   1260    100      0   9595   2383      0      -      -      0     21      6 
 20260921    16:42:01       0    138     86      -    100     50      0      0      0      0   6501   1185    100      0   9595   2383      0      -      -      0     21      7 
 20260921    16:42:02       0    139     86      -    100     50      0      0      0      0   6501   1185    100      0   9595   2383      0      -      -      0     35      7 
 20260921    16:42:03       0    139     87      -    100     50      0      0      0      0   6501   1170    100      0   9595   2383      0      -      -      0     16     11 
#Date        Time         gpu    pwr  gtemp  mtemp     sm    mem    enc    dec    jpg    ofa   mclk   pclk  pviol  tviol     fb   bar1   ccpm  sbecc  dbecc    pci  rxpci  txpci 
#YYYYMMDD    HH:MM:SS     Idx      W      C      C      %      %      %      %      %      %    MHz    MHz      %   bool     MB     MB     MB   errs   errs   errs   MB/s   MB/s 
 20260921    16:42:04       0    138     87      -    100     46      0      0      0      0   6501   1185     90      0   9595   2383      0      -      -      0     25      8 
 20260921    16:42:05       0    138     87      -    100     49      0      0      0      0   6501   1185    100      0   9595   2383      0      -      -      0     22     12 
 20260921    16:42:06       0    138     87      -    100     46      0      0      0      0   6501   1200    100      0   9595   2383      0      -      -      0     18      7 
 20260921    16:42:07       0    139     87      -    100     53      0      0      0      0   6501   1200    100      0   9595   2383      0      -      -      0     24      8 
 20260921    16:42:08       0    138     88      -    100     51      0      0      0      0   6501   1065    100      0   9595   2383      0      -      -      0     18     11 
 20260921    16:42:10       0    139     88      -    100     52      0      0      0      0   6501   1035    100      0   9595   2383      0      -      -      0     33      6 
 20260921    16:42:11       0    138     88      -    100     45      0      0      0      0   6501   1005     88      0   9595   2383      0      -      -      0     17      5 
 20260921    16:42:12       0    138     88      -    100     50      0      0      0      0   6501   1005    100      0   9595   2383      0      -      -      0     29     13 
 20260921    16:42:13       0    138     88      -    100     47      0      0      0      0   6501   1245    100      0   9595   2383      0      -      -      0    137   5591 
 20260921    16:42:14       0    139     88      -    100     50      0      0      0      0   6501   1020    100      0   9595   2383      0      -      -      0     31      7 
 20260921    16:42:15       0    139     89      -    100     46      0      0      0      0   6501   1095    100      0   9595   2383      0      -      -      0     21      8 
 20260921    16:42:16       0    138     89      -    100     46      0      0      0      0   6501   1245    100      0   9595   2383      0      -      -      0   1292   5899 
 20260921    16:42:17       0    139     89      -     80     82      0      0      0      0   6501   1245     98      0   9595   2383      0      -      -      0     21      8 
 20260921    16:42:18       0    138     89      -    100     50      0      0      0      0   6501   1170    100      0   9595   2383      0      -      -      0     24     12 
 20260921    16:42:19       0    138     89      -     90     57      0      0      0      0   6501   1005    100      0   9595   2383      0      -      -      0   1417   6517 
 20260921    16:42:20       0    140     89      -    100     51      0      0      0      0   6501   1245    100      0   9595   2383      0      -      -      0     27     12 
 20260921    16:42:21       0    139     89      -    100     47      0      0      0      0   6501   1185    100      0   9595   2383      0      -      -      0     32      7 
 20260921    16:42:22       0    136     89      -     63     62      0      0      0      0   6501   1680     88      0   9595   2383      0      -      -      0     30      8 
 20260921    16:42:23       0    136     89      -    100     43      0      0      0      0   6501   1110    100      0   9595   2383      0      -      -      0     28      7 
 20260921    16:42:24       0    138     89      -    100     44      0      0      0      0   6501   1140    100      0   9595   2383      0      -      -      0     21      6 
 20260921    16:42:25       0    139     90      -    100     45      0      0      0      0   6501    990    100      0   9595   2383      0      -      -      0     27      8 
 20260921    16:42:26       0    139     90      -    100     46      0      0      0      0   6501   1065    100      0   9595   2383      0      -      -      0     18      6 
 20260921    16:42:27       0    139     90      -    100     50      0      0      0      0   6501    930    100      0   9595   2383      0      -      -      0     17     10 
 20260921    16:42:28       0    138     90      -    100     49      0      0      0      0   6501   1215     94      0   9595   2383      0      -      -      0     31     10 
 20260921    16:42:29       0    139     90      -    100     48      0      0      0      0   6501   1185    100      0   9595   2383      0      -      -      0     31      8 
 20260921    16:42:31       0    139     90      -    100     45      0      0      0      0   6501   1140    100      0   9595   2383      0      -      -      0     21      8 
 20260921    16:42:32       0    138     90      -    100     49      0      0      0      0   6501   1140    100      0   9595   2383      0      -      -      0     30     12 
 20260921    16:42:33       0    140     90      -    100     48      0      0      0      0   6501   1005    100      0   9595   2383      0      -      -      0     31      9 
 20260921    16:42:34       0    139     90      -    100     46      0      0      0      0   6501   1230    100      0   9595   2383      0      -      -      0     33      6 
 20260921    16:42:35       0    136     90      -    100     50      0      0      0      0   6501   1680     90      0   9595   2383      0      -      -      0     29      7 
 20260921    16:42:36       0    137     90      -    100     47      0      0      0      0   6501   1155    100      0   9595   2383      0      -      -      0     31      7 
 20260921    16:42:37       0    138     91      -    100     48      0      0      0      0   6501   1140    100      0   9595   2383      0      -      -      0     25      7 
 20260921    16:42:38       0    139     91      -    100     47      0      0      0      0   6501    945    100      0   9595   2383      0      -      -      0     16     12 
 20260921    16:42:39       0    139     91      -    100     48      0      0      0      0   6501   1020    100      0   9595   2383      0      -      -      0     17     11 
 20260921    16:42:40       0    139     91      -    100     48      0      0      0      0   6501   1080    100      0   9595   2383      0      -      -      0     22     10 
 20260921    16:42:41       0    139     91      -     92     60      0      0      0      0   6501   1065     96      0   9595   2383      0      -      -      0     21     11 
 20260921    16:42:42       0    140     91      -    100     48      0      0      0      0   6501   1185    100      0   9595   2383      0      -      -      0     14     12 
 20260921    16:42:43       0    139     91      -    100     47      0      0      0      0   6501   1005    100      0   9595   2383      0      -      -      0     16     11 
 20260921    16:42:44       0    139     91      -     98     60      0      0      0      0   6501   1260    100      0   9595   2383      0      -      -      0     24      8 
 20260921    16:42:45       0    139     91      -    100     45      0      0      0      0   6501   1140    100      0   9595   2383      0      -      -      0     24      8 
 20260921    16:42:46       0    139     91      -    100     49      0      0      0      0   6501   1035    100      0   9595   2383      0      -      -      0     31      7 
 20260921    16:42:47       0    139     91      -    100     46      0      0      0      0   6501   1095     95      0   9595   2383      0      -      -      0     17      6 
 20260921    16:42:48       0    139     92      -    100     48      0      0      0      0   6501    840    100      0   9595   2383      0      -      -      0     28      7 
 20260921    16:42:49       0    138     92      -    100     45      0      0      0      0   6501    960    100      0   9595   2383      0      -      -      0     31      7 
#Date        Time         gpu    pwr  gtemp  mtemp     sm    mem    enc    dec    jpg    ofa   mclk   pclk  pviol  tviol     fb   bar1   ccpm  sbecc  dbecc    pci  rxpci  txpci 
#YYYYMMDD    HH:MM:SS     Idx      W      C      C      %      %      %      %      %      %    MHz    MHz      %   bool     MB     MB     MB   errs   errs   errs   MB/s   MB/s 
 20260921    16:42:50       0    139     92      -    100     48      0      0      0      0   6501   1125    100      0   9595   2383      0      -      -      0   1424   5545 
 20260921    16:42:52       0    140     92      -    100     46      0      0      0      0   6501   1125    100      0   9595   2383      0      -      -      0     16     11 
 20260921    16:42:53       0    140     92      -    100     49      0      0      0      0   6501    990    100      0   9595   2383      0      -      -      0     22      7 
 20260921    16:42:54       0    139     92      -    100     45      0      0      0      0   6501   1200    100      0   9595   2383      0      -      -      0   1543   7234 
 20260921    16:42:55       0     93     90      -      0      0      0      0      0      0   6501   1860      0      0   9595   2383      0      -      -      0      0      0 
 20260921    16:42:56       0     88     90      -      0      0      0      0      0      0   6501   1860      0      0   9595   2383      0      -      -      0      0      0 
 20260921    16:42:57       0     78     88      -      0      0      0      0      0      0   6501   1560      0      0   9595   2383      0      -      -      0      0      0 
 20260921    16:42:58       0     68     88      -      0      0      0      0      0      0   6501   1560      0      0   9595   2383      0      -      -      0      0      0 
 20260921    16:42:59       0     58     87      -      0      0      0      0      0      0   6501   1560      0      0   9595   2383      0      -      -      0      0      0 
 20260921    16:43:00       0     57     86      -      0      0      0      0      0      0   6501   1560      0      0   9595   2383      0      -      -      0      0      0 
 20260921    16:43:01       0     57     86      -      0      0      0      0      0      0   6501   1560      0      0   9595   2383      0      -      -      0  12425      1 
 20260921    16:43:02       0     65     85      -      3      3      0      0      0      0   6501   1560      2      0   9595   2383      0      -      -      0      0      0 
 20260921    16:43:03       0     67     84      -     20     21      0      0      0      0   6501   1560      2      0   9595   2383      0      -      -      0      0      5 
 20260921    16:43:04       0     69     84      -     24     19      0      0      0      0   6501   1560      0      0   9595   2383      0      -      -      0     21      0 
 20260921    16:43:05       0     73     83      -      9      8      0      0      0      0   6501   1560      0      0   9595   2383      0      -      -      0      0      0 
 20260921    16:43:06       0     72     83      -      0      3      0      0      0      0   6501   1560      0      0   9595   2383      0      -      -      0     14      5 
 20260921    16:43:07       0     73     83      -      8      9      0      0      0      0   6501   1560      0      0   9595   2383      0      -      -      0      0      1 
 20260921    16:43:08       0     72     82      -     12     11      0      0      0      0   6501   1560      1      0   9595   2383      0      -      -      0     20      9 
 20260921    16:43:09       0     74     82      -     37     34      0      0      0      0   6501   1560      2      0   9595   2383      0      -      -      0      6      6 
 20260921    16:43:10       0     74     82      -     25     24      0      0      0      0   6501   1560      0      0   9595   2383      0      -      -      0     34      0 
 20260921    16:43:11       0     75     82      -     31     22      0      0      0      0   6501   1560      0      0   9595   2383      0      -      -      0  12399      0 
 20260921    16:43:12       0     81     82      -     59     62      0      0      0      0   6501   1560      1      0   9595   2383      0      -      -      0      0      3 
 20260921    16:43:14       0    118     84      -     60     62      0      0      0      0   6501   1710      1      0   9595   2383      0      -      -      0     61      6 
 20260921    16:43:15       0    135     85      -     58     60      0      0      0      0   6501   1575     11      0   9595   2383      0      -      -      0      0      0 
 20260921    16:43:16       0     87     83      -      0      0      0      0      0      0   6501   1860      0      0   9595   2383      0      -      -      0      0      0 
 20260921    16:43:17       0     80     83      -      0      0      0      0      0      0   6501   1860      0      0   9595   2383      0      -      -      0      0      0 
 20260921    16:43:18       0     70     81      -      0      0      0      0      0      0   6501   1560      0      0   9595   2383      0      -      -      0      0      0 
 20260921    16:43:19       0     62     80      -      0      0      0      0      0      0   6501   1560      0      0   9595   2383      0      -      -      0      0      0 
 20260921    16:43:20       0     53     80      -      0      0      0      0      0      0   6501   1560      0      0   9595      5      0      -      -      0      0      0 
 20260921    16:43:21       0     52     79      -      0      0      0      0      0      0   6501   1560      0      0   5967      5      0      -      -      0      0      0 
 20260921    16:43:22       0     52     78      -      0      0      0      0      0      0   6501   1560      0      0   5893      5      0      -      -      0      0      0 
