#Date        Time         gpu    pwr  gtemp  mtemp     sm    mem    enc    dec    jpg    ofa   mclk   pclk  pviol  tviol     fb   bar1   ccpm  sbecc  dbecc    pci  rxpci  txpci 
#YYYYMMDD    HH:MM:SS     Idx      W      C      C      %      %      %      %      %      %    MHz    MHz      %   bool     MB     MB     MB   errs   errs   errs   MB/s   MB/s 
 20260921    22:59:27       0     25     77      -      0      0      0      0      0      0    405    210      0      0      1      2      0      -      -      0      3      7 
 20260921    22:59:28       0     25     76      -      0      0      0      0      0      0    405    210      0      0      1      2      0      -      -      0      0      1 
 20260921    22:59:29       0     25     76      -      0      0      0      0      0      0    405    210      0      0      1      2      0      -      -      0      0      0 
 20260921    22:59:30       0     24     75      -      0      0      0      0      0      0    405    210      0      0      1      2      0      -      -      0      0      0 
 20260921    22:59:31       0     24     74      -      0      0      0      0      0      0    405    210      0      0      1      2      0      -      -      0      0      0 
 20260921    22:59:32       0     24     74      -      0      0      0      0      0      0    405    210      0      0      1      2      0      -      -      0      0      0 
 20260921    22:59:33       0     24     73      -      0      0      0      0      0      0    405    210      0      0      1      2      0      -      -      0      0      0 
 20260921    22:59:34       0     23     73      -      0      0      0      0      0      0    405    210      0      0      1      2      0      -      -      0      0      0 
 20260921    22:59:35       0     23     72      -      0      0      0      0      0      0    405    210      0      0      1      2      0      -      -      0      0      0 
 20260921    22:59:36       0     23     72      -      0      0      0      0      0      0    405    210      0      0      1      2      0      -      -      0      0      0 
 20260921    22:59:37       0     23     71      -      0      0      0      0      0      0    405    210      0      0      1      2      0      -      -      0      0      0 
 20260921    22:59:38       0     23     71      -      0      0      0      0      0      0    405    210      0      0      1      2      0      -      -      0      0      0 
 20260921    22:59:39       0     22     70      -      0      0      0      0      0      0    405    210      0      0      1      2      0      -      -      0      0      0 
 20260921    22:59:40       0     22     69      -      0      0      0      0      0      0    405    210      0      0      4      3      0      -      -      0      0      0 
 20260921    22:59:42       0     36     70      -      3      0      0      0      0      0   6501   1560      0      0    169      5      0      -      -      0      0      0 
 20260921    22:59:43       0     47     70      -      0      0      0      0      0      0   6501   1560      0      0   5803      5      0      -      -      0      0      0 
 20260921    22:59:44       0     47     70      -      0      0      0      0      0      0   6501   1560      0      0   5803      5      0      -      -      0   7092    808 
 20260921    22:59:45       0     61     71      -     42      3      0      0      0      0   6501   1890      0      0   7833      5      0      -      -      0     16      0 
 20260921    22:59:46       0     74     72      -      0      0      0      0      0      0   6501   1890     20      0   6901      5      0      -      -      0     31      7 
 20260921    22:59:47       0    125     75      -    100     57      0      0      0      0   6501   1260    100      0   6901      5      0      -      -      0     26     12 
 20260921    22:59:48       0    137     76      -    100     53      0      0      0      0   6501   1170    100      0   6913      5      0      -      -      0    110      6 
 20260921    22:59:49       0    101     74      -     26     11      0      0      0      0   6501   1890      0      0   6917      5      0      -      -      0      0      1 
 20260921    22:59:50       0     66     73      -      0      0      0      0      0      0   6501   1560      0      0  11627      5      0      -      -      0      0      0 
 20260921    22:59:51       0     58     72      -      0      0      0      0      0      0   6501   1560      0      0  11627      5      0      -      -      0      0      0 
 20260921    22:59:52       0     48     72      -      4      0      0      0      0      0   6501   1560      0      0  11643      5      0      -      -      0     31     11 
 20260921    22:59:53       0     57     72      -      0      0      0      0      0      0   6501   1560      7      0  11643      5      0      -      -      0      0      0 
 20260921    22:59:54       0     83     76      -    100     56      0      0      0      0   6501   1335     64      0  11643      5      0      -      -      0     14      5 
 20260921    22:59:55       0    138     77      -    100     58      0      0      0      0   6501   1230    100      0  11643      5      0      -      -      0     15      8 
 20260921    22:59:56       0    139     78      -    100     51      0      0      0      0   6501   1305    100      0  11643      5      0      -      -      0     21  14527 
 20260921    22:59:57       0    138     79      -    100     56      0      0      0      0   6501   1215    100      0  11643      5      0      -      -      0     14      9 
 20260921    22:59:58       0    139     79      -    100     51      0      0      0      0   6501   1305    100      0  11647     13      0      -      -      0   3340    475 
 20260921    22:59:59       0    138     80      -    100     55      0      0      0      0   6501   1200    100      0  11647     13      0      -      -      0    419     62 
 20260921    23:00:00       0    138     80      -    100     53      0      0      0      0   6501   1050    100      0  11647     13      0      -      -      0    414     56 
 20260921    23:00:01       0    138     81      -    100     52      0      0      0      0   6501   1185    100      0  11647     13      0      -      -      0    406     56 
 20260921    23:00:03       0    137     82      -     70     58      0      0      0      0   6501   1305     78      0  11647     13      0      -      -      0    622   1323 
 20260921    23:00:04       0    138     82      -    100     49      0      0      0      0   6501   1305    100      0  11647     13      0      -      -      0    432     62 
 20260921    23:00:05       0    138     83      -    100     52      0      0      0      0   6501   1155    100      0  11647     13      0      -      -      0    410     59 
 20260921    23:00:06       0    139     83      -    100     54      0      0      0      0   6501   1230    100      0  11647     13      0      -      -      0   1048    466 
 20260921    23:00:07       0    139     84      -    100     51      0      0      0      0   6501   1275    100      0  11647     13      0      -      -      0   1219    163 
 20260921    23:00:08       0    139     84      -    100     52      0      0      0      0   6501   1095    100      0  11647     13      0      -      -      0   1436    183 
 20260921    23:00:09       0    139     85      -    100     60      0      0      0      0   6501   1200    100      0  11647     13      0      -      -      0    675   1883 
 20260921    23:00:10       0    139     85      -    100     50      0      0      0      0   6501   1035    100      0  11647     13      0      -      -      0    504  14616 
 20260921    23:00:11       0    138     85      -    100     57      0      0      0      0   6501   1080    100      0  11647     13      0      -      -      0    385     54 
 20260921    23:00:12       0    138     86      -    100     52      0      0      0      0   6501   1170    100      0  11647     13      0      -      -      0    390     51 
#Date        Time         gpu    pwr  gtemp  mtemp     sm    mem    enc    dec    jpg    ofa   mclk   pclk  pviol  tviol     fb   bar1   ccpm  sbecc  dbecc    pci  rxpci  txpci 
#YYYYMMDD    HH:MM:SS     Idx      W      C      C      %      %      %      %      %      %    MHz    MHz      %   bool     MB     MB     MB   errs   errs   errs   MB/s   MB/s 
 20260921    23:00:13       0    138     86      -    100     50      0      0      0      0   6501   1050    100      0  11647     13      0      -      -      0    971  14083 
 20260921    23:00:14       0    139     86      -    100     54      0      0      0      0   6501   1110    100      0  11647     13      0      -      -      0   1072    178 
 20260921    23:00:15       0    139     87      -    100     55      0      0      0      0   6501   1170    100      0  11647     13      0      -      -      0   1003    160 
 20260921    23:00:16       0    139     87      -    100     54      0      0      0      0   6501    975    100      0  11647     13      0      -      -      0   1034    177 
 20260921    23:00:17       0    128     86      -     11      3      0      0      0      0   6501   1860     62      0  11649     13      0      -      -      0   1716    245 
 20260921    23:00:18       0    132     87      -    100     46      0      0      0      0   6501   1275     88      0  11655     21      0      -      -      0   2000    138 
 20260921    23:00:19       0    137     87      -    100     48      0      0      0      0   6501   1020    100      0  11655     21      0      -      -      0    544     94 
 20260921    23:00:20       0    137     88      -    100     78      0      0      0      0   6501   1440    100      0  11655     21      0      -      -      0    508     80 
 20260921    23:00:21       0    139     88      -    100     53      0      0      0      0   6501   1185    100      0  11655     21      0      -      -      0    630     84 
 20260921    23:00:22       0    139     88      -    100     54      0      0      0      0   6501   1245    100      0  11655     21      0      -      -      0    712     72 
 20260921    23:00:24       0    138     89      -    100     86      0      0      0      0   6501   1140     94      0  11655     21      0      -      -      0    952    171 
 20260921    23:00:25       0    138     89      -    100     55      0      0      0      0   6501   1155    100      0  11655     21      0      -      -      0    990    174 
 20260921    23:00:26       0    139     89      -     96     69      0      0      0      0   6501   1230    100      0  11655     21      0      -      -      0    438     57 
 20260921    23:00:27       0    139     89      -    100     46      0      0      0      0   6501   1005    100      0  11655     21      0      -      -      0    428     57 
 20260921    23:00:28       0    139     89      -    100     49      0      0      0      0   6501   1230    100      0  11655     21      0      -      -      0    442     57 
 20260921    23:00:29       0    139     90      -    100     48      0      0      0      0   6501   1005    100      0  11655     21      0      -      -      0   1101    663 
 20260921    23:00:30       0    139     90      -    100     53      0      0      0      0   6501   1020    100      0  11655     21      0      -      -      0   1024    839 
 20260921    23:00:31       0    139     90      -    100     51      0      0      0      0   6501   1140    100      0  11655     21      0      -      -      0   1474    155 
 20260921    23:00:32       0    139     90      -    100     49      0      0      0      0   6501   1185    100      0  11655     21      0      -      -      0    393    982 
 20260921    23:00:33       0    139     90      -    100     50      0      0      0      0   6501   1155    100      0  11655     21      0      -      -      0   1274    233 
 20260921    23:00:34       0    139     90      -    100     50      0      0      0      0   6501    990    100      0  11655     21      0      -      -      0   1133    227 
 20260921    23:00:35       0    139     90      -    100     50      0      0      0      0   6501   1140    100      0  11655     21      0      -      -      0   1253    197 
 20260921    23:00:36       0    139     90      -    100     54      0      0      0      0   6501   1080    100      0  11655     21      0      -      -      0    713   2409 
 20260921    23:00:37       0    139     91      -     97     69      0      0      0      0   6501   1200    100      0  11655     21      0      -      -      0    392     53 
 20260921    23:00:38       0    139     91      -    100     48      0      0      0      0   6501   1260    100      0  11655     21      0      -      -      0    363     52 
 20260921    23:00:39       0    139     91      -    100     46      0      0      0      0   6501    975    100      0  11655     21      0      -      -      0    362     53 
 20260921    23:00:40       0    139     91      -    100     46      0      0      0      0   6501   1035    100      0  11655     21      0      -      -      0    914    136 
 20260921    23:00:41       0    139     91      -    100     55      0      0      0      0   6501   1155    100      0  11655     21      0      -      -      0    912    165 
 20260921    23:00:42       0    139     91      -    100     53      0      0      0      0   6501   1110    100      0  11655     21      0      -      -      0   1136   1804 
 20260921    23:00:43       0    139     91      -    100     51      0      0      0      0   6501    795     99      0  11655     21      0      -      -      0    622   1851 
 20260921    23:00:45       0    137     91      -    100     50      0      0      0      0   6501    990    100      0  11655     21      0      -      -      0    942    286 
 20260921    23:00:46       0    139     91      -    100     52      0      0      0      0   6501   1290    100      0  11655     21      0      -      -      0    351   1081 
 20260921    23:00:47       0    139     91      -    100     56      0      0      0      0   6501   1230    100      0  11655     21      0      -      -      0    110     54 
 20260921    23:00:48       0    139     91      -    100     48      0      0      0      0   6501   1125    100      0  11655     21      0      -      -      0    393     54 
 20260921    23:00:49       0    139     92      -    100     49      0      0      0      0   6501   1050    100      0  11655     21      0      -      -      0    423     60 
 20260921    23:00:50       0    138     92      -    100     51      0      0      0      0   6501   1035    100      0  11655     21      0      -      -      0    391     54 
 20260921    23:00:51       0    139     92      -    100     48      0      0      0      0   6501   1110    100      0  11655     21      0      -      -      0    636   1221 
 20260921    23:00:52       0    138     92      -    100     51      0      0      0      0   6501   1200    100      0  11655     21      0      -      -      0    956    142 
 20260921    23:00:53       0    138     92      -    100     47      0      0      0      0   6501   1155    100      0  11655     21      0      -      -      0   1126    186 
 20260921    23:00:54       0    139     92      -    100     48      0      0      0      0   6501   1140    100      0  11655     21      0      -      -      0    996    129 
 20260921    23:00:55       0    139     92      -    100     48      0      0      0      0   6501   1155    100      0  11655     21      0      -      -      0    505    409 
 20260921    23:00:56       0    139     92      -    100     54      0      0      0      0   6501   1110    100      0  11655     21      0      -      -      0    870   1207 
 20260921    23:00:57       0    139     92      -    100     50      0      0      0      0   6501   1110    100      0  11655     21      0      -      -      0    477   4023 
 20260921    23:00:58       0    139     92      -    100     49      0      0      0      0   6501   1125    100      0  11655     21      0      -      -      0    419     62 
#Date        Time         gpu    pwr  gtemp  mtemp     sm    mem    enc    dec    jpg    ofa   mclk   pclk  pviol  tviol     fb   bar1   ccpm  sbecc  dbecc    pci  rxpci  txpci 
#YYYYMMDD    HH:MM:SS     Idx      W      C      C      %      %      %      %      %      %    MHz    MHz      %   bool     MB     MB     MB   errs   errs   errs   MB/s   MB/s 
 20260921    23:00:59       0    139     92      -    100     47      0      0      0      0   6501    960    100      0  11655     21      0      -      -      0    131     30 
 20260921    23:01:00       0    139     92      -    100     48      0      0      0      0   6501    930    100      0  11655     21      0      -      -      0    367     50 
 20260921    23:01:01       0    138     92      -    100     40      0      0      0      0   6501   1140    100      0  11655     21      0      -      -      0    388     59 
 20260921    23:01:02       0    138     92      -    100     54      0      0      0      0   6501   1140     98      0  11655     21      0      -      -      0    397     53 
 20260921    23:01:03       0    139     92      -    100     45      0      0      0      0   6501   1005    100      0  11655     21      0      -      -      0    387     53 
 20260921    23:01:04       0    139     92      -    100     45      0      0      0      0   6501    930    100      0  11655     21      0      -      -      0    395     52 
 20260921    23:01:05       0    139     92      -    100     45      0      0      0      0   6501   1065    100      0  11655     21      0      -      -      0    542    769 
 20260921    23:01:07       0    139     93      -    100     53      0      0      0      0   6501   1110    100      0  11655     21      0      -      -      0    499   1524 
 20260921    23:01:08       0    139     92      -    100     44      0      0      0      0   6501   1050    100      0  11655     21      0      -      -      0    455   1157 
 20260921    23:01:09       0    139     92      -    100     48      0      0      0      0   6501    930    100      0  11655     21      0      -      -      0    415     55 
 20260921    23:01:10       0    139     93      -    100     48      0      0      0      0   6501    990    100      0  11655     21      0      -      -      0    405     54 
 20260921    23:01:11       0    139     93      -    100     48      0      0      0      0   6501   1200    100      0  11655     21      0      -      -      0    496    531 
 20260921    23:01:12       0    139     93      -    100     50      0      0      0      0   6501   1095    100      0  11655     21      0      -      -      0    463    753 
 20260921    23:01:13       0    139     93      -    100     55      0      0      0      0   6501    960    100      0  11655     21      0      -      -      0    418     59 
 20260921    23:01:14       0    139     93      -    100     51      0      0      0      0   6501    975    100      0  11655     21      0      -      -      0    421     60 
 20260921    23:01:15       0    138     92      -    100     60      0      0      0      0   6501   1725     97      0  11655     21      0      -      -      0   6999     83 
 20260921    23:01:16       0    135     93      -    100     36      0      0      0      0   6501   1065    100      0  11655     21      0      -      -      0    387     56 
 20260921    23:01:17       0    138     93      -    100     44      0      0      0      0   6501    945    100      0  11655     21      0      -      -      0    399     57 
 20260921    23:01:18       0    138     93      -     98     95      0      0      0      0   6501   1080    100      0  11655     21      0      -      -      0    285     44 
 20260921    23:01:19       0    139     93      -    100     46      0      0      0      0   6501    945    100      0  11655     21      0      -      -      0    975    129 
 20260921    23:01:20       0    139     93      -    100     45      0      0      0      0   6501   1215    100      0  11655     21      0      -      -      0   1037    193 
 20260921    23:01:21       0    139     93      -    100     45      0      0      0      0   6501   1095    100      0  11655     21      0      -      -      0   1474    171 
 20260921    23:01:22       0    139     93      -    100     46      0      0      0      0   6501    945    100      0  11655     21      0      -      -      0    353    518 
 20260921    23:01:23       0    139     93      -    100     50      0      0      0      0   6501   1080    100      0  11655     21      0      -      -      0    464    105 
 20260921    23:01:24       0    138     93      -     81     68      0      0      0      0   6501   1065    100      0  11655     21      0      -      -      0    397     60 
 20260921    23:01:25       0    138     93      -    100     47      0      0      0      0   6501   1095    100      0  11655     21      0      -      -      0   1660     90 
 20260921    23:01:26       0    139     93      -    100     50      0      0      0      0   6501   1065    100      0  11655     21      0      -      -      0    370     52 
 20260921    23:01:28       0    139     93      -    100     44      0      0      0      0   6501   1020    100      0  11655     21      0      -      -      0    379     57 
 20260921    23:01:29       0    139     93      -    100     47      0      0      0      0   6501   1185    100      0  11655     21      0      -      -      0    401     57 
 20260921    23:01:30       0    139     93      -     94     68      0      0      0      0   6501   1080    100      0  11655     21      0      -      -      0    406     61 
 20260921    23:01:31       0    136     93      -    100     49      0      0      0      0   6501   1170     95      0  11655     21      0      -      -      0   1594     88 
 20260921    23:01:32       0    138     93      -    100     46      0      0      0      0   6501   1080    100      0  11655     21      0      -      -      0    386     49 
 20260921    23:01:33       0    139     93      -    100     46      0      0      0      0   6501    945    100      0  11655     21      0      -      -      0    375     56 
 20260921    23:01:34       0    139     93      -    100     46      0      0      0      0   6501   1005    100      0  11655     21      0      -      -      0    512   2113 
 20260921    23:01:35       0    139     93      -    100     49      0      0      0      0   6501   1215    100      0  11655     21      0      -      -      0    229     40 
 20260921    23:01:36       0    139     93      -    100     66      0      0      0      0   6501   1035    100      0  11655     21      0      -      -      0    262     41 
 20260921    23:01:37       0    139     93      -    100     53      0      0      0      0   6501   1080    100      0  11655     21      0      -      -      0   2672    245 
 20260921    23:01:38       0    139     93      -    100     51      0      0      0      0   6501   1080    100      0  11655     21      0      -      -      0   1017    161 
 20260921    23:01:39       0    140     93      -    100     50      0      0      0      0   6501   1125    100      0  11655     21      0      -      -      0    935    133 
 20260921    23:01:40       0    139     93      -    100     50      0      0      0      0   6501    960    100      0  11655     21      0      -      -      0   1110    129 
 20260921    23:01:41       0    139     93      -    100     55      0      0      0      0   6501   1065    100      0  11655     21      0      -      -      0    786   1049 
 20260921    23:01:42       0    139     93      -    100     69      0      0      0      0   6501   1290     98      0  11655     21      0      -      -      0   4120   2846 
 20260921    23:01:43       0    138     93      -    100     49      0      0      0      0   6501    870    100      0  11655     21      0      -      -      0    894    141 
 20260921    23:01:44       0    138     93      -    100     47      0      0      0      0   6501   1125    100      0  11655     21      0      -      -      0   1622    110 
#Date        Time         gpu    pwr  gtemp  mtemp     sm    mem    enc    dec    jpg    ofa   mclk   pclk  pviol  tviol     fb   bar1   ccpm  sbecc  dbecc    pci  rxpci  txpci 
#YYYYMMDD    HH:MM:SS     Idx      W      C      C      %      %      %      %      %      %    MHz    MHz      %   bool     MB     MB     MB   errs   errs   errs   MB/s   MB/s 
 20260921    23:01:45       0    139     93      -    100     47      0      0      0      0   6501   1125    100      0  11655     21      0      -      -      0   1021    516 
 20260921    23:01:46       0    139     93      -    100     49      0      0      0      0   6501    975    100      0  11655     21      0      -      -      0    737    133 
 20260921    23:01:47       0    139     93      -    100     49      0      0      0      0   6501   1110    100      0  11655     21      0      -      -      0    436     59 
 20260921    23:01:48       0    139     93      -    100     44      0      0      0      0   6501   1410    100      0  11655     21      0      -      -      0   2017   2042 
 20260921    23:01:50       0    136     93      -    100     52      0      0      0      0   6501   1215    100      0  11655     21      0      -      -      0   1035    162 
 20260921    23:01:51       0    137     93      -    100     50      0      0      0      0   6501    810    100      0  11655     21      0      -      -      0    957    187 
 20260921    23:01:52       0    139     93      -    100     48      0      0      0      0   6501   1050    100      0  11655     21      0      -      -      0    980    194 
 20260921    23:01:53       0    137     93      -    100     42      0      0      0      0   6501   1080     98      0  11655     21      0      -      -      0   2042    152 
 20260921    23:01:54       0    140     93      -    100     50      0      0      0      0   6501   1065    100      0  11655     21      0      -      -      0   1014    158 
 20260921    23:01:55       0    139     93      -    100     49      0      0      0      0   6501   1140    100      0  11655     21      0      -      -      0    612     99 
 20260921    23:01:56       0    140     93      -    100     51      0      0      0      0   6501   1275    100      0  11655     21      0      -      -      0   1575    172 
 20260921    23:01:57       0    138     93      -    100     46      0      0      0      0   6501    975    100      0  11655     21      0      -      -      0   1178    153 
 20260921    23:01:58       0    139     93      -    100     46      0      0      0      0   6501    945    100      0  11655     21      0      -      -      0   1662    217 
 20260921    23:01:59       0    139     93      -    100     52      0      0      0      0   6501   1080    100      0  11655     21      0      -      -      0    641   2941 
 20260921    23:02:00       0    139     93      -    100     50      0      0      0      0   6501    825     99      0  11655     21      0      -      -      0    338     53 
 20260921    23:02:01       0    138     93      -    100     52      0      0      0      0   6501   1065     96      0  11655     21      0      -      -      0    229     37 
 20260921    23:02:02       0    138     93      -    100     48      0      0      0      0   6501    975    100      0  11655     21      0      -      -      0    395     55 
 20260921    23:02:03       0    139     93      -    100     47      0      0      0      0   6501   1125    100      0  11655     21      0      -      -      0    402     51 
 20260921    23:02:04       0    139     93      -    100     47      0      0      0      0   6501   1140    100      0  11655     21      0      -      -      0    446     56 
 20260921    23:02:05       0    139     93      -    100     47      0      0      0      0   6501    930    100      0  11655     21      0      -      -      0    630   1199 
 20260921    23:02:06       0    139     93      -    100     45      0      0      0      0   6501   1125    100      0  11655     21      0      -      -      0    628    200 
 20260921    23:02:07       0    139     93      -    100     48      0      0      0      0   6501   1170    100      0  11655     21      0      -      -      0    805     71 
 20260921    23:02:08       0    139     93      -    100     46      0      0      0      0   6501   1095    100      0  11655     21      0      -      -      0    391    588 
 20260921    23:02:10       0    139     93      -    100     48      0      0      0      0   6501   1095    100      0  11655     21      0      -      -      0    641    116 
 20260921    23:02:11       0    139     93      -     90     55      0      0      0      0   6501   1020    100      0  11655     21      0      -      -      0    326     51 
 20260921    23:02:12       0    139     93      -     94     63      0      0      0      0   6501   1095    100      0  11655     21      0      -      -      0    119    113 
 20260921    23:02:13       0    139     93      -    100     49      0      0      0      0   6501   1260    100      0  11655     21      0      -      -      0  11773    904 
 20260921    23:02:14       0    138     93      -    100     63      0      0      0      0   6501   1035    100      0  11655     21      0      -      -      0    428     57 
 20260921    23:02:15       0    139     93      -    100     51      0      0      0      0   6501   1050    100      0  11655     21      0      -      -      0    456     63 
 20260921    23:02:16       0    139     93      -    100     50      0      0      0      0   6501    870    100      0  11655     21      0      -      -      0     38   3857 
 20260921    23:02:17       0    138     93      -     89     72      0      0      0      0   6501   1125    100      0  11655     21      0      -      -      0    415     54 
 20260921    23:02:18       0    139     93      -    100     44      0      0      0      0   6501    900    100      0  11655     21      0      -      -      0    406     54 
 20260921    23:02:19       0    138     93      -    100     45      0      0      0      0   6501   1125    100      0  11655     21      0      -      -      0    407     58 
 20260921    23:02:20       0    139     93      -    100     48      0      0      0      0   6501   1125    100      0  11655     21      0      -      -      0    942   1159 
 20260921    23:02:21       0    139     93      -    100     45      0      0      0      0   6501   1110    100      0  11655     21      0      -      -      0    496  15144 
 20260921    23:02:22       0    139     93      -    100     51      0      0      0      0   6501    990    100      0  11655     21      0      -      -      0    905    156 
 20260921    23:02:23       0    137     93      -    100     55      0      0      0      0   6501   1260     92      0  11655     21      0      -      -      0    115     23 
 20260921    23:02:24       0    138     93      -    100     44      0      0      0      0   6501   1065    100      0  11655     21      0      -      -      0    432     59 
 20260921    23:02:25       0    139     93      -    100     45      0      0      0      0   6501   1035    100      0  11655     21      0      -      -      0    442     59 
 20260921    23:02:26       0    139     93      -    100     45      0      0      0      0   6501    900    100      0  11655     21      0      -      -      0    450     60 
 20260921    23:02:27       0    139     93      -    100     48      0      0      0      0   6501   1080    100      0  11655     21      0      -      -      0    518    707 
 20260921    23:02:28       0    139     93      -    100     49      0      0      0      0   6501   1080    100      0  11655     21      0      -      -      0    410     59 
 20260921    23:02:29       0    139     93      -    100     48      0      0      0      0   6501    900    100      0  11655     21      0      -      -      0    420     58 
 20260921    23:02:31       0    139     93      -    100     52      0      0      0      0   6501   1035    100      0  11655     21      0      -      -      0    351     71 
#Date        Time         gpu    pwr  gtemp  mtemp     sm    mem    enc    dec    jpg    ofa   mclk   pclk  pviol  tviol     fb   bar1   ccpm  sbecc  dbecc    pci  rxpci  txpci 
#YYYYMMDD    HH:MM:SS     Idx      W      C      C      %      %      %      %      %      %    MHz    MHz      %   bool     MB     MB     MB   errs   errs   errs   MB/s   MB/s 
 20260921    23:02:32       0    139     93      -    100     51      0      0      0      0   6501   1125    100      0  11655     21      0      -      -      0    547   2724 
 20260921    23:02:33       0    139     93      -     91     91      0      0      0      0   6501    960    100      0  11655     21      0      -      -      0   1097    137 
 20260921    23:02:34       0    139     93      -    100     45      0      0      0      0   6501   1080    100      0  11655     21      0      -      -      0    941    140 
 20260921    23:02:35       0    139     93      -    100     45      0      0      0      0   6501   1200    100      0  11655     21      0      -      -      0   1452    133 
 20260921    23:02:36       0    139     93      -    100     46      0      0      0      0   6501   1200    100      0  11655     21      0      -      -      0    953    371 
 20260921    23:02:37       0    139     93      -    100     47      0      0      0      0   6501    990    100      0  11655     21      0      -      -      0    965    290 
 20260921    23:02:38       0    139     93      -    100     46      0      0      0      0   6501    945    100      0  11655     21      0      -      -      0   1016    378 
 20260921    23:02:39       0    139     93      -    100     47      0      0      0      0   6501    900    100      0  11655     21      0      -      -      0    453    417 
 20260921    23:02:40       0    139     93      -    100     48      0      0      0      0   6501   1095    100      0  11655     21      0      -      -      0    439    413 
 20260921    23:02:41       0    139     93      -    100     48      0      0      0      0   6501   1110    100      0  11655     21      0      -      -      0    518    102 
 20260921    23:02:42       0    139     93      -    100     56      0      0      0      0   6501   1050    100      0  11655     21      0      -      -      0    466   2983 
 20260921    23:02:43       0    139     93      -    100     47      0      0      0      0   6501    930    100      0  11655     21      0      -      -      0    914    143 
 20260921    23:02:44       0    139     93      -    100     46      0      0      0      0   6501   1140    100      0  11655     21      0      -      -      0   1062    142 
 20260921    23:02:45       0    139     93      -    100     47      0      0      0      0   6501   1125    100      0  11655     21      0      -      -      0   1036    203 
 20260921    23:02:46       0    139     93      -    100     53      0      0      0      0   6501   1020    100      0  11655     21      0      -      -      0    485    522 
 20260921    23:02:47       0    139     93      -    100     53      0      0      0      0   6501   1080    100      0  11655     21      0      -      -      0    461     84 
 20260921    23:02:48       0    139     93      -    100     47      0      0      0      0   6501   1035    100      0  11655     21      0      -      -      0    435   1373 
 20260921    23:02:49       0    139     93      -    100     49      0      0      0      0   6501   1035    100      0  11655     21      0      -      -      0    410     60 
 20260921    23:02:50       0    139     93      -    100     44      0      0      0      0   6501    870    100      0  11655     21      0      -      -      0    401     57 
 20260921    23:02:52       0    138     93      -    100     45      0      0      0      0   6501   1215    100      0  11655     21      0      -      -      0    453     63 
 20260921    23:02:53       0    139     93      -    100     46      0      0      0      0   6501   1110    100      0  11655     21      0      -      -      0    450     62 
 20260921    23:02:54       0    139     93      -    100     48      0      0      0      0   6501   1065    100      0  11655     21      0      -      -      0    112     27 
 20260921    23:02:55       0    138     93      -    100     61      0      0      0      0   6501    960    100      0  11655     21      0      -      -      0    442     56 
 20260921    23:02:56       0    139     93      -    100     46      0      0      0      0   6501    900    100      0  11655     21      0      -      -      0    425     56 
 20260921    23:02:57       0    138     93      -    100     46      0      0      0      0   6501    975    100      0  11655     21      0      -      -      0    448     61 
 20260921    23:02:58       0    139     93      -    100     45      0      0      0      0   6501   1095    100      0  11655     21      0      -      -      0    503    103 
 20260921    23:02:59       0    139     93      -    100     47      0      0      0      0   6501    945    100      0  11655     21      0      -      -      0    438     60 
 20260921    23:03:00       0    139     93      -    100     46      0      0      0      0   6501    900    100      0  11655     21      0      -      -      0    423     57 
 20260921    23:03:01       0    139     93      -    100     46      0      0      0      0   6501   1155    100      0  11655     21      0      -      -      0    461     62 
 20260921    23:03:02       0    139     93      -    100     45      0      0      0      0   6501   1110    100      0  11655     21      0      -      -      0    580   1694 
 20260921    23:03:03       0    139     93      -    100     47      0      0      0      0   6501    945    100      0  11655     21      0      -      -      0   1004    199 
 20260921    23:03:04       0    138     93      -     97     60      0      0      0      0   6501   1275    100      0  11655     21      0      -      -      0    400     54 
 20260921    23:03:05       0    137     93      -    100     37      0      0      0      0   6501   1140    100      0  11655     21      0      -      -      0    381     52 
 20260921    23:03:06       0    138     93      -    100     45      0      0      0      0   6501   1050    100      0  11655     21      0      -      -      0    618    294 
 20260921    23:03:07       0    139     93      -    100     44      0      0      0      0   6501    900    100      0  11655     21      0      -      -      0    432     62 
 20260921    23:03:08       0    138     93      -    100     43      0      0      0      0   6501   1125    100      0  11655     21      0      -      -      0    455     63 
 20260921    23:03:09       0    139     93      -    100     51      0      0      0      0   6501   1110    100      0  11655     21      0      -      -      0    818   2330 
 20260921    23:03:10       0    139     93      -    100     48      0      0      0      0   6501   1080    100      0  11655     21      0      -      -      0    396     80 
 20260921    23:03:11       0    139     93      -    100     48      0      0      0      0   6501   1005    100      0  11655     21      0      -      -      0    381     54 
 20260921    23:03:12       0    139     93      -    100     44      0      0      0      0   6501   1005    100      0  11655     21      0      -      -      0    392     58 
 20260921    23:03:14       0    139     93      -    100     54      0      0      0      0   6501   1185    100      0  11655     21      0      -      -      0    389     53 
 20260921    23:03:15       0    139     93      -    100     45      0      0      0      0   6501   1080    100      0  11655     21      0      -      -      0    404     53 
 20260921    23:03:16       0    139     93      -    100     44      0      0      0      0   6501   1095    100      0  11655     21      0      -      -      0    405     61 
 20260921    23:03:17       0    139     93      -    100     43      0      0      0      0   6501   1005    100      0  11655     21      0      -      -      0    520   1212 
#Date        Time         gpu    pwr  gtemp  mtemp     sm    mem    enc    dec    jpg    ofa   mclk   pclk  pviol  tviol     fb   bar1   ccpm  sbecc  dbecc    pci  rxpci  txpci 
#YYYYMMDD    HH:MM:SS     Idx      W      C      C      %      %      %      %      %      %    MHz    MHz      %   bool     MB     MB     MB   errs   errs   errs   MB/s   MB/s 
 20260921    23:03:18       0    139     93      -    100     43      0      0      0      0   6501   1020    100      0  11655     21      0      -      -      0    196     35 
 20260921    23:03:19       0    139     93      -    100     50      0      0      0      0   6501    900    100      0  11655     21      0      -      -      0   1892     53 
 20260921    23:03:20       0    138     93      -    100     50      0      0      0      0   6501   1155    100      0  11655     21      0      -      -      0   1432     53 
 20260921    23:03:21       0    139     93      -    100     41      0      0      0      0   6501   1065    100      0  11655     21      0      -      -      0    401     54 
 20260921    23:03:22       0    139     93      -    100     53      0      0      0      0   6501   1080    100      0  11655     21      0      -      -      0   1444    558 
 20260921    23:03:23       0    139     93      -    100     47      0      0      0      0   6501   1095    100      0  11655     21      0      -      -      0   1192    308 
 20260921    23:03:24       0    139     93      -    100     46      0      0      0      0   6501    960    100      0  11655     21      0      -      -      0   1121    218 
 20260921    23:03:25       0    139     93      -    100     47      0      0      0      0   6501   1110    100      0  11655     21      0      -      -      0    769    126 
 20260921    23:03:26       0    139     93      -    100     46      0      0      0      0   6501   1065    100      0  11655     21      0      -      -      0    777   1809 
 20260921    23:03:27       0    139     93      -    100     53      0      0      0      0   6501   1140    100      0  11655     21      0      -      -      0   4632    373 
 20260921    23:03:28       0    139     93      -    100     47      0      0      0      0   6501    885    100      0  11655     21      0      -      -      0   2395    256 
 20260921    23:03:29       0    139     93      -    100     45      0      0      0      0   6501   1110    100      0  11655     21      0      -      -      0   1169    242 
 20260921    23:03:30       0    139     93      -    100     46      0      0      0      0   6501    930    100      0  11655     21      0      -      -      0    585   1535 
 20260921    23:03:31       0    139     93      -    100     50      0      0      0      0   6501   1065    100      0  11655     21      0      -      -      0    145   1119 
 20260921    23:03:32       0    139     93      -    100     48      0      0      0      0   6501   1050    100      0  11655     21      0      -      -      0    762    122 
 20260921    23:03:33       0    138     93      -     91     79      0      0      0      0   6501   1200    100      0  11655     21      0      -      -      0    419     56 
 20260921    23:03:35       0    139     93      -    100     46      0      0      0      0   6501   1065    100      0  11655     21      0      -      -      0    404     56 
 20260921    23:03:36       0    138     93      -    100     46      0      0      0      0   6501    870    100      0  11655     21      0      -      -      0    429     58 
 20260921    23:03:37       0    139     93      -    100     46      0      0      0      0   6501   1080    100      0  11655     21      0      -      -      0    464    413 
 20260921    23:03:38       0    139     93      -    100     45      0      0      0      0   6501    930    100      0  11655     21      0      -      -      0    410     56 
 20260921    23:03:39       0    138     93      -    100     44      0      0      0      0   6501    975    100      0  11655     21      0      -      -      0    378     59 
 20260921    23:03:40       0    139     93      -    100     45      0      0      0      0   6501   1155    100      0  11655     21      0      -      -      0   1019   1085 
 20260921    23:03:41       0    139     93      -    100     47      0      0      0      0   6501   1065    100      0  11655     21      0      -      -      0    897    150 
 20260921    23:03:42       0    139     93      -    100     47      0      0      0      0   6501    990    100      0  11655     21      0      -      -      0    423   1116 
 20260921    23:03:43       0    138     93      -    100     43      0      0      0      0   6501    945    100      0  11655     21      0      -      -      0    419     59 
 20260921    23:03:44       0    138     93      -    100     45      0      0      0      0   6501   1200    100      0  11655     21      0      -      -      0   1718     53 
 20260921    23:03:45       0    139     93      -    100     45      0      0      0      0   6501   1140    100      0  11655     21      0      -      -      0    391     54 
 20260921    23:03:46       0    139     93      -    100     45      0      0      0      0   6501   1065    100      0  11655     21      0      -      -      0    413     56 
 20260921    23:03:47       0    139     93      -    100     48      0      0      0      0   6501   1050    100      0  11655     21      0      -      -      0    469    647 
 20260921    23:03:48       0    139     93      -    100     48      0      0      0      0   6501   1095    100      0  11655     21      0      -      -      0    715    675 
 20260921    23:03:49       0    139     93      -    100     50      0      0      0      0   6501   1080    100      0  11655     21      0      -      -      0    376     54 
 20260921    23:03:50       0    139     93      -    100     47      0      0      0      0   6501   1155    100      0  11655     21      0      -      -      0    156     32 
 20260921    23:03:51       0    139     93      -    100     45      0      0      0      0   6501    960    100      0  11655     21      0      -      -      0    402     58 
 20260921    23:03:52       0    138     93      -    100     46      0      0      0      0   6501    885    100      0  11655     21      0      -      -      0    388     55 
 20260921    23:03:53       0    138     93      -    100     43      0      0      0      0   6501   1095    100      0  11655     21      0      -      -      0    425     60 
 20260921    23:03:54       0    139     93      -    100     46      0      0      0      0   6501   1050    100      0  11655     21      0      -      -      0   1143    152 
 20260921    23:03:55       0    139     93      -    100     46      0      0      0      0   6501    930    100      0  11655     21      0      -      -      0    713     71 
 20260921    23:03:57       0    139     93      -    100     46      0      0      0      0   6501    930    100      0  11655     21      0      -      -      0    527    123 
 20260921    23:03:58       0    139     93      -    100     46      0      0      0      0   6501   1065    100      0  11655     21      0      -      -      0     66     18 
 20260921    23:03:59       0    139     93      -    100     52      0      0      0      0   6501   1050    100      0  11655     21      0      -      -      0   2312    184 
 20260921    23:04:00       0    139     93      -    100     59      0      0      0      0   6501   1065    100      0  11655     21      0      -      -      0    417     60 
 20260921    23:04:01       0    139     93      -    100     49      0      0      0      0   6501   1110    100      0  11655     21      0      -      -      0   3184    101 
 20260921    23:04:02       0    139     93      -    100     54      0      0      0      0   6501   1095    100      0  11655     21      0      -      -      0    342     52 
 20260921    23:04:03       0    137     93      -    100     49      0      0      0      0   6501   1140     90      0  11655     21      0      -      -      0   1306     53 
#Date        Time         gpu    pwr  gtemp  mtemp     sm    mem    enc    dec    jpg    ofa   mclk   pclk  pviol  tviol     fb   bar1   ccpm  sbecc  dbecc    pci  rxpci  txpci 
#YYYYMMDD    HH:MM:SS     Idx      W      C      C      %      %      %      %      %      %    MHz    MHz      %   bool     MB     MB     MB   errs   errs   errs   MB/s   MB/s 
 20260921    23:04:04       0    138     93      -    100     48      0      0      0      0   6501   1200    100      0  11655     21      0      -      -      0    385     52 
 20260921    23:04:05       0    139     93      -    100     42      0      0      0      0   6501   1140    100      0  11655     21      0      -      -      0    384     56 
 20260921    23:04:06       0    138     93      -     98     90      0      0      0      0   6501   1275     98      0  11655     21      0      -      -      0   5112     59 
 20260921    23:04:07       0    137     93      -    100     40      0      0      0      0   6501    945    100      0  11655     21      0      -      -      0    209     36 
 20260921    23:04:08       0    100     91      -      0      0      0      0      0      0   6501   1635     26      0  11655     21      0      -      -      0      0      0 
 20260921    23:04:09       0     79     90      -      0      0      0      0      0      0   6501   1650      0      0  11655     21      0      -      -      0      0      0 
 20260921    23:04:10       0     72     90      -      0      0      0      0      0      0   6501   1560      0      0  11655     21      0      -      -      0      0      0 
 20260921    23:04:11       0     66     89      -      0      0      0      0      0      0   6501   1560      0      0  11655     21      0      -      -      0      0      0 
 20260921    23:04:12       0     60     88      -      0      0      0      0      0      0   6501   1560      0      0  11655     21      0      -      -      0      0      0 
 20260921    23:04:13       0     60     87      -      0      0      0      0      0      0   6501   1560      0      0  10631     21      0      -      -      0      0      0 
 20260921    23:04:14       0     63     87      -      0      0      0      0      0      0   6501   1860      0      0   5907     21      0      -      -      0      0      1 
