--procs-- -----------------------memory---------------------- ---swap-- -----io---- -system-- --------cpu-------- -----timestamp-----
   r    b         swpd         free         buff        cache   si   so    bi    bo   in   cs  us  sy  id  wa  st                 KST
   5    0            0    119034528        85756      8457268    0    0 30274     5  268  315   3   1  92   5   0 2026-09-21 16:37:10
   1    0            0    118942720        85772      8457124    0    0    16     0 3479 6913   3   1  96   0   0 2026-09-21 16:37:11
   2    0            0    118898672        85956      8457176    0    0   176   100 3081 5672   3   0  97   0   0 2026-09-21 16:37:12
   1    0            0    118843232        86008      8457488    0    0   208     0 33965 6689   4   8  88   0   0 2026-09-21 16:37:13
   1    0            0    118834440        86080      8457544    0    0    72   172 2321 4971   2   0  98   0   0 2026-09-21 16:37:14
   0    0            0    118841496        86148      8457596    0    0    68    44 2083 5146   1   0  99   0   0 2026-09-21 16:37:15
   0    0            0    118807056        86212      8457664    0    0    64     4 2513 5395   1   0  98   0   0 2026-09-21 16:37:16
   1    0            0    118804328        86260      8457652    0    0    36   280 2011 5049   1   0  99   0   0 2026-09-21 16:37:17
   2    0            0    118626512        86384      8457716    0    0   124     0 3074 6238   2   0  97   0   0 2026-09-21 16:37:18
   1    0            0    118495040        86440      8457820    0    0    56     8 3196 6130   3   0  97   0   0 2026-09-21 16:37:19
   1    0            0    118450168        86484      8457932    0    0    52   304 3399 6636   3   0  97   0   0 2026-09-21 16:37:20
  73    0            0    118013992        86628      8458116    0    0   144    44 7019 7086  11   1  88   0   0 2026-09-21 16:37:21
   3    0            0    117677392        86684      8466340    0    0    48    88 11296 7935  11   1  88   0   0 2026-09-21 16:37:22
   1    0            0    117769664        86732      8505944    0    0    48     0 7909 8343   7   1  93   0   0 2026-09-21 16:37:23
   0    0            0    117768400        86796      8505936    0    0    64    12 3580 6244   3   0  97   0   0 2026-09-21 16:37:24
  18    0            0    117539416        86860      8506008    0    0    64     0 11612 9151  19   5  77   0   0 2026-09-21 16:37:25
   1    0            0    117721672        86940      8506088    0    0    80   228 14805 11808  26   5  69   0   0 2026-09-21 16:37:26
   2    0            0    117681408        86992      8506160    0    0    40   260 3825 6553   3   0  97   0   0 2026-09-21 16:37:27
   1    0            0    117648280        87056      8506260    0    0    64     4 4045 7299   3   0  97   0   0 2026-09-21 16:37:28
   2    0            0    117653568        87116      8506284    0    0    60     0 3920 7443   3   0  97   0   0 2026-09-21 16:37:29
   0    0            0    117652936        87148      8506284    0    0    32     4 3481 6366   2   0  97   0   0 2026-09-21 16:37:30
--procs-- -----------------------memory---------------------- ---swap-- -----io---- -system-- --------cpu-------- -----timestamp-----
   r    b         swpd         free         buff        cache   si   so    bi    bo   in   cs  us  sy  id  wa  st                 KST
   0    0            0    117650960        87184      8506336    0    0    36    48 2649 6295   0   0  99   0   0 2026-09-21 16:37:31
   0    0            0    117507072        87220      8506352    0    0    28    56 3213 6540   1   0  98   0   0 2026-09-21 16:37:32
   1    0            0    117417704        87280      8506432    0    0    60   160 4121 7459   2   1  97   0   0 2026-09-21 16:37:33
   0    0            0    117409168        87344      8506576    0    0    64     0 3187 6851   1   1  98   0   0 2026-09-21 16:37:34
   1    0            0    117414568        87420      8506620    0    0    76     0 2814 6490   1   0  99   0   0 2026-09-21 16:37:35
   0    0            0    117428000        87500      8506768    0    0    80     0 3106 7106   1   0  99   0   0 2026-09-21 16:37:36
   0    0            0    117436416        87568      8506832    0    0    56   216 2872 6615   1   0  99   0   0 2026-09-21 16:37:37
   1    0            0    117447440        87592      8506956    0    0    24     0 2759 6598   0   0  99   0   0 2026-09-21 16:37:38
   0    1            0    117458520        87628      8507132    0    0   124   208 2521 6133   0   0  99   0   0 2026-09-21 16:37:39
   2    0            0    117466352        87672      8507216    0    0    44     0 2934 6566   1   0  98   0   0 2026-09-21 16:37:40
   1    0            0    117476760        87688      8507256    0    0    20     0 2819 6422   1   0  99   0   0 2026-09-21 16:37:41
   1    0            0    117484880        87728      8507232    0    0    32   108 2663 6336   1   0  99   0   0 2026-09-21 16:37:42
   0    0            0    117486592        87768      8507320    0    0    40     0 2811 6295   1   0  99   0   0 2026-09-21 16:37:43
   1    0            0    117496544        87776      8507376    0    0     8     0 2881 6064   1   0  99   0   0 2026-09-21 16:37:44
   2    0            0    117508256        87844      8507388    0    0    68   160 2804 6380   0   0  99   0   0 2026-09-21 16:37:45
   0    0            0    117514256        87888      8507532    0    0    44     0 2756 6406   0   0  99   0   0 2026-09-21 16:37:46
   2    0            0    117520560        87932      8507592    0    0    32   168 3823 6999   2   0  97   0   0 2026-09-21 16:37:47
