--procs-- -----------------------memory---------------------- ---swap-- -----io---- -system-- --------cpu-------- -----timestamp-----
   r    b         swpd         free         buff        cache   si   so    bi    bo   in   cs  us  sy  id  wa  st                 KST
   5    0            0    118304728       102116      8189420    0    0   984   401   58   88   1   0  98   0   0 2026-09-21 20:16:47
   3    0            0    118228640       102116      8190248    0    0   792     0 2598 3239   3   1  96   0   0 2026-09-21 20:16:48
   1    0            0    118162400       102124      8197632    0    0  7380    52 32707 3188   4   8  88   0   0 2026-09-21 20:16:49
   2    0            0    118105056       102124      8197784    0    0   152     0 2249 3081   3   0  97   0   0 2026-09-21 20:16:50
   2    0            0    118101552       102124      8198224    0    0   436     0 1781 3679   2   0  98   0   0 2026-09-21 20:16:51
   3    0            0    118107440       102212      8208832    0    0 10612   244 2172 4601   1   0  98   0   0 2026-09-21 20:16:52
   2    0            0    117784704       102212      8208832    0    0     0     2 9227 3754  19   1  80   0   0 2026-09-21 20:16:53
   2    0            0    117685848       102572      8214276    0    0  4744   840 5727 7240   6   1  93   0   0 2026-09-21 20:16:54
   0    0            0    118070896       102588      8214248    0    0     0   468 4748 4114   2   0  97   0   0 2026-09-21 20:16:55
   0    0            0    118087712       102588      8214248    0    0     0     0 1179 2200   0   0 100   0   0 2026-09-21 20:16:56
   0    0            0    118098048       102588      8214376    0    0     0     0 2393 3549   1   0  99   0   0 2026-09-21 20:16:57
   0    0            0    118120784       102588      8214388    0    0     0    40 1000 2105   0   0 100   0   0 2026-09-21 20:16:58
   1    0            0    117886688       102596      8214392    0    0     0    64 2030 2339   2   0  97   0   0 2026-09-21 20:16:59
   1    0            0    117848680       102596      8214392    0    0     0  1516 1995 2148   2   0  97   0   0 2026-09-21 20:17:00
   1    0            0    117758848       102596      8214396    0    0     0     0 2128 1994   3   0  97   0   0 2026-09-21 20:17:01
   1    0            0    117695360       102596      8214404    0    0     0     0 2519 2677   1   1  98   0   0 2026-09-21 20:17:02
   1    0            0    117550768       102596      8292252    0    0     0    44 3465 3890   4   0  96   0   0 2026-09-21 20:17:03
   1    0            0    117417488       102604      8294600    0    0     0    96 3983 5266   4   1  95   0   0 2026-09-21 20:17:04
   1    0            0    117448616       102604      8294596    0    0     0     4 3305 3980   2   1  97   0   0 2026-09-21 20:17:05
   1    0            0    117449960       102604      8294596    0    0     0     0 2848 3649   2   1  97   0   0 2026-09-21 20:17:06
   1    0            0    117479680       102604      8294608    0    0     0   160 2710 3490   3   0  97   0   0 2026-09-21 20:17:07
--procs-- -----------------------memory---------------------- ---swap-- -----io---- -system-- --------cpu-------- -----timestamp-----
   r    b         swpd         free         buff        cache   si   so    bi    bo   in   cs  us  sy  id  wa  st                 KST
   1    0            0    117479680       102604      8294608    0    0     0    44 2518 3157   3   0  97   0   0 2026-09-21 20:17:08
   1    0            0    117253240       102612      8294712    0    0     0    84 2709 3417   3   0  97   0   0 2026-09-21 20:17:09
   1    0            0    117216232       102612      8294744    0    0     0     0 2912 3678   3   0  97   0   0 2026-09-21 20:17:10
   1    0            0    113989744       102612     11493084    0    0     0    36 2818 3617   1   2  97   0   0 2026-09-21 20:17:11
   1    0            0    109608464       102612     15871372    0    0     0     0 2632 3257   0   3  97   0   0 2026-09-21 20:17:12
   1    0            0    108646352       102612     16702228    0    0     0     0 10101 6830  15   2  84   0   0 2026-09-21 20:17:13
   1    0            0    108614120       102628     16702252    0    0    20   176 6602 11437   3   0  97   0   0 2026-09-21 20:17:14
   5    0            0    108564984       102628     16702256    0    0     0     0 8141 11519   6   1  93   0   0 2026-09-21 20:17:15
   5    0            0    108564480       102628     16702256    0    0     0     0 10969 11276  13   2  86   0   0 2026-09-21 20:17:16
   4    0            0    108564224       102628     16702260    0    0     0     0 10843 11515  12   1  86   0   0 2026-09-21 20:17:17
   1    0            0    108565608       102628     16702264    0    0     0     0 7126 11402   4   0  96   0   0 2026-09-21 20:17:18
   1    0            0    108564528       102636     16702268    0    0     0    88 6585 11283   3   0  97   0   0 2026-09-21 20:17:19
   3    2            0    108558680       102636     16702272    0    0     0 17472 6644 11554   3   0  97   0   0 2026-09-21 20:17:20
   5    0            0    108536184       102636     16702272    0    0     0 93184 10881 11514  12   2  86   0   0 2026-09-21 20:17:21
   5    0            0    108537440       102636     16702276    0    0     0     0 10728 11709  13   1  86   0   0 2026-09-21 20:17:22
   1    0            0    108534624       102636     16706780    0    0  4696  4161 10450 11642  12   1  87   0   0 2026-09-21 20:17:23
   2    0            0    108535120       102644     16706976    0    0     0   104 7282 11597   3   0  97   0   0 2026-09-21 20:17:24
   5    0            0    108511768       102648     16707088    0    0     0 736304 9306 13380   3   0  95   1   0 2026-09-21 20:17:25
   1    0            0    108471056       102652     16707396    0    0     0 800768 9428 13621   4   0  94   1   0 2026-09-21 20:17:26
   1    0            0    108471304       102652     16707400    0    0     0     0 6577 11288   3   0  97   0   0 2026-09-21 20:17:27
   1    0            0    108471304       102652     16707404    0    0     0     0 6633 11296   3   0  97   0   0 2026-09-21 20:17:28
--procs-- -----------------------memory---------------------- ---swap-- -----io---- -system-- --------cpu-------- -----timestamp-----
   r    b         swpd         free         buff        cache   si   so    bi    bo   in   cs  us  sy  id  wa  st                 KST
   1    0            0    108388000       102672     16708028    0    0     0 2446296 15546 20567   3   2  92   4   0 2026-09-21 20:17:29
   2    0            0    108387344       102672     16708340    0    0     0     0 6667 11435   2   1  97   0   0 2026-09-21 20:17:30
   1    0            0    108387376       102672     16708332    0    0     0    88 6701 11495   1   2  97   0   0 2026-09-21 20:17:31
   8    0            0    108378408       102684     16709132    0    0 293888 1629184 15573 18247   9   2  85   4   0 2026-09-21 20:17:32
   5    0            0    108378912       102684     16709148    0    0 451584     0 13527 13978  16   2  82   1   0 2026-09-21 20:17:33
   4    0            0    108379168       102692     16709164    0    0     0   600 10626 11566  12   1  87   0   0 2026-09-21 20:17:34
   5    0            0    108378208       102692     16709168    0    0     0 105888 10681 11942  12   1  87   0   0 2026-09-21 20:17:35
   5    0            0    108374768       102700     16709764    0    0 194560 1378476 13550 15687   9   1  88   3   0 2026-09-21 20:17:36
   7    0            0    108374416       102700     16709800    0    0     0   160 10882 11675  13   2  85   0   0 2026-09-21 20:17:37
   5    0            0    108375720       102700     16709804    0    0     0     0 11187 11486  13   1  86   0   0 2026-09-21 20:17:38
   1    0            0    108375848       102712     16709900    0    0     0 285116 10357 12844   9   1  89   1   0 2026-09-21 20:17:39
   4    0            0    108375568       102716     16710236    0    0     0 755712 10626 13943   7   1  90   2   0 2026-09-21 20:17:40
   9    0            0    108355192       102720     16710876    0    0 80896 581632 10566 13298   8   0  90   1   0 2026-09-21 20:17:41
   4    0            0    108362248       102724     16711076    0    0 1401856 279020 16880 16773  15   1  81   3   0 2026-09-21 20:17:42
   5    0            0    108371448       102724     16711164    0    0     0 156308 10743 12068  10   1  89   0   0 2026-09-21 20:17:43
   5    0            0    108370440       102732     16711168    0    0     0   676 10692 11446  13   1  86   0   0 2026-09-21 20:17:44
   4    0            0    108375000       102732     16711168    0    0     0     0 9923 11579  12   0  88   0   0 2026-09-21 20:17:45
   4    0            0    108375456       102732     16711292    0    0     0 212992 9994 12354  10   1  89   1   0 2026-09-21 20:17:46
   5    3            0    108376640       102744     16711680    0    0 1153028 1089536 15055 16866  10   2  84   5   0 2026-09-21 20:17:47
   0    0            0    108363104       102744     16711776    0    0 808960 237568 11198 13954   8   1  90   2   0 2026-09-21 20:17:48
   5    0            0    108364272       102752     16711828    0    0 163840   412 10934 12053  12   1  86   0   0 2026-09-21 20:17:49
--procs-- -----------------------memory---------------------- ---swap-- -----io---- -system-- --------cpu-------- -----timestamp-----
   r    b         swpd         free         buff        cache   si   so    bi    bo   in   cs  us  sy  id  wa  st                 KST
   5    0            0    108365432       102752     16711832    0    0     0     0 10598 11374  13   1  86   0   0 2026-09-21 20:17:50
   4    0            0    108366408       102752     16711836    0    0     0     0 10424 11395  12   1  86   0   0 2026-09-21 20:17:51
   1    0            0    108365776       102756     16712220    0    0 493568 541016 12524 15495  10   2  86   2   0 2026-09-21 20:17:52
   5    0            0    108364336       102756     16712372    0    0 28672 508772 10464 13600   6   2  90   1   0 2026-09-21 20:17:53
   4    0            0    108364976       102764     16712376    0    0     0   336 11126 11522  11   0  88   0   0 2026-09-21 20:17:54
   4    0            0    108363552       102772     16712784    0    0     0 811008 11059 13971   7   1  90   2   0 2026-09-21 20:17:55
   5    0            0    108363376       102776     16712996    0    0 26624 630784 11332 12562  10   0  88   1   0 2026-09-21 20:17:56
   3    2            0    108363344       102780     16713188    0    0 1155072 114880 12316 14136   9   1  88   2   0 2026-09-21 20:17:57
   0    0            0    108362336       102780     16713260    0    0 1415168 40960 10500 14120   4   1  93   2   0 2026-09-21 20:17:58
   1    0            0    108362336       102788     16713264    0    0     0   536 5416 10656   0   0 100   0   0 2026-09-21 20:17:59
   2    0            0    108362624       102788     16713264    0    0     0   536 5402 10549   0   0 100   0   0 2026-09-21 20:18:00
   0    0            0    108362872       102788     16713268    0    0     0     0 5445 10635   0   0 100   0   0 2026-09-21 20:18:01
   0    0            0    108363648       102788     16713272    0    0     0     0 5534 10579   0   0 100   0   0 2026-09-21 20:18:02
   1    0            0    108363648       102792     16713276    0    0 57344    92 5880 10878   1   0  99   0   0 2026-09-21 20:18:03
   1    0            0    108364408       102800     16713280    0    0     0    84 6579 10760   2   1  97   0   0 2026-09-21 20:18:04
   0    0            0    108364912       102800     16713280    0    0     0     0 6006 10718   1   1  99   0   0 2026-09-21 20:18:05
   0    4            0    108366256       102800     16713332    0    0 464896     0 7443 11877   2   0  97   1   0 2026-09-21 20:18:06
   1    0            0    108365504       102800     16713388    0    0 993280     0 9363 12969   3   1  94   2   0 2026-09-21 20:18:07
   1    0            0    108365000       102800     16713388    0    0     0   156 6519 10699   2   1  97   0   0 2026-09-21 20:18:08
   1    0            0    108407888       102808     16678680    0    0  2252    72 6719 12281   1   0  98   0   0 2026-09-21 20:18:09
   1    0            0    108413928       102808     16679236    0    0   548  1884 6018 11800   1   0  99   0   0 2026-09-21 20:18:10
--procs-- -----------------------memory---------------------- ---swap-- -----io---- -system-- --------cpu-------- -----timestamp-----
   r    b         swpd         free         buff        cache   si   so    bi    bo   in   cs  us  sy  id  wa  st                 KST
   1    0            0    108414176       102808     16679236    0    0     0     0 6662 11532   2   1  97   0   0 2026-09-21 20:18:11
   1    0            0    108414464       102808     16679240    0    0     0     0 6626 11377   2   1  97   0   0 2026-09-21 20:18:12
   0    0            0    108413712       102808     16679644    0    0   404     0 6560 11485   1   1  98   0   0 2026-09-21 20:18:13
   1    0            0    108413392       102816     16679656    0    0     0   116 6609 11542   2   1  97   0   0 2026-09-21 20:18:14
   0    0            0    108413040       102816     16679660    0    0     0     0 6391 11415   1   1  98   0   0 2026-09-21 20:18:15
   0    0            0    108413552       102816     16679664    0    0     0     0 6064 11550   1   1  99   0   0 2026-09-21 20:18:16
   1    0            0    108413040       102816     16679672    0    0 561152     0 8113 13096   3   1  96   1   0 2026-09-21 20:18:17
   1    0            0    108412816       102816     16679724    0    0 202752     0 6800 12341   2   0  98   0   0 2026-09-21 20:18:18
   0    0            0    108412320       102824     16679724    0    0     0   212 6018 11698   1   0  99   0   0 2026-09-21 20:18:19
   1    0            0    108412064       102824     16679744    0    0     0     0 5877 11537   1   0  99   0   0 2026-09-21 20:18:20
   0    0            0    108417264       102824     16679744    0    0     0     0 6725 11411   2   1  97   0   0 2026-09-21 20:18:21
   0    0            0    108415760       102824     16679744    0    0     0     0 5650 11543   0   0 100   0   0 2026-09-21 20:18:22
   0    0            0    108415504       102824     16679756    0    0  8192   196 6279 11808   2   0  98   0   0 2026-09-21 20:18:23
   0    0            0    108414752       102836     16679760    0    0 163840  1510 6560 11966   1   1  98   0   0 2026-09-21 20:18:24
   0    0            0    108413744       102836     16679768    0    0     0     0 5886 11705   1   0  99   0   0 2026-09-21 20:18:25
   0    0            0    108413496       102836     16679768    0    0     0     0 5897 11360   1   0  99   0   0 2026-09-21 20:18:26
   1    0            0    108411920       102836     16679784    0    0     0     0 6431 12512   0   0  99   0   0 2026-09-21 20:18:27
   0    0            0    108417112       102836     16679796    0    0     0     0 6241 12071   0   0 100   0   0 2026-09-21 20:18:28
   1    0            0    108417768       102844     16679788    0    0     0   120 6232 11644   1   1  98   0   0 2026-09-21 20:18:29
   1    0            0    108417776       102844     16679812    0    0     0   684 6909 11454   2   1  97   0   0 2026-09-21 20:18:31
   0    0            0    108417264       102844     16679812    0    0     0     0 5877 11387   0   0  99   0   0 2026-09-21 20:18:32
--procs-- -----------------------memory---------------------- ---swap-- -----io---- -system-- --------cpu-------- -----timestamp-----
   r    b         swpd         free         buff        cache   si   so    bi    bo   in   cs  us  sy  id  wa  st                 KST
   5    0            0    108416768       102844     16679856    0    0 586752     0 8159 13429   3   1  96   1   0 2026-09-21 20:18:33
   0    0            0    108416520       102844     16679864    0    0 220160   544 7517 12478   3   1  96   0   0 2026-09-21 20:18:34
   2    0            0    108415760       102852     16679868    0    0 364544   152 6865 12451   1   0  98   1   0 2026-09-21 20:18:35
   1    0            0    108414768       102852     16679920    0    0 872448     0 9008 13545   2   1  95   1   0 2026-09-21 20:18:36
   1    0            0    108414024       102852     16679940    0    0     0     0 6633 11394   2   1  97   0   0 2026-09-21 20:18:37
   0    0            0    108414528       102852     16679944    0    0     0     0 5654 11512   0   0 100   0   0 2026-09-21 20:18:38
   2    2            0    108414272       102852     16680008    0    0 665600     0 8642 13504   4   1  94   1   0 2026-09-21 20:18:39
   2    0            0    108414304       102872     16680016    0    0 79872   252 6365 11867   2   0  98   0   0 2026-09-21 20:18:40
   2    0            0    108414304       102872     16680016    0    0     0     0 5695 11546   0   0 100   0   0 2026-09-21 20:18:41
   1    0            0    108414560       102872     16680024    0    0     0     0 6667 11414   2   1  97   0   0 2026-09-21 20:18:42
   1    0            0    108411792       102872     16680036    0    0     0     0 6352 12214   0   0  99   0   0 2026-09-21 20:18:43
   0    0            0    108432432       102872     16680364    0    0 366648   172 12275 16944   3   2  95   1   0 2026-09-21 20:18:44
   0    0            0    108441280       102880     16680376    0    0 245760   172 6912 12693   1   0  98   1   0 2026-09-21 20:18:45
   1    0            0    108440528       102880     16680420    0    0 208896   208 6926 12260   2   1  97   1   0 2026-09-21 20:18:46
   1    0            0    108439776       102880     16680424    0    0     0     0 6564 11295   2   1  97   0   0 2026-09-21 20:18:47
   1    0            0    108439272       102880     16680424    0    0     0     0 6617 11290   2   1  97   0   0 2026-09-21 20:18:48
   1    0            0    108438512       102880     16680428    0    0     0   932 5944 11650   1   0  99   0   0 2026-09-21 20:18:49
   0    0            0    108437760       102888     16680432    0    0     0   132 6135 11517   1   1  98   0   0 2026-09-21 20:18:50
   1    0            0    108436768       102888     16680432    0    0     0    92 6212 11453   1   1  98   0   0 2026-09-21 20:18:51
   0    0            0    108439712       102888     16680436    0    0     0     0 6198 11491   1   1  99   0   0 2026-09-21 20:18:52
   1    0            0    108439712       102888     16680444    0    0     0     0 6180 11406   1   0  98   0   0 2026-09-21 20:18:53
--procs-- -----------------------memory---------------------- ---swap-- -----io---- -system-- --------cpu-------- -----timestamp-----
   r    b         swpd         free         buff        cache   si   so    bi    bo   in   cs  us  sy  id  wa  st                 KST
   0    0            0    108438952       102888     16680448    0    0     0     0 6321 11415   1   1  98   0   0 2026-09-21 20:18:54
   0    0            0    108438704       102896     16680452    0    0     0   328 5919 11636   1   0  99   0   0 2026-09-21 20:18:55
   1    0            0    108440832       102896     16680504    0    0 851968   108 9901 14045   5   1  92   2   0 2026-09-21 20:18:56
   1    0            0    108440584       102896     16680508    0    0     0     0 6617 11389   2   1  97   0   0 2026-09-21 20:18:57
   1    0            0    108439824       102896     16680512    0    0     0     0 6639 11290   2   1  97   0   0 2026-09-21 20:18:58
   1    0            0    108439072       102896     16680512    0    0     0     0 6513 11361   1   1  97   0   0 2026-09-21 20:18:59
   1    0            0    108438320       102904     16680516    0    0     0    76 6723 11333   2   1  97   0   0 2026-09-21 20:19:00
   0    0            0    108437056       102904     16680516    0    0     0    56 5647 11656   0   0 100   0   0 2026-09-21 20:19:01
   0    0            0    108436808       102904     16680520    0    0     0     0 6427 12842   1   0  98   0   0 2026-09-21 20:19:02
   5    0            0    108436304       102904     16680572    0    0 598016     0 9057 13536   5   1  93   1   0 2026-09-21 20:19:03
   0    0            0    108436048       102904     16680572    0    0 139264     0 6888 11963   2   1  97   0   0 2026-09-21 20:19:04
   1    4            0    108434816       102912     16680580    0    0 208896    52 6402 12211   1   0  98   1   0 2026-09-21 20:19:05
   1    0            0    108433560       102912     16680624    0    0 544768     0 7619 12977   1   1  97   1   0 2026-09-21 20:19:06
   1    0            0    108432560       102912     16680644    0    0     0   144 7002 11577   2   2  97   0   0 2026-09-21 20:19:07
   1    0            0    108431552       102912     16680648    0    0     0     0 6720 11513   2   1  97   0   0 2026-09-21 20:19:08
   1    0            0    108425256       102912     16689212    0    0  8916     0 6214 12523   1   0  99   0   0 2026-09-21 20:19:09
   0    0            0    108425504       102920     16689572    0    0     0   108 6581 12099   1   1  98   0   0 2026-09-21 20:19:10
   3    1            0    108424256       102920     16689580    0    0 76800     0 6051 11693   1   0  99   0   0 2026-09-21 20:19:11
   3    0            0    108429904       102920     16689588    0    0 564224    64 8123 13193   2   1  96   1   0 2026-09-21 20:19:12
   2    3            0    108429680       102920     16689592    0    0 34816   212 6016 11539   1   0  99   0   0 2026-09-21 20:19:13
   1    0            0    108438272       102920     16689652    0    0 555008     0 10635 15063   5   2  92   1   0 2026-09-21 20:19:14
--procs-- -----------------------memory---------------------- ---swap-- -----io---- -system-- --------cpu-------- -----timestamp-----
   r    b         swpd         free         buff        cache   si   so    bi    bo   in   cs  us  sy  id  wa  st                 KST
   0    0            0    108436760       102928     16690164    0    0   508   116 6108 11673   0   0  99   0   0 2026-09-21 20:19:15
   0    0            0    108437008       102928     16690164    0    0     0     0 5966 11383   1   0  99   0   0 2026-09-21 20:19:16
   1    0            0    108436256       102928     16690212    0    0 745472   144 8499 12936   3   1  95   1   0 2026-09-21 20:19:17
   1    0            0    108434496       102928     16690212    0    0     0     0 6762 11377   2   1  97   0   0 2026-09-21 20:19:18
   0    0            0    108433488       102928     16690216    0    0     0   564 6249 11303   1   1  98   0   0 2026-09-21 20:19:19
   2    0            0    108432984       102936     16690216    0    0     0    88 5697 11277   0   0  99   0   0 2026-09-21 20:19:20
   1    3            0    108431992       102936     16690248    0    0 780288   148 8251 13754   2   1  96   1   0 2026-09-21 20:19:21
   0    0            0    108431768       102936     16690296    0    0 143360     0 6192 11720   1   0  99   0   0 2026-09-21 20:19:22
   1    0            0    108433584       102936     16690356    0    0 1474560   164 11278 14871   6   1  91   2   0 2026-09-21 20:19:23
   2    0            0    108433584       102936     16690860    0    0 848320     0 8641 13123   3   1  95   2   0 2026-09-21 20:19:24
   1    0            0    108433584       102944     16690984    0    0   124    78 6118 11541   1   0  98   0   0 2026-09-21 20:19:25
   1    0            0    108432576       102944     16690988    0    0     0     0 6022 11187   1   1  99   0   0 2026-09-21 20:19:26
   1    0            0    108433880       102944     16690996    0    0 12288     0 6211 11110   1   1  98   0   0 2026-09-21 20:19:27
   1    0            0    108432872       102944     16690996    0    0     0   116 5737 11505   0   0  99   0   0 2026-09-21 20:19:28
   0    0            0    108431616       102944     16691004    0    0     0     0 6076 11322   1   1  98   0   0 2026-09-21 20:19:29
   1    0            0    108433200       102952     16691016    0    0 276480    88 6771 12278   1   0  98   1   0 2026-09-21 20:19:30
   0    0            0    108433456       102952     16691148    0    0   124     8 5952 11727   1   0  99   0   0 2026-09-21 20:19:31
   0    0            0    108434336       102952     16691204    0    0 643072     0 7604 12546   1   0  97   1   0 2026-09-21 20:19:32
   0    0            0    108434496       102952     16691204    0    0     0   116 5560 11330   0   0 100   0   0 2026-09-21 20:19:33
   0    0            0    108436208       102952     16691212    0    0     0     0 5615 11468   0   0 100   0   0 2026-09-21 20:19:34
   0    0            0    108436704       102960     16691212    0    0     0    88 5650 11686   0   0 100   0   0 2026-09-21 20:19:35
--procs-- -----------------------memory---------------------- ---swap-- -----io---- -system-- --------cpu-------- -----timestamp-----
   r    b         swpd         free         buff        cache   si   so    bi    bo   in   cs  us  sy  id  wa  st                 KST
   0    0            0    108437520       102960     16691216    0    0     0     0 5907 11451   1   0  99   0   0 2026-09-21 20:19:36
   3    0            0    108437008       102960     16691220    0    0     0     0 6544 11231   2   1  97   0   0 2026-09-21 20:19:37
   0    0            0    108437008       102960     16691220    0    0     0     0 5936 11568   1   0  99   0   0 2026-09-21 20:19:38
   1    0            0    108437936       102960     16691276    0    0 803184    52 8265 13257   2   0  96   1   0 2026-09-21 20:19:39
   0    0            0    108437688       102968     16691280    0    0     0    56 5814 11933   1   0  99   0   0 2026-09-21 20:19:40
   1    0            0    108436432       102968     16691788    0    0 18560     0 5860 11487   1   0  99   0   0 2026-09-21 20:19:41
   1    0            0    108436176       102968     16691788    0    0     0     0 5643 11584   0   0 100   0   0 2026-09-21 20:19:42
   0    0            0    108434928       102968     16691792    0    0     0     0 5972 11199   1   1  99   0   0 2026-09-21 20:19:43
   0    0            0    108434688       102968     16691804    0    0     0   104 5800 11313   1   0  99   0   0 2026-09-21 20:19:44
   0    0            0    108435248       102976     16691804    0    0     0    64 5625 11537   0   0 100   0   0 2026-09-21 20:19:45
   0    0            0    108434240       102976     16691940    0    0   128     0 5682 11687   0   0 100   0   0 2026-09-21 20:19:46
   1    0            0    108433936       102976     16691948    0    0 282624     0 6705 11955   1   1  98   1   0 2026-09-21 20:19:47
   1    0            0    108432928       102976     16691948    0    0     0     0 5953 11447   1   0  99   0   0 2026-09-21 20:19:48
   1    0            0    108432432       102976     16691960    0    0     0    68 5800 11693   1   0  99   0   0 2026-09-21 20:19:49
   1    0            0    108431928       102984     16691964    0    0     0    76 6268 11357   1   1  98   0   0 2026-09-21 20:19:50
   0    0            0    108431168       102984     16691964    0    0     0     0 6464 11417   1   1  97   0   0 2026-09-21 20:19:51
   0    0            0    108430672       102984     16691968    0    0     0     0 5524 11360   0   0 100   0   0 2026-09-21 20:19:52
   1    3            0    108429688       102984     16692020    0    0 1343488     0 11208 14653   6   1  90   3   0 2026-09-21 20:19:53
   0    0            0    108428928       102984     16692028    0    0 141312   108 6753 11804   2   0  98   0   0 2026-09-21 20:19:54
   0    0            0    108428928       102992     16692484    0    0   448    73 5816 11723   1   0  99   0   0 2026-09-21 20:19:55
   1    0            0    108428928       102992     16692488    0    0     0    96 6001 11494   1   0  99   0   0 2026-09-21 20:19:56
--procs-- -----------------------memory---------------------- ---swap-- -----io---- -system-- --------cpu-------- -----timestamp-----
   r    b         swpd         free         buff        cache   si   so    bi    bo   in   cs  us  sy  id  wa  st                 KST
   1    0            0    108432256       102992     16692488    0    0     0     0 6710 11168   2   1  97   0   0 2026-09-21 20:19:57
   0    0            0    108432000       102992     16692492    0    0     0     0 6321 11216   1   1  98   0   0 2026-09-21 20:19:58
   1    0            0    108432896       102992     16692508    0    0     0     0 7127 12702   1   1  98   0   0 2026-09-21 20:19:59
   6    0            0    108432640       103000     16692560    0    0 82944   148 6999 11711   2   1  96   0   0 2026-09-21 20:20:00
   1    0            0    108432016       103000     16692568    0    0 662528     0 10332 14496   6   2  91   1   0 2026-09-21 20:20:01
   1    0            0    108432016       103000     16692568    0    0     0     0 6902 11162   2   1  97   0   0 2026-09-21 20:20:02
   1    0            0    108431024       103000     16692572    0    0     0     0 5836 11398   1   0  99   0   0 2026-09-21 20:20:03
   1    0            0    108431024       103000     16692572    0    0     0   540 6140 11357   1   1  98   0   0 2026-09-21 20:20:04
   1    0            0    108430776       103008     16692572    0    0 57344   176 6237 11757   1   0  98   0   0 2026-09-21 20:20:05
   0    0            0    108430024       103008     16692584    0    0     0     0 5993 11635   1   1  99   0   0 2026-09-21 20:20:06
   0    0            0    108436616       103008     16692636    0    0 688128     0 8007 13156   1   1  97   1   0 2026-09-21 20:20:07
   0    0            0    108433152       103008     16692640    0    0     0     0 5879 11436   0   0 100   0   0 2026-09-21 20:20:08
   0    0            0    108432648       103008     16692700    0    0 843776     0 8471 13017   2   1  96   1   0 2026-09-21 20:20:09
   1    0            0    108432144       103016     16692692    0    0     0   220 5980 11579   1   0  99   0   0 2026-09-21 20:20:10
   1    0            0    108432648       103016     16692712    0    0     0     0 6229 11800   1   1  98   0   0 2026-09-21 20:20:11
   1    0            0    108432648       103016     16692716    0    0     0     0 6634 11226   2   1  97   0   0 2026-09-21 20:20:12
   0    0            0    108432648       103016     16692720    0    0     0     0 5840 11318   0   1  99   0   0 2026-09-21 20:20:13
   0    0            0    108435504       103016     16692724    0    0     0   204 6008 11610   1   0  99   0   0 2026-09-21 20:20:14
   0    0            0    108434992       103024     16692720    0    0     0   108 6154 11412   1   1  98   0   0 2026-09-21 20:20:15
   2    0            0    108434240       103024     16692784    0    0 821248    60 8872 13564   3   1  94   2   0 2026-09-21 20:20:16
   0    0            0    108434000       103024     16692788    0    0     0     0 5876 11558   1   0  99   0   0 2026-09-21 20:20:17
--procs-- -----------------------memory---------------------- ---swap-- -----io---- -system-- --------cpu-------- -----timestamp-----
   r    b         swpd         free         buff        cache   si   so    bi    bo   in   cs  us  sy  id  wa  st                 KST
   0    0            0    108432736       103024     16692792    0    0     0     0 5692 11843   0   0 100   0   0 2026-09-21 20:20:18
   1    0            0    108432992       103024     16692796    0    0 163840     0 6147 11687   0   0  99   0   0 2026-09-21 20:20:19
   1    0            0    108432992       103032     16692804    0    0 229376    76 7159 11807   2   1  97   1   0 2026-09-21 20:20:20
   1    0            0    108432232       103032     16692808    0    0     0   112 6587 11340   2   1  97   0   0 2026-09-21 20:20:21
   0    0            0    108432232       103032     16692808    0    0     0     0 5886 11378   0   1  99   0   0 2026-09-21 20:20:22
   2    0            0    108431232       103032     16692812    0    0     0     0 5626 11392   0   0  99   0   0 2026-09-21 20:20:23
   1    0            0    108431232       103032     16692816    0    0 16384     0 6760 11570   2   1  97   0   0 2026-09-21 20:20:24
   1    0            0    108430720       103040     16692808    0    0     0    80 6625 11448   2   1  97   0   0 2026-09-21 20:20:25
   0    0            0    108430736       103040     16692836    0    0     0     0 5965 11610   1   0  99   0   0 2026-09-21 20:20:26
   1    0            0    108429504       103040     16692840    0    0     0    44 5995 11314   1   1  99   0   0 2026-09-21 20:20:27
   1    0            0    108429256       103040     16692840    0    0     0     0 6183 11437   1   1  98   0   0 2026-09-21 20:20:28
   1    0            0    108428248       103040     16692848    0    0     0     0 6575 11201   2   2  97   0   0 2026-09-21 20:20:29
   1    0            0    108428248       103048     16692840    0    0     0    36 6617 11367   2   1  97   0   0 2026-09-21 20:20:30
   1    0            0    108428248       103048     16692852    0    0     0   132 6314 11469   1   1  98   0   0 2026-09-21 20:20:31
   1    0            0    108428024       103048     16692856    0    0     0    56 6634 11367   2   1  97   0   0 2026-09-21 20:20:32
   1    0            0    108424248       103048     16692856    0    0     0     0 6412 11371   1   1  98   0   0 2026-09-21 20:20:33
   2    0            0    108422736       103048     16692860    0    0     0     0 6727 11278   2   1  97   0   0 2026-09-21 20:20:34
   0    0            0    108429136       103056     16692864    0    0     0    48 6556 11406   2   1  97   0   0 2026-09-21 20:20:35
   0    0            0    108427888       103056     16692868    0    0     0     0 5686 11779   0   0 100   0   0 2026-09-21 20:20:36
   0    0            0    108427888       103056     16692872    0    0     0     0 6087 11425   1   1  99   0   0 2026-09-21 20:20:37
   3    0            0    108428176       103060     16692928    0    0 851968    48 8839 13503   3   1  95   1   0 2026-09-21 20:20:38
--procs-- -----------------------memory---------------------- ---swap-- -----io---- -system-- --------cpu-------- -----timestamp-----
   r    b         swpd         free         buff        cache   si   so    bi    bo   in   cs  us  sy  id  wa  st                 KST
   1    0            0    108427416       103060     16692932    0    0     0     0 6108 11547   1   1  98   0   0 2026-09-21 20:20:39
   3    0            0    108427168       103068     16692944    0    0     0   112 6668 11446   1   1  97   0   0 2026-09-21 20:20:40
   0    0            0    108426664       103068     16692948    0    0     0   224 6270 11274   1   1  98   0   0 2026-09-21 20:20:41
   0    0            0    108427168       103068     16692952    0    0     0     0 5945 11702   0   0  99   0   0 2026-09-21 20:20:42
   1    0            0    108427936       103068     16693004    0    0 751616   116 8973 13629   4   1  94   1   0 2026-09-21 20:20:43
   2    0            0    108309616       104124     16773252    0    0 115808     0 9490 13927   3   2  95   0   0 2026-09-21 20:20:44
   0    0            0    108286944       104576     16779320    0    0  6452   388 7140 11965   2   1  97   0   0 2026-09-21 20:20:45
   1    0            0    108321120       104576     16779308    0    0     0    12 6023 11887   1   0  99   0   0 2026-09-21 20:20:46
   2    0            0    108320360       104576     16779316    0    0 14336   572 6224 11419   1   1  98   0   0 2026-09-21 20:20:47
   1    0            0    108321776       104576     16779320    0    0     0   112 6515 11160   2   1  97   0   0 2026-09-21 20:20:48
   0    0            0    108323072       104576     16779320    0    0     0     0 6141 11178   1   1  98   0   0 2026-09-21 20:20:49
   1    0            0    108324168       104584     16779328    0    0     0   132 5754 11452   0   0  99   0   0 2026-09-21 20:20:50
   1    0            0    108325720       104584     16779332    0    0 14336     0 6192 11736   1   0  98   0   0 2026-09-21 20:20:51
   1    0            0    108325472       104584     16779332    0    0     0     0 6033 11388   1   1  99   0   0 2026-09-21 20:20:52
   1    0            0    108326256       104584     16779336    0    0     0    48 6239 11303   1   1  98   0   0 2026-09-21 20:20:53
   2    0            0    108330928       104584     16779352    0    0     0     0 6446 11315   1   1  98   0   0 2026-09-21 20:20:54
   1    0            0    108332224       104592     16779348    0    0     0    44 6593 11297   2   1  97   0   0 2026-09-21 20:20:55
   1    0            0    108332480       104592     16779360    0    0     0     0 6615 11364   2   1  97   0   0 2026-09-21 20:20:56
   0    0            0    108333632       104592     16779364    0    0     0     0 5703 11254   0   0  99   0   0 2026-09-21 20:20:57
   0    0            0    108334704       104592     16779364    0    0     0    44 6140 11380   1   1  99   0   0 2026-09-21 20:20:58
   1    0            0    108335344       104592     16779368    0    0     0     0 6046 11486   1   0  99   0   0 2026-09-21 20:20:59
--procs-- -----------------------memory---------------------- ---swap-- -----io---- -system-- --------cpu-------- -----timestamp-----
   r    b         swpd         free         buff        cache   si   so    bi    bo   in   cs  us  sy  id  wa  st                 KST
   0    0            0    108335232       104600     16779372    0    0     0    60 6316 11155   1   1  98   0   0 2026-09-21 20:21:00
   0    0            0    108335232       104600     16779388    0    0     0     0 5805 11562   0   0  99   0   0 2026-09-21 20:21:01
   1    0            0    108335488       104600     16779392    0    0     0     0 6383 11492   1   1  98   0   0 2026-09-21 20:21:02
   2    0            0    108336272       104600     16779396    0    0     0     0 6382 10473   2   2  97   0   0 2026-09-21 20:21:03
   0    0            0    108336784       104600     16779396    0    0     0    56 6042 10474   1   1  98   0   0 2026-09-21 20:21:04
   2    0            0    108336792       104608     16779392    0    0 65536    72 6112 10897   1   1  98   0   0 2026-09-21 20:21:05
   1    0            0    108337296       104608     16779416    0    0 229376   464 6491 11254   1   0  98   1   0 2026-09-21 20:21:06
   1    0            0    108342624       104608     16779456    0    0     0     0 6735 10726   2   2  97   0   0 2026-09-21 20:21:07
   1    0            0    108341184       104608     16779460    0    0     0     0 6662 10653   2   2  97   0   0 2026-09-21 20:21:08
   0    0            0    108341712       104608     16779460    0    0     0   104 6197 10609   1   1  98   0   0 2026-09-21 20:21:09
   1    2            0    108341720       104616     16779472    0    0 512000    96 9363 13024   6   1  92   1   0 2026-09-21 20:21:10
   1    0            0    108340968       104616     16779476    0    0 184320     0 7437 11507   3   1  95   0   0 2026-09-21 20:21:11
   1    0            0    108339960       104616     16779476    0    0     0     0 6314 10668   1   1  98   0   0 2026-09-21 20:21:12
   1    0            0    108341288       104616     16779520    0    0     0     0 5808 10689   1   0  99   0   0 2026-09-21 20:21:13
   1    0            0    108340816       104616     16779528    0    0     0   200 5890 10680   1   1  98   0   0 2026-09-21 20:21:14
   5    0            0    108341248       104624     16779528    0    0 551936   188 7932 12383   3   1  95   1   0 2026-09-21 20:21:15
   1    0            0    108338984       104624     16779536    0    0 275456     0 8044 11832   4   2  94   0   0 2026-09-21 20:21:16
   1    0            0    108338512       104624     16779540    0    0     0     0 5883 10655   1   1  99   0   0 2026-09-21 20:21:17
   1    0            0    108338272       104624     16779544    0    0     0     0 5605 10589   0   0  99   0   0 2026-09-21 20:21:18
   1    0            0    108337864       104624     16779548    0    0 436224     0 6989 11561   1   0  97   1   0 2026-09-21 20:21:19
   1    0            0    108338120       104632     16779560    0    0     0   156 5839 10628   1   0  99   0   0 2026-09-21 20:21:20
--procs-- -----------------------memory---------------------- ---swap-- -----io---- -system-- --------cpu-------- -----timestamp-----
   r    b         swpd         free         buff        cache   si   so    bi    bo   in   cs  us  sy  id  wa  st                 KST
   1    0            0    108338528       104632     16779560    0    0     0     0 6364 10661   2   1  97   0   0 2026-09-21 20:21:21
   1    0            0    108339552       104632     16779564    0    0     0   216 6462 10671   1   1  97   0   0 2026-09-21 20:21:22
   0    0            0    108340056       104632     16779568    0    0     0     0 5480 10537   0   0 100   0   0 2026-09-21 20:21:23
   1    0            0    108340304       104632     16779576    0    0     0     0 6360 10616   1   1  98   0   0 2026-09-21 20:21:24
   1    0            0    108340816       104640     16779572    0    0     0    44 6466 10608   2   1  97   0   0 2026-09-21 20:21:25
   0    0            0    108341320       104640     16779584    0    0     0    56 6543 10661   2   1  97   0   0 2026-09-21 20:21:26
   1    0            0    108341072       104640     16779592    0    0     0     0 5965 10602   1   1  99   0   0 2026-09-21 20:21:27
   0    0            0    108340576       104640     16779592    0    0     0     0 5899 10530   1   1  98   0   0 2026-09-21 20:21:28
   1    0            0    108341872       104640     16779600    0    0     0   160 6973 11902   1   1  98   0   0 2026-09-21 20:21:29
   0    0            0    108341936       104648     16779608    0    0     0    88 6291 10793   1   1  98   0   0 2026-09-21 20:21:30
   4    0            0    108340672       104648     16779668    0    0 490496     0 7659 12136   2   1  96   1   0 2026-09-21 20:21:31
   1    0            0    108340176       104648     16779672    0    0  9216   120 6739 11404   2   1  97   0   0 2026-09-21 20:21:32
   0    0            0    108338944       104648     16779672    0    0     0     0 6259 10512   1   1  97   0   0 2026-09-21 20:21:33
   1    0            0    108338192       104648     16779676    0    0     0   596 5589 10659   0   0 100   0   0 2026-09-21 20:21:34
   0    0            0    108325344       104656     16787768    0    0  8200   136 6310 11323   1   1  98   0   0 2026-09-21 20:21:35
   2    0            0    108328488       104656     16787884    0    0     0     0 6587 10896   1   1  98   0   0 2026-09-21 20:21:36
   2    0            0    108328240       104656     16787896    0    0     0    48 5791 10713   0   0  99   0   0 2026-09-21 20:21:37
   1    0            0    108327984       104656     16787900    0    0 126976     0 6244 11119   1   0  98   0   0 2026-09-21 20:21:38
   1    0            0    108328528       104656     16787900    0    0     0     0 6496 10517   2   1  97   0   0 2026-09-21 20:21:39
   0    1            0    108327552       104664     16787900    0    0     0    64 5688 10602   0   0  99   0   0 2026-09-21 20:21:40
   2    0            0    108326848       104664     16787920    0    0  8192   384 6139 10757   1   1  98   0   0 2026-09-21 20:21:41
--procs-- -----------------------memory---------------------- ---swap-- -----io---- -system-- --------cpu-------- -----timestamp-----
   r    b         swpd         free         buff        cache   si   so    bi    bo   in   cs  us  sy  id  wa  st                 KST
   1    0            0    108326096       104664     16787924    0    0     0     4 6675 10623   2   1  97   0   0 2026-09-21 20:21:42
   0    0            0    108326096       104664     16787928    0    0     0    56 5773 10554   1   0  99   0   0 2026-09-21 20:21:43
   1    0            0    108325840       104664     16787928    0    0     0     0 5518 10626   0   0  99   0   0 2026-09-21 20:21:44
   1    1            0    108326096       104664     16787932    0    0     0     8 5966 10749   1   0  99   0   0 2026-09-21 20:21:45
   0    0            0    108325088       104680     16787944    0    0     0   104 5866 10728   1   0  99   0   0 2026-09-21 20:21:46
   0    0            0    108325512       104680     16787948    0    0     0   144 5437 10535   0   0 100   0   0 2026-09-21 20:21:47
   1    0            0    108325816       104680     16787996    0    0 827392   104 7793 12253   1   1  97   2   0 2026-09-21 20:21:48
   0    0            0    108324848       104680     16788000    0    0     0     4 5526 10539   0   0  99   0   0 2026-09-21 20:21:49
   0    1            0    108325104       104680     16788004    0    0     0     4 5971 10601   1   1  99   0   0 2026-09-21 20:21:50
   0    0            0    108324616       104688     16788012    0    0 851968   104 8570 12416   3   1  95   2   0 2026-09-21 20:21:51
   0    0            0    108324368       104688     16788064    0    0     0     0 5815 10619   1   0  99   0   0 2026-09-21 20:21:52
   0    0            0    108324376       104688     16788076    0    0     0   292 5769 10766   1   0  99   0   0 2026-09-21 20:21:53
   0    0            0    108324128       104688     16788084    0    0 729088     0 7754 12122   2   1  97   1   0 2026-09-21 20:21:54
   1    0            0    108328888       104688     16788352    0    0   256     0 5522 10705   0   0 100   0   0 2026-09-21 20:21:55
   0    0            0    108327376       104720     16788352    0    0     0   352 5626 10747   0   0  99   0   0 2026-09-21 20:21:56
   0    0            0    108327136       104728     16788356    0    0     0    32 5534 10602   0   0 100   0   0 2026-09-21 20:21:57
   0    0            0    108326632       104728     16788356    0    0     0   228 5521 10659   0   0 100   0   0 2026-09-21 20:21:58
   2    0            0    108326632       104728     16788360    0    0     0     0 5984 10559   1   1  98   0   0 2026-09-21 20:21:59
   0    0            0    108327136       104728     16788360    0    0     0     4 6200 10616   1   1  98   0   0 2026-09-21 20:22:00
   0    0            0    108327648       104736     16788364    0    0     0    80 5454 10647   0   0 100   0   0 2026-09-21 20:22:01
   0    0            0    108327136       104736     16788376    0    0 694272     0 7845 13155   1   1  97   1   0 2026-09-21 20:22:02
--procs-- -----------------------memory---------------------- ---swap-- -----io---- -system-- --------cpu-------- -----timestamp-----
   r    b         swpd         free         buff        cache   si   so    bi    bo   in   cs  us  sy  id  wa  st                 KST
   0    0            0    108327648       104736     16788424    0    0     0     4 6032 11616   1   0  99   0   0 2026-09-21 20:22:03
   0    0            0    108326640       104736     16788424    0    0     0   112 5626 11516   0   0 100   0   0 2026-09-21 20:22:04
   0    0            0    108324152       104736     16788428    0    0     0     0 5700 11557   0   0 100   0   0 2026-09-21 20:22:05
   0    0            0    108323392       104744     16788432    0    0     0   256 5803 11784   0   0 100   0   0 2026-09-21 20:22:06
   1    0            0    108322736       104744     16788436    0    0     0     0 5927 11479   0   0 100   0   0 2026-09-21 20:22:07
   1    0            0    108322480       104744     16788488    0    0     0     0 6296 11829   1   0  99   0   0 2026-09-21 20:22:08
   1    0            0    109745680       104744     15491172    0    0     0   100 6761 10557   2   1  97   0   0 2026-09-21 20:22:09
   0    0            0    116857504       104744      8381100    0    0     0     0 5592 10458   0   1  98   0   0 2026-09-21 20:22:10
