procs -----------------------memory---------------------- ---swap-- -----io---- -system-- --------cpu-------- -----timestamp-----
 r  b         swpd         free         buff        cache   si   so    bi    bo   in   cs  us  sy  id  wa  st                 KST
 6  0       738684     83777104       103172     42392132    2    3 14239   598    1    1   1   1  96   2   0 2026-09-16 22:22:58
 2  0       738684     83685120       103172     42392192    0    0     0   236 4786 6042   3   1  95   0   0 2026-09-16 22:22:59
 3  0       738684     83634568       103172     42392216    0    0     0     0 4538 5954   4   1  95   0   0 2026-09-16 22:23:00
 3  0       738684     83581032       103172     42392252    0    0     0     0 6636 6568   5   8  87   0   0 2026-09-16 22:23:01
 2  0       738684     83562464       103172     42392284    0    0     0     0 4607 5831   2   1  97   0   0 2026-09-16 22:23:02
 2  0       738684     83570168       103180     42392316    0    0     0    88 4396 5882   1   1  98   0   0 2026-09-16 22:23:03
 2  0       738684     83542768       103180     42392344    0    0     0   256 4316 5851   2   1  97   0   0 2026-09-16 22:23:04
 3  0       738684     83431696       103180     42392368    0    0     0     0 4375 5930   2   1  97   0   0 2026-09-16 22:23:05
 4  0       738684     83357672       103180     42392408    0    0     0     0 4763 6271   3   1  96   0   0 2026-09-16 22:23:06
 2  0       738684     83213680       103180     42392436    0    0     0     0 4561 5921   3   1  95   0   0 2026-09-16 22:23:07
 2  0       738684     83146320       103188     42392472    0    0     0    60 4443 5913   3   1  96   0   0 2026-09-16 22:23:08
 3  0       738684     82557904       103188     42392504    0    0     0   232 7472 7723  17   2  81   0   0 2026-09-16 22:23:09
 4  0       738684     82495440       103188     42439560    0    0     0     0 7496 8246  10   2  89   0   0 2026-09-16 22:23:10
 2  0       738684     82067024       103188     42439676    0    0     0     0 9874 14313   3   2  95   0   0 2026-09-16 22:23:11
 0  0       738684     83078336       103188     39580016    0    0     0     0 9790 15270   4   3  93   0   0 2026-09-16 22:23:12
 1  0       738684     83086800       103200     39579720    0    0     0   396 9093 15133   1   1  98   0   0 2026-09-16 22:23:13
19  0       738684     82161200       103200     40563172    0    0     0 92372 427384 15793  21  19  60   0   0 2026-09-16 22:23:14
 2  0       738684     80260752       103200     42439464    0    0     0     0 12625 15833   7  27  66   0   0 2026-09-16 22:23:15
 2  0       738684     80252752       103200     42439840    0    0     0     0 10140 15220   4   1  95   0   0 2026-09-16 22:23:16
 2  1       738684     80244848       103228     42439844    0    0     0 150808 10625 15586   2   2  95   1   0 2026-09-16 22:23:17
 1  0       738684     80239440       103320     42439876    0    0     0 319880 11608 17635   1   2  95   2   0 2026-09-16 22:23:18
procs -----------------------memory---------------------- ---swap-- -----io---- -system-- --------cpu-------- -----timestamp-----
 r  b         swpd         free         buff        cache   si   so    bi    bo   in   cs  us  sy  id  wa  st                 KST
 3  1       738684     80228912       103488     42439924    0    0     0 845420 28435 27295   1   3  95   2   0 2026-09-16 22:23:19
 1  0       738684     79944136       103536     42439976    0    0 150532 1546056 81185 20784   1   4  92   3   0 2026-09-16 22:23:20
 0  7       738684     79946248       103536     42440012    0    0 998144     0 10552 15572   3   1  91   5   0 2026-09-16 22:23:21
 2  0       738684     79903248       103536     42440040    0    0 1861888     0 11737 16410   2   2  88   8   0 2026-09-16 22:23:22
 2  0       738684     79866608       103536     42440120    0    0     0     0 9897 15348   4   1  95   0   0 2026-09-16 22:23:23
 1  6       738684     79863552       103536     42440148    0    0 1009152     0 10701 15717   2   2  90   6   0 2026-09-16 22:23:24
 2  0       738684     79838240       103544     42440176    0    0 1850880    68 11443 16124   2   2  88   9   0 2026-09-16 22:23:25
 3  0       738684     79796800       103544     42440212    0    0     0     0 10027 15577   4   1  95   0   0 2026-09-16 22:23:26
 2  0       738684     79790840       103544     42440244    0    0     0     0 9473 15053   4   1  95   0   0 2026-09-16 22:23:27
 2  0       738684     79787680       103544     42440272    0    0 150528     0 9568 15238   3   1  94   1   0 2026-09-16 22:23:28
 2  0       738684     79793712       103544     42440304    0    0 903168     0 10371 15697   3   1  91   5   0 2026-09-16 22:23:29
 1  0       738684     79792288       103552     42440340    0    0 752640    44 10378 15516   3   1  92   4   0 2026-09-16 22:23:30
 2  0       738684     79791552       103552     42440368    0    0 903168     0 10076 15585   3   1  92   4   0 2026-09-16 22:23:31
 1  5       738684     79789104       103552     42440408    0    0 412672     0 9626 15302   3   1  93   2   0 2026-09-16 22:23:32
 0  7       738684     79794568       103552     42440448    0    0 1789696     0 11044 16107   2   1  88   9   0 2026-09-16 22:23:33
 0  6       738684     79729984       103552     42440468    0    0 1365760     0 11111 16049   2   1  89   7   0 2026-09-16 22:23:34
 2  0       738684     79733376       103560     42440496    0    0 2302464    24 11922 16374   1   2  85  12   0 2026-09-16 22:23:35
 3  5       738684     79733160       103560     42440532    0    0 1611264     0 11137 16017   2   2  87  10   0 2026-09-16 22:23:36
 0  6       738684     79733216       103560     42440560    0    0 1806336     0 11169 15973   2   2  87  10   0 2026-09-16 22:23:37
 0  2       738684     79729056       103560     42440592    0    0 2151936     0 11388 16375   1   2  84  13   0 2026-09-16 22:23:38
 1  6       738684     79726176       103560     42440624    0    0 1611264     0 11021 16011   2   1  87  10   0 2026-09-16 22:23:39
procs -----------------------memory---------------------- ---swap-- -----io---- -system-- --------cpu-------- -----timestamp-----
 r  b         swpd         free         buff        cache   si   so    bi    bo   in   cs  us  sy  id  wa  st                 KST
 0  5       738684     79721744       103568     42440648    0    0 1655808    24 11079 15977   2   1  87  10   0 2026-09-16 22:23:40
 2  5       738684     79716304       103568     42440684    0    0 2113024     0 11475 16351   1   2  84  13   0 2026-09-16 22:23:41
 0  5       738684     79717696       103568     42440716    0    0 1667072     0 10942 16084   2   2  87  10   0 2026-09-16 22:23:42
 1  0       738684     79674128       103568     42440740    0    0 1683456     0 11042 16026   2   2  86  11   0 2026-09-16 22:23:43
 1  5       738684     79672992       103568     42440780    0    0 1912320     0 11335 16260   1   2  85  13   0 2026-09-16 22:23:44
 2  0       738684     79664992       103576     42440808   32    0 947744    24 10691 16536   3   1  90   6   0 2026-09-16 22:23:45
 1  6       738684     79670896       103576     42440848    0    0 256512  1068 10123 15571   3   1  94   2   0 2026-09-16 22:23:46
 3  5       738684     79672000       103576     42440880    0    0 1076224     0 10696 15695   2   1  89   7   0 2026-09-16 22:23:47
 0  6       738684     79671792       103592     42440916    0    0 1170688   296 10614 15845   3   1  90   6   0 2026-09-16 22:23:48
 1  0       738684     79668424       103592     42440944    0    0 356608     0 10131 15440   3   1  93   2   0 2026-09-16 22:23:49
 2  0       738684     79666240       103592     42440968    0    0 301056     0 10157 15570   3   1  94   2   0 2026-09-16 22:23:50
 1  0       738684     79667072       103592     42441004    0    0 1204224   232 10578 15723   2   2  90   6   0 2026-09-16 22:23:51
 0  5       738684     79675488       103592     42441036    0    0 1193216     0 10600 15780   2   1  90   6   0 2026-09-16 22:23:52
 0  5       738684     79674288       103600     42441068    0    0 1326848    24 10603 15958   2   1  88   8   0 2026-09-16 22:23:53
 1  0       738684     79675456       103600     42441104    0    0 1694720     0 11044 16313   2   1  87  10   0 2026-09-16 22:23:54
 4  5       738684     79670784       103600     42441128    0    0 2219008     0 11323 16520   1   2  85  12   0 2026-09-16 22:23:55
 0  5       738684     79666352       103600     42441168    0    0 1650176   388 10985 16161   2   1  87  10   0 2026-09-16 22:23:56
 3  0       738684     79666752       103600     42441200    0    0 1850880     0 11307 16383   2   2  86  11   0 2026-09-16 22:23:57
 1  6       738684     79668360       103608     42441236    0    0 1912320    96 11220 16230   1   2  86  12   0 2026-09-16 22:23:58
 0  5       738684     79679552       103608     42441268   12    0 1655820     0 11105 16033   2   1  87  10   0 2026-09-16 22:23:59
 1  6       738684     79685704       103608     42441296    0    0 2096384     0 11378 16234   1   2  84  13   0 2026-09-16 22:24:00
procs -----------------------memory---------------------- ---swap-- -----io---- -system-- --------cpu-------- -----timestamp-----
 r  b         swpd         free         buff        cache   si   so    bi    bo   in   cs  us  sy  id  wa  st                 KST
 2  5       738684     79674688       103608     42441328    0    0 1655808   236 10908 16137   2   1  87  10   0 2026-09-16 22:24:01
 1  6       738684     79678280       103608     42441360    0    0 1655808     0 10988 16263   2   2  87  10   0 2026-09-16 22:24:02
 2  4       738684     79676888       103616     42441388    0    0 1973504    96 11145 16365   1   2  84  13   0 2026-09-16 22:24:03
 0  7       738684     79674416       103616     42441420    0    0 1037056     0 10423 15823   3   1  90   6   0 2026-09-16 22:24:04
 7  1       738684     79680832       103616     42441456    0    0 1719552     0 11242 16136   2   2  86  11   0 2026-09-16 22:24:05
 2  0       738684     79680912       103616     42441484    0    0 593920   236 10340 16074   3   1  92   4   0 2026-09-16 22:24:06
 2  0       738684     79676208       103616     42441520    0    0     0     0 9461 15249   4   1  95   0   0 2026-09-16 22:24:07
 2  0       738684     79681360       103624     42441540    0    0 1053696    84 10458 15858   3   1  90   6   0 2026-09-16 22:24:08
 1  0       738684     79680368       103624     42441592    0    0 1053696     0 10366 15779   3   1  91   5   0 2026-09-16 22:24:09
 0  8       738684     79678440       103624     42441616    0    0 847616     0 10334 15769   3   2  92   4   0 2026-09-16 22:24:10
 1  5       738684     79677456       103624     42441652    0    0 2124032   236 11603 16449   1   2  84  13   0 2026-09-16 22:24:11
 2  3       738684     79677104       103624     42441676    0    0 1694720     0 11108 15996   2   1  87  10   0 2026-09-16 22:24:12
 2  0       738684     79678896       103632     42441720    0    0 1806336    96 11041 16200   2   2  86  11   0 2026-09-16 22:24:13
 0  6       738684     79686592       103632     42441740    0    0 1912320     0 11155 16324   1   2  85  12   0 2026-09-16 22:24:14
 1  7       738684     79680352       103632     42441772    0    0 1655808     0 10978 16041   2   1  87  10   0 2026-09-16 22:24:15
 1  5       738684     79675008       103632     42441804    0    0 2124288   144 11451 16692   1   2  84  13   0 2026-09-16 22:24:16
 2  6       738684     79673088       103632     42441844    0    0 1627904   108 10925 16080   2   1  87  10   0 2026-09-16 22:24:17
 1  4       738684     79676912       103640     42441864    0    0 1538816    88 10922 16174   2   2  87  10   0 2026-09-16 22:24:18
 0  6       738684     79675208       103640     42441904    0    0 2073856     0 11377 16295   1   2  85  13   0 2026-09-16 22:24:19
 0  3       738684     79683560       103640     42441924    0    0 1560832     0 10860 15961   2   1  87  10   0 2026-09-16 22:24:20
 1  0       738684     79679600       103640     42441964    0    0 1806336     0 11212 16084   1   2  86  11   0 2026-09-16 22:24:21
procs -----------------------memory---------------------- ---swap-- -----io---- -system-- --------cpu-------- -----timestamp-----
 r  b         swpd         free         buff        cache   si   so    bi    bo   in   cs  us  sy  id  wa  st                 KST
 1  5       738684     79672704       103640     42441984    0    0 557568   228 10179 15737   3   1  92   4   0 2026-09-16 22:24:22
 0  5       738684     79675808       103648     42442024    0    0 1527808    76 10762 15953   2   1  88   9   0 2026-09-16 22:24:23
 2  0       738684     79675680       103648     42442052    0    0 774656     0 10126 15767   3   2  91   4   0 2026-09-16 22:24:24
 1  5       738684     79672528       103648     42442088    0    0 105984     0 9899 15398   4   1  94   1   0 2026-09-16 22:24:25
 1  0       738684     79672336       103648     42442116    0    0 1098240     0 10629 16178   2   2  90   6   0 2026-09-16 22:24:26
 1  0       738684     79675960       103656     42442152    0    0 1204224   316 10816 16005   2   1  90   6   0 2026-09-16 22:24:27
 2  6       738684     79679880       103656     42442184   16    0 1307232     0 10644 15962   2   2  89   7   0 2026-09-16 22:24:28
 2  0       738684     79678744       103656     42442208    0    0 2004400     0 11454 16651   1   2  85  12   0 2026-09-16 22:24:29
 0  3       738684     79678912       103656     42442248    0    0 1655808     0 11002 16256   2   2  87  10   0 2026-09-16 22:24:30
 0  5       738684     79678792       103656     42442284    0    0 1611264     0 10686 16116   2   1  87  10   0 2026-09-16 22:24:31
 0  5       738684     79683136       103664     42442316    0    0 2113024   564 11369 16608   1   2  84  12   0 2026-09-16 22:24:32
 1  7       738684     79688024       103664     42442344    0    0 1789696     0 10998 16093   2   2  87  10   0 2026-09-16 22:24:33
 2  0       738684     79680368       103664     42442384    0    0 1560832     0 11067 16119   2   1  87  10   0 2026-09-16 22:24:34
 1  6       738684     79683184       103664     42442416    0    0 2062848     0 11324 16212   1   2  84  13   0 2026-09-16 22:24:35
 1  5       738684     79686592       103664     42442444    0    0 1655808     0 10955 16130   2   2  87  10   0 2026-09-16 22:24:36
 2  0       738684     79686688       103672     42442476    0    0 1850880   424 11379 16313   1   1  85  12   0 2026-09-16 22:24:37
 0  5       738684     79689056       103672     42442500    0    0 1912320     0 11301 16461   1   2  86  11   0 2026-09-16 22:24:38
 1  0       738684     79680832       103672     42442544    0    0 947712     0 10403 15698   2   1  90   6   0 2026-09-16 22:24:39
 2  0       738684     79678144       103672     42442564    0    0 150528     0 9873 15423   3   1  94   1   0 2026-09-16 22:24:40
 0  4       738684     79684768       103672     42442608    0    0 1193216     0 10439 15870   2   1  90   7   0 2026-09-16 22:24:41
 2  6       738684     79684120       103680     42442648    0    0 1159680   292 10704 16042   2   1  91   6   0 2026-09-16 22:24:42
procs -----------------------memory---------------------- ---swap-- -----io---- -system-- --------cpu-------- -----timestamp-----
 r  b         swpd         free         buff        cache   si   so    bi    bo   in   cs  us  sy  id  wa  st                 KST
 2  0       738684     79678880       103680     42442668    0    0 356608     0 9802 15459   3   1  93   3   0 2026-09-16 22:24:43
 1  6       738684     79689352       103680     42442708    0    0 1299200     0 10664 15945   2   1  89   7   0 2026-09-16 22:24:44
 0  7       738684     79700752       103680     42442732    0    0 1516288     0 10435 15974   2   1  88   9   0 2026-09-16 22:24:45
 3  5       738684     79702864       103680     42442776    0    0 1505280     0 10833 16559   2   2  87   9   0 2026-09-16 22:24:46
 1  7       738684     79695600       103688     42442792    0    0 1795328   316 11042 16180   2   1  87  10   0 2026-09-16 22:24:47
 3  4       738684     79689120       103688     42442824    0    0 2140928     0 11330 16186   1   2  84  13   0 2026-09-16 22:24:48
 0  4       738684     79690024       103688     42442860    0    0 1677824     0 11070 16013   2   2  87  10   0 2026-09-16 22:24:49
 0  6       738684     79688048       103688     42442880    0    0 1616896     0 10982 16163   2   2  87  10   0 2026-09-16 22:24:50
 6  2       738684     79687376       103688     42442912    0    0 2073248     0 11328 16286   1   2  84  13   0 2026-09-16 22:24:51
 1  1       738684     79681392       103696     42442944    0    0 1578336   288 10975 16025   2   1  87  10   0 2026-09-16 22:24:52
 2  0       738684     79684528       103696     42442976    0    0 1956864     0 11169 16142   1   2  85  13   0 2026-09-16 22:24:53
 2  0       738684     79690616       103696     42443016    0    0 1806336     0 11276 16261   2   1  87  10   0 2026-09-16 22:24:54
 0  5       738684     79691200       103696     42443044    0    0 1616896     0 10946 16002   2   2  87  10   0 2026-09-16 22:24:55
 0  2       738684     79693800       103696     42443080    0    0 2146304     0 11742 16194   1   2  85  13   0 2026-09-16 22:24:56
 2  0       738684     79687352       103704     42443100    0    0 150528   312 9997 15508   3   1  94   1   0 2026-09-16 22:24:57
 1  7       738684     79687024       103704     42443156    0    0 697088     0 10228 15547   3   1  93   3   0 2026-09-16 22:24:58
 1  0       738684     79689744       103704     42443184    0    0 1109248     0 10419 15771   2   1  90   6   0 2026-09-16 22:24:59
 1  0       738684     79689088       103704     42443216    0    0 1053696     0 10401 15763   2   1  91   5   0 2026-09-16 22:25:00
 1  6       738684     79687640       103704     42443252    0    0 1912320     0 11214 16109   1   2  86  11   0 2026-09-16 22:25:01
 1  6       738684     79689464       103712     42443276    0    0 1655808   112 11197 16023   2   1  87  10   0 2026-09-16 22:25:02
 2  0       738684     79685736       103712     42443312    0    0 2151936   448 11498 16188   1   2  85  12   0 2026-09-16 22:25:03
procs -----------------------memory---------------------- ---swap-- -----io---- -system-- --------cpu-------- -----timestamp-----
 r  b         swpd         free         buff        cache   si   so    bi    bo   in   cs  us  sy  id  wa  st                 KST
 1  0       738684     79680320       103712     42443348    0    0 1655808     0 10944 16134   2   2  87  10   0 2026-09-16 22:25:04
 2  3       738684     79675824       103712     42443376    0    0 1502308     0 10501 16013   2   1  87  10   0 2026-09-16 22:25:05
 1  5       738684     79678960       103712     42443404    0    0 2065820     0 11342 16544   1   2  84  13   0 2026-09-16 22:25:06
 0  1       738684     79679248       103720     42443436    0    0 1700352   104 10931 16024   2   2  87  10   0 2026-09-16 22:25:07
 2  0       738684     79673768       103720     42443464    0    0 1655808   268 11011 16052   2   2  87  10   0 2026-09-16 22:25:08
 2  5       738684     79676352       103720     42443504    0    0 2085376     0 11369 16126   1   2  85  13   0 2026-09-16 22:25:09
 1  1       738684     79677744       103720     42443524    0    0 1677824     0 10959 16095   2   2  87  10   0 2026-09-16 22:25:10
 2  0       738684     79680672       103720     42443568    0    0 1956864     0 11184 16156   1   2  86  11   0 2026-09-16 22:25:11
 1  0       738684     79668928       103728     42443596    0    0     0    92 9200 14994   1   1  98   0   0 2026-09-16 22:25:12
 1  0       738684     79673792       103728     42443624    0    0     0   260 9146 15013   1   1  98   0   0 2026-09-16 22:25:13
 2  0       738684     79669864       103728     42443656    0    0     0     0 9204 15077   1   1  98   0   0 2026-09-16 22:25:14
 1  6       738684     79667240       103728     42443680    0    0 1761792     0 10956 15895   2   2  86  11   0 2026-09-16 22:25:15
 0  6       738684     79671616       103728     42443720    0    0 1644800     0 10864 15871   2   2  87  10   0 2026-09-16 22:25:16
 1  6       738684     79674264       103736     42443740    0    0 2118400    76 11542 16231   1   2  84  13   0 2026-09-16 22:25:17
 0  6       738684     79677416       103736     42443776    0    0 1644800   236 11115 16113   2   2  87  10   0 2026-09-16 22:25:18
 1  6       738684     79677536       103736     42443816    0    0 1666816     0 11211 16105   2   2  87  10   0 2026-09-16 22:25:19
 1  4       738684     79687296       103736     42443852    0    0 2129920     0 11452 16189   1   2  85  13   0 2026-09-16 22:25:20
 1  1       738684     79680768       103736     42443876    0    0 1677824     0 10975 15979   2   2  87  10   0 2026-09-16 22:25:21
 1  4       738684     79681888       103744     42443916    0    0 1767424    76 10937 16411   2   2  87  10   0 2026-09-16 22:25:22
 1  6       738684     79681312       103744     42443940    0    0 2101760   224 11392 16366   1   2  84  13   0 2026-09-16 22:25:23
 2  3       738684     79689984       103744     42443980    0    0 1700352     0 11183 15925   2   2  87  10   0 2026-09-16 22:25:24
procs -----------------------memory---------------------- ---swap-- -----io---- -system-- --------cpu-------- -----timestamp-----
 r  b         swpd         free         buff        cache   si   so    bi    bo   in   cs  us  sy  id  wa  st                 KST
 2  0       738684     79683776       103744     42444008    0    0 1806336     0 11135 16199   1   2  86  11   0 2026-09-16 22:25:25
 2  5       738684     79687872       103744     42444040    0    0 1923584     0 11292 16441   1   2  86  11   0 2026-09-16 22:25:26
 2  0       738684     79681360       103752     42444068    0    0 936448    92 10633 15821   3   2  91   5   0 2026-09-16 22:25:27
 2  0       738684     79676696       103752     42444100    0    0     0   260 9668 15343   4   1  95   0   0 2026-09-16 22:25:28
 2  0       738684     79675520       103752     42444128    0    0 150528     0 9731 15374   4   1  94   1   0 2026-09-16 22:25:29
 2  0       738684     79674872       103752     42444172    0    0 903168     0 10560 15819   3   1  92   4   0 2026-09-16 22:25:30
 2  0       738684     79679504       103752     42444216    0    0 752660     0 10320 15730   3   1  91   5   0 2026-09-16 22:25:31
 1  0       738684     79677648       103760     42444244    0    0 752640    92 10141 15665   3   1  91   5   0 2026-09-16 22:25:32
 0  5       738684     79677240       103760     42444276    0    0 881152   404 10220 15805   3   1  90   6   0 2026-09-16 22:25:33
 0  5       738684     79675872       103760     42444312    0    0 2084864     0 11580 16499   1   1  84  13   0 2026-09-16 22:25:34
 1  4       738684     79683600       103760     42444340    0    0 1700352     0 11163 16056   2   2  87  10   0 2026-09-16 22:25:35
 0  5       738684     79682968       103760     42444380    0    0 1466368     0 10999 15971   2   2  87  10   0 2026-09-16 22:25:36
 1  5       738684     79685040       103768     42444396    0    0 2101760   100 11458 16477   1   1  85  13   0 2026-09-16 22:25:37
 0  6       738684     79687856       103768     42444440    0    0 1655808   360 11260 16148   2   2  87  10   0 2026-09-16 22:25:38
 1  0       738684     79685888       103768     42444468    0    0 1850880     0 11508 16234   1   2  85  13   0 2026-09-16 22:25:39
 1  7       738684     79681648       103768     42444500    0    0 1750784     0 11114 16132   2   2  87  10   0 2026-09-16 22:25:40
 0  3       738684     79681568       103768     42444528    0    0 1560832     0 10769 16155   2   1  87  10   0 2026-09-16 22:25:41
 1  5       738684     79678816       103776     42444556    0    0 2068480    68 11480 16371   1   2  84  13   0 2026-09-16 22:25:42
 1  6       738684     79678160       103776     42444584    0    0 1655808   136 10989 16425   2   2  87  10   0 2026-09-16 22:25:43
 3  0       738684     79679264       103776     42444624    0    0 1544192    96 11266 16152   2   1  88   9   0 2026-09-16 22:25:44
 2  0       738684     79679360       103776     42444644    0    0     0     0 9944 15191   4   1  95   0   0 2026-09-16 22:25:45
procs -----------------------memory---------------------- ---swap-- -----io---- -system-- --------cpu-------- -----timestamp-----
 r  b         swpd         free         buff        cache   si   so    bi    bo   in   cs  us  sy  id  wa  st                 KST
 3  0       738684     79682672       103776     42444684    0    0 451584     0 10415 15824   3   1  93   3   0 2026-09-16 22:25:46
 1  0       738684     79685272       103784     42444720    0    0 903168    80 10569 15686   2   1  90   6   0 2026-09-16 22:25:47
 2  0       738684     79682560       103784     42444752    0    0 903168     0 10585 15718   2   1  90   6   0 2026-09-16 22:25:48
 2  0       738684     79682640       103784     42444784    0    0 602112   252 10345 15748   3   1  92   4   0 2026-09-16 22:25:49
 1  1       738684     79678912       103784     42444812    0    0 1204224     0 10800 16118   3   1  89   7   0 2026-09-16 22:25:50
 1  0       738684     79678848       103784     42444860    0    0 1655808     0 11267 16241   2   2  87  10   0 2026-09-16 22:25:51
 0  5       738684     79676144       103792     42444876    0    0 1611264    88 11044 16184   2   1  87  10   0 2026-09-16 22:25:52
 2  0       738684     79676480       103792     42444924    0    0 1549824     0 10986 16007   2   1  87  10   0 2026-09-16 22:25:53
 1  6       738684     79676840       103792     42444944    0    0 2213376   248 11421 16511   1   2  85  13   0 2026-09-16 22:25:54
 2  1       738684     79673352       103792     42444984    0    0 1549824     0 10738 16078   2   1  87  10   0 2026-09-16 22:25:55
 1  0       738684     79668112       103792     42445016    0    0 1655808     0 10975 16191   2   1  87  10   0 2026-09-16 22:25:56
 0  6       738684     79674256       103800     42445044    0    0 2202368   104 11496 16461   1   2  85  13   0 2026-09-16 22:25:57
 1  6       738684     79674112       103800     42445080    0    0 1666816     0 11067 16185   2   2  87  10   0 2026-09-16 22:25:58
 2  0       738684     79684072       103800     42445108    0    0 1850880   244 11147 16248   1   2  85  12   0 2026-09-16 22:25:59
 1  1       738684     79686912       103800     42445144    0    0 1806336     0 10957 15997   2   1  86  11   0 2026-09-16 22:26:00
 0  5       738684     79689256       103800     42445180    0    0 1616896     0 10843 16203   2   2  87  10   0 2026-09-16 22:26:01
 0  6       738684     79680280       103808     42445196    0    0 2101760    96 11405 16627   1   2  84  13   0 2026-09-16 22:26:02
 0  6       738684     79676336       103808     42445232    0    0 892160     0 10190 15655   3   1  91   6   0 2026-09-16 22:26:03
 0  2       738684     79682480       103808     42445260    0    0 1711360   248 11016 16235   2   2  86  11   0 2026-09-16 22:26:04
 1  0       738684     79677760       103808     42445296    0    0 451584     0 9926 15457   3   1  93   3   0 2026-09-16 22:26:05
 0  5       738684     79670576       103808     42445436    0    0 418404     0 10179 15713   3   1  93   3   0 2026-09-16 22:26:06
procs -----------------------memory---------------------- ---swap-- -----io---- -system-- --------cpu-------- -----timestamp-----
 r  b         swpd         free         buff        cache   si   so    bi    bo   in   cs  us  sy  id  wa  st                 KST
 2  0       738684     79667872       103816     42445468    0    0 1086976    88 10616 15715   2   1  90   6   0 2026-09-16 22:26:07
 0  5       738684     79667232       103816     42445500    0    0 1170944     0 10445 15700   2   1  90   7   0 2026-09-16 22:26:08
 0  4       738684     79674648       103816     42445528    0    0 1388032   240 10871 15953   2   2  89   8   0 2026-09-16 22:26:09
 1  0       738684     79673024       103816     42445564    0    0 1655808     0 11241 16313   2   2  86  11   0 2026-09-16 22:26:10
 2  0       738684     79676096       103816     42445592    0    0 1956864     0 11421 16139   1   2  86  11   0 2026-09-16 22:26:11
 1  7       738684     79675960       103824     42445624    0    0 1750784    88 10926 15992   2   2  87  10   0 2026-09-16 22:26:12
 0  6       738684     79672240       103824     42445652    0    0 1956864     0 10978 16075   1   2  84  13   0 2026-09-16 22:26:13
 2  6       738684     79670544       103824     42445692    0    0 1666816   236 10885 16162   2   1  87  10   0 2026-09-16 22:26:14
 2  5       738684     79675432       103824     42445720    0    0 1672704     0 10975 16027   2   2  87  10   0 2026-09-16 22:26:15
 1  7       738684     79678320       103824     42445752    0    0 2079488     0 11403 16125   1   2  84  13   0 2026-09-16 22:26:16
 1  4       738684     79674608       103832     42445780    0    0 1560832    88 11090 16019   2   2  87  10   0 2026-09-16 22:26:17
 1  0       738684     79672704       103832     42445820    0    0 1655808     0 11127 16071   2   2  87  10   0 2026-09-16 22:26:18
 1  6       738684     79668272       103832     42445844    0    0 2213376   248 11483 16291   1   2  84  13   0 2026-09-16 22:26:19
 1  0       738684     79667136       103832     42445884    0    0 646656     0 10124 15390   3   1  91   5   0 2026-09-16 22:26:20
 2  0       738684     79671736       103832     42445900    0    0 301056     0 9959 15264   3   1  94   2   0 2026-09-16 22:26:21
 1  7       738684     79671552       103840     42445936    0    0 1148672    76 10554 15792   2   1  89   7   0 2026-09-16 22:26:22
 0  7       738684     79677152       103840     42445960    0    0 1204224     0 10623 15694   2   1  91   6   0 2026-09-16 22:26:23
 1  0       738684     79672168       103840     42446008    0    0 206080   248 9823 15241   3   1  94   1   0 2026-09-16 22:26:24
 1  0       738684     79667472       103840     42446032    0    0 451584     0 9929 15338   3   1  93   2   0 2026-09-16 22:26:25
 1  0       738684     79670320       103840     42446068    0    0 1204224     0 10669 15948   2   2  90   6   0 2026-09-16 22:26:26
 2  0       738684     79675952       103848     42446100    0    0 1204224    64 10483 15724   2   1  91   6   0 2026-09-16 22:26:27
procs -----------------------memory---------------------- ---swap-- -----io---- -system-- --------cpu-------- -----timestamp-----
 r  b         swpd         free         buff        cache   si   so    bi    bo   in   cs  us  sy  id  wa  st                 KST
 0  6       738684     79673752       103848     42446132    0    0 1611264     0 11011 15854   2   1  87  10   0 2026-09-16 22:26:28
 1  7       738684     79676112       103848     42446168    0    0 1644800     0 11211 15934   2   2  87  10   0 2026-09-16 22:26:29
 1  7       738684     79674408       103848     42446204    0    0 2107392   224 11612 16196   1   2  85  13   0 2026-09-16 22:26:30
 1  5       738684     79678000       103848     42446220    0    0 1538816     0 11046 15784   2   1  87  10   0 2026-09-16 22:26:31
 1  0       738684     79680896       103856     42446264    0    0 1677824    80 11184 16184   2   1  86  10   0 2026-09-16 22:26:32
 3  4       738684     79680720       103856     42446288    0    0 2074112     0 11334 16088   1   2  85  12   0 2026-09-16 22:26:33
 0  5       738684     79678824       103856     42446320    0    0 1644544     0 10954 15945   2   2  87  10   0 2026-09-16 22:26:34
 1  0       738684     79674088       103856     42446360    0    0 2001408   256 11260 16220   1   2  85  12   0 2026-09-16 22:26:35
 2  6       738684     79675216       103856     42446384    0    0 1750784     0 11069 16014   2   1  86  11   0 2026-09-16 22:26:36
 1  7       738684     79673024       103864     42446408    0    0 1655808    76 11077 16033   2   2  87  10   0 2026-09-16 22:26:37
 2  5       738684     79665328       103864     42446444    0    0 2118400     0 11548 16446   1   2  84  13   0 2026-09-16 22:26:38
 2  0       738684     79663376       103864     42446472    0    0 195072     0 9891 15340   3   1  94   1   0 2026-09-16 22:26:39
 1  0       738684     79665208       103864     42446516    0    0 451584   236 10215 15476   3   1  93   3   0 2026-09-16 22:26:40
 2  7       738684     79677632       103864     42446540    0    0 1159680     0 10534 15777   2   1  90   7   0 2026-09-16 22:26:41
 1  0       738684     79672216       103872     42446576    0    0 1098240    76 10576 16021   2   2  90   7   0 2026-09-16 22:26:42
 2  5       738684     79673600       103872     42446604    0    0 1315840     0 10422 15911   2   1  87   9   0 2026-09-16 22:26:43
 2  0       738684     79671920       103872     42446644    0    0 1694720     0 10864 16289   2   2  85  11   0 2026-09-16 22:26:44
 0  5       738684     79679032       103872     42446676    0    0 1912320   248 11125 16272   1   2  84  13   0 2026-09-16 22:26:45
 1  6       738684     79687168       103872     42446700    0    0 1655808     0 11212 16606   2   2  87  10   0 2026-09-16 22:26:46
 2  4       738684     79678488       103880     42446716    0    0 1987424    76 11347 16547   1   2  84  13   0 2026-09-16 22:26:47
 1  4       738684     79676616       103880     42446760    0    0 1661344     0 10955 16113   2   2  87  10   0 2026-09-16 22:26:48
procs -----------------------memory---------------------- ---swap-- -----io---- -system-- --------cpu-------- -----timestamp-----
 r  b         swpd         free         buff        cache   si   so    bi    bo   in   cs  us  sy  id  wa  st                 KST
 0  6       738684     79672544       103880     42446784    0    0 1608704     0 10896 16132   2   2  87  10   0 2026-09-16 22:26:49
 2  7       738684     79669856       103880     42446820    0    0 2107392   228 11289 16292   1   2  84  13   0 2026-09-16 22:26:50
 1  0       738684     79679088       103880     42446852    0    0 1560832     0 10921 15892   2   1  87  10   0 2026-09-16 22:26:51
 2  0       738684     79674640       103888     42446868    0    0 1806336    64 11100 16326   2   2  86  11   0 2026-09-16 22:26:52
 2  5       738684     79672208       103888     42446912    0    0 1917952     0 11161 16027   1   2  85  12   0 2026-09-16 22:26:53
 1  0       738684     79666000       103888     42446948    0    0 942080     0 10439 15837   1   1  92   5   0 2026-09-16 22:26:54
 0  0       738684     79661328       103888     42446972    0    0     0   232 9172 15185   1   1  98   0   0 2026-09-16 22:26:55
 0  0       738684     79664272       103888     42447012    0    0     0     0 9211 15201   1   1  98   0   0 2026-09-16 22:26:56
 2  0       738684     79661344       103896     42447064    0    0     0   104 9428 15326   2   1  97   0   0 2026-09-16 22:26:57
